<?xml version="1.0" encoding="ISO-8859-1" ?>
<link_info>
   <banner>TI ARM Linker PC v20.2.7.LTS</banner>
   <copyright>Copyright (c) 1996-2018 Texas Instruments Incorporated</copyright>
   <link_time>0x67d160cc</link_time>
   <link_errors>0x0</link_errors>
   <output_file>Battle-Pong.out</output_file>
   <entry_point>
      <name>_c_int00_noargs</name>
      <address>0x2000d8ed</address>
   </entry_point>
   <input_file_list>
      <input_file id="fl-2">
         <path>.\</path>
         <kind>object</kind>
         <file>dot_tracker.obj</file>
         <name>dot_tracker.obj</name>
      </input_file>
      <input_file id="fl-3">
         <path>.\</path>
         <kind>object</kind>
         <file>game.obj</file>
         <name>game.obj</name>
      </input_file>
      <input_file id="fl-4">
         <path>.\</path>
         <kind>object</kind>
         <file>i2c_if.obj</file>
         <name>i2c_if.obj</name>
      </input_file>
      <input_file id="fl-5">
         <path>.\</path>
         <kind>object</kind>
         <file>main.obj</file>
         <name>main.obj</name>
      </input_file>
      <input_file id="fl-6">
         <path>.\</path>
         <kind>object</kind>
         <file>pin_mux_config.obj</file>
         <name>pin_mux_config.obj</name>
      </input_file>
      <input_file id="fl-7">
         <path>.\</path>
         <kind>object</kind>
         <file>scroll_pad.obj</file>
         <name>scroll_pad.obj</name>
      </input_file>
      <input_file id="fl-8">
         <path>.\</path>
         <kind>object</kind>
         <file>startup_ccs.obj</file>
         <name>startup_ccs.obj</name>
      </input_file>
      <input_file id="fl-9">
         <path>.\</path>
         <kind>object</kind>
         <file>uart_if.obj</file>
         <name>uart_if.obj</name>
      </input_file>
      <input_file id="fl-a">
         <path>.\oled\</path>
         <kind>object</kind>
         <file>Adafruit_GFX.obj</file>
         <name>Adafruit_GFX.obj</name>
      </input_file>
      <input_file id="fl-b">
         <path>.\oled\</path>
         <kind>object</kind>
         <file>Adafruit_OLED.obj</file>
         <name>Adafruit_OLED.obj</name>
      </input_file>
      <input_file id="fl-c">
         <path>.\oled\</path>
         <kind>object</kind>
         <file>oled_test.obj</file>
         <name>oled_test.obj</name>
      </input_file>
      <input_file id="fl-11">
         <kind>object</kind>
         <file>&lt;internal&gt;</file>
         <name>&lt;internal&gt;</name>
      </input_file>
      <input_file id="fl-12">
         <path>C:\ti\CC3200SDK_1.5.0\cc3200-sdk\driverlib\ccs\Release\</path>
         <kind>archive</kind>
         <file>driverlib.a</file>
         <name>adc.obj</name>
      </input_file>
      <input_file id="fl-13">
         <path>C:\ti\CC3200SDK_1.5.0\cc3200-sdk\driverlib\ccs\Release\</path>
         <kind>archive</kind>
         <file>driverlib.a</file>
         <name>gpio.obj</name>
      </input_file>
      <input_file id="fl-14">
         <path>C:\ti\CC3200SDK_1.5.0\cc3200-sdk\driverlib\ccs\Release\</path>
         <kind>archive</kind>
         <file>driverlib.a</file>
         <name>i2c.obj</name>
      </input_file>
      <input_file id="fl-15">
         <path>C:\ti\CC3200SDK_1.5.0\cc3200-sdk\driverlib\ccs\Release\</path>
         <kind>archive</kind>
         <file>driverlib.a</file>
         <name>interrupt.obj</name>
      </input_file>
      <input_file id="fl-16">
         <path>C:\ti\CC3200SDK_1.5.0\cc3200-sdk\driverlib\ccs\Release\</path>
         <kind>archive</kind>
         <file>driverlib.a</file>
         <name>pin.obj</name>
      </input_file>
      <input_file id="fl-17">
         <path>C:\ti\CC3200SDK_1.5.0\cc3200-sdk\driverlib\ccs\Release\</path>
         <kind>archive</kind>
         <file>driverlib.a</file>
         <name>prcm.obj</name>
      </input_file>
      <input_file id="fl-18">
         <path>C:\ti\CC3200SDK_1.5.0\cc3200-sdk\driverlib\ccs\Release\</path>
         <kind>archive</kind>
         <file>driverlib.a</file>
         <name>spi.obj</name>
      </input_file>
      <input_file id="fl-19">
         <path>C:\ti\CC3200SDK_1.5.0\cc3200-sdk\driverlib\ccs\Release\</path>
         <kind>archive</kind>
         <file>driverlib.a</file>
         <name>uart.obj</name>
      </input_file>
      <input_file id="fl-1a">
         <path>C:\ti\CC3200SDK_1.5.0\cc3200-sdk\driverlib\ccs\Release\</path>
         <kind>archive</kind>
         <file>driverlib.a</file>
         <name>utils.obj</name>
      </input_file>
      <input_file id="fl-1b">
         <path>C:\ti\CC3200SDK_1.5.0\cc3200-sdk\driverlib\ccs\Release\</path>
         <kind>archive</kind>
         <file>driverlib.a</file>
         <name>cpu.obj</name>
      </input_file>
      <input_file id="fl-1c">
         <path>C:\ti\CC3200SDK_1.5.0\cc3200-sdk\driverlib\ccs\Release\</path>
         <kind>archive</kind>
         <file>driverlib.a</file>
         <name>flash.obj</name>
      </input_file>
      <input_file id="fl-d2">
         <path>C:\ti\ccs1250\ccs\tools\compiler\ti-cgt-arm_20.2.7.LTS\lib\</path>
         <kind>archive</kind>
         <file>rtsv7M4_T_le_eabi.lib</file>
         <name>s_lround.c.obj</name>
      </input_file>
      <input_file id="fl-d3">
         <path>C:\ti\ccs1250\ccs\tools\compiler\ti-cgt-arm_20.2.7.LTS\lib\</path>
         <kind>archive</kind>
         <file>rtsv7M4_T_le_eabi.lib</file>
         <name>s_atan.c.obj</name>
      </input_file>
      <input_file id="fl-d4">
         <path>C:\ti\ccs1250\ccs\tools\compiler\ti-cgt-arm_20.2.7.LTS\lib\</path>
         <kind>archive</kind>
         <file>rtsv7M4_T_le_eabi.lib</file>
         <name>s_cos.c.obj</name>
      </input_file>
      <input_file id="fl-d5">
         <path>C:\ti\ccs1250\ccs\tools\compiler\ti-cgt-arm_20.2.7.LTS\lib\</path>
         <kind>archive</kind>
         <file>rtsv7M4_T_le_eabi.lib</file>
         <name>s_round.c.obj</name>
      </input_file>
      <input_file id="fl-d6">
         <path>C:\ti\ccs1250\ccs\tools\compiler\ti-cgt-arm_20.2.7.LTS\lib\</path>
         <kind>archive</kind>
         <file>rtsv7M4_T_le_eabi.lib</file>
         <name>s_sin.c.obj</name>
      </input_file>
      <input_file id="fl-d7">
         <path>C:\ti\ccs1250\ccs\tools\compiler\ti-cgt-arm_20.2.7.LTS\lib\</path>
         <kind>archive</kind>
         <file>rtsv7M4_T_le_eabi.lib</file>
         <name>ti_fenv.c.obj</name>
      </input_file>
      <input_file id="fl-d8">
         <path>C:\ti\ccs1250\ccs\tools\compiler\ti-cgt-arm_20.2.7.LTS\lib\</path>
         <kind>archive</kind>
         <file>rtsv7M4_T_le_eabi.lib</file>
         <name>ti_fmax.c.obj</name>
      </input_file>
      <input_file id="fl-d9">
         <path>C:\ti\ccs1250\ccs\tools\compiler\ti-cgt-arm_20.2.7.LTS\lib\</path>
         <kind>archive</kind>
         <file>rtsv7M4_T_le_eabi.lib</file>
         <name>printf.c.obj</name>
      </input_file>
      <input_file id="fl-da">
         <path>C:\ti\ccs1250\ccs\tools\compiler\ti-cgt-arm_20.2.7.LTS\lib\</path>
         <kind>archive</kind>
         <file>rtsv7M4_T_le_eabi.lib</file>
         <name>_printfi.c.obj</name>
      </input_file>
      <input_file id="fl-db">
         <path>C:\ti\ccs1250\ccs\tools\compiler\ti-cgt-arm_20.2.7.LTS\lib\</path>
         <kind>archive</kind>
         <file>rtsv7M4_T_le_eabi.lib</file>
         <name>sprintf.c.obj</name>
      </input_file>
      <input_file id="fl-dc">
         <path>C:\ti\ccs1250\ccs\tools\compiler\ti-cgt-arm_20.2.7.LTS\lib\</path>
         <kind>archive</kind>
         <file>rtsv7M4_T_le_eabi.lib</file>
         <name>vsnprintf.c.obj</name>
      </input_file>
      <input_file id="fl-dd">
         <path>C:\ti\ccs1250\ccs\tools\compiler\ti-cgt-arm_20.2.7.LTS\lib\</path>
         <kind>archive</kind>
         <file>rtsv7M4_T_le_eabi.lib</file>
         <name>sscanf.c.obj</name>
      </input_file>
      <input_file id="fl-de">
         <path>C:\ti\ccs1250\ccs\tools\compiler\ti-cgt-arm_20.2.7.LTS\lib\</path>
         <kind>archive</kind>
         <file>rtsv7M4_T_le_eabi.lib</file>
         <name>fputc.c.obj</name>
      </input_file>
      <input_file id="fl-df">
         <path>C:\ti\ccs1250\ccs\tools\compiler\ti-cgt-arm_20.2.7.LTS\lib\</path>
         <kind>archive</kind>
         <file>rtsv7M4_T_le_eabi.lib</file>
         <name>fputs.c.obj</name>
      </input_file>
      <input_file id="fl-e0">
         <path>C:\ti\ccs1250\ccs\tools\compiler\ti-cgt-arm_20.2.7.LTS\lib\</path>
         <kind>archive</kind>
         <file>rtsv7M4_T_le_eabi.lib</file>
         <name>_io_perm.c.obj</name>
      </input_file>
      <input_file id="fl-e1">
         <path>C:\ti\ccs1250\ccs\tools\compiler\ti-cgt-arm_20.2.7.LTS\lib\</path>
         <kind>archive</kind>
         <file>rtsv7M4_T_le_eabi.lib</file>
         <name>setvbuf.c.obj</name>
      </input_file>
      <input_file id="fl-e2">
         <path>C:\ti\ccs1250\ccs\tools\compiler\ti-cgt-arm_20.2.7.LTS\lib\</path>
         <kind>archive</kind>
         <file>rtsv7M4_T_le_eabi.lib</file>
         <name>fd_add_t2.asm.obj</name>
      </input_file>
      <input_file id="fl-e3">
         <path>C:\ti\ccs1250\ccs\tools\compiler\ti-cgt-arm_20.2.7.LTS\lib\</path>
         <kind>archive</kind>
         <file>rtsv7M4_T_le_eabi.lib</file>
         <name>fd_cmp_t2.asm.obj</name>
      </input_file>
      <input_file id="fl-e4">
         <path>C:\ti\ccs1250\ccs\tools\compiler\ti-cgt-arm_20.2.7.LTS\lib\</path>
         <kind>archive</kind>
         <file>rtsv7M4_T_le_eabi.lib</file>
         <name>fd_div_t2.asm.obj</name>
      </input_file>
      <input_file id="fl-e5">
         <path>C:\ti\ccs1250\ccs\tools\compiler\ti-cgt-arm_20.2.7.LTS\lib\</path>
         <kind>archive</kind>
         <file>rtsv7M4_T_le_eabi.lib</file>
         <name>fd_mul_t2.asm.obj</name>
      </input_file>
      <input_file id="fl-e6">
         <path>C:\ti\ccs1250\ccs\tools\compiler\ti-cgt-arm_20.2.7.LTS\lib\</path>
         <kind>archive</kind>
         <file>rtsv7M4_T_le_eabi.lib</file>
         <name>fd_toi_t2.asm.obj</name>
      </input_file>
      <input_file id="fl-e7">
         <path>C:\ti\ccs1250\ccs\tools\compiler\ti-cgt-arm_20.2.7.LTS\lib\</path>
         <kind>archive</kind>
         <file>rtsv7M4_T_le_eabi.lib</file>
         <name>fd_tos_t2.asm.obj</name>
      </input_file>
      <input_file id="fl-e8">
         <path>C:\ti\ccs1250\ccs\tools\compiler\ti-cgt-arm_20.2.7.LTS\lib\</path>
         <kind>archive</kind>
         <file>rtsv7M4_T_le_eabi.lib</file>
         <name>fs_add_t2.asm.obj</name>
      </input_file>
      <input_file id="fl-e9">
         <path>C:\ti\ccs1250\ccs\tools\compiler\ti-cgt-arm_20.2.7.LTS\lib\</path>
         <kind>archive</kind>
         <file>rtsv7M4_T_le_eabi.lib</file>
         <name>fs_cmp_t2.asm.obj</name>
      </input_file>
      <input_file id="fl-ea">
         <path>C:\ti\ccs1250\ccs\tools\compiler\ti-cgt-arm_20.2.7.LTS\lib\</path>
         <kind>archive</kind>
         <file>rtsv7M4_T_le_eabi.lib</file>
         <name>fs_div_t2.asm.obj</name>
      </input_file>
      <input_file id="fl-eb">
         <path>C:\ti\ccs1250\ccs\tools\compiler\ti-cgt-arm_20.2.7.LTS\lib\</path>
         <kind>archive</kind>
         <file>rtsv7M4_T_le_eabi.lib</file>
         <name>fs_mul_t2.asm.obj</name>
      </input_file>
      <input_file id="fl-ec">
         <path>C:\ti\ccs1250\ccs\tools\compiler\ti-cgt-arm_20.2.7.LTS\lib\</path>
         <kind>archive</kind>
         <file>rtsv7M4_T_le_eabi.lib</file>
         <name>fs_tod_t2.asm.obj</name>
      </input_file>
      <input_file id="fl-ed">
         <path>C:\ti\ccs1250\ccs\tools\compiler\ti-cgt-arm_20.2.7.LTS\lib\</path>
         <kind>archive</kind>
         <file>rtsv7M4_T_le_eabi.lib</file>
         <name>fs_toi_t2.asm.obj</name>
      </input_file>
      <input_file id="fl-ee">
         <path>C:\ti\ccs1250\ccs\tools\compiler\ti-cgt-arm_20.2.7.LTS\lib\</path>
         <kind>archive</kind>
         <file>rtsv7M4_T_le_eabi.lib</file>
         <name>i_tofd_t2.asm.obj</name>
      </input_file>
      <input_file id="fl-ef">
         <path>C:\ti\ccs1250\ccs\tools\compiler\ti-cgt-arm_20.2.7.LTS\lib\</path>
         <kind>archive</kind>
         <file>rtsv7M4_T_le_eabi.lib</file>
         <name>i_tofs_t2.asm.obj</name>
      </input_file>
      <input_file id="fl-f0">
         <path>C:\ti\ccs1250\ccs\tools\compiler\ti-cgt-arm_20.2.7.LTS\lib\</path>
         <kind>archive</kind>
         <file>rtsv7M4_T_le_eabi.lib</file>
         <name>memcpy_t2.asm.obj</name>
      </input_file>
      <input_file id="fl-f1">
         <path>C:\ti\ccs1250\ccs\tools\compiler\ti-cgt-arm_20.2.7.LTS\lib\</path>
         <kind>archive</kind>
         <file>rtsv7M4_T_le_eabi.lib</file>
         <name>u_tofs_t2.asm.obj</name>
      </input_file>
      <input_file id="fl-f2">
         <path>C:\ti\ccs1250\ccs\tools\compiler\ti-cgt-arm_20.2.7.LTS\lib\</path>
         <kind>archive</kind>
         <file>rtsv7M4_T_le_eabi.lib</file>
         <name>memset_t2.asm.obj</name>
      </input_file>
      <input_file id="fl-f3">
         <path>C:\ti\ccs1250\ccs\tools\compiler\ti-cgt-arm_20.2.7.LTS\lib\</path>
         <kind>archive</kind>
         <file>rtsv7M4_T_le_eabi.lib</file>
         <name>i_divt2.asm.obj</name>
      </input_file>
      <input_file id="fl-f4">
         <path>C:\ti\ccs1250\ccs\tools\compiler\ti-cgt-arm_20.2.7.LTS\lib\</path>
         <kind>archive</kind>
         <file>rtsv7M4_T_le_eabi.lib</file>
         <name>ull_div_t2.asm.obj</name>
      </input_file>
      <input_file id="fl-f5">
         <path>C:\ti\ccs1250\ccs\tools\compiler\ti-cgt-arm_20.2.7.LTS\lib\</path>
         <kind>archive</kind>
         <file>rtsv7M4_T_le_eabi.lib</file>
         <name>copy_zero_init.c.obj</name>
      </input_file>
      <input_file id="fl-f6">
         <path>C:\ti\ccs1250\ccs\tools\compiler\ti-cgt-arm_20.2.7.LTS\lib\</path>
         <kind>archive</kind>
         <file>rtsv7M4_T_le_eabi.lib</file>
         <name>copy_decompress_none.c.obj</name>
      </input_file>
      <input_file id="fl-f7">
         <path>C:\ti\ccs1250\ccs\tools\compiler\ti-cgt-arm_20.2.7.LTS\lib\</path>
         <kind>archive</kind>
         <file>rtsv7M4_T_le_eabi.lib</file>
         <name>copy_decompress_lzss.c.obj</name>
      </input_file>
      <input_file id="fl-f8">
         <path>C:\ti\ccs1250\ccs\tools\compiler\ti-cgt-arm_20.2.7.LTS\lib\</path>
         <kind>archive</kind>
         <file>rtsv7M4_T_le_eabi.lib</file>
         <name>exit.c.obj</name>
      </input_file>
      <input_file id="fl-f9">
         <path>C:\ti\ccs1250\ccs\tools\compiler\ti-cgt-arm_20.2.7.LTS\lib\</path>
         <kind>archive</kind>
         <file>rtsv7M4_T_le_eabi.lib</file>
         <name>_lock.c.obj</name>
      </input_file>
      <input_file id="fl-fa">
         <path>C:\ti\ccs1250\ccs\tools\compiler\ti-cgt-arm_20.2.7.LTS\lib\</path>
         <kind>archive</kind>
         <file>rtsv7M4_T_le_eabi.lib</file>
         <name>_ltoa.c.obj</name>
      </input_file>
      <input_file id="fl-fb">
         <path>C:\ti\ccs1250\ccs\tools\compiler\ti-cgt-arm_20.2.7.LTS\lib\</path>
         <kind>archive</kind>
         <file>rtsv7M4_T_le_eabi.lib</file>
         <name>atoi.c.obj</name>
      </input_file>
      <input_file id="fl-fc">
         <path>C:\ti\ccs1250\ccs\tools\compiler\ti-cgt-arm_20.2.7.LTS\lib\</path>
         <kind>archive</kind>
         <file>rtsv7M4_T_le_eabi.lib</file>
         <name>ctype.c.obj</name>
      </input_file>
      <input_file id="fl-fd">
         <path>C:\ti\ccs1250\ccs\tools\compiler\ti-cgt-arm_20.2.7.LTS\lib\</path>
         <kind>archive</kind>
         <file>rtsv7M4_T_le_eabi.lib</file>
         <name>defs.c.obj</name>
      </input_file>
      <input_file id="fl-fe">
         <path>C:\ti\ccs1250\ccs\tools\compiler\ti-cgt-arm_20.2.7.LTS\lib\</path>
         <kind>archive</kind>
         <file>rtsv7M4_T_le_eabi.lib</file>
         <name>memccpy.c.obj</name>
      </input_file>
      <input_file id="fl-ff">
         <path>C:\ti\ccs1250\ccs\tools\compiler\ti-cgt-arm_20.2.7.LTS\lib\</path>
         <kind>archive</kind>
         <file>rtsv7M4_T_le_eabi.lib</file>
         <name>memchr.c.obj</name>
      </input_file>
      <input_file id="fl-100">
         <path>C:\ti\ccs1250\ccs\tools\compiler\ti-cgt-arm_20.2.7.LTS\lib\</path>
         <kind>archive</kind>
         <file>rtsv7M4_T_le_eabi.lib</file>
         <name>memmov.c.obj</name>
      </input_file>
      <input_file id="fl-101">
         <path>C:\ti\ccs1250\ccs\tools\compiler\ti-cgt-arm_20.2.7.LTS\lib\</path>
         <kind>archive</kind>
         <file>rtsv7M4_T_le_eabi.lib</file>
         <name>memory.c.obj</name>
      </input_file>
      <input_file id="fl-102">
         <path>C:\ti\ccs1250\ccs\tools\compiler\ti-cgt-arm_20.2.7.LTS\lib\</path>
         <kind>archive</kind>
         <file>rtsv7M4_T_le_eabi.lib</file>
         <name>rand.c.obj</name>
      </input_file>
      <input_file id="fl-103">
         <path>C:\ti\ccs1250\ccs\tools\compiler\ti-cgt-arm_20.2.7.LTS\lib\</path>
         <kind>archive</kind>
         <file>rtsv7M4_T_le_eabi.lib</file>
         <name>strchr.c.obj</name>
      </input_file>
      <input_file id="fl-104">
         <path>C:\ti\ccs1250\ccs\tools\compiler\ti-cgt-arm_20.2.7.LTS\lib\</path>
         <kind>archive</kind>
         <file>rtsv7M4_T_le_eabi.lib</file>
         <name>strcmp.c.obj</name>
      </input_file>
      <input_file id="fl-105">
         <path>C:\ti\ccs1250\ccs\tools\compiler\ti-cgt-arm_20.2.7.LTS\lib\</path>
         <kind>archive</kind>
         <file>rtsv7M4_T_le_eabi.lib</file>
         <name>strlen.c.obj</name>
      </input_file>
      <input_file id="fl-106">
         <path>C:\ti\ccs1250\ccs\tools\compiler\ti-cgt-arm_20.2.7.LTS\lib\</path>
         <kind>archive</kind>
         <file>rtsv7M4_T_le_eabi.lib</file>
         <name>signal.c.obj</name>
      </input_file>
      <input_file id="fl-107">
         <path>C:\ti\ccs1250\ccs\tools\compiler\ti-cgt-arm_20.2.7.LTS\lib\</path>
         <kind>archive</kind>
         <file>rtsv7M4_T_le_eabi.lib</file>
         <name>k_rem_pio2.c.obj</name>
      </input_file>
      <input_file id="fl-108">
         <path>C:\ti\ccs1250\ccs\tools\compiler\ti-cgt-arm_20.2.7.LTS\lib\</path>
         <kind>archive</kind>
         <file>rtsv7M4_T_le_eabi.lib</file>
         <name>boot_cortex_m.c.obj</name>
      </input_file>
      <input_file id="fl-109">
         <path>C:\ti\ccs1250\ccs\tools\compiler\ti-cgt-arm_20.2.7.LTS\lib\</path>
         <kind>archive</kind>
         <file>rtsv7M4_T_le_eabi.lib</file>
         <name>write.c.obj</name>
      </input_file>
      <input_file id="fl-10a">
         <path>C:\ti\ccs1250\ccs\tools\compiler\ti-cgt-arm_20.2.7.LTS\lib\</path>
         <kind>archive</kind>
         <file>rtsv7M4_T_le_eabi.lib</file>
         <name>host_device.c.obj</name>
      </input_file>
      <input_file id="fl-10b">
         <path>C:\ti\ccs1250\ccs\tools\compiler\ti-cgt-arm_20.2.7.LTS\lib\</path>
         <kind>archive</kind>
         <file>rtsv7M4_T_le_eabi.lib</file>
         <name>errno.c.obj</name>
      </input_file>
      <input_file id="fl-10c">
         <path>C:\ti\ccs1250\ccs\tools\compiler\ti-cgt-arm_20.2.7.LTS\lib\</path>
         <kind>archive</kind>
         <file>rtsv7M4_T_le_eabi.lib</file>
         <name>wcslen.c.obj</name>
      </input_file>
      <input_file id="fl-10d">
         <path>C:\ti\ccs1250\ccs\tools\compiler\ti-cgt-arm_20.2.7.LTS\lib\</path>
         <kind>archive</kind>
         <file>rtsv7M4_T_le_eabi.lib</file>
         <name>k_cos.c.obj</name>
      </input_file>
      <input_file id="fl-10e">
         <path>C:\ti\ccs1250\ccs\tools\compiler\ti-cgt-arm_20.2.7.LTS\lib\</path>
         <kind>archive</kind>
         <file>rtsv7M4_T_le_eabi.lib</file>
         <name>k_sin.c.obj</name>
      </input_file>
      <input_file id="fl-10f">
         <path>C:\ti\ccs1250\ccs\tools\compiler\ti-cgt-arm_20.2.7.LTS\lib\</path>
         <kind>archive</kind>
         <file>rtsv7M4_T_le_eabi.lib</file>
         <name>s_floor.c.obj</name>
      </input_file>
      <input_file id="fl-110">
         <path>C:\ti\ccs1250\ccs\tools\compiler\ti-cgt-arm_20.2.7.LTS\lib\</path>
         <kind>archive</kind>
         <file>rtsv7M4_T_le_eabi.lib</file>
         <name>s_frexp.c.obj</name>
      </input_file>
      <input_file id="fl-111">
         <path>C:\ti\ccs1250\ccs\tools\compiler\ti-cgt-arm_20.2.7.LTS\lib\</path>
         <kind>archive</kind>
         <file>rtsv7M4_T_le_eabi.lib</file>
         <name>s_scalbn.c.obj</name>
      </input_file>
      <input_file id="fl-112">
         <path>C:\ti\ccs1250\ccs\tools\compiler\ti-cgt-arm_20.2.7.LTS\lib\</path>
         <kind>archive</kind>
         <file>rtsv7M4_T_le_eabi.lib</file>
         <name>_scanfi.c.obj</name>
      </input_file>
      <input_file id="fl-113">
         <path>C:\ti\ccs1250\ccs\tools\compiler\ti-cgt-arm_20.2.7.LTS\lib\</path>
         <kind>archive</kind>
         <file>rtsv7M4_T_le_eabi.lib</file>
         <name>fflush.c.obj</name>
      </input_file>
      <input_file id="fl-114">
         <path>C:\ti\ccs1250\ccs\tools\compiler\ti-cgt-arm_20.2.7.LTS\lib\</path>
         <kind>archive</kind>
         <file>rtsv7M4_T_le_eabi.lib</file>
         <name>fopen.c.obj</name>
      </input_file>
      <input_file id="fl-115">
         <path>C:\ti\ccs1250\ccs\tools\compiler\ti-cgt-arm_20.2.7.LTS\lib\</path>
         <kind>archive</kind>
         <file>rtsv7M4_T_le_eabi.lib</file>
         <name>fseek.c.obj</name>
      </input_file>
      <input_file id="fl-116">
         <path>C:\ti\ccs1250\ccs\tools\compiler\ti-cgt-arm_20.2.7.LTS\lib\</path>
         <kind>archive</kind>
         <file>rtsv7M4_T_le_eabi.lib</file>
         <name>div0.asm.obj</name>
      </input_file>
      <input_file id="fl-117">
         <path>C:\ti\ccs1250\ccs\tools\compiler\ti-cgt-arm_20.2.7.LTS\lib\</path>
         <kind>archive</kind>
         <file>rtsv7M4_T_le_eabi.lib</file>
         <name>autoinit.c.obj</name>
      </input_file>
      <input_file id="fl-118">
         <path>C:\ti\ccs1250\ccs\tools\compiler\ti-cgt-arm_20.2.7.LTS\lib\</path>
         <kind>archive</kind>
         <file>rtsv7M4_T_le_eabi.lib</file>
         <name>pre_init.c.obj</name>
      </input_file>
      <input_file id="fl-119">
         <path>C:\ti\ccs1250\ccs\tools\compiler\ti-cgt-arm_20.2.7.LTS\lib\</path>
         <kind>archive</kind>
         <file>rtsv7M4_T_le_eabi.lib</file>
         <name>cpy_tbl.c.obj</name>
      </input_file>
      <input_file id="fl-11a">
         <path>C:\ti\ccs1250\ccs\tools\compiler\ti-cgt-arm_20.2.7.LTS\lib\</path>
         <kind>archive</kind>
         <file>rtsv7M4_T_le_eabi.lib</file>
         <name>args_main.c.obj</name>
      </input_file>
      <input_file id="fl-11b">
         <path>C:\ti\ccs1250\ccs\tools\compiler\ti-cgt-arm_20.2.7.LTS\lib\</path>
         <kind>archive</kind>
         <file>rtsv7M4_T_le_eabi.lib</file>
         <name>strcpy.c.obj</name>
      </input_file>
      <input_file id="fl-11c">
         <path>C:\ti\ccs1250\ccs\tools\compiler\ti-cgt-arm_20.2.7.LTS\lib\</path>
         <kind>archive</kind>
         <file>rtsv7M4_T_le_eabi.lib</file>
         <name>strrchr.c.obj</name>
      </input_file>
      <input_file id="fl-11d">
         <path>C:\ti\ccs1250\ccs\tools\compiler\ti-cgt-arm_20.2.7.LTS\lib\</path>
         <kind>archive</kind>
         <file>rtsv7M4_T_le_eabi.lib</file>
         <name>strtod.c.obj</name>
      </input_file>
      <input_file id="fl-11e">
         <path>C:\ti\ccs1250\ccs\tools\compiler\ti-cgt-arm_20.2.7.LTS\lib\</path>
         <kind>archive</kind>
         <file>rtsv7M4_T_le_eabi.lib</file>
         <name>strtol.c.obj</name>
      </input_file>
      <input_file id="fl-11f">
         <path>C:\ti\ccs1250\ccs\tools\compiler\ti-cgt-arm_20.2.7.LTS\lib\</path>
         <kind>archive</kind>
         <file>rtsv7M4_T_le_eabi.lib</file>
         <name>strtoll.c.obj</name>
      </input_file>
      <input_file id="fl-120">
         <path>C:\ti\ccs1250\ccs\tools\compiler\ti-cgt-arm_20.2.7.LTS\lib\</path>
         <kind>archive</kind>
         <file>rtsv7M4_T_le_eabi.lib</file>
         <name>strtoul.c.obj</name>
      </input_file>
      <input_file id="fl-121">
         <path>C:\ti\ccs1250\ccs\tools\compiler\ti-cgt-arm_20.2.7.LTS\lib\</path>
         <kind>archive</kind>
         <file>rtsv7M4_T_le_eabi.lib</file>
         <name>strtoull.c.obj</name>
      </input_file>
      <input_file id="fl-122">
         <path>C:\ti\ccs1250\ccs\tools\compiler\ti-cgt-arm_20.2.7.LTS\lib\</path>
         <kind>archive</kind>
         <file>rtsv7M4_T_le_eabi.lib</file>
         <name>hostclose.c.obj</name>
      </input_file>
      <input_file id="fl-123">
         <path>C:\ti\ccs1250\ccs\tools\compiler\ti-cgt-arm_20.2.7.LTS\lib\</path>
         <kind>archive</kind>
         <file>rtsv7M4_T_le_eabi.lib</file>
         <name>hostlseek.c.obj</name>
      </input_file>
      <input_file id="fl-124">
         <path>C:\ti\ccs1250\ccs\tools\compiler\ti-cgt-arm_20.2.7.LTS\lib\</path>
         <kind>archive</kind>
         <file>rtsv7M4_T_le_eabi.lib</file>
         <name>hostopen.c.obj</name>
      </input_file>
      <input_file id="fl-125">
         <path>C:\ti\ccs1250\ccs\tools\compiler\ti-cgt-arm_20.2.7.LTS\lib\</path>
         <kind>archive</kind>
         <file>rtsv7M4_T_le_eabi.lib</file>
         <name>hostread.c.obj</name>
      </input_file>
      <input_file id="fl-126">
         <path>C:\ti\ccs1250\ccs\tools\compiler\ti-cgt-arm_20.2.7.LTS\lib\</path>
         <kind>archive</kind>
         <file>rtsv7M4_T_le_eabi.lib</file>
         <name>hostrename.c.obj</name>
      </input_file>
      <input_file id="fl-127">
         <path>C:\ti\ccs1250\ccs\tools\compiler\ti-cgt-arm_20.2.7.LTS\lib\</path>
         <kind>archive</kind>
         <file>rtsv7M4_T_le_eabi.lib</file>
         <name>hostunlink.c.obj</name>
      </input_file>
      <input_file id="fl-128">
         <path>C:\ti\ccs1250\ccs\tools\compiler\ti-cgt-arm_20.2.7.LTS\lib\</path>
         <kind>archive</kind>
         <file>rtsv7M4_T_le_eabi.lib</file>
         <name>hostwrite.c.obj</name>
      </input_file>
      <input_file id="fl-129">
         <path>C:\ti\ccs1250\ccs\tools\compiler\ti-cgt-arm_20.2.7.LTS\lib\</path>
         <kind>archive</kind>
         <file>rtsv7M4_T_le_eabi.lib</file>
         <name>trgmsg.c.obj</name>
      </input_file>
      <input_file id="fl-12a">
         <path>C:\ti\ccs1250\ccs\tools\compiler\ti-cgt-arm_20.2.7.LTS\lib\</path>
         <kind>archive</kind>
         <file>rtsv7M4_T_le_eabi.lib</file>
         <name>open.c.obj</name>
      </input_file>
      <input_file id="fl-12b">
         <path>C:\ti\ccs1250\ccs\tools\compiler\ti-cgt-arm_20.2.7.LTS\lib\</path>
         <kind>archive</kind>
         <file>rtsv7M4_T_le_eabi.lib</file>
         <name>lseek.c.obj</name>
      </input_file>
      <input_file id="fl-12c">
         <path>C:\ti\ccs1250\ccs\tools\compiler\ti-cgt-arm_20.2.7.LTS\lib\</path>
         <kind>archive</kind>
         <file>rtsv7M4_T_le_eabi.lib</file>
         <name>s_copysign.c.obj</name>
      </input_file>
      <input_file id="fl-12d">
         <path>C:\ti\ccs1250\ccs\tools\compiler\ti-cgt-arm_20.2.7.LTS\lib\</path>
         <kind>archive</kind>
         <file>rtsv7M4_T_le_eabi.lib</file>
         <name>fclose.c.obj</name>
      </input_file>
      <input_file id="fl-12e">
         <path>C:\ti\ccs1250\ccs\tools\compiler\ti-cgt-arm_20.2.7.LTS\lib\</path>
         <kind>archive</kind>
         <file>rtsv7M4_T_le_eabi.lib</file>
         <name>getdevice.c.obj</name>
      </input_file>
      <input_file id="fl-12f">
         <path>C:\ti\ccs1250\ccs\tools\compiler\ti-cgt-arm_20.2.7.LTS\lib\</path>
         <kind>archive</kind>
         <file>rtsv7M4_T_le_eabi.lib</file>
         <name>ll_mul_t2.asm.obj</name>
      </input_file>
      <input_file id="fl-130">
         <path>C:\ti\ccs1250\ccs\tools\compiler\ti-cgt-arm_20.2.7.LTS\lib\</path>
         <kind>archive</kind>
         <file>rtsv7M4_T_le_eabi.lib</file>
         <name>strncpy.c.obj</name>
      </input_file>
      <input_file id="fl-131">
         <path>C:\ti\ccs1250\ccs\tools\compiler\ti-cgt-arm_20.2.7.LTS\lib\</path>
         <kind>archive</kind>
         <file>rtsv7M4_T_le_eabi.lib</file>
         <name>remove.c.obj</name>
      </input_file>
      <input_file id="fl-132">
         <path>C:\ti\ccs1250\ccs\tools\compiler\ti-cgt-arm_20.2.7.LTS\lib\</path>
         <kind>archive</kind>
         <file>rtsv7M4_T_le_eabi.lib</file>
         <name>close.c.obj</name>
      </input_file>
      <input_file id="fl-133">
         <path>C:\ti\ccs1250\ccs\tools\compiler\ti-cgt-arm_20.2.7.LTS\lib\</path>
         <kind>archive</kind>
         <file>rtsv7M4_T_le_eabi.lib</file>
         <name>unlink.c.obj</name>
      </input_file>
   </input_file_list>
   <object_component_list>
      <object_component id="oc-12">
         <name>.intvecs</name>
         <load_address>0x20004000</load_address>
         <run_address>0x20004000</run_address>
         <size>0x400</size>
         <input_file_ref idref="fl-8"/>
      </object_component>
      <object_component id="oc-19a">
         <name>.text</name>
         <load_address>0x20004400</load_address>
         <run_address>0x20004400</run_address>
         <size>0xda8</size>
         <input_file_ref idref="fl-3"/>
      </object_component>
      <object_component id="oc-21b">
         <name>.text:__TI_scanfi</name>
         <load_address>0x200051a8</load_address>
         <run_address>0x200051a8</run_address>
         <size>0xaf8</size>
         <input_file_ref idref="fl-112"/>
      </object_component>
      <object_component id="oc-352">
         <name>.text</name>
         <load_address>0x20005ca0</load_address>
         <run_address>0x20005ca0</run_address>
         <size>0xa80</size>
         <input_file_ref idref="fl-a"/>
      </object_component>
      <object_component id="oc-1ef">
         <name>.text:__TI_printfi</name>
         <load_address>0x20006720</load_address>
         <run_address>0x20006720</run_address>
         <size>0xa4e</size>
         <input_file_ref idref="fl-da"/>
      </object_component>
      <object_component id="oc-45f">
         <name>.text:_nop</name>
         <load_address>0x2000716e</load_address>
         <run_address>0x2000716e</run_address>
         <size>0x2</size>
         <input_file_ref idref="fl-f9"/>
      </object_component>
      <object_component id="oc-5c9">
         <name>.text:__kernel_rem_pio2</name>
         <load_address>0x20007170</load_address>
         <run_address>0x20007170</run_address>
         <size>0x730</size>
         <input_file_ref idref="fl-107"/>
      </object_component>
      <object_component id="oc-3c5">
         <name>.text:cos</name>
         <load_address>0x200078a0</load_address>
         <run_address>0x200078a0</run_address>
         <size>0x5c0</size>
         <input_file_ref idref="fl-d4"/>
      </object_component>
      <object_component id="oc-3bf">
         <name>.text:sin</name>
         <load_address>0x20007e60</load_address>
         <run_address>0x20007e60</run_address>
         <size>0x5c0</size>
         <input_file_ref idref="fl-d6"/>
      </object_component>
      <object_component id="oc-194">
         <name>.text</name>
         <load_address>0x20008420</load_address>
         <run_address>0x20008420</run_address>
         <size>0x486</size>
         <input_file_ref idref="fl-b"/>
      </object_component>
      <object_component id="oc-5a2">
         <name>.text</name>
         <load_address>0x200088a6</load_address>
         <run_address>0x200088a6</run_address>
         <size>0x2</size>
         <input_file_ref idref="fl-116"/>
      </object_component>
      <object_component id="oc-494">
         <name>.text:strtod</name>
         <load_address>0x200088a8</load_address>
         <run_address>0x200088a8</run_address>
         <size>0x454</size>
         <input_file_ref idref="fl-11d"/>
      </object_component>
      <object_component id="oc-97">
         <name>.text</name>
         <load_address>0x20008cfc</load_address>
         <run_address>0x20008cfc</run_address>
         <size>0x354</size>
         <input_file_ref idref="fl-5"/>
      </object_component>
      <object_component id="oc-358">
         <name>.text</name>
         <load_address>0x20009050</load_address>
         <run_address>0x20009050</run_address>
         <size>0x330</size>
         <input_file_ref idref="fl-7"/>
      </object_component>
      <object_component id="oc-3b9">
         <name>.text:atan</name>
         <load_address>0x20009380</load_address>
         <run_address>0x20009380</run_address>
         <size>0x2ec</size>
         <input_file_ref idref="fl-d3"/>
      </object_component>
      <object_component id="oc-398">
         <name>.text</name>
         <load_address>0x2000966c</load_address>
         <run_address>0x2000966c</run_address>
         <size>0x2d8</size>
         <input_file_ref idref="fl-2"/>
      </object_component>
      <object_component id="oc-18e">
         <name>.text</name>
         <load_address>0x20009944</load_address>
         <run_address>0x20009944</run_address>
         <size>0x2a0</size>
         <input_file_ref idref="fl-4"/>
      </object_component>
      <object_component id="oc-188">
         <name>.text</name>
         <load_address>0x20009be4</load_address>
         <run_address>0x20009be4</run_address>
         <size>0x27c</size>
         <input_file_ref idref="fl-9"/>
      </object_component>
      <object_component id="oc-43b">
         <name>.text:_pconv_a</name>
         <load_address>0x20009e60</load_address>
         <run_address>0x20009e60</run_address>
         <size>0x268</size>
         <input_file_ref idref="fl-da"/>
      </object_component>
      <object_component id="oc-4a0">
         <name>.text:strtoll</name>
         <load_address>0x2000a0c8</load_address>
         <run_address>0x2000a0c8</run_address>
         <size>0x1dc</size>
         <input_file_ref idref="fl-11f"/>
      </object_component>
      <object_component id="oc-429">
         <name>.text:_pconv_g</name>
         <load_address>0x2000a2a4</load_address>
         <run_address>0x2000a2a4</run_address>
         <size>0x1cc</size>
         <input_file_ref idref="fl-da"/>
      </object_component>
      <object_component id="oc-384">
         <name>.text</name>
         <load_address>0x2000a470</load_address>
         <run_address>0x2000a470</run_address>
         <size>0x1b6</size>
         <input_file_ref idref="fl-e2"/>
      </object_component>
      <object_component id="oc-12e">
         <name>.text:PRCMCC3200MCUInit</name>
         <load_address>0x2000a628</load_address>
         <run_address>0x2000a628</run_address>
         <size>0x178</size>
         <input_file_ref idref="fl-17"/>
      </object_component>
      <object_component id="oc-5c3">
         <name>.text:__kernel_sin</name>
         <load_address>0x2000a7a0</load_address>
         <run_address>0x2000a7a0</run_address>
         <size>0x168</size>
         <input_file_ref idref="fl-10e"/>
      </object_component>
      <object_component id="oc-5cf">
         <name>.text:__kernel_cos</name>
         <load_address>0x2000a908</load_address>
         <run_address>0x2000a908</run_address>
         <size>0x160</size>
         <input_file_ref idref="fl-10d"/>
      </object_component>
      <object_component id="oc-488">
         <name>.text:strtoull</name>
         <load_address>0x2000aa68</load_address>
         <run_address>0x2000aa68</run_address>
         <size>0x15c</size>
         <input_file_ref idref="fl-121"/>
      </object_component>
      <object_component id="oc-182">
         <name>.text</name>
         <load_address>0x2000abc4</load_address>
         <run_address>0x2000abc4</run_address>
         <size>0x144</size>
         <input_file_ref idref="fl-6"/>
      </object_component>
      <object_component id="oc-435">
         <name>.text:_pconv_e</name>
         <load_address>0x2000ad08</load_address>
         <run_address>0x2000ad08</run_address>
         <size>0x13c</size>
         <input_file_ref idref="fl-da"/>
      </object_component>
      <object_component id="oc-3b4">
         <name>.text</name>
         <load_address>0x2000ae44</load_address>
         <run_address>0x2000ae44</run_address>
         <size>0x136</size>
         <input_file_ref idref="fl-e4"/>
      </object_component>
      <object_component id="oc-49a">
         <name>.text:strtol</name>
         <load_address>0x2000af7c</load_address>
         <run_address>0x2000af7c</run_address>
         <size>0x130</size>
         <input_file_ref idref="fl-11e"/>
      </object_component>
      <object_component id="oc-61b">
         <name>.text:fcvt</name>
         <load_address>0x2000b0ac</load_address>
         <run_address>0x2000b0ac</run_address>
         <size>0x120</size>
         <input_file_ref idref="fl-da"/>
      </object_component>
      <object_component id="oc-46d">
         <name>.text:fputs</name>
         <load_address>0x2000b1cc</load_address>
         <run_address>0x2000b1cc</run_address>
         <size>0x114</size>
         <input_file_ref idref="fl-df"/>
      </object_component>
      <object_component id="oc-48e">
         <name>.text:strtoul</name>
         <load_address>0x2000b2e0</load_address>
         <run_address>0x2000b2e0</run_address>
         <size>0x110</size>
         <input_file_ref idref="fl-120"/>
      </object_component>
      <object_component id="oc-50e">
         <name>.text:aligned_alloc</name>
         <load_address>0x2000b3f0</load_address>
         <run_address>0x2000b3f0</run_address>
         <size>0x100</size>
         <input_file_ref idref="fl-101"/>
      </object_component>
      <object_component id="oc-3a9">
         <name>.text</name>
         <load_address>0x2000b4f0</load_address>
         <run_address>0x2000b4f0</run_address>
         <size>0xfc</size>
         <input_file_ref idref="fl-e5"/>
      </object_component>
      <object_component id="oc-39e">
         <name>.text</name>
         <load_address>0x2000b5ec</load_address>
         <run_address>0x2000b5ec</run_address>
         <size>0xfa</size>
         <input_file_ref idref="fl-e8"/>
      </object_component>
      <object_component id="oc-595">
         <name>.text:floor</name>
         <load_address>0x2000b6e8</load_address>
         <run_address>0x2000b6e8</run_address>
         <size>0xf4</size>
         <input_file_ref idref="fl-10f"/>
      </object_component>
      <object_component id="oc-2d9">
         <name>.text:free</name>
         <load_address>0x2000b7dc</load_address>
         <run_address>0x2000b7dc</run_address>
         <size>0xe4</size>
         <input_file_ref idref="fl-101"/>
      </object_component>
      <object_component id="oc-2d3">
         <name>.text:realloc</name>
         <load_address>0x2000b8c0</load_address>
         <run_address>0x2000b8c0</run_address>
         <size>0xe4</size>
         <input_file_ref idref="fl-101"/>
      </object_component>
      <object_component id="oc-727">
         <name>.text:setvbuf</name>
         <load_address>0x2000b9a4</load_address>
         <run_address>0x2000b9a4</run_address>
         <size>0xdc</size>
         <input_file_ref idref="fl-e1"/>
      </object_component>
      <object_component id="oc-3d6">
         <name>.text:fmin</name>
         <load_address>0x2000ba80</load_address>
         <run_address>0x2000ba80</run_address>
         <size>0xd0</size>
         <input_file_ref idref="fl-d8"/>
      </object_component>
      <object_component id="oc-62f">
         <name>.text:scalbn</name>
         <load_address>0x2000bb50</load_address>
         <run_address>0x2000bb50</run_address>
         <size>0xd0</size>
         <input_file_ref idref="fl-111"/>
      </object_component>
      <object_component id="oc-3d0">
         <name>.text:fmax</name>
         <load_address>0x2000bc20</load_address>
         <run_address>0x2000bc20</run_address>
         <size>0xcc</size>
         <input_file_ref idref="fl-d8"/>
      </object_component>
      <object_component id="oc-423">
         <name>.text:_ltostr</name>
         <load_address>0x2000bcec</load_address>
         <run_address>0x2000bcec</run_address>
         <size>0xb1</size>
         <input_file_ref idref="fl-da"/>
      </object_component>
      <object_component id="oc-374">
         <name>.text:round</name>
         <load_address>0x2000bda0</load_address>
         <run_address>0x2000bda0</run_address>
         <size>0xb0</size>
         <input_file_ref idref="fl-d5"/>
      </object_component>
      <object_component id="oc-128">
         <name>.text:IntEnable</name>
         <load_address>0x2000be50</load_address>
         <run_address>0x2000be50</run_address>
         <size>0xa8</size>
         <input_file_ref idref="fl-15"/>
      </object_component>
      <object_component id="oc-14c">
         <name>.text:SPIConfigSetExpClk</name>
         <load_address>0x2000bef8</load_address>
         <run_address>0x2000bef8</run_address>
         <size>0xa0</size>
         <input_file_ref idref="fl-18"/>
      </object_component>
      <object_component id="oc-3d">
         <name>.text</name>
         <load_address>0x2000bf98</load_address>
         <run_address>0x2000bf98</run_address>
         <size>0x9c</size>
         <input_file_ref idref="fl-f0"/>
      </object_component>
      <object_component id="oc-602">
         <name>.text</name>
         <load_address>0x2000c034</load_address>
         <run_address>0x2000c034</run_address>
         <size>0x96</size>
         <input_file_ref idref="fl-f4"/>
      </object_component>
      <object_component id="oc-146">
         <name>.text:PRCMPeripheralClockGet</name>
         <load_address>0x2000c0cc</load_address>
         <run_address>0x2000c0cc</run_address>
         <size>0x94</size>
         <input_file_ref idref="fl-17"/>
      </object_component>
      <object_component id="oc-10b">
         <name>.text</name>
         <load_address>0x2000c160</load_address>
         <run_address>0x2000c160</run_address>
         <size>0x92</size>
         <input_file_ref idref="fl-ea"/>
      </object_component>
      <object_component id="oc-474">
         <name>.text:fputc</name>
         <load_address>0x2000c1f4</load_address>
         <run_address>0x2000c1f4</run_address>
         <size>0x8c</size>
         <input_file_ref idref="fl-de"/>
      </object_component>
      <object_component id="oc-4e5">
         <name>.text:PinConfigSet</name>
         <load_address>0x2000c280</load_address>
         <run_address>0x2000c280</run_address>
         <size>0x88</size>
         <input_file_ref idref="fl-16"/>
      </object_component>
      <object_component id="oc-3cb">
         <name>.text:__aeabi_cdcmple</name>
         <load_address>0x2000c308</load_address>
         <run_address>0x2000c308</run_address>
         <size>0x86</size>
         <input_file_ref idref="fl-e3"/>
      </object_component>
      <object_component id="oc-5ad">
         <name>.text:__aeabi_cdrcmple</name>
         <load_address>0x2000c38e</load_address>
         <run_address>0x2000c38e</run_address>
         <size>0x86</size>
         <input_file_ref idref="fl-e3"/>
      </object_component>
      <object_component id="oc-325">
         <name>.text:I2CMasterInitExpClk</name>
         <load_address>0x2000c414</load_address>
         <run_address>0x2000c414</run_address>
         <size>0x84</size>
         <input_file_ref idref="fl-14"/>
      </object_component>
      <object_component id="oc-15e">
         <name>.text:GPIOIntTypeSet</name>
         <load_address>0x2000c498</load_address>
         <run_address>0x2000c498</run_address>
         <size>0x82</size>
         <input_file_ref idref="fl-13"/>
      </object_component>
      <object_component id="oc-3a3">
         <name>.text</name>
         <load_address>0x2000c51a</load_address>
         <run_address>0x2000c51a</run_address>
         <size>0x7a</size>
         <input_file_ref idref="fl-eb"/>
      </object_component>
      <object_component id="oc-8b">
         <name>.text</name>
         <load_address>0x2000c594</load_address>
         <run_address>0x2000c594</run_address>
         <size>0x7a</size>
         <input_file_ref idref="fl-f2"/>
      </object_component>
      <object_component id="oc-16a">
         <name>.text:UARTConfigSetExpClk</name>
         <load_address>0x2000c60e</load_address>
         <run_address>0x2000c60e</run_address>
         <size>0x76</size>
         <input_file_ref idref="fl-19"/>
      </object_component>
      <object_component id="oc-7b9">
         <name>.text:__TI_closefile</name>
         <load_address>0x2000c684</load_address>
         <run_address>0x2000c684</run_address>
         <size>0x74</size>
         <input_file_ref idref="fl-12d"/>
      </object_component>
      <object_component id="oc-51b">
         <name>.text:split</name>
         <load_address>0x2000c6f8</load_address>
         <run_address>0x2000c6f8</run_address>
         <size>0x70</size>
         <input_file_ref idref="fl-101"/>
      </object_component>
      <object_component id="oc-614">
         <name>.text:_mcpy</name>
         <load_address>0x2000c768</load_address>
         <run_address>0x2000c768</run_address>
         <size>0x6e</size>
         <input_file_ref idref="fl-da"/>
      </object_component>
      <object_component id="oc-38e">
         <name>.text</name>
         <load_address>0x2000c7d6</load_address>
         <run_address>0x2000c7d6</run_address>
         <size>0x6e</size>
         <input_file_ref idref="fl-e7"/>
      </object_component>
      <object_component id="oc-7e9">
         <name>.text:HOSTrename</name>
         <load_address>0x2000c844</load_address>
         <run_address>0x2000c844</run_address>
         <size>0x6c</size>
         <input_file_ref idref="fl-126"/>
      </object_component>
      <object_component id="oc-7dd">
         <name>.text:HOSTlseek</name>
         <load_address>0x2000c8b0</load_address>
         <run_address>0x2000c8b0</run_address>
         <size>0x68</size>
         <input_file_ref idref="fl-123"/>
      </object_component>
      <object_component id="oc-22d">
         <name>.text:_chkmbc</name>
         <load_address>0x2000c918</load_address>
         <run_address>0x2000c918</run_address>
         <size>0x68</size>
         <input_file_ref idref="fl-dd"/>
      </object_component>
      <object_component id="oc-15">
         <name>.text:decompress:lzss:__TI_decompress_lzss</name>
         <load_address>0x2000c980</load_address>
         <run_address>0x2000c980</run_address>
         <size>0x68</size>
         <input_file_ref idref="fl-f7"/>
      </object_component>
      <object_component id="oc-ca">
         <name>.text:printf</name>
         <load_address>0x2000c9e8</load_address>
         <run_address>0x2000c9e8</run_address>
         <size>0x68</size>
         <input_file_ref idref="fl-d9"/>
      </object_component>
      <object_component id="oc-721">
         <name>.text:fseek</name>
         <load_address>0x2000ca50</load_address>
         <run_address>0x2000ca50</run_address>
         <size>0x64</size>
         <input_file_ref idref="fl-115"/>
      </object_component>
      <object_component id="oc-655">
         <name>.text:__TI_wrt_ok</name>
         <load_address>0x2000cab4</load_address>
         <run_address>0x2000cab4</run_address>
         <size>0x62</size>
         <input_file_ref idref="fl-e0"/>
      </object_component>
      <object_component id="oc-7c5">
         <name>.text:HOSTopen</name>
         <load_address>0x2000cb18</load_address>
         <run_address>0x2000cb18</run_address>
         <size>0x60</size>
         <input_file_ref idref="fl-124"/>
      </object_component>
      <object_component id="oc-36f">
         <name>.text:__aeabi_cfcmple</name>
         <load_address>0x2000cb78</load_address>
         <run_address>0x2000cb78</run_address>
         <size>0x60</size>
         <input_file_ref idref="fl-e9"/>
      </object_component>
      <object_component id="oc-36a">
         <name>.text:__aeabi_cfrcmple</name>
         <load_address>0x2000cbd8</load_address>
         <run_address>0x2000cbd8</run_address>
         <size>0x60</size>
         <input_file_ref idref="fl-e9"/>
      </object_component>
      <object_component id="oc-393">
         <name>.text</name>
         <load_address>0x2000cc38</load_address>
         <run_address>0x2000cc38</run_address>
         <size>0x5e</size>
         <input_file_ref idref="fl-f3"/>
      </object_component>
      <object_component id="oc-7f7">
         <name>.text:close</name>
         <load_address>0x2000cc98</load_address>
         <run_address>0x2000cc98</run_address>
         <size>0x5c</size>
         <input_file_ref idref="fl-132"/>
      </object_component>
      <object_component id="oc-629">
         <name>.text:frexp</name>
         <load_address>0x2000ccf4</load_address>
         <run_address>0x2000ccf4</run_address>
         <size>0x5c</size>
         <input_file_ref idref="fl-110"/>
      </object_component>
      <object_component id="oc-7d1">
         <name>.text:HOSTread</name>
         <load_address>0x2000cd50</load_address>
         <run_address>0x2000cd50</run_address>
         <size>0x58</size>
         <input_file_ref idref="fl-125"/>
      </object_component>
      <object_component id="oc-7d7">
         <name>.text:HOSTwrite</name>
         <load_address>0x2000cda8</load_address>
         <run_address>0x2000cda8</run_address>
         <size>0x58</size>
         <input_file_ref idref="fl-128"/>
      </object_component>
      <object_component id="oc-140">
         <name>.text:PRCMPeripheralReset</name>
         <load_address>0x2000ce00</load_address>
         <run_address>0x2000ce00</run_address>
         <size>0x58</size>
         <input_file_ref idref="fl-17"/>
      </object_component>
      <object_component id="oc-42f">
         <name>.text:_pconv_f</name>
         <load_address>0x2000ce58</load_address>
         <run_address>0x2000ce58</run_address>
         <size>0x56</size>
         <input_file_ref idref="fl-da"/>
      </object_component>
      <object_component id="oc-608">
         <name>.text:__TI_ltoa</name>
         <load_address>0x2000ceae</load_address>
         <run_address>0x2000ceae</run_address>
         <size>0x54</size>
         <input_file_ref idref="fl-fa"/>
      </object_component>
      <object_component id="oc-60e">
         <name>.text:_ecpy</name>
         <load_address>0x2000cf02</load_address>
         <run_address>0x2000cf02</run_address>
         <size>0x52</size>
         <input_file_ref idref="fl-da"/>
      </object_component>
      <object_component id="oc-661">
         <name>.text:__TI_doflush</name>
         <load_address>0x2000cf54</load_address>
         <run_address>0x2000cf54</run_address>
         <size>0x4c</size>
         <input_file_ref idref="fl-113"/>
      </object_component>
      <object_component id="oc-41d">
         <name>.text:atoi</name>
         <load_address>0x2000cfa0</load_address>
         <run_address>0x2000cfa0</run_address>
         <size>0x4c</size>
         <input_file_ref idref="fl-fb"/>
      </object_component>
      <object_component id="oc-269">
         <name>.text:GPIOGetIntNumber</name>
         <load_address>0x2000cfec</load_address>
         <run_address>0x2000cfec</run_address>
         <size>0x48</size>
         <input_file_ref idref="fl-13"/>
      </object_component>
      <object_component id="oc-1b6">
         <name>.text:exit</name>
         <load_address>0x2000d034</load_address>
         <run_address>0x2000d034</run_address>
         <size>0x48</size>
         <input_file_ref idref="fl-f8"/>
      </object_component>
      <object_component id="oc-37a">
         <name>.text</name>
         <load_address>0x2000d07c</load_address>
         <run_address>0x2000d07c</run_address>
         <size>0x48</size>
         <input_file_ref idref="fl-e6"/>
      </object_component>
      <object_component id="oc-7cb">
         <name>.text:HOSTclose</name>
         <load_address>0x2000d0c4</load_address>
         <run_address>0x2000d0c4</run_address>
         <size>0x44</size>
         <input_file_ref idref="fl-122"/>
      </object_component>
      <object_component id="oc-7e3">
         <name>.text:HOSTunlink</name>
         <load_address>0x2000d108</load_address>
         <run_address>0x2000d108</run_address>
         <size>0x44</size>
         <input_file_ref idref="fl-127"/>
      </object_component>
      <object_component id="oc-280">
         <name>.text:UARTIntNumberGet</name>
         <load_address>0x2000d14c</load_address>
         <run_address>0x2000d14c</run_address>
         <size>0x44</size>
         <input_file_ref idref="fl-19"/>
      </object_component>
      <object_component id="oc-1bc">
         <name>.text:__TI_auto_init_nobinit_nopinit:__TI_auto_init_nobinit_nopinit</name>
         <load_address>0x2000d190</load_address>
         <run_address>0x2000d190</run_address>
         <size>0x44</size>
         <input_file_ref idref="fl-117"/>
      </object_component>
      <object_component id="oc-826">
         <name>.text:getdevice</name>
         <load_address>0x2000d1d4</load_address>
         <run_address>0x2000d1d4</run_address>
         <size>0x44</size>
         <input_file_ref idref="fl-12e"/>
      </object_component>
      <object_component id="oc-28a">
         <name>.text:PinModeSet</name>
         <load_address>0x2000d218</load_address>
         <run_address>0x2000d218</run_address>
         <size>0x40</size>
         <input_file_ref idref="fl-16"/>
      </object_component>
      <object_component id="oc-3ae">
         <name>.text:lround</name>
         <load_address>0x2000d258</load_address>
         <run_address>0x2000d258</run_address>
         <size>0x40</size>
         <input_file_ref idref="fl-d2"/>
      </object_component>
      <object_component id="oc-35e">
         <name>.text:sprintf</name>
         <load_address>0x2000d298</load_address>
         <run_address>0x2000d298</run_address>
         <size>0x40</size>
         <input_file_ref idref="fl-db"/>
      </object_component>
      <object_component id="oc-2b5">
         <name>.text:vsnprintf</name>
         <load_address>0x2000d2d8</load_address>
         <run_address>0x2000d2d8</run_address>
         <size>0x40</size>
         <input_file_ref idref="fl-dc"/>
      </object_component>
      <object_component id="oc-621">
         <name>.text:_fcpy</name>
         <load_address>0x2000d318</load_address>
         <run_address>0x2000d318</run_address>
         <size>0x3e</size>
         <input_file_ref idref="fl-da"/>
      </object_component>
      <object_component id="oc-134">
         <name>.text:PRCMPeripheralClkEnable</name>
         <load_address>0x2000d358</load_address>
         <run_address>0x2000d358</run_address>
         <size>0x3c</size>
         <input_file_ref idref="fl-17"/>
      </object_component>
      <object_component id="oc-758">
         <name>.text:signal</name>
         <load_address>0x2000d394</load_address>
         <run_address>0x2000d394</run_address>
         <size>0x3c</size>
         <input_file_ref idref="fl-106"/>
      </object_component>
      <object_component id="oc-579">
         <name>.text:ADCChannelDisable</name>
         <load_address>0x2000d3d0</load_address>
         <run_address>0x2000d3d0</run_address>
         <size>0x38</size>
         <input_file_ref idref="fl-12"/>
      </object_component>
      <object_component id="oc-567">
         <name>.text:ADCChannelEnable</name>
         <load_address>0x2000d408</load_address>
         <run_address>0x2000d408</run_address>
         <size>0x38</size>
         <input_file_ref idref="fl-12"/>
      </object_component>
      <object_component id="oc-808">
         <name>.text:__TI_writemsg</name>
         <load_address>0x2000d440</load_address>
         <run_address>0x2000d440</run_address>
         <size>0x38</size>
         <input_file_ref idref="fl-129"/>
      </object_component>
      <object_component id="oc-c5">
         <name>.text</name>
         <load_address>0x2000d478</load_address>
         <run_address>0x2000d478</run_address>
         <size>0x38</size>
         <input_file_ref idref="fl-ec"/>
      </object_component>
      <object_component id="oc-389">
         <name>.text</name>
         <load_address>0x2000d4b0</load_address>
         <run_address>0x2000d4b0</run_address>
         <size>0x38</size>
         <input_file_ref idref="fl-ed"/>
      </object_component>
      <object_component id="oc-d0">
         <name>.text</name>
         <load_address>0x2000d4e8</load_address>
         <run_address>0x2000d4e8</run_address>
         <size>0x38</size>
         <input_file_ref idref="fl-ef"/>
      </object_component>
      <object_component id="oc-ff">
         <name>.text:sscanf</name>
         <load_address>0x2000d520</load_address>
         <run_address>0x2000d520</run_address>
         <size>0x38</size>
         <input_file_ref idref="fl-dd"/>
      </object_component>
      <object_component id="oc-296">
         <name>.text:GPIODirModeSet</name>
         <load_address>0x2000d558</load_address>
         <run_address>0x2000d558</run_address>
         <size>0x36</size>
         <input_file_ref idref="fl-13"/>
      </object_component>
      <object_component id="oc-846">
         <name>.text:strncpy</name>
         <load_address>0x2000d58e</load_address>
         <run_address>0x2000d58e</run_address>
         <size>0x36</size>
         <input_file_ref idref="fl-130"/>
      </object_component>
      <object_component id="oc-77e">
         <name>.text:__TI_cleanup</name>
         <load_address>0x2000d5c4</load_address>
         <run_address>0x2000d5c4</run_address>
         <size>0x34</size>
         <input_file_ref idref="fl-114"/>
      </object_component>
      <object_component id="oc-80e">
         <name>.text:__TI_readmsg</name>
         <load_address>0x2000d5f8</load_address>
         <run_address>0x2000d5f8</run_address>
         <size>0x34</size>
         <input_file_ref idref="fl-129"/>
      </object_component>
      <object_component id="oc-364">
         <name>.text:rand</name>
         <load_address>0x2000d62c</load_address>
         <run_address>0x2000d62c</run_address>
         <size>0x34</size>
         <input_file_ref idref="fl-102"/>
      </object_component>
      <object_component id="oc-290">
         <name>.text:PinTypeGPIO</name>
         <load_address>0x2000d660</load_address>
         <run_address>0x2000d660</run_address>
         <size>0x30</size>
         <input_file_ref idref="fl-16"/>
      </object_component>
      <object_component id="oc-279">
         <name>.text:UARTDisable</name>
         <load_address>0x2000d690</load_address>
         <run_address>0x2000d690</run_address>
         <size>0x30</size>
         <input_file_ref idref="fl-19"/>
      </object_component>
      <object_component id="oc-4f1">
         <name>.text:_outs</name>
         <load_address>0x2000d6c0</load_address>
         <run_address>0x2000d6c0</run_address>
         <size>0x30</size>
         <input_file_ref idref="fl-dc"/>
      </object_component>
      <object_component id="oc-84c">
         <name>.text:finddevice</name>
         <load_address>0x2000d6f0</load_address>
         <run_address>0x2000d6f0</run_address>
         <size>0x30</size>
         <input_file_ref idref="fl-12e"/>
      </object_component>
      <object_component id="oc-6cb">
         <name>.text:raise</name>
         <load_address>0x2000d720</load_address>
         <run_address>0x2000d720</run_address>
         <size>0x2e</size>
         <input_file_ref idref="fl-106"/>
      </object_component>
      <object_component id="oc-37f">
         <name>.text</name>
         <load_address>0x2000d74e</load_address>
         <run_address>0x2000d74e</run_address>
         <size>0x2e</size>
         <input_file_ref idref="fl-ee"/>
      </object_component>
      <object_component id="oc-301">
         <name>.text:I2CMasterErr</name>
         <load_address>0x2000d77c</load_address>
         <run_address>0x2000d77c</run_address>
         <size>0x2c</size>
         <input_file_ref idref="fl-14"/>
      </object_component>
      <object_component id="oc-246">
         <name>.text:PRCMSysResetCauseGet</name>
         <load_address>0x2000d7a8</load_address>
         <run_address>0x2000d7a8</run_address>
         <size>0x2c</size>
         <input_file_ref idref="fl-17"/>
      </object_component>
      <object_component id="oc-7fd">
         <name>.text:unlink</name>
         <load_address>0x2000d7d4</load_address>
         <run_address>0x2000d7d4</run_address>
         <size>0x2c</size>
         <input_file_ref idref="fl-133"/>
      </object_component>
      <object_component id="oc-258">
         <name>.text:PRCMPeripheralClkDisable</name>
         <load_address>0x2000d800</load_address>
         <run_address>0x2000d800</run_address>
         <size>0x28</size>
         <input_file_ref idref="fl-17"/>
      </object_component>
      <object_component id="oc-522">
         <name>.text:free_list_insert</name>
         <load_address>0x2000d828</load_address>
         <run_address>0x2000d828</run_address>
         <size>0x28</size>
         <input_file_ref idref="fl-101"/>
      </object_component>
      <object_component id="oc-776">
         <name>.text:lseek</name>
         <load_address>0x2000d850</load_address>
         <run_address>0x2000d850</run_address>
         <size>0x28</size>
         <input_file_ref idref="fl-12b"/>
      </object_component>
      <object_component id="oc-2c7">
         <name>.text:memmove</name>
         <load_address>0x2000d878</load_address>
         <run_address>0x2000d878</run_address>
         <size>0x28</size>
         <input_file_ref idref="fl-100"/>
      </object_component>
      <object_component id="oc-667">
         <name>.text:write</name>
         <load_address>0x2000d8a0</load_address>
         <run_address>0x2000d8a0</run_address>
         <size>0x28</size>
         <input_file_ref idref="fl-109"/>
      </object_component>
      <object_component id="oc-17c">
         <name>.text:UARTEnable</name>
         <load_address>0x2000d8c8</load_address>
         <run_address>0x2000d8c8</run_address>
         <size>0x24</size>
         <input_file_ref idref="fl-19"/>
      </object_component>
      <object_component id="oc-5b">
         <name>.text:_c_int00_noargs:_c_int00_noargs</name>
         <load_address>0x2000d8ec</load_address>
         <run_address>0x2000d8ec</run_address>
         <size>0x24</size>
         <input_file_ref idref="fl-108"/>
      </object_component>
      <object_component id="oc-d5">
         <name>.text</name>
         <load_address>0x2000d910</load_address>
         <run_address>0x2000d910</run_address>
         <size>0x24</size>
         <input_file_ref idref="fl-f1"/>
      </object_component>
      <object_component id="oc-555">
         <name>.text:ADCTimerConfig</name>
         <load_address>0x2000d934</load_address>
         <run_address>0x2000d934</run_address>
         <size>0x22</size>
         <input_file_ref idref="fl-12"/>
      </object_component>
      <object_component id="oc-da">
         <name>.text:GPIOIntStatus</name>
         <load_address>0x2000d956</load_address>
         <run_address>0x2000d956</run_address>
         <size>0x22</size>
         <input_file_ref idref="fl-13"/>
      </object_component>
      <object_component id="oc-307">
         <name>.text:I2CMasterSlaveAddrSet</name>
         <load_address>0x2000d978</load_address>
         <run_address>0x2000d978</run_address>
         <size>0x22</size>
         <input_file_ref idref="fl-14"/>
      </object_component>
      <object_component id="oc-13a">
         <name>.text:SPIReset</name>
         <load_address>0x2000d99a</load_address>
         <run_address>0x2000d99a</run_address>
         <size>0x22</size>
         <input_file_ref idref="fl-18"/>
      </object_component>
      <object_component id="oc-338">
         <name>.text:GPIOPinWrite</name>
         <load_address>0x2000d9bc</load_address>
         <run_address>0x2000d9bc</run_address>
         <size>0x20</size>
         <input_file_ref idref="fl-13"/>
      </object_component>
      <object_component id="oc-26f">
         <name>.text:IntRegister</name>
         <load_address>0x2000d9dc</load_address>
         <run_address>0x2000d9dc</run_address>
         <size>0x20</size>
         <input_file_ref idref="fl-15"/>
      </object_component>
      <object_component id="oc-344">
         <name>.text:SPIDataGet</name>
         <load_address>0x2000d9fc</load_address>
         <run_address>0x2000d9fc</run_address>
         <size>0x20</size>
         <input_file_ref idref="fl-18"/>
      </object_component>
      <object_component id="oc-65b">
         <name>.text:memchr</name>
         <load_address>0x2000da1c</load_address>
         <run_address>0x2000da1c</run_address>
         <size>0x20</size>
         <input_file_ref idref="fl-ff"/>
      </object_component>
      <object_component id="oc-158">
         <name>.text:GPIOIntRegister</name>
         <load_address>0x2000da3c</load_address>
         <run_address>0x2000da3c</run_address>
         <size>0x1e</size>
         <input_file_ref idref="fl-13"/>
      </object_component>
      <object_component id="oc-2fb">
         <name>.text:I2CMasterIntStatusEx</name>
         <load_address>0x2000da5a</load_address>
         <run_address>0x2000da5a</run_address>
         <size>0x1e</size>
         <input_file_ref idref="fl-14"/>
      </object_component>
      <object_component id="oc-33e">
         <name>.text:SPIDataPut</name>
         <load_address>0x2000da78</load_address>
         <run_address>0x2000da78</run_address>
         <size>0x1e</size>
         <input_file_ref idref="fl-18"/>
      </object_component>
      <object_component id="oc-2af">
         <name>.text:UARTCharPut</name>
         <load_address>0x2000da96</load_address>
         <run_address>0x2000da96</run_address>
         <size>0x1e</size>
         <input_file_ref idref="fl-19"/>
      </object_component>
      <object_component id="oc-170">
         <name>.text:UARTIntRegister</name>
         <load_address>0x2000dab4</load_address>
         <run_address>0x2000dab4</run_address>
         <size>0x1e</size>
         <input_file_ref idref="fl-19"/>
      </object_component>
      <object_component id="oc-56d">
         <name>.text:ADCFIFOLvlGet</name>
         <load_address>0x2000dad2</load_address>
         <run_address>0x2000dad2</run_address>
         <size>0x1c</size>
         <input_file_ref idref="fl-12"/>
      </object_component>
      <object_component id="oc-29c">
         <name>.text:PinTypeI2C</name>
         <load_address>0x2000daee</load_address>
         <run_address>0x2000daee</run_address>
         <size>0x1c</size>
         <input_file_ref idref="fl-16"/>
      </object_component>
      <object_component id="oc-2bb">
         <name>.text:UARTCharGetNonBlocking</name>
         <load_address>0x2000db0a</load_address>
         <run_address>0x2000db0a</run_address>
         <size>0x1c</size>
         <input_file_ref idref="fl-19"/>
      </object_component>
      <object_component id="oc-49">
         <name>.text:decompress:ZI:__TI_zero_init_nomemset:__TI_zero_init_nomemset</name>
         <load_address>0x2000db26</load_address>
         <run_address>0x2000db26</run_address>
         <size>0x1c</size>
         <input_file_ref idref="fl-f5"/>
      </object_component>
      <object_component id="oc-515">
         <name>.text:free_list_remove</name>
         <load_address>0x2000db44</load_address>
         <run_address>0x2000db44</run_address>
         <size>0x1c</size>
         <input_file_ref idref="fl-101"/>
      </object_component>
      <object_component id="oc-441">
         <name>.text:memccpy</name>
         <load_address>0x2000db60</load_address>
         <run_address>0x2000db60</run_address>
         <size>0x1c</size>
         <input_file_ref idref="fl-fe"/>
      </object_component>
      <object_component id="oc-164">
         <name>.text:GPIOIntEnable</name>
         <load_address>0x2000db7c</load_address>
         <run_address>0x2000db7c</run_address>
         <size>0x1a</size>
         <input_file_ref idref="fl-13"/>
      </object_component>
      <object_component id="oc-2a2">
         <name>.text:PinTypeSPI</name>
         <load_address>0x2000db96</load_address>
         <run_address>0x2000db96</run_address>
         <size>0x1a</size>
         <input_file_ref idref="fl-16"/>
      </object_component>
      <object_component id="oc-2a8">
         <name>.text:PinTypeUART</name>
         <load_address>0x2000dbb0</load_address>
         <run_address>0x2000dbb0</run_address>
         <size>0x1a</size>
         <input_file_ref idref="fl-16"/>
      </object_component>
      <object_component id="oc-573">
         <name>.text:ADCFIFORead</name>
         <load_address>0x2000dbca</load_address>
         <run_address>0x2000dbca</run_address>
         <size>0x18</size>
         <input_file_ref idref="fl-12"/>
      </object_component>
      <object_component id="oc-31f">
         <name>.text:I2CMasterIntEnableEx</name>
         <load_address>0x2000dbe2</load_address>
         <run_address>0x2000dbe2</run_address>
         <size>0x18</size>
         <input_file_ref idref="fl-14"/>
      </object_component>
      <object_component id="oc-34a">
         <name>.text:SPICSDisable</name>
         <load_address>0x2000dbfa</load_address>
         <run_address>0x2000dbfa</run_address>
         <size>0x18</size>
         <input_file_ref idref="fl-18"/>
      </object_component>
      <object_component id="oc-332">
         <name>.text:SPICSEnable</name>
         <load_address>0x2000dc12</load_address>
         <run_address>0x2000dc12</run_address>
         <size>0x18</size>
         <input_file_ref idref="fl-18"/>
      </object_component>
      <object_component id="oc-152">
         <name>.text:SPIEnable</name>
         <load_address>0x2000dc2a</load_address>
         <run_address>0x2000dc2a</run_address>
         <size>0x18</size>
         <input_file_ref idref="fl-18"/>
      </object_component>
      <object_component id="oc-f3">
         <name>.text:UARTCharsAvail</name>
         <load_address>0x2000dc42</load_address>
         <run_address>0x2000dc42</run_address>
         <size>0x18</size>
         <input_file_ref idref="fl-19"/>
      </object_component>
      <object_component id="oc-176">
         <name>.text:UARTFIFOLevelSet</name>
         <load_address>0x2000dc5a</load_address>
         <run_address>0x2000dc5a</run_address>
         <size>0x18</size>
         <input_file_ref idref="fl-19"/>
      </object_component>
      <object_component id="oc-e6">
         <name>.text:UARTIntDisable</name>
         <load_address>0x2000dc72</load_address>
         <run_address>0x2000dc72</run_address>
         <size>0x18</size>
         <input_file_ref idref="fl-19"/>
      </object_component>
      <object_component id="oc-116">
         <name>.text:UARTIntEnable</name>
         <load_address>0x2000dc8a</load_address>
         <run_address>0x2000dc8a</run_address>
         <size>0x18</size>
         <input_file_ref idref="fl-19"/>
      </object_component>
      <object_component id="oc-f9">
         <name>.text:UARTSpaceAvail</name>
         <load_address>0x2000dca2</load_address>
         <run_address>0x2000dca2</run_address>
         <size>0x18</size>
         <input_file_ref idref="fl-19"/>
      </object_component>
      <object_component id="oc-4f7">
         <name>.text:_outc</name>
         <load_address>0x2000dcba</load_address>
         <run_address>0x2000dcba</run_address>
         <size>0x18</size>
         <input_file_ref idref="fl-dc"/>
      </object_component>
      <object_component id="oc-581">
         <name>.text:_outs</name>
         <load_address>0x2000dcd2</load_address>
         <run_address>0x2000dcd2</run_address>
         <size>0x18</size>
         <input_file_ref idref="fl-db"/>
      </object_component>
      <object_component id="oc-673">
         <name>.text</name>
         <load_address>0x2000dcea</load_address>
         <run_address>0x2000dcea</run_address>
         <size>0x18</size>
         <input_file_ref idref="fl-12f"/>
      </object_component>
      <object_component id="oc-105">
         <name>.text:strcmp</name>
         <load_address>0x2000dd02</load_address>
         <run_address>0x2000dd02</run_address>
         <size>0x18</size>
         <input_file_ref idref="fl-104"/>
      </object_component>
      <object_component id="oc-4a9">
         <name>.text:strrchr</name>
         <load_address>0x2000dd1a</load_address>
         <run_address>0x2000dd1a</run_address>
         <size>0x18</size>
         <input_file_ref idref="fl-11c"/>
      </object_component>
      <object_component id="oc-55b">
         <name>.text:ADCTimerEnable</name>
         <load_address>0x2000dd32</load_address>
         <run_address>0x2000dd32</run_address>
         <size>0x16</size>
         <input_file_ref idref="fl-12"/>
      </object_component>
      <object_component id="oc-30d">
         <name>.text:I2CMasterDataPut</name>
         <load_address>0x2000dd48</load_address>
         <run_address>0x2000dd48</run_address>
         <size>0x16</size>
         <input_file_ref idref="fl-14"/>
      </object_component>
      <object_component id="oc-319">
         <name>.text:I2CMasterEnable</name>
         <load_address>0x2000dd5e</load_address>
         <run_address>0x2000dd5e</run_address>
         <size>0x16</size>
         <input_file_ref idref="fl-14"/>
      </object_component>
      <object_component id="oc-2e9">
         <name>.text:I2CMasterIntClear</name>
         <load_address>0x2000dd74</load_address>
         <run_address>0x2000dd74</run_address>
         <size>0x16</size>
         <input_file_ref idref="fl-14"/>
      </object_component>
      <object_component id="oc-24c">
         <name>.text:PRCMHIBRegRead</name>
         <load_address>0x2000dd8a</load_address>
         <run_address>0x2000dd8a</run_address>
         <size>0x16</size>
         <input_file_ref idref="fl-17"/>
      </object_component>
      <object_component id="oc-252">
         <name>.text:PRCMHIBRegWrite</name>
         <load_address>0x2000dda0</load_address>
         <run_address>0x2000dda0</run_address>
         <size>0x16</size>
         <input_file_ref idref="fl-17"/>
      </object_component>
      <object_component id="oc-ec">
         <name>.text:UARTCharGet</name>
         <load_address>0x2000ddb6</load_address>
         <run_address>0x2000ddb6</run_address>
         <size>0x16</size>
         <input_file_ref idref="fl-19"/>
      </object_component>
      <object_component id="oc-4af">
         <name>.text:strchr</name>
         <load_address>0x2000ddcc</load_address>
         <run_address>0x2000ddcc</run_address>
         <size>0x16</size>
         <input_file_ref idref="fl-103"/>
      </object_component>
      <object_component id="oc-561">
         <name>.text:ADCEnable</name>
         <load_address>0x2000dde2</load_address>
         <run_address>0x2000dde2</run_address>
         <size>0x14</size>
         <input_file_ref idref="fl-12"/>
      </object_component>
      <object_component id="oc-23b">
         <name>.text:CPUcpsie</name>
         <load_address>0x2000ddf6</load_address>
         <run_address>0x2000ddf6</run_address>
         <size>0x14</size>
         <input_file_ref idref="fl-1b"/>
      </object_component>
      <object_component id="oc-e0">
         <name>.text:GPIOIntClear</name>
         <load_address>0x2000de0a</load_address>
         <run_address>0x2000de0a</run_address>
         <size>0x14</size>
         <input_file_ref idref="fl-13"/>
      </object_component>
      <object_component id="oc-11c">
         <name>.text:IntVTableBaseSet</name>
         <load_address>0x2000de20</load_address>
         <run_address>0x2000de20</run_address>
         <size>0x14</size>
         <input_file_ref idref="fl-15"/>
      </object_component>
      <object_component id="oc-54f">
         <name>.text:PinTypeADC</name>
         <load_address>0x2000de34</load_address>
         <run_address>0x2000de34</run_address>
         <size>0x14</size>
         <input_file_ref idref="fl-16"/>
      </object_component>
      <object_component id="oc-482">
         <name>.text:strcpy</name>
         <load_address>0x2000de48</load_address>
         <run_address>0x2000de48</run_address>
         <size>0x14</size>
         <input_file_ref idref="fl-11b"/>
      </object_component>
      <object_component id="oc-2c1">
         <name>.text:strlen</name>
         <load_address>0x2000de5c</load_address>
         <run_address>0x2000de5c</run_address>
         <size>0x14</size>
         <input_file_ref idref="fl-105"/>
      </object_component>
      <object_component id="oc-2f5">
         <name>.text:I2CMasterControl</name>
         <load_address>0x2000de70</load_address>
         <run_address>0x2000de70</run_address>
         <size>0x12</size>
         <input_file_ref idref="fl-14"/>
      </object_component>
      <object_component id="oc-2ef">
         <name>.text:I2CMasterTimeoutSet</name>
         <load_address>0x2000de82</load_address>
         <run_address>0x2000de82</run_address>
         <size>0x12</size>
         <input_file_ref idref="fl-14"/>
      </object_component>
      <object_component id="oc-110">
         <name>.text:UARTIntClear</name>
         <load_address>0x2000de94</load_address>
         <run_address>0x2000de94</run_address>
         <size>0x12</size>
         <input_file_ref idref="fl-19"/>
      </object_component>
      <object_component id="oc-221">
         <name>.text:_inpchar</name>
         <load_address>0x2000dea6</load_address>
         <run_address>0x2000dea6</run_address>
         <size>0x12</size>
         <input_file_ref idref="fl-dd"/>
      </object_component>
      <object_component id="oc-447">
         <name>.text:wcslen</name>
         <load_address>0x2000deb8</load_address>
         <run_address>0x2000deb8</run_address>
         <size>0x12</size>
         <input_file_ref idref="fl-10c"/>
      </object_component>
      <object_component id="oc-313">
         <name>.text:I2CMasterDataGet</name>
         <load_address>0x2000deca</load_address>
         <run_address>0x2000deca</run_address>
         <size>0xe</size>
         <input_file_ref idref="fl-14"/>
      </object_component>
      <object_component id="oc-1b">
         <name>.text:decompress:none:__TI_decompress_none</name>
         <load_address>0x2000ded8</load_address>
         <run_address>0x2000ded8</run_address>
         <size>0xe</size>
         <input_file_ref idref="fl-f6"/>
      </object_component>
      <object_component id="oc-29">
         <name>.text</name>
         <load_address>0x2000dee6</load_address>
         <run_address>0x2000dee6</run_address>
         <size>0xe</size>
         <input_file_ref idref="fl-8"/>
      </object_component>
      <object_component id="oc-707">
         <name>.text:copysign</name>
         <load_address>0x2000def4</load_address>
         <run_address>0x2000def4</run_address>
         <size>0xc</size>
         <input_file_ref idref="fl-12c"/>
      </object_component>
      <object_component id="oc-122">
         <name>.text:IntMasterEnable</name>
         <load_address>0x2000df00</load_address>
         <run_address>0x2000df00</run_address>
         <size>0xa</size>
         <input_file_ref idref="fl-15"/>
      </object_component>
      <object_component id="oc-587">
         <name>.text:_outc</name>
         <load_address>0x2000df0a</load_address>
         <run_address>0x2000df0a</run_address>
         <size>0xa</size>
         <input_file_ref idref="fl-db"/>
      </object_component>
      <object_component id="oc-44d">
[...]
         <name>__aeabi_ddiv</name>
         <value>0x2000ae45</value>
         <object_component_ref idref="oc-3b4"/>
      </symbol>
      <symbol id="sm-a57">
         <name>__aeabi_dmul</name>
         <value>0x2000b4f1</value>
         <object_component_ref idref="oc-3a9"/>
      </symbol>
      <symbol id="sm-a61">
         <name>__aeabi_d2iz</name>
         <value>0x2000d07d</value>
         <object_component_ref idref="oc-37a"/>
      </symbol>
      <symbol id="sm-a6d">
         <name>__aeabi_d2f</name>
         <value>0x2000c7d7</value>
         <object_component_ref idref="oc-38e"/>
      </symbol>
      <symbol id="sm-a7e">
         <name>__aeabi_fadd</name>
         <value>0x2000b5f1</value>
         <object_component_ref idref="oc-39e"/>
      </symbol>
      <symbol id="sm-a7f">
         <name>__aeabi_fsub</name>
         <value>0x2000b5ed</value>
         <object_component_ref idref="oc-39e"/>
      </symbol>
      <symbol id="sm-a99">
         <name>__aeabi_cfrcmple</name>
         <value>0x2000cbd9</value>
         <object_component_ref idref="oc-36a"/>
      </symbol>
      <symbol id="sm-a9a">
         <name>__aeabi_cfcmpeq</name>
         <value>0x2000cb79</value>
         <object_component_ref idref="oc-36f"/>
      </symbol>
      <symbol id="sm-a9b">
         <name>__aeabi_cfcmple</name>
         <value>0x2000cb79</value>
         <object_component_ref idref="oc-36f"/>
      </symbol>
      <symbol id="sm-aa8">
         <name>__aeabi_fdiv</name>
         <value>0x2000c161</value>
         <object_component_ref idref="oc-10b"/>
      </symbol>
      <symbol id="sm-ab2">
         <name>__aeabi_fmul</name>
         <value>0x2000c51b</value>
         <object_component_ref idref="oc-3a3"/>
      </symbol>
      <symbol id="sm-abd">
         <name>__aeabi_f2d</name>
         <value>0x2000d479</value>
         <object_component_ref idref="oc-c5"/>
      </symbol>
      <symbol id="sm-ac7">
         <name>__aeabi_f2iz</name>
         <value>0x2000d4b1</value>
         <object_component_ref idref="oc-389"/>
      </symbol>
      <symbol id="sm-ad1">
         <name>__aeabi_i2d</name>
         <value>0x2000d74f</value>
         <object_component_ref idref="oc-37f"/>
      </symbol>
      <symbol id="sm-adc">
         <name>__aeabi_i2f</name>
         <value>0x2000d4e9</value>
         <object_component_ref idref="oc-d0"/>
      </symbol>
      <symbol id="sm-af7">
         <name>memcpy</name>
         <value>0x2000bf99</value>
         <object_component_ref idref="oc-3d"/>
      </symbol>
      <symbol id="sm-af8">
         <name>__aeabi_memcpy</name>
         <value>0x2000bf99</value>
         <object_component_ref idref="oc-3d"/>
      </symbol>
      <symbol id="sm-af9">
         <name>__aeabi_memcpy8</name>
         <value>0x2000bf99</value>
         <object_component_ref idref="oc-3d"/>
      </symbol>
      <symbol id="sm-afa">
         <name>__aeabi_memcpy4</name>
         <value>0x2000bf99</value>
         <object_component_ref idref="oc-3d"/>
      </symbol>
      <symbol id="sm-b05">
         <name>__aeabi_ui2f</name>
         <value>0x2000d911</value>
         <object_component_ref idref="oc-d5"/>
      </symbol>
      <symbol id="sm-b14">
         <name>__aeabi_memset</name>
         <value>0x2000c597</value>
         <object_component_ref idref="oc-8b"/>
      </symbol>
      <symbol id="sm-b15">
         <name>memset</name>
         <value>0x2000c59d</value>
         <object_component_ref idref="oc-8b"/>
      </symbol>
      <symbol id="sm-b16">
         <name>__aeabi_memset8</name>
         <value>0x2000c597</value>
         <object_component_ref idref="oc-8b"/>
      </symbol>
      <symbol id="sm-b17">
         <name>__aeabi_memset4</name>
         <value>0x2000c597</value>
         <object_component_ref idref="oc-8b"/>
      </symbol>
      <symbol id="sm-b18">
         <name>__aeabi_memclr8</name>
         <value>0x2000c595</value>
         <object_component_ref idref="oc-8b"/>
      </symbol>
      <symbol id="sm-b19">
         <name>__aeabi_memclr4</name>
         <value>0x2000c595</value>
         <object_component_ref idref="oc-8b"/>
      </symbol>
      <symbol id="sm-b1a">
         <name>__aeabi_memclr</name>
         <value>0x2000c595</value>
         <object_component_ref idref="oc-8b"/>
      </symbol>
      <symbol id="sm-b29">
         <name>__aeabi_idivmod</name>
         <value>0x2000cc39</value>
         <object_component_ref idref="oc-393"/>
      </symbol>
      <symbol id="sm-b2a">
         <name>__aeabi_idiv</name>
         <value>0x2000cc39</value>
         <object_component_ref idref="oc-393"/>
      </symbol>
      <symbol id="sm-b37">
         <name>__aeabi_uldivmod</name>
         <value>0x2000c035</value>
         <object_component_ref idref="oc-602"/>
      </symbol>
      <symbol id="sm-b4b">
         <name>__TI_zero_init_nomemset</name>
         <value>0x2000db27</value>
         <object_component_ref idref="oc-49"/>
      </symbol>
      <symbol id="sm-b62">
         <name>__TI_decompress_none</name>
         <value>0x2000ded9</value>
         <object_component_ref idref="oc-1b"/>
      </symbol>
      <symbol id="sm-b85">
         <name>__TI_decompress_lzss</name>
         <value>0x2000c981</value>
         <object_component_ref idref="oc-15"/>
      </symbol>
      <symbol id="sm-bab">
         <name>C$$EXIT</name>
         <value>0x2000df45</value>
         <object_component_ref idref="oc-1b0"/>
      </symbol>
      <symbol id="sm-bac">
         <name>abort</name>
         <value>0x2000df45</value>
         <object_component_ref idref="oc-1b0"/>
      </symbol>
      <symbol id="sm-bad">
         <name>__TI_dtors_ptr</name>
         <value>0x20017a64</value>
         <object_component_ref idref="oc-401"/>
      </symbol>
      <symbol id="sm-bae">
         <name>__TI_cleanup_ptr</name>
         <value>0x20017a60</value>
         <object_component_ref idref="oc-401"/>
      </symbol>
      <symbol id="sm-baf">
         <name>__TI_enable_exit_profile_output</name>
         <value>0x20017a68</value>
         <object_component_ref idref="oc-401"/>
      </symbol>
      <symbol id="sm-bb0">
         <name>exit</name>
         <value>0x2000d035</value>
         <object_component_ref idref="oc-1b6"/>
      </symbol>
      <symbol id="sm-bc5">
         <name>_nop</name>
         <value>0x2000716f</value>
         <object_component_ref idref="oc-45f"/>
      </symbol>
      <symbol id="sm-bc6">
         <name>_lock</name>
         <value>0x20017a6c</value>
         <object_component_ref idref="oc-1f5"/>
      </symbol>
      <symbol id="sm-bc7">
         <name>_unlock</name>
         <value>0x20017a70</value>
         <object_component_ref idref="oc-1f5"/>
      </symbol>
      <symbol id="sm-bd6">
         <name>__TI_ltoa</name>
         <value>0x2000ceaf</value>
         <object_component_ref idref="oc-608"/>
      </symbol>
      <symbol id="sm-bec">
         <name>atoi</name>
         <value>0x2000cfa1</value>
         <object_component_ref idref="oc-41d"/>
      </symbol>
      <symbol id="sm-bf7">
         <name>_ctypes_</name>
         <value>0x2000e5a0</value>
         <object_component_ref idref="oc-4a6"/>
      </symbol>
      <symbol id="sm-c0c">
         <name>__TI_tmpnams</name>
         <value>0x20017bac</value>
      </symbol>
      <symbol id="sm-c0d">
         <name>__aeabi_stdout</name>
         <value>0x20017a58</value>
         <object_component_ref idref="oc-7bf"/>
      </symbol>
      <symbol id="sm-c0e">
         <name>__aeabi_stderr</name>
         <value>0x20017a5c</value>
         <object_component_ref idref="oc-7bf"/>
      </symbol>
      <symbol id="sm-c0f">
         <name>__aeabi_stdin</name>
         <value>0x20017a54</value>
         <object_component_ref idref="oc-7bf"/>
      </symbol>
      <symbol id="sm-c10">
         <name>_ftable</name>
         <value>0x20017800</value>
         <object_component_ref idref="oc-1f8"/>
      </symbol>
      <symbol id="sm-c11">
         <name>__TI_ft_end</name>
         <value>0x20017a50</value>
         <object_component_ref idref="oc-7bf"/>
      </symbol>
      <symbol id="sm-c21">
         <name>memccpy</name>
         <value>0x2000db61</value>
         <object_component_ref idref="oc-441"/>
      </symbol>
      <symbol id="sm-c31">
         <name>memchr</name>
         <value>0x2000da1d</value>
         <object_component_ref idref="oc-65b"/>
      </symbol>
      <symbol id="sm-c42">
         <name>memmove</name>
         <value>0x2000d879</value>
         <object_component_ref idref="oc-2c7"/>
      </symbol>
      <symbol id="sm-ce0">
         <name>_sys_memory</name>
         <value>0x20017000</value>
         <object_component_ref idref="oc-23"/>
      </symbol>
      <symbol id="sm-ce1">
         <name>free</name>
         <value>0x2000b7dd</value>
         <object_component_ref idref="oc-2d9"/>
      </symbol>
      <symbol id="sm-ce2">
         <name>realloc</name>
         <value>0x2000b8c1</value>
         <object_component_ref idref="oc-2d3"/>
      </symbol>
      <symbol id="sm-ce3">
         <name>memalign</name>
         <value>0x2000b3f1</value>
         <object_component_ref idref="oc-50e"/>
      </symbol>
      <symbol id="sm-ce4">
         <name>malloc</name>
         <value>0x2000df25</value>
         <object_component_ref idref="oc-2cd"/>
      </symbol>
      <symbol id="sm-ce5">
         <name>aligned_alloc</name>
         <value>0x2000b3f1</value>
         <object_component_ref idref="oc-50e"/>
      </symbol>
      <symbol id="sm-cfb">
         <name>rand</name>
         <value>0x2000d62d</value>
         <object_component_ref idref="oc-364"/>
      </symbol>
      <symbol id="sm-d0b">
         <name>strchr</name>
         <value>0x2000ddcd</value>
         <object_component_ref idref="oc-4af"/>
      </symbol>
      <symbol id="sm-d1a">
         <name>strcmp</name>
         <value>0x2000dd03</value>
         <object_component_ref idref="oc-105"/>
      </symbol>
      <symbol id="sm-d28">
         <name>strlen</name>
         <value>0x2000de5d</value>
         <object_component_ref idref="oc-2c1"/>
      </symbol>
      <symbol id="sm-d50">
         <name>raise</name>
         <value>0x2000d721</value>
         <object_component_ref idref="oc-6cb"/>
      </symbol>
      <symbol id="sm-d51">
         <name>signal</name>
         <value>0x2000d395</value>
         <object_component_ref idref="oc-758"/>
      </symbol>
      <symbol id="sm-dc1">
         <name>__kernel_rem_pio2</name>
         <value>0x20007171</value>
         <object_component_ref idref="oc-5c9"/>
      </symbol>
      <symbol id="sm-dd3">
         <name>__stack</name>
         <value>0x2002f800</value>
         <object_component_ref idref="oc-26"/>
      </symbol>
      <symbol id="sm-dd4">
         <name>_c_int00_noargs</name>
         <value>0x2000d8ed</value>
         <object_component_ref idref="oc-5b"/>
      </symbol>
      <symbol id="sm-dee">
         <name>write</name>
         <value>0x2000d8a1</value>
         <object_component_ref idref="oc-667"/>
      </symbol>
      <symbol id="sm-dff">
         <name>_stream</name>
         <value>0x200179e8</value>
         <object_component_ref idref="oc-733"/>
      </symbol>
      <symbol id="sm-e00">
         <name>_device</name>
         <value>0x20017970</value>
         <object_component_ref idref="oc-791"/>
      </symbol>
      <symbol id="sm-e16">
         <name>__aeabi_errno_addr</name>
         <value>0x2000df15</value>
         <object_component_ref idref="oc-44d"/>
      </symbol>
      <symbol id="sm-e17">
         <name>errno</name>
         <value>0x20017a84</value>
         <object_component_ref idref="oc-63f"/>
      </symbol>
      <symbol id="sm-e30">
         <name>wcslen</name>
         <value>0x2000deb9</value>
         <object_component_ref idref="oc-447"/>
      </symbol>
      <symbol id="sm-e46">
         <name>__kernel_cos</name>
         <value>0x2000a909</value>
         <object_component_ref idref="oc-5cf"/>
      </symbol>
      <symbol id="sm-e5d">
         <name>__kernel_sin</name>
         <value>0x2000a7a1</value>
         <object_component_ref idref="oc-5c3"/>
      </symbol>
      <symbol id="sm-e7a">
         <name>floorl</name>
         <value>0x2000b6e9</value>
         <object_component_ref idref="oc-595"/>
      </symbol>
      <symbol id="sm-e7b">
         <name>floor</name>
         <value>0x2000b6e9</value>
         <object_component_ref idref="oc-595"/>
      </symbol>
      <symbol id="sm-e91">
         <name>frexpl</name>
         <value>0x2000ccf5</value>
         <object_component_ref idref="oc-629"/>
      </symbol>
      <symbol id="sm-e92">
         <name>frexp</name>
         <value>0x2000ccf5</value>
         <object_component_ref idref="oc-629"/>
      </symbol>
      <symbol id="sm-eb0">
         <name>scalbn</name>
         <value>0x2000bb51</value>
         <object_component_ref idref="oc-62f"/>
      </symbol>
      <symbol id="sm-eb1">
         <name>scalbnl</name>
         <value>0x2000bb51</value>
         <object_component_ref idref="oc-62f"/>
      </symbol>
      <symbol id="sm-eb2">
         <name>ldexpl</name>
         <value>0x2000bb51</value>
         <object_component_ref idref="oc-62f"/>
      </symbol>
      <symbol id="sm-eb3">
         <name>ldexp</name>
         <value>0x2000bb51</value>
         <object_component_ref idref="oc-62f"/>
      </symbol>
      <symbol id="sm-f68">
         <name>__TI_scanfi</name>
         <value>0x200051a9</value>
         <object_component_ref idref="oc-21b"/>
      </symbol>
      <symbol id="sm-f78">
         <name>__TI_doflush</name>
         <value>0x2000cf55</value>
         <object_component_ref idref="oc-661"/>
      </symbol>
      <symbol id="sm-f88">
         <name>__TI_cleanup</name>
         <value>0x2000d5c5</value>
         <object_component_ref idref="oc-77e"/>
      </symbol>
      <symbol id="sm-f9a">
         <name>fseek</name>
         <value>0x2000ca51</value>
         <object_component_ref idref="oc-721"/>
      </symbol>
      <symbol id="sm-fa4">
         <name>__aeabi_idiv0</name>
         <value>0x200088a7</value>
         <object_component_ref idref="oc-5a2"/>
      </symbol>
      <symbol id="sm-fa5">
         <name>__aeabi_ldiv0</name>
         <value>0x200088a7</value>
         <object_component_ref idref="oc-5a2"/>
      </symbol>
      <symbol id="sm-fcd">
         <name>__TI_auto_init_nobinit_nopinit</name>
         <value>0x2000d191</value>
         <object_component_ref idref="oc-1bc"/>
      </symbol>
      <symbol id="sm-fd7">
         <name>_system_pre_init</name>
         <value>0x2000df41</value>
         <object_component_ref idref="oc-91"/>
      </symbol>
      <symbol id="sm-fe7">
         <name>strcpy</name>
         <value>0x2000de49</value>
         <object_component_ref idref="oc-482"/>
      </symbol>
      <symbol id="sm-ff6">
         <name>strrchr</name>
         <value>0x2000dd1b</value>
         <object_component_ref idref="oc-4a9"/>
      </symbol>
      <symbol id="sm-1055">
         <name>strtold</name>
         <value>0x200088a9</value>
         <object_component_ref idref="oc-494"/>
      </symbol>
      <symbol id="sm-1056">
         <name>strtod</name>
         <value>0x200088a9</value>
         <object_component_ref idref="oc-494"/>
      </symbol>
      <symbol id="sm-107a">
         <name>strtol</name>
         <value>0x2000af7d</value>
         <object_component_ref idref="oc-49a"/>
      </symbol>
      <symbol id="sm-10a0">
         <name>strtoll</name>
         <value>0x2000a0c9</value>
         <object_component_ref idref="oc-4a0"/>
      </symbol>
      <symbol id="sm-10c0">
         <name>strtoul</name>
         <value>0x2000b2e1</value>
         <object_component_ref idref="oc-48e"/>
      </symbol>
      <symbol id="sm-10e3">
         <name>strtoull</name>
         <value>0x2000aa69</value>
         <object_component_ref idref="oc-488"/>
      </symbol>
      <symbol id="sm-10f4">
         <name>HOSTclose</name>
         <value>0x2000d0c5</value>
         <object_component_ref idref="oc-7cb"/>
      </symbol>
      <symbol id="sm-1105">
         <name>HOSTlseek</name>
         <value>0x2000c8b1</value>
         <object_component_ref idref="oc-7dd"/>
      </symbol>
      <symbol id="sm-1117">
         <name>parmbuf</name>
         <value>0x20017c8c</value>
      </symbol>
      <symbol id="sm-1118">
         <name>HOSTopen</name>
         <value>0x2000cb19</value>
         <object_component_ref idref="oc-7c5"/>
      </symbol>
      <symbol id="sm-1129">
         <name>HOSTread</name>
         <value>0x2000cd51</value>
         <object_component_ref idref="oc-7d1"/>
      </symbol>
      <symbol id="sm-113a">
         <name>HOSTrename</name>
         <value>0x2000c845</value>
         <object_component_ref idref="oc-7e9"/>
      </symbol>
      <symbol id="sm-114b">
         <name>HOSTunlink</name>
         <value>0x2000d109</value>
         <object_component_ref idref="oc-7e3"/>
      </symbol>
      <symbol id="sm-115c">
         <name>HOSTwrite</name>
         <value>0x2000cda9</value>
         <object_component_ref idref="oc-7d7"/>
      </symbol>
      <symbol id="sm-1180">
         <name>__TI_readmsg</name>
         <value>0x2000d5f9</value>
         <object_component_ref idref="oc-80e"/>
      </symbol>
      <symbol id="sm-1181">
         <name>C$$IO$$</name>
         <value>0x2000d46f</value>
         <object_component_ref idref="oc-808"/>
      </symbol>
      <symbol id="sm-1182">
         <name>__CIOBUF_</name>
         <value>0x20017a8c</value>
         <object_component_ref idref="oc-830"/>
      </symbol>
      <symbol id="sm-1183">
         <name>__TI_writemsg</name>
         <value>0x2000d441</value>
         <object_component_ref idref="oc-808"/>
      </symbol>
      <symbol id="sm-1194">
         <name>lseek</name>
         <value>0x2000d851</value>
         <object_component_ref idref="oc-776"/>
      </symbol>
      <symbol id="sm-119e">
         <name>copysign</name>
         <value>0x2000def5</value>
         <object_component_ref idref="oc-707"/>
      </symbol>
      <symbol id="sm-119f">
         <name>copysignl</name>
         <value>0x2000def5</value>
         <object_component_ref idref="oc-707"/>
      </symbol>
      <symbol id="sm-11b4">
         <name>__TI_closefile</name>
         <value>0x2000c685</value>
         <object_component_ref idref="oc-7b9"/>
      </symbol>
      <symbol id="sm-11d7">
         <name>finddevice</name>
         <value>0x2000d6f1</value>
         <object_component_ref idref="oc-84c"/>
      </symbol>
      <symbol id="sm-11d8">
         <name>getdevice</name>
         <value>0x2000d1d5</value>
         <object_component_ref idref="oc-826"/>
      </symbol>
      <symbol id="sm-11e1">
         <name>__aeabi_lmul</name>
         <value>0x2000dceb</value>
         <object_component_ref idref="oc-673"/>
      </symbol>
      <symbol id="sm-11f1">
         <name>strncpy</name>
         <value>0x2000d58f</value>
         <object_component_ref idref="oc-846"/>
      </symbol>
      <symbol id="sm-1206">
         <name>close</name>
         <value>0x2000cc99</value>
         <object_component_ref idref="oc-7f7"/>
      </symbol>
      <symbol id="sm-1216">
         <name>unlink</name>
         <value>0x2000d7d5</value>
         <object_component_ref idref="oc-7fd"/>
      </symbol>
      <symbol id="sm-1217">
         <name>__TI_static_base__</name>
         <value>0x2000e9e8</value>
      </symbol>
      <symbol id="sm-121a">
         <name>__mpu_init</name>
         <value>0x0</value>
      </symbol>
      <symbol id="sm-121b">
         <name>_system_post_cinit</name>
         <value>0x0</value>
      </symbol>
      <symbol id="sm-121c">
         <name>remove</name>
         <value>0x2000d7d5</value>
      </symbol>
   </symbol_table>
   <title>Link successful</title>
</link_info>
