******************************************************************************
                  TI ARM Linker PC v20.2.7                     
******************************************************************************
>> Linked Wed Mar  5 00:15:29 2025

OUTPUT FILE NAME:   <Battle-Pong.out>
ENTRY POINT SYMBOL: "_c_int00_noargs"  address: 20009d4d


MEMORY CONFIGURATION

         name            origin    length      used     unused   attr    fill
----------------------  --------  ---------  --------  --------  ----  --------
  SRAM_CODE             20004000   00013000  00006a7e  0000c582  RW X
  SRAM_DATA             20017000   00019000  000013d0  00017c30  RW X


SEGMENT ALLOCATION MAP

run origin  load origin   length   init length attrs members
----------  ----------- ---------- ----------- ----- -------
20004000    20004000    00006a80   00006a80    r-x
  20004000    20004000    00000400   00000400    r-- .intvecs
  20004400    20004400    00005e22   00005e22    r-x .text
  2000a224    2000a224    000007bc   000007bc    r-- .const
  2000a9e0    2000a9e0    000000a0   000000a0    r-- .cinit
20017000    20017000    00000bd0   00000000    rw-
  20017000    20017000    00000800   00000000    rw- .sysmem
  20017800    20017800    00000204   00000000    rw- .data
  20017a04    20017a04    000001cc   00000000    rw- .bss
2002f800    2002f800    00000800   00000000    rw-
  2002f800    2002f800    00000800   00000000    rw- .stack


SECTION ALLOCATION MAP

 output                                  attributes/
section   page    origin      length       input sections
--------  ----  ----------  ----------   ----------------
.intvecs   0    20004000    00000400     
                  20004000    00000400     startup_ccs.obj (.intvecs)

.init_array 
*          0    20004000    00000000     UNINITIALIZED

.text      0    20004400    00005e22     
                  20004400    00000a80     Adafruit_GFX.obj (.text)
                  20004e80    00000a4e     rtsv7M4_T_le_eabi.lib : _printfi.c.obj (.text:__TI_printfi)
                  200058ce    00000002                           : _lock.c.obj (.text:_nop)
                  200058d0    000007fc     game.obj (.text)
                  200060cc    00000486     Adafruit_OLED.obj (.text)
                  20006552    00000002     rtsv7M4_T_le_eabi.lib : div0.asm.obj (.text)
                  20006554    000002d8     dot_tracker.obj (.text)
                  2000682c    000002a0     i2c_if.obj (.text)
                  20006acc    0000027c     uart_if.obj (.text)
                  20006d48    00000268     rtsv7M4_T_le_eabi.lib : _printfi.c.obj (.text:_pconv_a)
                  20006fb0    000001cc                           : _printfi.c.obj (.text:_pconv_g)
                  2000717c    000001b6                           : fd_add_t2.asm.obj (.text)
                  20007332    00000002     --HOLE-- [fill = 0]
                  20007334    00000178     driverlib.a : prcm.obj (.text:PRCMCC3200MCUInit)
                  200074ac    0000013c     rtsv7M4_T_le_eabi.lib : _printfi.c.obj (.text:_pconv_e)
                  200075e8    00000136                           : fd_div_t2.asm.obj (.text)
                  2000771e    00000002     --HOLE-- [fill = 0]
                  20007720    00000120                           : _printfi.c.obj (.text:fcvt)
                  20007840    00000118     pin_mux_config.obj (.text)
                  20007958    00000114     rtsv7M4_T_le_eabi.lib : fputs.c.obj (.text:fputs)
                  20007a6c    00000100                           : memory.c.obj (.text:aligned_alloc)
                  20007b6c    000000fc                           : fd_mul_t2.asm.obj (.text)
                  20007c68    000000fa                           : fs_add_t2.asm.obj (.text)
                  20007d62    00000002     --HOLE-- [fill = 0]
                  20007d64    000000f4                           : s_floor.c.obj (.text:floor)
                  20007e58    000000e4                           : memory.c.obj (.text:free)
                  20007f3c    000000e4                           : memory.c.obj (.text:realloc)
                  20008020    000000dc                           : setvbuf.c.obj (.text:setvbuf)
                  200080fc    000000d0                           : ti_fmax.c.obj (.text:fmin)
                  200081cc    000000d0                           : s_scalbn.c.obj (.text:scalbn)
                  2000829c    000000cc                           : ti_fmax.c.obj (.text:fmax)
                  20008368    000000b1                           : _printfi.c.obj (.text:_ltostr)
                  20008419    00000003     --HOLE-- [fill = 0]
                  2000841c    000000b0                           : s_round.c.obj (.text:round)
                  200084cc    000000a8     driverlib.a : interrupt.obj (.text:IntEnable)
                  20008574    000000a0                 : spi.obj (.text:SPIConfigSetExpClk)
                  20008614    0000009c     rtsv7M4_T_le_eabi.lib : memcpy_t2.asm.obj (.text)
                  200086b0    00000098     main.obj (.text)
                  20008748    00000096     rtsv7M4_T_le_eabi.lib : ull_div_t2.asm.obj (.text)
                  200087de    00000002     --HOLE-- [fill = 0]
                  200087e0    00000094     driverlib.a : prcm.obj (.text:PRCMPeripheralClockGet)
                  20008874    00000092     rtsv7M4_T_le_eabi.lib : fs_div_t2.asm.obj (.text)
                  20008906    00000002     --HOLE-- [fill = 0]
                  20008908    0000008c                           : fputc.c.obj (.text:fputc)
                  20008994    00000088     driverlib.a : pin.obj (.text:PinConfigSet)
                  20008a1c    00000086     rtsv7M4_T_le_eabi.lib : fd_cmp_t2.asm.obj (.text:__aeabi_cdcmple)
                  20008aa2    00000086                           : fd_cmp_t2.asm.obj (.text:__aeabi_cdrcmple)
                  20008b28    00000084     driverlib.a : i2c.obj (.text:I2CMasterInitExpClk)
                  20008bac    0000007a     rtsv7M4_T_le_eabi.lib : fs_mul_t2.asm.obj (.text)
                  20008c26    0000007a                           : memset_t2.asm.obj (.text)
                  20008ca0    00000076     driverlib.a : uart.obj (.text:UARTConfigSetExpClk)
                  20008d16    00000002     --HOLE-- [fill = 0]
                  20008d18    00000074     rtsv7M4_T_le_eabi.lib : fclose.c.obj (.text:__TI_closefile)
                  20008d8c    00000070                           : memory.c.obj (.text:split)
                  20008dfc    0000006e                           : _printfi.c.obj (.text:_mcpy)
                  20008e6a    0000006e                           : fd_tos_t2.asm.obj (.text)
                  20008ed8    0000006c                           : hostrename.c.obj (.text:HOSTrename)
                  20008f44    00000068                           : hostlseek.c.obj (.text:HOSTlseek)
                  20008fac    00000068                           : copy_decompress_lzss.c.obj (.text:decompress:lzss:__TI_decompress_lzss)
                  20009014    00000068                           : printf.c.obj (.text:printf)
                  2000907c    00000064                           : fseek.c.obj (.text:fseek)
                  200090e0    00000062                           : _io_perm.c.obj (.text:__TI_wrt_ok)
                  20009142    00000002     --HOLE-- [fill = 0]
                  20009144    00000060                           : hostopen.c.obj (.text:HOSTopen)
                  200091a4    00000060                           : fs_cmp_t2.asm.obj (.text:__aeabi_cfcmple)
                  20009204    00000060                           : fs_cmp_t2.asm.obj (.text:__aeabi_cfrcmple)
                  20009264    0000005c                           : close.c.obj (.text:close)
                  200092c0    0000005c                           : s_frexp.c.obj (.text:frexp)
                  2000931c    00000058                           : hostread.c.obj (.text:HOSTread)
                  20009374    00000058                           : hostwrite.c.obj (.text:HOSTwrite)
                  200093cc    00000058     driverlib.a : prcm.obj (.text:PRCMPeripheralReset)
                  20009424    00000056     rtsv7M4_T_le_eabi.lib : _printfi.c.obj (.text:_pconv_f)
                  2000947a    00000054                           : _ltoa.c.obj (.text:__TI_ltoa)
                  200094ce    00000052                           : _printfi.c.obj (.text:_ecpy)
                  20009520    0000004c                           : fflush.c.obj (.text:__TI_doflush)
                  2000956c    0000004c                           : atoi.c.obj (.text:atoi)
                  200095b8    00000048                           : exit.c.obj (.text:exit)
                  20009600    00000048                           : fd_toi_t2.asm.obj (.text)
                  20009648    00000044                           : hostclose.c.obj (.text:HOSTclose)
                  2000968c    00000044                           : hostunlink.c.obj (.text:HOSTunlink)
                  200096d0    00000044                           : autoinit.c.obj (.text:__TI_auto_init_nobinit_nopinit:__TI_auto_init_nobinit_nopinit)
                  20009714    00000044                           : getdevice.c.obj (.text:getdevice)
                  20009758    00000040     driverlib.a : pin.obj (.text:PinModeSet)
                  20009798    00000040     rtsv7M4_T_le_eabi.lib : sprintf.c.obj (.text:sprintf)
                  200097d8    00000040                           : vsnprintf.c.obj (.text:vsnprintf)
                  20009818    0000003e                           : _printfi.c.obj (.text:_fcpy)
                  20009856    00000002     --HOLE-- [fill = 0]
                  20009858    0000003c     driverlib.a : prcm.obj (.text:PRCMPeripheralClkEnable)
                  20009894    00000038                 : adc.obj (.text:ADCChannelDisable)
                  200098cc    00000038                 : adc.obj (.text:ADCChannelEnable)
                  20009904    00000038     rtsv7M4_T_le_eabi.lib : trgmsg.c.obj (.text:__TI_writemsg)
                  2000993c    00000038                           : fs_tod_t2.asm.obj (.text)
                  20009974    00000038                           : fs_toi_t2.asm.obj (.text)
                  200099ac    00000038                           : i_tofs_t2.asm.obj (.text)
                  200099e4    00000036     driverlib.a : gpio.obj (.text:GPIODirModeSet)
                  20009a1a    00000036     rtsv7M4_T_le_eabi.lib : strncpy.c.obj (.text:strncpy)
                  20009a50    00000034                           : fopen.c.obj (.text:__TI_cleanup)
                  20009a84    00000034                           : trgmsg.c.obj (.text:__TI_readmsg)
                  20009ab8    00000034                           : rand.c.obj (.text:rand)
                  20009aec    00000030     driverlib.a : pin.obj (.text:PinTypeGPIO)
                  20009b1c    00000030                 : uart.obj (.text:UARTDisable)
                  20009b4c    00000030     rtsv7M4_T_le_eabi.lib : vsnprintf.c.obj (.text:_outs)
                  20009b7c    00000030                           : getdevice.c.obj (.text:finddevice)
                  20009bac    0000002e                           : i_tofd_t2.asm.obj (.text)
                  20009bda    0000002c     driverlib.a : i2c.obj (.text:I2CMasterErr)
                  20009c06    00000002     --HOLE-- [fill = 0]
                  20009c08    0000002c                 : prcm.obj (.text:PRCMSysResetCauseGet)
                  20009c34    0000002c     rtsv7M4_T_le_eabi.lib : unlink.c.obj (.text:unlink)
                  20009c60    00000028     driverlib.a : prcm.obj (.text:PRCMPeripheralClkDisable)
                  20009c88    00000028     rtsv7M4_T_le_eabi.lib : memory.c.obj (.text:free_list_insert)
                  20009cb0    00000028                           : lseek.c.obj (.text:lseek)
                  20009cd8    00000028                           : memmov.c.obj (.text:memmove)
                  20009d00    00000028                           : write.c.obj (.text:write)
                  20009d28    00000024     driverlib.a : uart.obj (.text:UARTEnable)
                  20009d4c    00000024     rtsv7M4_T_le_eabi.lib : boot_cortex_m.c.obj (.text:_c_int00_noargs:_c_int00_noargs)
                  20009d70    00000024                           : u_tofs_t2.asm.obj (.text)
                  20009d94    00000022     driverlib.a : adc.obj (.text:ADCTimerConfig)
                  20009db6    00000022                 : i2c.obj (.text:I2CMasterSlaveAddrSet)
                  20009dd8    00000022                 : spi.obj (.text:SPIReset)
                  20009dfa    00000020                 : gpio.obj (.text:GPIOPinWrite)
                  20009e1a    00000020                 : spi.obj (.text:SPIDataGet)
                  20009e3a    00000020     rtsv7M4_T_le_eabi.lib : memchr.c.obj (.text:memchr)
                  20009e5a    0000001e     driverlib.a : i2c.obj (.text:I2CMasterIntStatusEx)
                  20009e78    0000001e                 : spi.obj (.text:SPIDataPut)
                  20009e96    0000001e                 : uart.obj (.text:UARTCharPut)
                  20009eb4    0000001c                 : adc.obj (.text:ADCFIFOLvlGet)
                  20009ed0    0000001c                 : pin.obj (.text:PinTypeI2C)
                  20009eec    0000001c                 : uart.obj (.text:UARTCharGetNonBlocking)
                  20009f08    0000001c     rtsv7M4_T_le_eabi.lib : copy_zero_init.c.obj (.text:decompress:ZI:__TI_zero_init_nomemset:__TI_zero_init_nomemset)
                  20009f24    0000001c                           : memory.c.obj (.text:free_list_remove)
                  20009f40    0000001c                           : memccpy.c.obj (.text:memccpy)
                  20009f5c    0000001a     driverlib.a : pin.obj (.text:PinTypeSPI)
                  20009f76    0000001a                 : pin.obj (.text:PinTypeUART)
                  20009f90    00000018                 : adc.obj (.text:ADCFIFORead)
                  20009fa8    00000018                 : i2c.obj (.text:I2CMasterIntEnableEx)
                  20009fc0    00000018                 : spi.obj (.text:SPICSDisable)
                  20009fd8    00000018                 : spi.obj (.text:SPICSEnable)
                  20009ff0    00000018                 : spi.obj (.text:SPIEnable)
                  2000a008    00000018                 : uart.obj (.text:UARTCharsAvail)
                  2000a020    00000018     rtsv7M4_T_le_eabi.lib : vsnprintf.c.obj (.text:_outc)
                  2000a038    00000018                           : sprintf.c.obj (.text:_outs)
                  2000a050    00000018                           : strcmp.c.obj (.text:strcmp)
                  2000a068    00000016     driverlib.a : adc.obj (.text:ADCTimerEnable)
                  2000a07e    00000016                 : i2c.obj (.text:I2CMasterDataPut)
                  2000a094    00000016                 : i2c.obj (.text:I2CMasterEnable)
                  2000a0aa    00000016                 : i2c.obj (.text:I2CMasterIntClear)
                  2000a0c0    00000016                 : prcm.obj (.text:PRCMHIBRegRead)
                  2000a0d6    00000016                 : prcm.obj (.text:PRCMHIBRegWrite)
                  2000a0ec    00000016     rtsv7M4_T_le_eabi.lib : strchr.c.obj (.text:strchr)
                  2000a102    00000014     driverlib.a : adc.obj (.text:ADCEnable)
                  2000a116    00000014                 : cpu.obj (.text:CPUcpsie)
                  2000a12a    00000002     --HOLE-- [fill = 0]
                  2000a12c    00000014                 : interrupt.obj (.text:IntVTableBaseSet)
                  2000a140    00000014                 : pin.obj (.text:PinTypeADC)
                  2000a154    00000014     rtsv7M4_T_le_eabi.lib : strcpy.c.obj (.text:strcpy)
                  2000a168    00000014                           : strlen.c.obj (.text:strlen)
                  2000a17c    00000012     driverlib.a : i2c.obj (.text:I2CMasterControl)
                  2000a18e    00000012                 : i2c.obj (.text:I2CMasterTimeoutSet)
                  2000a1a0    00000012     rtsv7M4_T_le_eabi.lib : wcslen.c.obj (.text:wcslen)
                  2000a1b2    0000000e     driverlib.a : i2c.obj (.text:I2CMasterDataGet)
                  2000a1c0    0000000e     rtsv7M4_T_le_eabi.lib : copy_decompress_none.c.obj (.text:decompress:none:__TI_decompress_none)
                  2000a1ce    0000000e     startup_ccs.obj (.text)
                  2000a1dc    0000000c     rtsv7M4_T_le_eabi.lib : s_copysign.c.obj (.text:copysign)
                  2000a1e8    0000000a     driverlib.a : interrupt.obj (.text:IntMasterEnable)
                  2000a1f2    0000000a     rtsv7M4_T_le_eabi.lib : sprintf.c.obj (.text:_outc)
                  2000a1fc    00000008                           : errno.c.obj (.text:__aeabi_errno_addr)
                  2000a204    00000008                           : memory.c.obj (.text:malloc)
                  2000a20c    00000006     driverlib.a : utils.obj (.text:UtilsDelay)
                  2000a212    00000004     rtsv7M4_T_le_eabi.lib : printf.c.obj (.text:_outc)
                  2000a216    00000004                           : printf.c.obj (.text:_outs)
                  2000a21a    00000004                           : pre_init.c.obj (.text:_system_pre_init)
                  2000a21e    00000004                           : exit.c.obj (.text:abort:abort)

.const     0    2000a224    000007bc     
                  2000a224    000004fb     Adafruit_GFX.obj (.const:.string:font)
                  2000a71f    00000101     rtsv7M4_T_le_eabi.lib : ctype.c.obj (.const:.string:_ctypes_)
                  2000a820    00000100     driverlib.a : pin.obj (.const:g_ulPinToPadMap)
                  2000a920    000000a8                 : prcm.obj (.const:PRCM_PeriphRegsList)
                  2000a9c8    00000018                 : interrupt.obj (.const:g_pulEnRegs)

.cinit     0    2000a9e0    000000a0     
                  2000a9e0    0000007c     (.cinit..data.load) [load image, compression = lzss]
                  2000aa5c    0000000c     (__TI_handler_table)
                  2000aa68    00000008     (.cinit..bss.load) [load image, compression = zero_init]
                  2000aa70    00000010     (__TI_cinit_table)

.sysmem    0    20017000    00000800     UNINITIALIZED
                  20017000    00000010     rtsv7M4_T_le_eabi.lib : memory.c.obj (.sysmem)
                  20017010    000007f0     --HOLE--

.data      0    20017800    00000204     UNINITIALIZED
                  20017800    000000f0     rtsv7M4_T_le_eabi.lib : defs.c.obj (.data:_ftable)
                  200178f0    00000078                           : host_device.c.obj (.data:_device)
                  20017968    00000050                           : host_device.c.obj (.data:_stream)
                  200179b8    00000015     Adafruit_GFX.obj (.data)
                  200179cd    00000003     --HOLE--
                  200179d0    00000010     rtsv7M4_T_le_eabi.lib : defs.c.obj (.data)
                  200179e0    0000000c                           : exit.c.obj (.data:$O1$$)
                  200179ec    00000008                           : _lock.c.obj (.data:$O1$$)
                  200179f4    00000008                           : memory.c.obj (.data:$O1$$)
                  200179fc    00000004                           : errno.c.obj (.data)
                  20017a00    00000004                           : rand.c.obj (.data)

.bss       0    20017a04    000001cc     UNINITIALIZED
                  20017a04    00000120     rtsv7M4_T_le_eabi.lib : trgmsg.c.obj (.bss:_CIOBUF_)
                  20017b24    000000a0     (.common:__TI_tmpnams)
                  20017bc4    00000008     (.common:parmbuf)
                  20017bcc    00000004     uart_if.obj (.bss)

.stack     0    2002f800    00000800     UNINITIALIZED
                  2002f800    00000004     rtsv7M4_T_le_eabi.lib : boot_cortex_m.c.obj (.stack)
                  2002f804    000007fc     --HOLE--

__llvm_prf_cnts 
*          0    20017000    00000000     UNINITIALIZED

MODULE SUMMARY

       Module                       code    ro data   rw data
       ------                       ----    -------   -------
    .\
       game.obj                     2044    0         0      
       startup_ccs.obj              14      1024      0      
       dot_tracker.obj              728     0         0      
       i2c_if.obj                   672     0         0      
       uart_if.obj                  636     0         4      
       pin_mux_config.obj           280     0         0      
       main.obj                     152     0         0      
    +--+----------------------------+-------+---------+---------+
       Total:                       4526    1024      4      
                                                             
    .\oled\
       Adafruit_GFX.obj             2688    1275      21     
       Adafruit_OLED.obj            1158    0         0      
    +--+----------------------------+-------+---------+---------+
       Total:                       3846    1275      21     
                                                             
    C:/TI/CC3200SDK_1.5.0/cc3200-sdk/driverlib/ccs/Release/driverlib.a
       prcm.obj                     800     168       0      
       pin.obj                      348     256       0      
       i2c.obj                      380     0         0      
       spi.obj                      328     0         0      
       uart.obj                     284     0         0      
       adc.obj                      240     0         0      
       interrupt.obj                198     24        0      
       gpio.obj                     86      0         0      
       cpu.obj                      20      0         0      
       utils.obj                    6       0         0      
    +--+----------------------------+-------+---------+---------+
       Total:                       2690    448       0      
                                                             
    C:\TI\ccs1250\ccs\tools\compiler\ti-cgt-arm_20.2.7.LTS\lib\rtsv7M4_T_le_eabi.lib
       _printfi.c.obj               4835    0         0      
       memory.c.obj                 900     0         8      
       fd_add_t2.asm.obj            438     0         0      
       defs.c.obj                   0       0         416    
       ti_fmax.c.obj                412     0         0      
       trgmsg.c.obj                 108     0         288    
       fd_div_t2.asm.obj            310     0         0      
       fputs.c.obj                  276     0         0      
       fd_cmp_t2.asm.obj            268     0         0      
       ctype.c.obj                  0       257       0      
       fd_mul_t2.asm.obj            252     0         0      
       fs_add_t2.asm.obj            250     0         0      
       s_floor.c.obj                244     0         0      
       setvbuf.c.obj                220     0         0      
       s_scalbn.c.obj               208     0         0      
       host_device.c.obj            0       0         200    
       fs_cmp_t2.asm.obj            192     0         0      
       s_round.c.obj                176     0         0      
       memcpy_t2.asm.obj            156     0         0      
       ull_div_t2.asm.obj           150     0         0      
       fs_div_t2.asm.obj            146     0         0      
       fputc.c.obj                  140     0         0      
       vsnprintf.c.obj              136     0         0      
       fs_mul_t2.asm.obj            122     0         0      
       memset_t2.asm.obj            122     0         0      
       fclose.c.obj                 116     0         0      
       getdevice.c.obj              116     0         0      
       printf.c.obj                 112     0         0      
       fd_tos_t2.asm.obj            110     0         0      
       hostrename.c.obj             108     0         0      
       copy_decompress_lzss.c.obj   104     0         0      
       hostlseek.c.obj              104     0         0      
       hostopen.c.obj               96      0         8      
       fseek.c.obj                  100     0         0      
       _io_perm.c.obj               98      0         0      
       sprintf.c.obj                98      0         0      
       close.c.obj                  92      0         0      
       s_frexp.c.obj                92      0         0      
       exit.c.obj                   76      0         12     
       hostread.c.obj               88      0         0      
       hostwrite.c.obj              88      0         0      
       _ltoa.c.obj                  84      0         0      
       atoi.c.obj                   76      0         0      
       fflush.c.obj                 76      0         0      
       fd_toi_t2.asm.obj            72      0         0      
       autoinit.c.obj               68      0         0      
       hostclose.c.obj              68      0         0      
       hostunlink.c.obj             68      0         0      
       fs_tod_t2.asm.obj            56      0         0      
       fs_toi_t2.asm.obj            56      0         0      
       i_tofs_t2.asm.obj            56      0         0      
       rand.c.obj                   52      0         4      
       strncpy.c.obj                54      0         0      
       fopen.c.obj                  52      0         0      
       i_tofd_t2.asm.obj            46      0         0      
       unlink.c.obj                 44      0         0      
       lseek.c.obj                  40      0         0      
       memmov.c.obj                 40      0         0      
       write.c.obj                  40      0         0      
       boot_cortex_m.c.obj          36      0         0      
       u_tofs_t2.asm.obj            36      0         0      
       memchr.c.obj                 32      0         0      
       copy_zero_init.c.obj         28      0         0      
       memccpy.c.obj                28      0         0      
       strcmp.c.obj                 24      0         0      
       strchr.c.obj                 22      0         0      
       strcpy.c.obj                 20      0         0      
       strlen.c.obj                 20      0         0      
       wcslen.c.obj                 18      0         0      
       copy_decompress_none.c.obj   14      0         0      
       errno.c.obj                  8       0         4      
       s_copysign.c.obj             12      0         0      
       _lock.c.obj                  2       0         8      
       pre_init.c.obj               4       0         0      
       div0.asm.obj                 2       0         0      
    +--+----------------------------+-------+---------+---------+
       Total:                       13013   257       948    
                                                             
       Heap:                        0       0         2048   
       Stack:                       0       0         2048   
       Linker Generated:            0       160       0      
    +--+----------------------------+-------+---------+---------+
       Grand Total:                 24075   3164      5069   


LINKER GENERATED COPY TABLES

__TI_cinit_table @ 2000aa70 records: 2, size/record: 8, table size: 16
	.data: load addr=2000a9e0, load size=0000007c bytes, run addr=20017800, run size=00000204 bytes, compression=lzss
	.bss: load addr=2000aa68, load size=00000008 bytes, run addr=20017a04, run size=000001cc bytes, compression=zero_init


LINKER GENERATED HANDLER TABLE

__TI_handler_table @ 2000aa5c records: 3, size/record: 4, table size: 12
	index: 0, handler: __TI_decompress_lzss
	index: 1, handler: __TI_decompress_none
	index: 2, handler: __TI_zero_init


GLOBAL SYMBOLS: SORTED ALPHABETICALLY BY Name 

address   name                           
-------   ----                           
20009895  ADCChannelDisable              
200098cd  ADCChannelEnable               
2000a103  ADCEnable                      
20009eb5  ADCFIFOLvlGet                  
20009f91  ADCFIFORead                    
20009d95  ADCTimerConfig                 
2000a069  ADCTimerEnable                 
2000613b  Adafruit_Init                  
20005bad  BattlePongGameBoxUpdate        
20005af3  BattlePongGameDrawGoalBox      
20005a11  BattlePongGamePlay             
2000a21f  C$$EXIT                        
20009933  C$$IO$$                        
2000a117  CPUcpsie                       
20006b0d  ClearTerm                      
200062b1  Color565                       
20005c25  CreateBattlePongGame           
200067c7  CreateDotObject                
2000606d  CreatePongBallObject           
20005e67  CreateScrollPadObject          
20006b17  Error                          
200099e5  GPIODirModeSet                 
20009dfb  GPIOPinWrite                   
20006b4f  GetCmd                         
20009649  HOSTclose                      
20008f45  HOSTlseek                      
20009145  HOSTopen                       
2000931d  HOSTread                       
20008ed9  HOSTrename                     
2000968d  HOSTunlink                     
20009375  HOSTwrite                      
2000a17d  I2CMasterControl               
2000a1b3  I2CMasterDataGet               
2000a07f  I2CMasterDataPut               
2000a095  I2CMasterEnable                
20009bdb  I2CMasterErr                   
20008b29  I2CMasterInitExpClk            
2000a0ab  I2CMasterIntClear              
20009fa9  I2CMasterIntEnableEx           
20009e5b  I2CMasterIntStatusEx           
20009db7  I2CMasterSlaveAddrSet          
2000a18f  I2CMasterTimeoutSet            
20006ab7  I2C_IF_Close                   
20006a5b  I2C_IF_Open                    
20006959  I2C_IF_Read                    
20006a15  I2C_IF_ReadFrom                
200068a9  I2C_IF_Write                   
20006acd  InitTerm                       
200084cd  IntEnable                      
2000a1e9  IntMasterEnable                
2000a12d  IntVTableBaseSet               
20006aeb  Message                        
20004dab  Outstr                         
20007335  PRCMCC3200MCUInit              
2000a0c1  PRCMHIBRegRead                 
2000a0d7  PRCMHIBRegWrite                
20009c61  PRCMPeripheralClkDisable       
20009859  PRCMPeripheralClkEnable        
200087e1  PRCMPeripheralClockGet         
200093cd  PRCMPeripheralReset            
20009c09  PRCMSysResetCauseGet           
20008995  PinConfigSet                   
20009759  PinModeSet                     
20007841  PinMuxConfig                   
2000a141  PinTypeADC                     
20009aed  PinTypeGPIO                    
20009ed1  PinTypeI2C                     
20009f5d  PinTypeSPI                     
20009f77  PinTypeUART                    
20005ea1  PongBallUpdate                 
20006c8d  Report                         
2000a1cf  ResetISR                       
20009fc1  SPICSDisable                   
20009fd9  SPICSEnable                    
20008575  SPIConfigSetExpClk             
20009e1b  SPIDataGet                     
20009e79  SPIDataPut                     
20009ff1  SPIEnable                      
20009dd9  SPIReset                       
20005e09  ScrollPadDraw                  
20005cbd  ScrollPadUpdate                
20006bf5  TrimSpace                      
20009eed  UARTCharGetNonBlocking         
20009e97  UARTCharPut                    
2000a009  UARTCharsAvail                 
20008ca1  UARTConfigSetExpClk            
20009b1d  UARTDisable                    
20009d29  UARTEnable                     
2000a20d  UtilsDelay                     
20017a04  __CIOBUF_                      
20030000  __STACK_END                    
00000800  __STACK_SIZE                   
00000800  __SYSMEM_SIZE                  
2000aa70  __TI_CINIT_Base                
2000aa80  __TI_CINIT_Limit               
2000aa5c  __TI_Handler_Table_Base        
2000aa68  __TI_Handler_Table_Limit       
200096d1  __TI_auto_init_nobinit_nopinit 
20009a51  __TI_cleanup                   
200179e0  __TI_cleanup_ptr               
20008d19  __TI_closefile                 
20008fad  __TI_decompress_lzss           
2000a1c1  __TI_decompress_none           
20009521  __TI_doflush                   
200179e4  __TI_dtors_ptr                 
200179e8  __TI_enable_exit_profile_output
200179d0  __TI_ft_end                    
2000947b  __TI_ltoa                      
ffffffff  __TI_pprof_out_hndl            
20004e81  __TI_printfi                   
ffffffff  __TI_prof_data_size            
ffffffff  __TI_prof_data_start           
20009a85  __TI_readmsg                   
2000a9e0  __TI_static_base__             
20017b24  __TI_tmpnams                   
20009905  __TI_writemsg                  
200090e1  __TI_wrt_ok                    
20009f09  __TI_zero_init_nomemset        
20008a1d  __aeabi_cdcmpeq                
20008a1d  __aeabi_cdcmple                
20008aa3  __aeabi_cdrcmple               
200091a5  __aeabi_cfcmpeq                
200091a5  __aeabi_cfcmple                
20009205  __aeabi_cfrcmple               
20008e6b  __aeabi_d2f                    
20009601  __aeabi_d2iz                   
20007187  __aeabi_dadd                   
200075e9  __aeabi_ddiv                   
20007b6d  __aeabi_dmul                   
2000717d  __aeabi_dsub                   
2000a1fd  __aeabi_errno_addr             
2000993d  __aeabi_f2d                    
20009975  __aeabi_f2iz                   
20007c6d  __aeabi_fadd                   
20008875  __aeabi_fdiv                   
20008bad  __aeabi_fmul                   
20007c69  __aeabi_fsub                   
20009bad  __aeabi_i2d                    
200099ad  __aeabi_i2f                    
20006553  __aeabi_idiv0                  
20006553  __aeabi_ldiv0                  
20008c27  __aeabi_memclr                 
20008c27  __aeabi_memclr4                
20008c27  __aeabi_memclr8                
20008615  __aeabi_memcpy                 
20008615  __aeabi_memcpy4                
20008615  __aeabi_memcpy8                
20008c29  __aeabi_memset                 
20008c29  __aeabi_memset4                
20008c29  __aeabi_memset8                
200179dc  __aeabi_stderr                 
200179d4  __aeabi_stdin                  
200179d8  __aeabi_stdout                 
20009d71  __aeabi_ui2f                   
20008749  __aeabi_uldivmod               
ffffffff  __binit__                      
ffffffff  __c_args__                     
UNDEFED   __mpu_init                     
2002f800  __stack                        
20017000  __start___llvm_prf_cnts        
20017000  __stop___llvm_prf_cnts         
20009d4d  _c_int00_noargs                
2000a71f  _ctypes_                       
200178f0  _device                        
20017800  _ftable                        
200179ec  _lock                          
200058cf  _nop                           
20017968  _stream                        
20017000  _sys_memory                    
UNDEFED   _system_post_cinit             
2000a21b  _system_pre_init               
200179f0  _unlock                        
2000a21f  abort                          
20007a6d  aligned_alloc                  
2000956d  atoi                           
200065b3  ballUpdate                     
ffffffff  binit                          
20009265  close                          
2000a1dd  copysign                       
2000a1dd  copysignl                      
200179b8  cursor_x                       
200179bc  cursor_y                       
20004c5f  drawChar                       
20004401  drawCircle                     
20004535  drawCircleHelper               
2000645d  drawFastHLine                  
200063c1  drawFastVLine                  
2000477b  drawLine                       
200064f9  drawPixel                      
20004867  drawRect                       
200048b5  drawRoundRect                  
20004a1d  drawTriangle                   
200179fc  errno                          
200095b9  exit                           
20004653  fillCircle                     
2000468d  fillCircleHelper               
20006309  fillRect                       
200049a3  fillRoundRect                  
200062f3  fillScreen                     
20004a5f  fillTriangle                   
20009b7d  finddevice                     
20007d65  floor                          
20007d65  floorl                         
2000829d  fmax                           
2000829d  fmaxl                          
200080fd  fmin                           
200080fd  fminl                          
20008909  fputc                          
20007959  fputs                          
20007e59  free                           
200092c1  frexp                          
200092c1  frexpl                         
2000907d  fseek                          
20004000  g_pfnVectors                   
20009715  getdevice                      
2000626d  goTo                           
20006555  grabAccelerometerData          
20004e5f  height                         
20006537  invert                         
200081cd  ldexp                          
200081cd  ldexpl                         
20009cb1  lseek                          
20008701  main                           
2000a205  malloc                         
20007a6d  memalign                       
20009f41  memccpy                        
20009e3b  memchr                         
20008615  memcpy                         
20009cd9  memmove                        
20008c2f  memset                         
20017bc4  parmbuf                        
20009015  printf                         
20008909  putc                           
20009ab9  rand                           
200058d1  readJoyStickADC                
20007f3d  realloc                        
20009c35  remove                         
2000841d  round                          
2000841d  roundl                         
200081cd  scalbn                         
200081cd  scalbnl                        
20004df7  setCursor                      
20004e2f  setTextColor                   
20004e0f  setTextSize                    
20004e47  setTextWrap                    
20008021  setvbuf                        
20009799  sprintf                        
2000a0ed  strchr                         
2000a051  strcmp                         
2000a155  strcpy                         
2000a169  strlen                         
20009a1b  strncpy                        
200179c8  textbgcolor                    
200179c4  textcolor                      
200179c0  textsize                       
20009c35  unlink                         
200097d9  vsnprintf                      
2000a1a1  wcslen                         
20004e5b  width                          
200179cc  wrap                           
20009d01  write                          
20006117  writeCommand                   
20006129  writeData                      
200060cd  writeToOled                    


GLOBAL SYMBOLS: SORTED BY Symbol Address 

address   name                           
-------   ----                           
00000800  __STACK_SIZE                   
00000800  __SYSMEM_SIZE                  
20004000  g_pfnVectors                   
20004401  drawCircle                     
20004535  drawCircleHelper               
20004653  fillCircle                     
2000468d  fillCircleHelper               
2000477b  drawLine                       
20004867  drawRect                       
200048b5  drawRoundRect                  
200049a3  fillRoundRect                  
20004a1d  drawTriangle                   
20004a5f  fillTriangle                   
20004c5f  drawChar                       
20004dab  Outstr                         
20004df7  setCursor                      
20004e0f  setTextSize                    
20004e2f  setTextColor                   
20004e47  setTextWrap                    
20004e5b  width                          
20004e5f  height                         
20004e81  __TI_printfi                   
200058cf  _nop                           
200058d1  readJoyStickADC                
20005a11  BattlePongGamePlay             
20005af3  BattlePongGameDrawGoalBox      
20005bad  BattlePongGameBoxUpdate        
20005c25  CreateBattlePongGame           
20005cbd  ScrollPadUpdate                
20005e09  ScrollPadDraw                  
20005e67  CreateScrollPadObject          
20005ea1  PongBallUpdate                 
2000606d  CreatePongBallObject           
200060cd  writeToOled                    
20006117  writeCommand                   
20006129  writeData                      
2000613b  Adafruit_Init                  
2000626d  goTo                           
200062b1  Color565                       
200062f3  fillScreen                     
20006309  fillRect                       
200063c1  drawFastVLine                  
2000645d  drawFastHLine                  
200064f9  drawPixel                      
20006537  invert                         
20006553  __aeabi_idiv0                  
20006553  __aeabi_ldiv0                  
20006555  grabAccelerometerData          
200065b3  ballUpdate                     
200067c7  CreateDotObject                
200068a9  I2C_IF_Write                   
20006959  I2C_IF_Read                    
20006a15  I2C_IF_ReadFrom                
20006a5b  I2C_IF_Open                    
20006ab7  I2C_IF_Close                   
20006acd  InitTerm                       
20006aeb  Message                        
20006b0d  ClearTerm                      
20006b17  Error                          
20006b4f  GetCmd                         
20006bf5  TrimSpace                      
20006c8d  Report                         
2000717d  __aeabi_dsub                   
20007187  __aeabi_dadd                   
20007335  PRCMCC3200MCUInit              
200075e9  __aeabi_ddiv                   
20007841  PinMuxConfig                   
20007959  fputs                          
20007a6d  aligned_alloc                  
20007a6d  memalign                       
20007b6d  __aeabi_dmul                   
20007c69  __aeabi_fsub                   
20007c6d  __aeabi_fadd                   
20007d65  floor                          
20007d65  floorl                         
20007e59  free                           
20007f3d  realloc                        
20008021  setvbuf                        
200080fd  fmin                           
200080fd  fminl                          
200081cd  ldexp                          
200081cd  ldexpl                         
200081cd  scalbn                         
200081cd  scalbnl                        
2000829d  fmax                           
2000829d  fmaxl                          
2000841d  round                          
2000841d  roundl                         
200084cd  IntEnable                      
20008575  SPIConfigSetExpClk             
20008615  __aeabi_memcpy                 
20008615  __aeabi_memcpy4                
20008615  __aeabi_memcpy8                
20008615  memcpy                         
20008701  main                           
20008749  __aeabi_uldivmod               
200087e1  PRCMPeripheralClockGet         
20008875  __aeabi_fdiv                   
20008909  fputc                          
20008909  putc                           
20008995  PinConfigSet                   
20008a1d  __aeabi_cdcmpeq                
20008a1d  __aeabi_cdcmple                
20008aa3  __aeabi_cdrcmple               
20008b29  I2CMasterInitExpClk            
20008bad  __aeabi_fmul                   
20008c27  __aeabi_memclr                 
20008c27  __aeabi_memclr4                
20008c27  __aeabi_memclr8                
20008c29  __aeabi_memset                 
20008c29  __aeabi_memset4                
20008c29  __aeabi_memset8                
20008c2f  memset                         
20008ca1  UARTConfigSetExpClk            
20008d19  __TI_closefile                 
20008e6b  __aeabi_d2f                    
20008ed9  HOSTrename                     
20008f45  HOSTlseek                      
20008fad  __TI_decompress_lzss           
20009015  printf                         
2000907d  fseek                          
200090e1  __TI_wrt_ok                    
20009145  HOSTopen                       
200091a5  __aeabi_cfcmpeq                
200091a5  __aeabi_cfcmple                
20009205  __aeabi_cfrcmple               
20009265  close                          
200092c1  frexp                          
200092c1  frexpl                         
2000931d  HOSTread                       
20009375  HOSTwrite                      
200093cd  PRCMPeripheralReset            
2000947b  __TI_ltoa                      
20009521  __TI_doflush                   
2000956d  atoi                           
200095b9  exit                           
20009601  __aeabi_d2iz                   
20009649  HOSTclose                      
2000968d  HOSTunlink                     
200096d1  __TI_auto_init_nobinit_nopinit 
20009715  getdevice                      
20009759  PinModeSet                     
20009799  sprintf                        
200097d9  vsnprintf                      
20009859  PRCMPeripheralClkEnable        
20009895  ADCChannelDisable              
200098cd  ADCChannelEnable               
20009905  __TI_writemsg                  
20009933  C$$IO$$                        
2000993d  __aeabi_f2d                    
20009975  __aeabi_f2iz                   
200099ad  __aeabi_i2f                    
200099e5  GPIODirModeSet                 
20009a1b  strncpy                        
20009a51  __TI_cleanup                   
20009a85  __TI_readmsg                   
20009ab9  rand                           
20009aed  PinTypeGPIO                    
20009b1d  UARTDisable                    
20009b7d  finddevice                     
20009bad  __aeabi_i2d                    
20009bdb  I2CMasterErr                   
20009c09  PRCMSysResetCauseGet           
20009c35  remove                         
20009c35  unlink                         
20009c61  PRCMPeripheralClkDisable       
20009cb1  lseek                          
20009cd9  memmove                        
20009d01  write                          
20009d29  UARTEnable                     
20009d4d  _c_int00_noargs                
20009d71  __aeabi_ui2f                   
20009d95  ADCTimerConfig                 
20009db7  I2CMasterSlaveAddrSet          
20009dd9  SPIReset                       
20009dfb  GPIOPinWrite                   
20009e1b  SPIDataGet                     
20009e3b  memchr                         
20009e5b  I2CMasterIntStatusEx           
20009e79  SPIDataPut                     
20009e97  UARTCharPut                    
20009eb5  ADCFIFOLvlGet                  
20009ed1  PinTypeI2C                     
20009eed  UARTCharGetNonBlocking         
20009f09  __TI_zero_init_nomemset        
20009f41  memccpy                        
20009f5d  PinTypeSPI                     
20009f77  PinTypeUART                    
20009f91  ADCFIFORead                    
20009fa9  I2CMasterIntEnableEx           
20009fc1  SPICSDisable                   
20009fd9  SPICSEnable                    
20009ff1  SPIEnable                      
2000a009  UARTCharsAvail                 
2000a051  strcmp                         
2000a069  ADCTimerEnable                 
2000a07f  I2CMasterDataPut               
2000a095  I2CMasterEnable                
2000a0ab  I2CMasterIntClear              
2000a0c1  PRCMHIBRegRead                 
2000a0d7  PRCMHIBRegWrite                
2000a0ed  strchr                         
2000a103  ADCEnable                      
2000a117  CPUcpsie                       
2000a12d  IntVTableBaseSet               
2000a141  PinTypeADC                     
2000a155  strcpy                         
2000a169  strlen                         
2000a17d  I2CMasterControl               
2000a18f  I2CMasterTimeoutSet            
2000a1a1  wcslen                         
2000a1b3  I2CMasterDataGet               
2000a1c1  __TI_decompress_none           
2000a1cf  ResetISR                       
2000a1dd  copysign                       
2000a1dd  copysignl                      
2000a1e9  IntMasterEnable                
2000a1fd  __aeabi_errno_addr             
2000a205  malloc                         
2000a20d  UtilsDelay                     
2000a21b  _system_pre_init               
2000a21f  C$$EXIT                        
2000a21f  abort                          
2000a71f  _ctypes_                       
2000a9e0  __TI_static_base__             
2000aa5c  __TI_Handler_Table_Base        
2000aa68  __TI_Handler_Table_Limit       
2000aa70  __TI_CINIT_Base                
2000aa80  __TI_CINIT_Limit               
20017000  __start___llvm_prf_cnts        
20017000  __stop___llvm_prf_cnts         
20017000  _sys_memory                    
20017800  _ftable                        
200178f0  _device                        
20017968  _stream                        
200179b8  cursor_x                       
200179bc  cursor_y                       
200179c0  textsize                       
200179c4  textcolor                      
200179c8  textbgcolor                    
200179cc  wrap                           
200179d0  __TI_ft_end                    
200179d4  __aeabi_stdin                  
200179d8  __aeabi_stdout                 
200179dc  __aeabi_stderr                 
200179e0  __TI_cleanup_ptr               
200179e4  __TI_dtors_ptr                 
200179e8  __TI_enable_exit_profile_output
200179ec  _lock                          
200179f0  _unlock                        
200179fc  errno                          
20017a04  __CIOBUF_                      
20017b24  __TI_tmpnams                   
20017bc4  parmbuf                        
2002f800  __stack                        
20030000  __STACK_END                    
ffffffff  __TI_pprof_out_hndl            
ffffffff  __TI_prof_data_size            
ffffffff  __TI_prof_data_start           
ffffffff  __binit__                      
ffffffff  __c_args__                     
ffffffff  binit                          
UNDEFED   __mpu_init                     
UNDEFED   _system_post_cinit             

[264 symbols]
