******************************************************************************
                  TI ARM Linker PC v20.2.7                     
******************************************************************************
>> Linked Wed Mar 12 03:24:12 2025

OUTPUT FILE NAME:   <Battle-Pong.out>
ENTRY POINT SYMBOL: "_c_int00_noargs"  address: 2000d8ed


MEMORY CONFIGURATION

         name            origin    length      used     unused   attr    fill
----------------------  --------  ---------  --------  --------  ----  --------
  SRAM_CODE             20004000   00013000  0000aa90  00008570  RW X
  SRAM_DATA             20017000   00019000  000014a8  00017b58  RW X


SEGMENT ALLOCATION MAP

run origin  load origin   length   init length attrs members
----------  ----------- ---------- ----------- ----- -------
20004000    20004000    0000aa90   0000aa90    r-x
  20004000    20004000    00000400   00000400    r-- .intvecs
  20004400    20004400    00009b48   00009b48    r-x .text
  2000df48    2000df48    00000aa0   00000aa0    r-- .const
  2000e9e8    2000e9e8    000000a8   000000a8    r-- .cinit
20017000    20017000    00000ca8   00000000    rw-
  20017000    20017000    00000800   00000000    rw- .sysmem
  20017800    20017800    0000028c   00000000    rw- .data
  20017a8c    20017a8c    0000021c   00000000    rw- .bss
2002f800    2002f800    00000800   00000000    rw-
  2002f800    2002f800    00000800   00000000    rw- .stack


SECTION ALLOCATION MAP

 output                                  attributes/
section   page    origin      length       input sections
--------  ----  ----------  ----------   ----------------
.intvecs   0    20004000    00000400     
                  20004000    00000400     startup_ccs.obj (.intvecs)

.init_array 
*          0    20004000    00000000     UNINITIALIZED

.text      0    20004400    00009b48     
                  20004400    00000da8     game.obj (.text)
                  200051a8    00000af8     rtsv7M4_T_le_eabi.lib : _scanfi.c.obj (.text:__TI_scanfi)
                  20005ca0    00000a80     Adafruit_GFX.obj (.text)
                  20006720    00000a4e     rtsv7M4_T_le_eabi.lib : _printfi.c.obj (.text:__TI_printfi)
                  2000716e    00000002                           : _lock.c.obj (.text:_nop)
                  20007170    00000730                           : k_rem_pio2.c.obj (.text:__kernel_rem_pio2)
                  200078a0    000005c0                           : s_cos.c.obj (.text:cos)
                  20007e60    000005c0                           : s_sin.c.obj (.text:sin)
                  20008420    00000486     Adafruit_OLED.obj (.text)
                  200088a6    00000002     rtsv7M4_T_le_eabi.lib : div0.asm.obj (.text)
                  200088a8    00000454                           : strtod.c.obj (.text:strtod)
                  20008cfc    00000354     main.obj (.text)
                  20009050    00000330     scroll_pad.obj (.text)
                  20009380    000002ec     rtsv7M4_T_le_eabi.lib : s_atan.c.obj (.text:atan)
                  2000966c    000002d8     dot_tracker.obj (.text)
                  20009944    000002a0     i2c_if.obj (.text)
                  20009be4    0000027c     uart_if.obj (.text)
                  20009e60    00000268     rtsv7M4_T_le_eabi.lib : _printfi.c.obj (.text:_pconv_a)
                  2000a0c8    000001dc                           : strtoll.c.obj (.text:strtoll)
                  2000a2a4    000001cc                           : _printfi.c.obj (.text:_pconv_g)
                  2000a470    000001b6                           : fd_add_t2.asm.obj (.text)
                  2000a626    00000002     --HOLE-- [fill = 0]
                  2000a628    00000178     driverlib.a : prcm.obj (.text:PRCMCC3200MCUInit)
                  2000a7a0    00000168     rtsv7M4_T_le_eabi.lib : k_sin.c.obj (.text:__kernel_sin)
                  2000a908    00000160                           : k_cos.c.obj (.text:__kernel_cos)
                  2000aa68    0000015c                           : strtoull.c.obj (.text:strtoull)
                  2000abc4    00000144     pin_mux_config.obj (.text)
                  2000ad08    0000013c     rtsv7M4_T_le_eabi.lib : _printfi.c.obj (.text:_pconv_e)
                  2000ae44    00000136                           : fd_div_t2.asm.obj (.text)
                  2000af7a    00000002     --HOLE-- [fill = 0]
                  2000af7c    00000130                           : strtol.c.obj (.text:strtol)
                  2000b0ac    00000120                           : _printfi.c.obj (.text:fcvt)
                  2000b1cc    00000114                           : fputs.c.obj (.text:fputs)
                  2000b2e0    00000110                           : strtoul.c.obj (.text:strtoul)
                  2000b3f0    00000100                           : memory.c.obj (.text:aligned_alloc)
                  2000b4f0    000000fc                           : fd_mul_t2.asm.obj (.text)
                  2000b5ec    000000fa                           : fs_add_t2.asm.obj (.text)
                  2000b6e6    00000002     --HOLE-- [fill = 0]
                  2000b6e8    000000f4                           : s_floor.c.obj (.text:floor)
                  2000b7dc    000000e4                           : memory.c.obj (.text:free)
                  2000b8c0    000000e4                           : memory.c.obj (.text:realloc)
                  2000b9a4    000000dc                           : setvbuf.c.obj (.text:setvbuf)
                  2000ba80    000000d0                           : ti_fmax.c.obj (.text:fmin)
                  2000bb50    000000d0                           : s_scalbn.c.obj (.text:scalbn)
                  2000bc20    000000cc                           : ti_fmax.c.obj (.text:fmax)
                  2000bcec    000000b1                           : _printfi.c.obj (.text:_ltostr)
                  2000bd9d    00000003     --HOLE-- [fill = 0]
                  2000bda0    000000b0                           : s_round.c.obj (.text:round)
                  2000be50    000000a8     driverlib.a : interrupt.obj (.text:IntEnable)
                  2000bef8    000000a0                 : spi.obj (.text:SPIConfigSetExpClk)
                  2000bf98    0000009c     rtsv7M4_T_le_eabi.lib : memcpy_t2.asm.obj (.text)
                  2000c034    00000096                           : ull_div_t2.asm.obj (.text)
                  2000c0ca    00000002     --HOLE-- [fill = 0]
                  2000c0cc    00000094     driverlib.a : prcm.obj (.text:PRCMPeripheralClockGet)
                  2000c160    00000092     rtsv7M4_T_le_eabi.lib : fs_div_t2.asm.obj (.text)
                  2000c1f2    00000002     --HOLE-- [fill = 0]
                  2000c1f4    0000008c                           : fputc.c.obj (.text:fputc)
                  2000c280    00000088     driverlib.a : pin.obj (.text:PinConfigSet)
                  2000c308    00000086     rtsv7M4_T_le_eabi.lib : fd_cmp_t2.asm.obj (.text:__aeabi_cdcmple)
                  2000c38e    00000086                           : fd_cmp_t2.asm.obj (.text:__aeabi_cdrcmple)
                  2000c414    00000084     driverlib.a : i2c.obj (.text:I2CMasterInitExpClk)
                  2000c498    00000082                 : gpio.obj (.text:GPIOIntTypeSet)
                  2000c51a    0000007a     rtsv7M4_T_le_eabi.lib : fs_mul_t2.asm.obj (.text)
                  2000c594    0000007a                           : memset_t2.asm.obj (.text)
                  2000c60e    00000076     driverlib.a : uart.obj (.text:UARTConfigSetExpClk)
                  2000c684    00000074     rtsv7M4_T_le_eabi.lib : fclose.c.obj (.text:__TI_closefile)
                  2000c6f8    00000070                           : memory.c.obj (.text:split)
                  2000c768    0000006e                           : _printfi.c.obj (.text:_mcpy)
                  2000c7d6    0000006e                           : fd_tos_t2.asm.obj (.text)
                  2000c844    0000006c                           : hostrename.c.obj (.text:HOSTrename)
                  2000c8b0    00000068                           : hostlseek.c.obj (.text:HOSTlseek)
                  2000c918    00000068                           : sscanf.c.obj (.text:_chkmbc)
                  2000c980    00000068                           : copy_decompress_lzss.c.obj (.text:decompress:lzss:__TI_decompress_lzss)
                  2000c9e8    00000068                           : printf.c.obj (.text:printf)
                  2000ca50    00000064                           : fseek.c.obj (.text:fseek)
                  2000cab4    00000062                           : _io_perm.c.obj (.text:__TI_wrt_ok)
                  2000cb16    00000002     --HOLE-- [fill = 0]
                  2000cb18    00000060                           : hostopen.c.obj (.text:HOSTopen)
                  2000cb78    00000060                           : fs_cmp_t2.asm.obj (.text:__aeabi_cfcmple)
                  2000cbd8    00000060                           : fs_cmp_t2.asm.obj (.text:__aeabi_cfrcmple)
                  2000cc38    0000005e                           : i_divt2.asm.obj (.text)
                  2000cc96    00000002     --HOLE-- [fill = 0]
                  2000cc98    0000005c                           : close.c.obj (.text:close)
                  2000ccf4    0000005c                           : s_frexp.c.obj (.text:frexp)
                  2000cd50    00000058                           : hostread.c.obj (.text:HOSTread)
                  2000cda8    00000058                           : hostwrite.c.obj (.text:HOSTwrite)
                  2000ce00    00000058     driverlib.a : prcm.obj (.text:PRCMPeripheralReset)
                  2000ce58    00000056     rtsv7M4_T_le_eabi.lib : _printfi.c.obj (.text:_pconv_f)
                  2000ceae    00000054                           : _ltoa.c.obj (.text:__TI_ltoa)
                  2000cf02    00000052                           : _printfi.c.obj (.text:_ecpy)
                  2000cf54    0000004c                           : fflush.c.obj (.text:__TI_doflush)
                  2000cfa0    0000004c                           : atoi.c.obj (.text:atoi)
                  2000cfec    00000048     driverlib.a : gpio.obj (.text:GPIOGetIntNumber)
                  2000d034    00000048     rtsv7M4_T_le_eabi.lib : exit.c.obj (.text:exit)
                  2000d07c    00000048                           : fd_toi_t2.asm.obj (.text)
                  2000d0c4    00000044                           : hostclose.c.obj (.text:HOSTclose)
                  2000d108    00000044                           : hostunlink.c.obj (.text:HOSTunlink)
                  2000d14c    00000044     driverlib.a : uart.obj (.text:UARTIntNumberGet)
                  2000d190    00000044     rtsv7M4_T_le_eabi.lib : autoinit.c.obj (.text:__TI_auto_init_nobinit_nopinit:__TI_auto_init_nobinit_nopinit)
                  2000d1d4    00000044                           : getdevice.c.obj (.text:getdevice)
                  2000d218    00000040     driverlib.a : pin.obj (.text:PinModeSet)
                  2000d258    00000040     rtsv7M4_T_le_eabi.lib : s_lround.c.obj (.text:lround)
                  2000d298    00000040                           : sprintf.c.obj (.text:sprintf)
                  2000d2d8    00000040                           : vsnprintf.c.obj (.text:vsnprintf)
                  2000d318    0000003e                           : _printfi.c.obj (.text:_fcpy)
                  2000d356    00000002     --HOLE-- [fill = 0]
                  2000d358    0000003c     driverlib.a : prcm.obj (.text:PRCMPeripheralClkEnable)
                  2000d394    0000003c     rtsv7M4_T_le_eabi.lib : signal.c.obj (.text:signal)
                  2000d3d0    00000038     driverlib.a : adc.obj (.text:ADCChannelDisable)
                  2000d408    00000038                 : adc.obj (.text:ADCChannelEnable)
                  2000d440    00000038     rtsv7M4_T_le_eabi.lib : trgmsg.c.obj (.text:__TI_writemsg)
                  2000d478    00000038                           : fs_tod_t2.asm.obj (.text)
                  2000d4b0    00000038                           : fs_toi_t2.asm.obj (.text)
                  2000d4e8    00000038                           : i_tofs_t2.asm.obj (.text)
                  2000d520    00000038                           : sscanf.c.obj (.text:sscanf)
                  2000d558    00000036     driverlib.a : gpio.obj (.text:GPIODirModeSet)
                  2000d58e    00000036     rtsv7M4_T_le_eabi.lib : strncpy.c.obj (.text:strncpy)
                  2000d5c4    00000034                           : fopen.c.obj (.text:__TI_cleanup)
                  2000d5f8    00000034                           : trgmsg.c.obj (.text:__TI_readmsg)
                  2000d62c    00000034                           : rand.c.obj (.text:rand)
                  2000d660    00000030     driverlib.a : pin.obj (.text:PinTypeGPIO)
                  2000d690    00000030                 : uart.obj (.text:UARTDisable)
                  2000d6c0    00000030     rtsv7M4_T_le_eabi.lib : vsnprintf.c.obj (.text:_outs)
                  2000d6f0    00000030                           : getdevice.c.obj (.text:finddevice)
                  2000d720    0000002e                           : signal.c.obj (.text:raise)
                  2000d74e    0000002e                           : i_tofd_t2.asm.obj (.text)
                  2000d77c    0000002c     driverlib.a : i2c.obj (.text:I2CMasterErr)
                  2000d7a8    0000002c                 : prcm.obj (.text:PRCMSysResetCauseGet)
                  2000d7d4    0000002c     rtsv7M4_T_le_eabi.lib : unlink.c.obj (.text:unlink)
                  2000d800    00000028     driverlib.a : prcm.obj (.text:PRCMPeripheralClkDisable)
                  2000d828    00000028     rtsv7M4_T_le_eabi.lib : memory.c.obj (.text:free_list_insert)
                  2000d850    00000028                           : lseek.c.obj (.text:lseek)
                  2000d878    00000028                           : memmov.c.obj (.text:memmove)
                  2000d8a0    00000028                           : write.c.obj (.text:write)
                  2000d8c8    00000024     driverlib.a : uart.obj (.text:UARTEnable)
                  2000d8ec    00000024     rtsv7M4_T_le_eabi.lib : boot_cortex_m.c.obj (.text:_c_int00_noargs:_c_int00_noargs)
                  2000d910    00000024                           : u_tofs_t2.asm.obj (.text)
                  2000d934    00000022     driverlib.a : adc.obj (.text:ADCTimerConfig)
                  2000d956    00000022                 : gpio.obj (.text:GPIOIntStatus)
                  2000d978    00000022                 : i2c.obj (.text:I2CMasterSlaveAddrSet)
                  2000d99a    00000022                 : spi.obj (.text:SPIReset)
                  2000d9bc    00000020                 : gpio.obj (.text:GPIOPinWrite)
                  2000d9dc    00000020                 : interrupt.obj (.text:IntRegister)
                  2000d9fc    00000020                 : spi.obj (.text:SPIDataGet)
                  2000da1c    00000020     rtsv7M4_T_le_eabi.lib : memchr.c.obj (.text:memchr)
                  2000da3c    0000001e     driverlib.a : gpio.obj (.text:GPIOIntRegister)
                  2000da5a    0000001e                 : i2c.obj (.text:I2CMasterIntStatusEx)
                  2000da78    0000001e                 : spi.obj (.text:SPIDataPut)
                  2000da96    0000001e                 : uart.obj (.text:UARTCharPut)
                  2000dab4    0000001e                 : uart.obj (.text:UARTIntRegister)
                  2000dad2    0000001c                 : adc.obj (.text:ADCFIFOLvlGet)
                  2000daee    0000001c                 : pin.obj (.text:PinTypeI2C)
                  2000db0a    0000001c                 : uart.obj (.text:UARTCharGetNonBlocking)
                  2000db26    0000001c     rtsv7M4_T_le_eabi.lib : copy_zero_init.c.obj (.text:decompress:ZI:__TI_zero_init_nomemset:__TI_zero_init_nomemset)
                  2000db42    00000002     --HOLE-- [fill = 0]
                  2000db44    0000001c                           : memory.c.obj (.text:free_list_remove)
                  2000db60    0000001c                           : memccpy.c.obj (.text:memccpy)
                  2000db7c    0000001a     driverlib.a : gpio.obj (.text:GPIOIntEnable)
                  2000db96    0000001a                 : pin.obj (.text:PinTypeSPI)
                  2000dbb0    0000001a                 : pin.obj (.text:PinTypeUART)
                  2000dbca    00000018                 : adc.obj (.text:ADCFIFORead)
                  2000dbe2    00000018                 : i2c.obj (.text:I2CMasterIntEnableEx)
                  2000dbfa    00000018                 : spi.obj (.text:SPICSDisable)
                  2000dc12    00000018                 : spi.obj (.text:SPICSEnable)
                  2000dc2a    00000018                 : spi.obj (.text:SPIEnable)
                  2000dc42    00000018                 : uart.obj (.text:UARTCharsAvail)
                  2000dc5a    00000018                 : uart.obj (.text:UARTFIFOLevelSet)
                  2000dc72    00000018                 : uart.obj (.text:UARTIntDisable)
                  2000dc8a    00000018                 : uart.obj (.text:UARTIntEnable)
                  2000dca2    00000018                 : uart.obj (.text:UARTSpaceAvail)
                  2000dcba    00000018     rtsv7M4_T_le_eabi.lib : vsnprintf.c.obj (.text:_outc)
                  2000dcd2    00000018                           : sprintf.c.obj (.text:_outs)
                  2000dcea    00000018                           : ll_mul_t2.asm.obj (.text)
                  2000dd02    00000018                           : strcmp.c.obj (.text:strcmp)
                  2000dd1a    00000018                           : strrchr.c.obj (.text:strrchr)
                  2000dd32    00000016     driverlib.a : adc.obj (.text:ADCTimerEnable)
                  2000dd48    00000016                 : i2c.obj (.text:I2CMasterDataPut)
                  2000dd5e    00000016                 : i2c.obj (.text:I2CMasterEnable)
                  2000dd74    00000016                 : i2c.obj (.text:I2CMasterIntClear)
                  2000dd8a    00000016                 : prcm.obj (.text:PRCMHIBRegRead)
                  2000dda0    00000016                 : prcm.obj (.text:PRCMHIBRegWrite)
                  2000ddb6    00000016                 : uart.obj (.text:UARTCharGet)
                  2000ddcc    00000016     rtsv7M4_T_le_eabi.lib : strchr.c.obj (.text:strchr)
                  2000dde2    00000014     driverlib.a : adc.obj (.text:ADCEnable)
                  2000ddf6    00000014                 : cpu.obj (.text:CPUcpsie)
                  2000de0a    00000014                 : gpio.obj (.text:GPIOIntClear)
                  2000de1e    00000002     --HOLE-- [fill = 0]
                  2000de20    00000014                 : interrupt.obj (.text:IntVTableBaseSet)
                  2000de34    00000014                 : pin.obj (.text:PinTypeADC)
                  2000de48    00000014     rtsv7M4_T_le_eabi.lib : strcpy.c.obj (.text:strcpy)
                  2000de5c    00000014                           : strlen.c.obj (.text:strlen)
                  2000de70    00000012     driverlib.a : i2c.obj (.text:I2CMasterControl)
                  2000de82    00000012                 : i2c.obj (.text:I2CMasterTimeoutSet)
                  2000de94    00000012                 : uart.obj (.text:UARTIntClear)
                  2000dea6    00000012     rtsv7M4_T_le_eabi.lib : sscanf.c.obj (.text:_inpchar)
                  2000deb8    00000012                           : wcslen.c.obj (.text:wcslen)
                  2000deca    0000000e     driverlib.a : i2c.obj (.text:I2CMasterDataGet)
                  2000ded8    0000000e     rtsv7M4_T_le_eabi.lib : copy_decompress_none.c.obj (.text:decompress:none:__TI_decompress_none)
                  2000dee6    0000000e     startup_ccs.obj (.text)
                  2000def4    0000000c     rtsv7M4_T_le_eabi.lib : s_copysign.c.obj (.text:copysign)
                  2000df00    0000000a     driverlib.a : interrupt.obj (.text:IntMasterEnable)
                  2000df0a    0000000a     rtsv7M4_T_le_eabi.lib : sprintf.c.obj (.text:_outc)
                  2000df14    00000008                           : errno.c.obj (.text:__aeabi_errno_addr)
                  2000df1c    00000008                           : sscanf.c.obj (.text:_uninpchar)
                  2000df24    00000008                           : memory.c.obj (.text:malloc)
                  2000df2c    00000006     driverlib.a : utils.obj (.text:UtilsDelay)
                  2000df32    00000006     rtsv7M4_T_le_eabi.lib : ti_fenv.c.obj (.text:__softfloat_float_raise)
                  2000df38    00000004                           : printf.c.obj (.text:_outc)
                  2000df3c    00000004                           : printf.c.obj (.text:_outs)
                  2000df40    00000004                           : pre_init.c.obj (.text:_system_pre_init)
                  2000df44    00000004                           : exit.c.obj (.text:abort:abort)

.const     0    2000df48    00000aa0     
                  2000df48    000004fb     Adafruit_GFX.obj (.const:.string:font)
                  2000e443    00000005     --HOLE-- [fill = 0]
                  2000e448    00000158     rtsv7M4_T_le_eabi.lib : k_rem_pio2.c.obj (.const:$O1$$)
                  2000e5a0    00000101                           : ctype.c.obj (.const:.string:_ctypes_)
                  2000e6a1    00000003     --HOLE-- [fill = 0]
                  2000e6a4    00000100     driverlib.a : pin.obj (.const:g_ulPinToPadMap)
                  2000e7a4    00000004     --HOLE-- [fill = 0]
                  2000e7a8    000000c8     rtsv7M4_T_le_eabi.lib : strtod.c.obj (.const:$O1$$)
                  2000e870    000000a8     driverlib.a : prcm.obj (.const:PRCM_PeriphRegsList)
                  2000e918    00000098     rtsv7M4_T_le_eabi.lib : s_atan.c.obj (.const:$O1$$)
                  2000e9b0    00000018     driverlib.a : interrupt.obj (.const:g_pulEnRegs)
                  2000e9c8    00000010     rtsv7M4_T_le_eabi.lib : _scanfi.c.obj (.const:$O1$$)
                  2000e9d8    00000010     driverlib.a : uart.obj (.const:g_ppulUARTIntMap)

.cinit     0    2000e9e8    000000a8     
                  2000e9e8    0000007e     (.cinit..data.load) [load image, compression = lzss]
                  2000ea66    00000002     --HOLE-- [fill = 0]
                  2000ea68    0000000c     (__TI_handler_table)
                  2000ea74    00000004     --HOLE-- [fill = 0]
                  2000ea78    00000008     (.cinit..bss.load) [load image, compression = zero_init]
                  2000ea80    00000010     (__TI_cinit_table)

.sysmem    0    20017000    00000800     UNINITIALIZED
                  20017000    00000010     rtsv7M4_T_le_eabi.lib : memory.c.obj (.sysmem)
                  20017010    000007f0     --HOLE--

.data      0    20017800    0000028c     UNINITIALIZED
                  20017800    000000f0     rtsv7M4_T_le_eabi.lib : defs.c.obj (.data:_ftable)
                  200178f0    00000080                           : signal.c.obj (.data:sigTable)
                  20017970    00000078                           : host_device.c.obj (.data:_device)
                  200179e8    00000050                           : host_device.c.obj (.data:_stream)
                  20017a38    00000015     Adafruit_GFX.obj (.data)
                  20017a4d    00000003     --HOLE--
                  20017a50    00000010     rtsv7M4_T_le_eabi.lib : defs.c.obj (.data)
                  20017a60    0000000c                           : exit.c.obj (.data:$O1$$)
                  20017a6c    00000008                           : _lock.c.obj (.data:$O1$$)
                  20017a74    00000008                           : memory.c.obj (.data:$O1$$)
                  20017a7c    00000004     game.obj (.data)
                  20017a80    00000004     main.obj (.data)
                  20017a84    00000004     rtsv7M4_T_le_eabi.lib : errno.c.obj (.data)
                  20017a88    00000004                           : rand.c.obj (.data)

.bss       0    20017a8c    0000021c     UNINITIALIZED
                  20017a8c    00000120     rtsv7M4_T_le_eabi.lib : trgmsg.c.obj (.bss:_CIOBUF_)
                  20017bac    000000a0     (.common:__TI_tmpnams)
                  20017c4c    00000040     (.common:boardCommand)
                  20017c8c    00000008     (.common:parmbuf)
                  20017c94    00000004     uart_if.obj (.bss)
                  20017c98    00000004     (.common:pBallPosX)
                  20017c9c    00000004     (.common:pBallVelX)
                  20017ca0    00000004     (.common:pBallVelY)
                  20017ca4    00000004     (.common:upgradeTrigger)

.stack     0    2002f800    00000800     UNINITIALIZED
                  2002f800    00000004     rtsv7M4_T_le_eabi.lib : boot_cortex_m.c.obj (.stack)
                  2002f804    000007fc     --HOLE--

__llvm_prf_cnts 
*          0    20017000    00000000     UNINITIALIZED

MODULE SUMMARY

       Module                       code    ro data   rw data
       ------                       ----    -------   -------
    .\
       game.obj                     3496    0         4      
       startup_ccs.obj              14      1024      0      
       main.obj                     852     0         84     
       scroll_pad.obj               816     0         0      
       dot_tracker.obj              728     0         0      
       i2c_if.obj                   672     0         0      
       uart_if.obj                  636     0         4      
       pin_mux_config.obj           324     0         0      
    +--+----------------------------+-------+---------+---------+
       Total:                       7538    1024      92     
                                                             
    .\oled\
       Adafruit_GFX.obj             2688    1275      21     
       Adafruit_OLED.obj            1158    0         0      
    +--+----------------------------+-------+---------+---------+
       Total:                       3846    1275      21     
                                                             
    C:/ti/CC3200SDK_1.5.0/cc3200-sdk/driverlib/ccs/Release/driverlib.a
       prcm.obj                     800     168       0      
       pin.obj                      348     256       0      
       uart.obj                     518     16        0      
       gpio.obj                     398     0         0      
       i2c.obj                      380     0         0      
       spi.obj                      328     0         0      
       interrupt.obj                230     24        0      
       adc.obj                      240     0         0      
       cpu.obj                      20      0         0      
       utils.obj                    6       0         0      
    +--+----------------------------+-------+---------+---------+
       Total:                       3268    464       0      
                                                             
    C:\ti\ccs1250\ccs\tools\compiler\ti-cgt-arm_20.2.7.LTS\lib\rtsv7M4_T_le_eabi.lib
       _printfi.c.obj               4835    0         0      
       _scanfi.c.obj                2808    16        0      
       k_rem_pio2.c.obj             1840    344       0      
       s_cos.c.obj                  1472    0         0      
       s_sin.c.obj                  1472    0         0      
       strtod.c.obj                 1108    200       0      
       memory.c.obj                 900     0         8      
       s_atan.c.obj                 748     152       0      
       strtoll.c.obj                476     0         0      
       fd_add_t2.asm.obj            438     0         0      
       defs.c.obj                   0       0         416    
       ti_fmax.c.obj                412     0         0      
       trgmsg.c.obj                 108     0         288    
       k_sin.c.obj                  360     0         0      
       k_cos.c.obj                  352     0         0      
       strtoull.c.obj               348     0         0      
       fd_div_t2.asm.obj            310     0         0      
       strtol.c.obj                 304     0         0      
       fputs.c.obj                  276     0         0      
       strtoul.c.obj                272     0         0      
       fd_cmp_t2.asm.obj            268     0         0      
       ctype.c.obj                  0       257       0      
       fd_mul_t2.asm.obj            252     0         0      
       fs_add_t2.asm.obj            250     0         0      
       s_floor.c.obj                244     0         0      
       signal.c.obj                 106     0         128    
       setvbuf.c.obj                220     0         0      
       s_scalbn.c.obj               208     0         0      
       host_device.c.obj            0       0         200    
       fs_cmp_t2.asm.obj            192     0         0      
       sscanf.c.obj                 186     0         0      
       s_round.c.obj                176     0         0      
       memcpy_t2.asm.obj            156     0         0      
       ull_div_t2.asm.obj           150     0         0      
       fs_div_t2.asm.obj            146     0         0      
       fputc.c.obj                  140     0         0      
       vsnprintf.c.obj              136     0         0      
       fs_mul_t2.asm.obj            122     0         0      
       memset_t2.asm.obj            122     0         0      
       fclose.c.obj                 116     0         0      
       getdevice.c.obj              116     0         0      
       printf.c.obj                 112     0         0      
       fd_tos_t2.asm.obj            110     0         0      
       hostrename.c.obj             108     0         0      
       copy_decompress_lzss.c.obj   104     0         0      
       hostlseek.c.obj              104     0         0      
       hostopen.c.obj               96      0         8      
       fseek.c.obj                  100     0         0      
       _io_perm.c.obj               98      0         0      
       sprintf.c.obj                98      0         0      
       i_divt2.asm.obj              94      0         0      
       close.c.obj                  92      0         0      
       s_frexp.c.obj                92      0         0      
       exit.c.obj                   76      0         12     
       hostread.c.obj               88      0         0      
       hostwrite.c.obj              88      0         0      
       _ltoa.c.obj                  84      0         0      
       atoi.c.obj                   76      0         0      
       fflush.c.obj                 76      0         0      
       fd_toi_t2.asm.obj            72      0         0      
       autoinit.c.obj               68      0         0      
       hostclose.c.obj              68      0         0      
       hostunlink.c.obj             68      0         0      
       s_lround.c.obj               64      0         0      
       fs_tod_t2.asm.obj            56      0         0      
       fs_toi_t2.asm.obj            56      0         0      
       i_tofs_t2.asm.obj            56      0         0      
       rand.c.obj                   52      0         4      
       strncpy.c.obj                54      0         0      
       fopen.c.obj                  52      0         0      
       i_tofd_t2.asm.obj            46      0         0      
       unlink.c.obj                 44      0         0      
       lseek.c.obj                  40      0         0      
       memmov.c.obj                 40      0         0      
       write.c.obj                  40      0         0      
       boot_cortex_m.c.obj          36      0         0      
       u_tofs_t2.asm.obj            36      0         0      
       memchr.c.obj                 32      0         0      
       copy_zero_init.c.obj         28      0         0      
       memccpy.c.obj                28      0         0      
       ll_mul_t2.asm.obj            24      0         0      
       strcmp.c.obj                 24      0         0      
       strrchr.c.obj                24      0         0      
       strchr.c.obj                 22      0         0      
       strcpy.c.obj                 20      0         0      
       strlen.c.obj                 20      0         0      
       wcslen.c.obj                 18      0         0      
       copy_decompress_none.c.obj   14      0         0      
       errno.c.obj                  8       0         4      
       s_copysign.c.obj             12      0         0      
       _lock.c.obj                  2       0         8      
       ti_fenv.c.obj                6       0         0      
       pre_init.c.obj               4       0         0      
       div0.asm.obj                 2       0         0      
    +--+----------------------------+-------+---------+---------+
       Total:                       25077   969       1076   
                                                             
       Heap:                        0       0         2048   
       Stack:                       0       0         2048   
       Linker Generated:            0       162       0      
    +--+----------------------------+-------+---------+---------+
       Grand Total:                 39729   3894      5285   


LINKER GENERATED COPY TABLES

__TI_cinit_table @ 2000ea80 records: 2, size/record: 8, table size: 16
	.data: load addr=2000e9e8, load size=0000007e bytes, run addr=20017800, run size=0000028c bytes, compression=lzss
	.bss: load addr=2000ea78, load size=00000008 bytes, run addr=20017a8c, run size=0000021c bytes, compression=zero_init


LINKER GENERATED HANDLER TABLE

__TI_handler_table @ 2000ea68 records: 3, size/record: 4, table size: 12
	index: 0, handler: __TI_decompress_lzss
	index: 1, handler: __TI_decompress_none
	index: 2, handler: __TI_zero_init


GLOBAL SYMBOLS: SORTED ALPHABETICALLY BY Name 

address   name                           
-------   ----                           
2000d3d1  ADCChannelDisable              
2000d409  ADCChannelEnable               
2000dde3  ADCEnable                      
2000dad3  ADCFIFOLvlGet                  
2000dbcb  ADCFIFORead                    
2000d935  ADCTimerConfig                 
2000dd33  ADCTimerEnable                 
2000848f  Adafruit_Init                  
200045f9  BattlePongGameBoxUpdate        
20004587  BattlePongGameDrawGoalBox      
20004719  BattlePongGameFireHandler      
20004443  BattlePongGamePlay             
200048bf  BattlePongGameUpgradeHandler   
2000df45  C$$EXIT                        
2000d46f  C$$IO$$                        
2000ddf7  CPUcpsie                       
2000501d  CannonShotRecv                 
20004f59  CannonShotUpdate               
20009c25  ClearTerm                      
20008605  Color565                       
20004971  CreateBattlePongGame           
200050c5  CreateCannonShot               
200098df  CreateDotObject                
20004eeb  CreatePongBallObject           
20009313  CreateScrollPadObject          
20004541  DrawScore                      
20009c2f  Error                          
2000d559  GPIODirModeSet                 
2000de0b  GPIOIntClear                   
2000db7d  GPIOIntEnable                  
2000da3d  GPIOIntRegister                
2000d957  GPIOIntStatus                  
2000c499  GPIOIntTypeSet                 
2000d9bd  GPIOPinWrite                   
20009c67  GetCmd                         
2000d0c5  HOSTclose                      
2000c8b1  HOSTlseek                      
2000cb19  HOSTopen                       
2000cd51  HOSTread                       
2000c845  HOSTrename                     
2000d109  HOSTunlink                     
2000cda9  HOSTwrite                      
2000de71  I2CMasterControl               
2000decb  I2CMasterDataGet               
2000dd49  I2CMasterDataPut               
2000dd5f  I2CMasterEnable                
2000d77d  I2CMasterErr                   
2000c415  I2CMasterInitExpClk            
2000dd75  I2CMasterIntClear              
2000dbe3  I2CMasterIntEnableEx           
2000da5b  I2CMasterIntStatusEx           
2000d979  I2CMasterSlaveAddrSet          
2000de83  I2CMasterTimeoutSet            
20009bcf  I2C_IF_Close                   
20009b73  I2C_IF_Open                    
20009a71  I2C_IF_Read                    
20009b2d  I2C_IF_ReadFrom                
200099c1  I2C_IF_Write                   
20009be5  InitTerm                       
2000be51  IntEnable                      
2000df01  IntMasterEnable                
2000d9dd  IntRegister                    
2000de21  IntVTableBaseSet               
20009c03  Message                        
2000664b  Outstr                         
2000a629  PRCMCC3200MCUInit              
2000dd8b  PRCMHIBRegRead                 
2000dda1  PRCMHIBRegWrite                
2000d801  PRCMPeripheralClkDisable       
2000d359  PRCMPeripheralClkEnable        
2000c0cd  PRCMPeripheralClockGet         
2000ce01  PRCMPeripheralReset            
2000d7a9  PRCMSysResetCauseGet           
2000c281  PinConfigSet                   
2000d219  PinModeSet                     
2000abc5  PinMuxConfig                   
2000de35  PinTypeADC                     
2000d661  PinTypeGPIO                    
2000daef  PinTypeI2C                     
2000db97  PinTypeSPI                     
2000dbb1  PinTypeUART                    
20004ddd  PongBallPadBounceMechanic      
20008cfd  PongBallRecv                   
20004a61  PongBallUpdate                 
20009da5  Report                         
2000dee7  ResetISR                       
2000dbfb  SPICSDisable                   
2000dc13  SPICSEnable                    
2000bef9  SPIConfigSetExpClk             
2000d9fd  SPIDataGet                     
2000da79  SPIDataPut                     
2000dc2b  SPIEnable                      
2000d99b  SPIReset                       
200092b5  ScrollPadDraw                  
20009191  ScrollPadUpdate                
20009d0d  TrimSpace                      
2000ddb7  UARTCharGet                    
2000db0b  UARTCharGetNonBlocking         
2000da97  UARTCharPut                    
2000dc43  UARTCharsAvail                 
2000c60f  UARTConfigSetExpClk            
2000d691  UARTDisable                    
2000d8c9  UARTEnable                     
2000dc5b  UARTFIFOLevelSet               
2000de95  UARTIntClear                   
2000dc73  UARTIntDisable                 
2000dc8b  UARTIntEnable                  
20008dc3  UARTIntHandler                 
2000dab5  UARTIntRegister                
2000dca3  UARTSpaceAvail                 
2000df2d  UtilsDelay                     
20017a8c  __CIOBUF_                      
20030000  __STACK_END                    
00000800  __STACK_SIZE                   
00000800  __SYSMEM_SIZE                  
2000ea80  __TI_CINIT_Base                
2000ea90  __TI_CINIT_Limit               
2000ea68  __TI_Handler_Table_Base        
2000ea74  __TI_Handler_Table_Limit       
2000d191  __TI_auto_init_nobinit_nopinit 
2000d5c5  __TI_cleanup                   
20017a60  __TI_cleanup_ptr               
2000c685  __TI_closefile                 
2000c981  __TI_decompress_lzss           
2000ded9  __TI_decompress_none           
2000cf55  __TI_doflush                   
20017a64  __TI_dtors_ptr                 
20017a68  __TI_enable_exit_profile_output
20017a50  __TI_ft_end                    
2000ceaf  __TI_ltoa                      
ffffffff  __TI_pprof_out_hndl            
20006721  __TI_printfi                   
ffffffff  __TI_prof_data_size            
ffffffff  __TI_prof_data_start           
2000d5f9  __TI_readmsg                   
200051a9  __TI_scanfi                    
2000e9e8  __TI_static_base__             
20017bac  __TI_tmpnams                   
2000d441  __TI_writemsg                  
2000cab5  __TI_wrt_ok                    
2000db27  __TI_zero_init_nomemset        
2000c309  __aeabi_cdcmpeq                
2000c309  __aeabi_cdcmple                
2000c38f  __aeabi_cdrcmple               
2000cb79  __aeabi_cfcmpeq                
2000cb79  __aeabi_cfcmple                
2000cbd9  __aeabi_cfrcmple               
2000c7d7  __aeabi_d2f                    
2000d07d  __aeabi_d2iz                   
2000a47b  __aeabi_dadd                   
2000ae45  __aeabi_ddiv                   
2000b4f1  __aeabi_dmul                   
2000a471  __aeabi_dsub                   
2000df15  __aeabi_errno_addr             
2000d479  __aeabi_f2d                    
2000d4b1  __aeabi_f2iz                   
2000b5f1  __aeabi_fadd                   
2000c161  __aeabi_fdiv                   
2000c51b  __aeabi_fmul                   
2000b5ed  __aeabi_fsub                   
2000d74f  __aeabi_i2d                    
2000d4e9  __aeabi_i2f                    
2000cc39  __aeabi_idiv                   
200088a7  __aeabi_idiv0                  
2000cc39  __aeabi_idivmod                
200088a7  __aeabi_ldiv0                  
2000dceb  __aeabi_lmul                   
2000c595  __aeabi_memclr                 
2000c595  __aeabi_memclr4                
2000c595  __aeabi_memclr8                
2000bf99  __aeabi_memcpy                 
2000bf99  __aeabi_memcpy4                
2000bf99  __aeabi_memcpy8                
2000c597  __aeabi_memset                 
2000c597  __aeabi_memset4                
2000c597  __aeabi_memset8                
20017a5c  __aeabi_stderr                 
20017a54  __aeabi_stdin                  
20017a58  __aeabi_stdout                 
2000d911  __aeabi_ui2f                   
2000c035  __aeabi_uldivmod               
ffffffff  __binit__                      
ffffffff  __c_args__                     
2000a909  __kernel_cos                   
20007171  __kernel_rem_pio2              
2000a7a1  __kernel_sin                   
UNDEFED   __mpu_init                     
2000df33  __softfloat_float_raise        
2002f800  __stack                        
20017000  __start___llvm_prf_cnts        
20017000  __stop___llvm_prf_cnts         
2000d8ed  _c_int00_noargs                
2000e5a0  _ctypes_                       
20017970  _device                        
20017800  _ftable                        
20017a6c  _lock                          
2000716f  _nop                           
200179e8  _stream                        
20017000  _sys_memory                    
UNDEFED   _system_post_cinit             
2000df41  _system_pre_init               
20017a70  _unlock                        
2000df45  abort                          
2000b3f1  aligned_alloc                  
20009381  atan                           
20009381  atanl                          
2000cfa1  atoi                           
200096cb  ballUpdate                     
ffffffff  binit                          
20017c4c  boardCommand                   
20017a80  board_idx                      
2000cc99  close                          
2000def5  copysign                       
2000def5  copysignl                      
200078a1  cos                            
200078a1  cosl                           
20017a38  cursor_x                       
20017a3c  cursor_y                       
200064ff  drawChar                       
20005ca1  drawCircle                     
20005dd5  drawCircleHelper               
200087b1  drawFastHLine                  
20008715  drawFastVLine                  
2000601b  drawLine                       
2000884d  drawPixel                      
20006107  drawRect                       
20006155  drawRoundRect                  
200062bd  drawTriangle                   
20017a84  errno                          
2000d035  exit                           
20005ef3  fillCircle                     
20005f2d  fillCircleHelper               
2000865d  fillRect                       
20006243  fillRoundRect                  
20008647  fillScreen                     
200062ff  fillTriangle                   
2000d6f1  finddevice                     
2000b6e9  floor                          
2000b6e9  floorl                         
2000bc21  fmax                           
2000bc21  fmaxl                          
2000ba81  fmin                           
2000ba81  fminl                          
2000c1f5  fputc                          
2000b1cd  fputs                          
2000b7dd  free                           
2000ccf5  frexp                          
2000ccf5  frexpl                         
2000ca51  fseek                          
20004000  g_pfnVectors                   
2000d1d5  getdevice                      
200085c1  goTo                           
2000966d  grabAccelerometerData          
20004401  grabAccelerometerZ             
200066ff  height                         
2000888b  invert                         
2000bb51  ldexp                          
2000bb51  ldexpl                         
2000d259  lround                         
2000d851  lseek                          
20008f55  main                           
2000df25  malloc                         
2000b3f1  memalign                       
2000db61  memccpy                        
2000da1d  memchr                         
2000bf99  memcpy                         
2000d879  memmove                        
2000c59d  memset                         
20017c98  pBallPosX                      
20017c9c  pBallVelX                      
20017ca0  pBallVelY                      
20017c8c  parmbuf                        
2000c9e9  printf                         
2000c1f5  putc                           
2000d721  raise                          
2000d62d  rand                           
20009051  readJoyStickADC                
2000b8c1  realloc                        
2000d7d5  remove                         
2000bda1  round                          
2000bda1  roundl                         
2000bb51  scalbn                         
2000bb51  scalbnl                        
20006697  setCursor                      
200066cf  setTextColor                   
200066af  setTextSize                    
200066e7  setTextWrap                    
2000b9a5  setvbuf                        
2000d395  signal                         
20007e61  sin                            
20007e61  sinl                           
2000d299  sprintf                        
2000d521  sscanf                         
2000ddcd  strchr                         
2000dd03  strcmp                         
2000de49  strcpy                         
2000de5d  strlen                         
2000d58f  strncpy                        
2000dd1b  strrchr                        
200088a9  strtod                         
2000af7d  strtol                         
200088a9  strtold                        
2000a0c9  strtoll                        
2000b2e1  strtoul                        
2000aa69  strtoull                       
20004675  swapOledBalls                  
20017a48  textbgcolor                    
20017a44  textcolor                      
20017a40  textsize                       
2000d7d5  unlink                         
20017ca4  upgradeTrigger                 
2000d2d9  vsnprintf                      
2000deb9  wcslen                         
200066fb  width                          
20017a4c  wrap                           
2000d8a1  write                          
2000846b  writeCommand                   
2000847d  writeData                      
20008421  writeToOled                    


GLOBAL SYMBOLS: SORTED BY Symbol Address 

address   name                           
-------   ----                           
00000800  __STACK_SIZE                   
00000800  __SYSMEM_SIZE                  
20004000  g_pfnVectors                   
20004401  grabAccelerometerZ             
20004443  BattlePongGamePlay             
20004541  DrawScore                      
20004587  BattlePongGameDrawGoalBox      
200045f9  BattlePongGameBoxUpdate        
20004675  swapOledBalls                  
20004719  BattlePongGameFireHandler      
200048bf  BattlePongGameUpgradeHandler   
20004971  CreateBattlePongGame           
20004a61  PongBallUpdate                 
20004ddd  PongBallPadBounceMechanic      
20004eeb  CreatePongBallObject           
20004f59  CannonShotUpdate               
2000501d  CannonShotRecv                 
200050c5  CreateCannonShot               
200051a9  __TI_scanfi                    
20005ca1  drawCircle                     
20005dd5  drawCircleHelper               
20005ef3  fillCircle                     
20005f2d  fillCircleHelper               
2000601b  drawLine                       
20006107  drawRect                       
20006155  drawRoundRect                  
20006243  fillRoundRect                  
200062bd  drawTriangle                   
200062ff  fillTriangle                   
200064ff  drawChar                       
2000664b  Outstr                         
20006697  setCursor                      
200066af  setTextSize                    
200066cf  setTextColor                   
200066e7  setTextWrap                    
200066fb  width                          
200066ff  height                         
20006721  __TI_printfi                   
2000716f  _nop                           
20007171  __kernel_rem_pio2              
200078a1  cos                            
200078a1  cosl                           
20007e61  sin                            
20007e61  sinl                           
20008421  writeToOled                    
2000846b  writeCommand                   
2000847d  writeData                      
2000848f  Adafruit_Init                  
200085c1  goTo                           
20008605  Color565                       
20008647  fillScreen                     
2000865d  fillRect                       
20008715  drawFastVLine                  
200087b1  drawFastHLine                  
2000884d  drawPixel                      
2000888b  invert                         
200088a7  __aeabi_idiv0                  
200088a7  __aeabi_ldiv0                  
200088a9  strtod                         
200088a9  strtold                        
20008cfd  PongBallRecv                   
20008dc3  UARTIntHandler                 
20008f55  main                           
20009051  readJoyStickADC                
20009191  ScrollPadUpdate                
200092b5  ScrollPadDraw                  
20009313  CreateScrollPadObject          
20009381  atan                           
20009381  atanl                          
2000966d  grabAccelerometerData          
200096cb  ballUpdate                     
200098df  CreateDotObject                
200099c1  I2C_IF_Write                   
20009a71  I2C_IF_Read                    
20009b2d  I2C_IF_ReadFrom                
20009b73  I2C_IF_Open                    
20009bcf  I2C_IF_Close                   
20009be5  InitTerm                       
20009c03  Message                        
20009c25  ClearTerm                      
20009c2f  Error                          
20009c67  GetCmd                         
20009d0d  TrimSpace                      
20009da5  Report                         
2000a0c9  strtoll                        
2000a471  __aeabi_dsub                   
2000a47b  __aeabi_dadd                   
2000a629  PRCMCC3200MCUInit              
2000a7a1  __kernel_sin                   
2000a909  __kernel_cos                   
2000aa69  strtoull                       
2000abc5  PinMuxConfig                   
2000ae45  __aeabi_ddiv                   
2000af7d  strtol                         
2000b1cd  fputs                          
2000b2e1  strtoul                        
2000b3f1  aligned_alloc                  
2000b3f1  memalign                       
2000b4f1  __aeabi_dmul                   
2000b5ed  __aeabi_fsub                   
2000b5f1  __aeabi_fadd                   
2000b6e9  floor                          
2000b6e9  floorl                         
2000b7dd  free                           
2000b8c1  realloc                        
2000b9a5  setvbuf                        
2000ba81  fmin                           
2000ba81  fminl                          
2000bb51  ldexp                          
2000bb51  ldexpl                         
2000bb51  scalbn                         
2000bb51  scalbnl                        
2000bc21  fmax                           
2000bc21  fmaxl                          
2000bda1  round                          
2000bda1  roundl                         
2000be51  IntEnable                      
2000bef9  SPIConfigSetExpClk             
2000bf99  __aeabi_memcpy                 
2000bf99  __aeabi_memcpy4                
2000bf99  __aeabi_memcpy8                
2000bf99  memcpy                         
2000c035  __aeabi_uldivmod               
2000c0cd  PRCMPeripheralClockGet         
2000c161  __aeabi_fdiv                   
2000c1f5  fputc                          
2000c1f5  putc                           
2000c281  PinConfigSet                   
2000c309  __aeabi_cdcmpeq                
2000c309  __aeabi_cdcmple                
2000c38f  __aeabi_cdrcmple               
2000c415  I2CMasterInitExpClk            
2000c499  GPIOIntTypeSet                 
2000c51b  __aeabi_fmul                   
2000c595  __aeabi_memclr                 
2000c595  __aeabi_memclr4                
2000c595  __aeabi_memclr8                
2000c597  __aeabi_memset                 
2000c597  __aeabi_memset4                
2000c597  __aeabi_memset8                
2000c59d  memset                         
2000c60f  UARTConfigSetExpClk            
2000c685  __TI_closefile                 
2000c7d7  __aeabi_d2f                    
2000c845  HOSTrename                     
2000c8b1  HOSTlseek                      
2000c981  __TI_decompress_lzss           
2000c9e9  printf                         
2000ca51  fseek                          
2000cab5  __TI_wrt_ok                    
2000cb19  HOSTopen                       
2000cb79  __aeabi_cfcmpeq                
2000cb79  __aeabi_cfcmple                
2000cbd9  __aeabi_cfrcmple               
2000cc39  __aeabi_idiv                   
2000cc39  __aeabi_idivmod                
2000cc99  close                          
2000ccf5  frexp                          
2000ccf5  frexpl                         
2000cd51  HOSTread                       
2000cda9  HOSTwrite                      
2000ce01  PRCMPeripheralReset            
2000ceaf  __TI_ltoa                      
2000cf55  __TI_doflush                   
2000cfa1  atoi                           
2000d035  exit                           
2000d07d  __aeabi_d2iz                   
2000d0c5  HOSTclose                      
2000d109  HOSTunlink                     
2000d191  __TI_auto_init_nobinit_nopinit 
2000d1d5  getdevice                      
2000d219  PinModeSet                     
2000d259  lround                         
2000d299  sprintf                        
2000d2d9  vsnprintf                      
2000d359  PRCMPeripheralClkEnable        
2000d395  signal                         
2000d3d1  ADCChannelDisable              
2000d409  ADCChannelEnable               
2000d441  __TI_writemsg                  
2000d46f  C$$IO$$                        
2000d479  __aeabi_f2d                    
2000d4b1  __aeabi_f2iz                   
2000d4e9  __aeabi_i2f                    
2000d521  sscanf                         
2000d559  GPIODirModeSet                 
2000d58f  strncpy                        
2000d5c5  __TI_cleanup                   
2000d5f9  __TI_readmsg                   
2000d62d  rand                           
2000d661  PinTypeGPIO                    
2000d691  UARTDisable                    
2000d6f1  finddevice                     
2000d721  raise                          
2000d74f  __aeabi_i2d                    
2000d77d  I2CMasterErr                   
2000d7a9  PRCMSysResetCauseGet           
2000d7d5  remove                         
2000d7d5  unlink                         
2000d801  PRCMPeripheralClkDisable       
2000d851  lseek                          
2000d879  memmove                        
2000d8a1  write                          
2000d8c9  UARTEnable                     
2000d8ed  _c_int00_noargs                
2000d911  __aeabi_ui2f                   
2000d935  ADCTimerConfig                 
2000d957  GPIOIntStatus                  
2000d979  I2CMasterSlaveAddrSet          
2000d99b  SPIReset                       
2000d9bd  GPIOPinWrite                   
2000d9dd  IntRegister                    
2000d9fd  SPIDataGet                     
2000da1d  memchr                         
2000da3d  GPIOIntRegister                
2000da5b  I2CMasterIntStatusEx           
2000da79  SPIDataPut                     
2000da97  UARTCharPut                    
2000dab5  UARTIntRegister                
2000dad3  ADCFIFOLvlGet                  
2000daef  PinTypeI2C                     
2000db0b  UARTCharGetNonBlocking         
2000db27  __TI_zero_init_nomemset        
2000db61  memccpy                        
2000db7d  GPIOIntEnable                  
2000db97  PinTypeSPI                     
2000dbb1  PinTypeUART                    
2000dbcb  ADCFIFORead                    
2000dbe3  I2CMasterIntEnableEx           
2000dbfb  SPICSDisable                   
2000dc13  SPICSEnable                    
2000dc2b  SPIEnable                      
2000dc43  UARTCharsAvail                 
2000dc5b  UARTFIFOLevelSet               
2000dc73  UARTIntDisable                 
2000dc8b  UARTIntEnable                  
2000dca3  UARTSpaceAvail                 
2000dceb  __aeabi_lmul                   
2000dd03  strcmp                         
2000dd1b  strrchr                        
2000dd33  ADCTimerEnable                 
2000dd49  I2CMasterDataPut               
2000dd5f  I2CMasterEnable                
2000dd75  I2CMasterIntClear              
2000dd8b  PRCMHIBRegRead                 
2000dda1  PRCMHIBRegWrite                
2000ddb7  UARTCharGet                    
2000ddcd  strchr                         
2000dde3  ADCEnable                      
2000ddf7  CPUcpsie                       
2000de0b  GPIOIntClear                   
2000de21  IntVTableBaseSet               
2000de35  PinTypeADC                     
2000de49  strcpy                         
2000de5d  strlen                         
2000de71  I2CMasterControl               
2000de83  I2CMasterTimeoutSet            
2000de95  UARTIntClear                   
2000deb9  wcslen                         
2000decb  I2CMasterDataGet               
2000ded9  __TI_decompress_none           
2000dee7  ResetISR                       
2000def5  copysign                       
2000def5  copysignl                      
2000df01  IntMasterEnable                
2000df15  __aeabi_errno_addr             
2000df25  malloc                         
2000df2d  UtilsDelay                     
2000df33  __softfloat_float_raise        
2000df41  _system_pre_init               
2000df45  C$$EXIT                        
2000df45  abort                          
2000e5a0  _ctypes_                       
2000e9e8  __TI_static_base__             
2000ea68  __TI_Handler_Table_Base        
2000ea74  __TI_Handler_Table_Limit       
2000ea80  __TI_CINIT_Base                
2000ea90  __TI_CINIT_Limit               
20017000  __start___llvm_prf_cnts        
20017000  __stop___llvm_prf_cnts         
20017000  _sys_memory                    
20017800  _ftable                        
20017970  _device                        
200179e8  _stream                        
20017a38  cursor_x                       
20017a3c  cursor_y                       
20017a40  textsize                       
20017a44  textcolor                      
20017a48  textbgcolor                    
20017a4c  wrap                           
20017a50  __TI_ft_end                    
20017a54  __aeabi_stdin                  
20017a58  __aeabi_stdout                 
20017a5c  __aeabi_stderr                 
20017a60  __TI_cleanup_ptr               
20017a64  __TI_dtors_ptr                 
20017a68  __TI_enable_exit_profile_output
20017a6c  _lock                          
20017a70  _unlock                        
20017a80  board_idx                      
20017a84  errno                          
20017a8c  __CIOBUF_                      
20017bac  __TI_tmpnams                   
20017c4c  boardCommand                   
20017c8c  parmbuf                        
20017c98  pBallPosX                      
20017c9c  pBallVelX                      
20017ca0  pBallVelY                      
20017ca4  upgradeTrigger                 
2002f800  __stack                        
20030000  __STACK_END                    
ffffffff  __TI_pprof_out_hndl            
ffffffff  __TI_prof_data_size            
ffffffff  __TI_prof_data_start           
ffffffff  __binit__                      
ffffffff  __c_args__                     
ffffffff  binit                          
UNDEFED   __mpu_init                     
UNDEFED   _system_post_cinit             

[319 symbols]
