******************************************************************************
                  TI ARM Linker PC v20.2.7                     
******************************************************************************
>> Linked Wed Mar  5 15:41:44 2025

OUTPUT FILE NAME:   <Battle-Pong.out>
ENTRY POINT SYMBOL: "_c_int00_noargs"  address: 2000b6bd


MEMORY CONFIGURATION

         name            origin    length      used     unused   attr    fill
----------------------  --------  ---------  --------  --------  ----  --------
  SRAM_CODE             20004000   00013000  000085ea  0000aa16  RW X
  SRAM_DATA             20017000   00019000  000013d0  00017c30  RW X


SEGMENT ALLOCATION MAP

run origin  load origin   length   init length attrs members
----------  ----------- ---------- ----------- ----- -------
20004000    20004000    000085f0   000085f0    r-x
  20004000    20004000    00000400   00000400    r-- .intvecs
  20004400    20004400    00007792   00007792    r-x .text
  2000bb98    2000bb98    000009b8   000009b8    r-- .const
  2000c550    2000c550    000000a0   000000a0    r-- .cinit
20017000    20017000    00000bd0   00000000    rw-
  20017000    20017000    00000800   00000000    rw- .sysmem
  20017800    20017800    00000204   00000000    rw- .data
  20017a04    20017a04    000001cc   00000000    rw- .bss
2002f800    2002f800    00000800   00000000    rw-
  2002f800    2002f800    00000800   00000000    rw- .stack


SECTION ALLOCATION MAP

 output                                  attributes/
section   page    origin      length       input sections
--------  ----  ----------  ----------   ----------------
.intvecs   0    20004000    00000400     
                  20004000    00000400     startup_ccs.obj (.intvecs)

.init_array 
*          0    20004000    00000000     UNINITIALIZED

.text      0    20004400    00007792     
                  20004400    00000a80     Adafruit_GFX.obj (.text)
                  20004e80    00000a4e     rtsv7M4_T_le_eabi.lib : _printfi.c.obj (.text:__TI_printfi)
                  200058ce    00000002                           : _lock.c.obj (.text:_nop)
                  200058d0    00000730                           : k_rem_pio2.c.obj (.text:__kernel_rem_pio2)
                  20006000    000005d8     game.obj (.text)
                  200065d8    000005c0     rtsv7M4_T_le_eabi.lib : s_cos.c.obj (.text:cos)
                  20006b98    000005c0                           : s_sin.c.obj (.text:sin)
                  20007158    00000486     Adafruit_OLED.obj (.text)
                  200075de    00000002     rtsv7M4_T_le_eabi.lib : div0.asm.obj (.text)
                  200075e0    00000330     scroll_pad.obj (.text)
                  20007910    000002ec     rtsv7M4_T_le_eabi.lib : s_atan.c.obj (.text:atan)
                  20007bfc    000002d8     dot_tracker.obj (.text)
                  20007ed4    000002a0     i2c_if.obj (.text)
                  20008174    0000027c     uart_if.obj (.text)
                  200083f0    00000268     rtsv7M4_T_le_eabi.lib : _printfi.c.obj (.text:_pconv_a)
                  20008658    000001cc                           : _printfi.c.obj (.text:_pconv_g)
                  20008824    000001b6                           : fd_add_t2.asm.obj (.text)
                  200089da    00000002     --HOLE-- [fill = 0]
                  200089dc    00000178     driverlib.a : prcm.obj (.text:PRCMCC3200MCUInit)
                  20008b54    00000168     rtsv7M4_T_le_eabi.lib : k_sin.c.obj (.text:__kernel_sin)
                  20008cbc    00000160                           : k_cos.c.obj (.text:__kernel_cos)
                  20008e1c    0000013c                           : _printfi.c.obj (.text:_pconv_e)
                  20008f58    00000136                           : fd_div_t2.asm.obj (.text)
                  2000908e    00000002     --HOLE-- [fill = 0]
                  20009090    00000120                           : _printfi.c.obj (.text:fcvt)
                  200091b0    00000118     pin_mux_config.obj (.text)
                  200092c8    00000114     rtsv7M4_T_le_eabi.lib : fputs.c.obj (.text:fputs)
                  200093dc    00000100                           : memory.c.obj (.text:aligned_alloc)
                  200094dc    000000fc                           : fd_mul_t2.asm.obj (.text)
                  200095d8    000000fa                           : fs_add_t2.asm.obj (.text)
                  200096d2    00000002     --HOLE-- [fill = 0]
                  200096d4    000000f4                           : s_floor.c.obj (.text:floor)
                  200097c8    000000e4                           : memory.c.obj (.text:free)
                  200098ac    000000e4                           : memory.c.obj (.text:realloc)
                  20009990    000000dc                           : setvbuf.c.obj (.text:setvbuf)
                  20009a6c    000000d0                           : ti_fmax.c.obj (.text:fmin)
                  20009b3c    000000d0                           : s_scalbn.c.obj (.text:scalbn)
                  20009c0c    000000cc                           : ti_fmax.c.obj (.text:fmax)
                  20009cd8    000000b1                           : _printfi.c.obj (.text:_ltostr)
                  20009d89    00000003     --HOLE-- [fill = 0]
                  20009d8c    000000b0                           : s_round.c.obj (.text:round)
                  20009e3c    000000a8     driverlib.a : interrupt.obj (.text:IntEnable)
                  20009ee4    000000a0                 : spi.obj (.text:SPIConfigSetExpClk)
                  20009f84    0000009c     rtsv7M4_T_le_eabi.lib : memcpy_t2.asm.obj (.text)
                  2000a020    00000098     main.obj (.text)
                  2000a0b8    00000096     rtsv7M4_T_le_eabi.lib : ull_div_t2.asm.obj (.text)
                  2000a14e    00000002     --HOLE-- [fill = 0]
                  2000a150    00000094     driverlib.a : prcm.obj (.text:PRCMPeripheralClockGet)
                  2000a1e4    00000092     rtsv7M4_T_le_eabi.lib : fs_div_t2.asm.obj (.text)
                  2000a276    00000002     --HOLE-- [fill = 0]
                  2000a278    0000008c                           : fputc.c.obj (.text:fputc)
                  2000a304    00000088     driverlib.a : pin.obj (.text:PinConfigSet)
                  2000a38c    00000086     rtsv7M4_T_le_eabi.lib : fd_cmp_t2.asm.obj (.text:__aeabi_cdcmple)
                  2000a412    00000086                           : fd_cmp_t2.asm.obj (.text:__aeabi_cdrcmple)
                  2000a498    00000084     driverlib.a : i2c.obj (.text:I2CMasterInitExpClk)
                  2000a51c    0000007a     rtsv7M4_T_le_eabi.lib : fs_mul_t2.asm.obj (.text)
                  2000a596    0000007a                           : memset_t2.asm.obj (.text)
                  2000a610    00000076     driverlib.a : uart.obj (.text:UARTConfigSetExpClk)
                  2000a686    00000002     --HOLE-- [fill = 0]
                  2000a688    00000074     rtsv7M4_T_le_eabi.lib : fclose.c.obj (.text:__TI_closefile)
                  2000a6fc    00000070                           : memory.c.obj (.text:split)
                  2000a76c    0000006e                           : _printfi.c.obj (.text:_mcpy)
                  2000a7da    0000006e                           : fd_tos_t2.asm.obj (.text)
                  2000a848    0000006c                           : hostrename.c.obj (.text:HOSTrename)
                  2000a8b4    00000068                           : hostlseek.c.obj (.text:HOSTlseek)
                  2000a91c    00000068                           : copy_decompress_lzss.c.obj (.text:decompress:lzss:__TI_decompress_lzss)
                  2000a984    00000068                           : printf.c.obj (.text:printf)
                  2000a9ec    00000064                           : fseek.c.obj (.text:fseek)
                  2000aa50    00000062                           : _io_perm.c.obj (.text:__TI_wrt_ok)
                  2000aab2    00000002     --HOLE-- [fill = 0]
                  2000aab4    00000060                           : hostopen.c.obj (.text:HOSTopen)
                  2000ab14    00000060                           : fs_cmp_t2.asm.obj (.text:__aeabi_cfcmple)
                  2000ab74    00000060                           : fs_cmp_t2.asm.obj (.text:__aeabi_cfrcmple)
                  2000abd4    0000005c                           : close.c.obj (.text:close)
                  2000ac30    0000005c                           : s_frexp.c.obj (.text:frexp)
                  2000ac8c    00000058                           : hostread.c.obj (.text:HOSTread)
                  2000ace4    00000058                           : hostwrite.c.obj (.text:HOSTwrite)
                  2000ad3c    00000058     driverlib.a : prcm.obj (.text:PRCMPeripheralReset)
                  2000ad94    00000056     rtsv7M4_T_le_eabi.lib : _printfi.c.obj (.text:_pconv_f)
                  2000adea    00000054                           : _ltoa.c.obj (.text:__TI_ltoa)
                  2000ae3e    00000052                           : _printfi.c.obj (.text:_ecpy)
                  2000ae90    0000004c                           : fflush.c.obj (.text:__TI_doflush)
                  2000aedc    0000004c                           : atoi.c.obj (.text:atoi)
                  2000af28    00000048                           : exit.c.obj (.text:exit)
                  2000af70    00000048                           : fd_toi_t2.asm.obj (.text)
                  2000afb8    00000044                           : hostclose.c.obj (.text:HOSTclose)
                  2000affc    00000044                           : hostunlink.c.obj (.text:HOSTunlink)
                  2000b040    00000044                           : autoinit.c.obj (.text:__TI_auto_init_nobinit_nopinit:__TI_auto_init_nobinit_nopinit)
                  2000b084    00000044                           : getdevice.c.obj (.text:getdevice)
                  2000b0c8    00000040     driverlib.a : pin.obj (.text:PinModeSet)
                  2000b108    00000040     rtsv7M4_T_le_eabi.lib : sprintf.c.obj (.text:sprintf)
                  2000b148    00000040                           : vsnprintf.c.obj (.text:vsnprintf)
                  2000b188    0000003e                           : _printfi.c.obj (.text:_fcpy)
                  2000b1c6    00000002     --HOLE-- [fill = 0]
                  2000b1c8    0000003c     driverlib.a : prcm.obj (.text:PRCMPeripheralClkEnable)
                  2000b204    00000038                 : adc.obj (.text:ADCChannelDisable)
                  2000b23c    00000038                 : adc.obj (.text:ADCChannelEnable)
                  2000b274    00000038     rtsv7M4_T_le_eabi.lib : trgmsg.c.obj (.text:__TI_writemsg)
                  2000b2ac    00000038                           : fs_tod_t2.asm.obj (.text)
                  2000b2e4    00000038                           : fs_toi_t2.asm.obj (.text)
                  2000b31c    00000038                           : i_tofs_t2.asm.obj (.text)
                  2000b354    00000036     driverlib.a : gpio.obj (.text:GPIODirModeSet)
                  2000b38a    00000036     rtsv7M4_T_le_eabi.lib : strncpy.c.obj (.text:strncpy)
                  2000b3c0    00000034                           : fopen.c.obj (.text:__TI_cleanup)
                  2000b3f4    00000034                           : trgmsg.c.obj (.text:__TI_readmsg)
                  2000b428    00000034                           : rand.c.obj (.text:rand)
                  2000b45c    00000030     driverlib.a : pin.obj (.text:PinTypeGPIO)
                  2000b48c    00000030                 : uart.obj (.text:UARTDisable)
                  2000b4bc    00000030     rtsv7M4_T_le_eabi.lib : vsnprintf.c.obj (.text:_outs)
                  2000b4ec    00000030                           : getdevice.c.obj (.text:finddevice)
                  2000b51c    0000002e                           : i_tofd_t2.asm.obj (.text)
                  2000b54a    0000002c     driverlib.a : i2c.obj (.text:I2CMasterErr)
                  2000b576    00000002     --HOLE-- [fill = 0]
                  2000b578    0000002c                 : prcm.obj (.text:PRCMSysResetCauseGet)
                  2000b5a4    0000002c     rtsv7M4_T_le_eabi.lib : unlink.c.obj (.text:unlink)
                  2000b5d0    00000028     driverlib.a : prcm.obj (.text:PRCMPeripheralClkDisable)
                  2000b5f8    00000028     rtsv7M4_T_le_eabi.lib : memory.c.obj (.text:free_list_insert)
                  2000b620    00000028                           : lseek.c.obj (.text:lseek)
                  2000b648    00000028                           : memmov.c.obj (.text:memmove)
                  2000b670    00000028                           : write.c.obj (.text:write)
                  2000b698    00000024     driverlib.a : uart.obj (.text:UARTEnable)
                  2000b6bc    00000024     rtsv7M4_T_le_eabi.lib : boot_cortex_m.c.obj (.text:_c_int00_noargs:_c_int00_noargs)
                  2000b6e0    00000024                           : u_tofs_t2.asm.obj (.text)
                  2000b704    00000022     driverlib.a : adc.obj (.text:ADCTimerConfig)
                  2000b726    00000022                 : i2c.obj (.text:I2CMasterSlaveAddrSet)
                  2000b748    00000022                 : spi.obj (.text:SPIReset)
                  2000b76a    00000020                 : gpio.obj (.text:GPIOPinWrite)
                  2000b78a    00000020                 : spi.obj (.text:SPIDataGet)
                  2000b7aa    00000020     rtsv7M4_T_le_eabi.lib : memchr.c.obj (.text:memchr)
                  2000b7ca    0000001e     driverlib.a : i2c.obj (.text:I2CMasterIntStatusEx)
                  2000b7e8    0000001e                 : spi.obj (.text:SPIDataPut)
                  2000b806    0000001e                 : uart.obj (.text:UARTCharPut)
                  2000b824    0000001c                 : adc.obj (.text:ADCFIFOLvlGet)
                  2000b840    0000001c                 : pin.obj (.text:PinTypeI2C)
                  2000b85c    0000001c                 : uart.obj (.text:UARTCharGetNonBlocking)
                  2000b878    0000001c     rtsv7M4_T_le_eabi.lib : copy_zero_init.c.obj (.text:decompress:ZI:__TI_zero_init_nomemset:__TI_zero_init_nomemset)
                  2000b894    0000001c                           : memory.c.obj (.text:free_list_remove)
                  2000b8b0    0000001c                           : memccpy.c.obj (.text:memccpy)
                  2000b8cc    0000001a     driverlib.a : pin.obj (.text:PinTypeSPI)
                  2000b8e6    0000001a                 : pin.obj (.text:PinTypeUART)
                  2000b900    00000018                 : adc.obj (.text:ADCFIFORead)
                  2000b918    00000018                 : i2c.obj (.text:I2CMasterIntEnableEx)
                  2000b930    00000018                 : spi.obj (.text:SPICSDisable)
                  2000b948    00000018                 : spi.obj (.text:SPICSEnable)
                  2000b960    00000018                 : spi.obj (.text:SPIEnable)
                  2000b978    00000018                 : uart.obj (.text:UARTCharsAvail)
                  2000b990    00000018     rtsv7M4_T_le_eabi.lib : vsnprintf.c.obj (.text:_outc)
                  2000b9a8    00000018                           : sprintf.c.obj (.text:_outs)
                  2000b9c0    00000018                           : strcmp.c.obj (.text:strcmp)
                  2000b9d8    00000016     driverlib.a : adc.obj (.text:ADCTimerEnable)
                  2000b9ee    00000016                 : i2c.obj (.text:I2CMasterDataPut)
                  2000ba04    00000016                 : i2c.obj (.text:I2CMasterEnable)
                  2000ba1a    00000016                 : i2c.obj (.text:I2CMasterIntClear)
                  2000ba30    00000016                 : prcm.obj (.text:PRCMHIBRegRead)
                  2000ba46    00000016                 : prcm.obj (.text:PRCMHIBRegWrite)
                  2000ba5c    00000016     rtsv7M4_T_le_eabi.lib : strchr.c.obj (.text:strchr)
                  2000ba72    00000014     driverlib.a : adc.obj (.text:ADCEnable)
                  2000ba86    00000014                 : cpu.obj (.text:CPUcpsie)
                  2000ba9a    00000002     --HOLE-- [fill = 0]
                  2000ba9c    00000014                 : interrupt.obj (.text:IntVTableBaseSet)
                  2000bab0    00000014                 : pin.obj (.text:PinTypeADC)
                  2000bac4    00000014     rtsv7M4_T_le_eabi.lib : strcpy.c.obj (.text:strcpy)
                  2000bad8    00000014                           : strlen.c.obj (.text:strlen)
                  2000baec    00000012     driverlib.a : i2c.obj (.text:I2CMasterControl)
                  2000bafe    00000012                 : i2c.obj (.text:I2CMasterTimeoutSet)
                  2000bb10    00000012     rtsv7M4_T_le_eabi.lib : wcslen.c.obj (.text:wcslen)
                  2000bb22    0000000e     driverlib.a : i2c.obj (.text:I2CMasterDataGet)
                  2000bb30    0000000e     rtsv7M4_T_le_eabi.lib : copy_decompress_none.c.obj (.text:decompress:none:__TI_decompress_none)
                  2000bb3e    0000000e     startup_ccs.obj (.text)
                  2000bb4c    0000000c     rtsv7M4_T_le_eabi.lib : s_copysign.c.obj (.text:copysign)
                  2000bb58    0000000a     driverlib.a : interrupt.obj (.text:IntMasterEnable)
                  2000bb62    0000000a     rtsv7M4_T_le_eabi.lib : sprintf.c.obj (.text:_outc)
                  2000bb6c    00000008                           : errno.c.obj (.text:__aeabi_errno_addr)
                  2000bb74    00000008                           : memory.c.obj (.text:malloc)
                  2000bb7c    00000006     driverlib.a : utils.obj (.text:UtilsDelay)
                  2000bb82    00000004     rtsv7M4_T_le_eabi.lib : printf.c.obj (.text:_outc)
                  2000bb86    00000004                           : printf.c.obj (.text:_outs)
                  2000bb8a    00000004                           : pre_init.c.obj (.text:_system_pre_init)
                  2000bb8e    00000004                           : exit.c.obj (.text:abort:abort)

.const     0    2000bb98    000009b8     
                  2000bb98    000004fb     Adafruit_GFX.obj (.const:.string:font)
                  2000c093    00000005     --HOLE-- [fill = 0]
                  2000c098    00000158     rtsv7M4_T_le_eabi.lib : k_rem_pio2.c.obj (.const:$O1$$)
                  2000c1f0    00000101                           : ctype.c.obj (.const:.string:_ctypes_)
                  2000c2f1    00000003     --HOLE-- [fill = 0]
                  2000c2f4    00000100     driverlib.a : pin.obj (.const:g_ulPinToPadMap)
                  2000c3f4    000000a8                 : prcm.obj (.const:PRCM_PeriphRegsList)
                  2000c49c    00000004     --HOLE-- [fill = 0]
                  2000c4a0    00000098     rtsv7M4_T_le_eabi.lib : s_atan.c.obj (.const:$O1$$)
                  2000c538    00000018     driverlib.a : interrupt.obj (.const:g_pulEnRegs)

.cinit     0    2000c550    000000a0     
                  2000c550    0000007b     (.cinit..data.load) [load image, compression = lzss]
                  2000c5cb    00000001     --HOLE-- [fill = 0]
                  2000c5cc    0000000c     (__TI_handler_table)
                  2000c5d8    00000008     (.cinit..bss.load) [load image, compression = zero_init]
                  2000c5e0    00000010     (__TI_cinit_table)

.sysmem    0    20017000    00000800     UNINITIALIZED
                  20017000    00000010     rtsv7M4_T_le_eabi.lib : memory.c.obj (.sysmem)
                  20017010    000007f0     --HOLE--

.data      0    20017800    00000204     UNINITIALIZED
                  20017800    000000f0     rtsv7M4_T_le_eabi.lib : defs.c.obj (.data:_ftable)
                  200178f0    00000078                           : host_device.c.obj (.data:_device)
                  20017968    00000050                           : host_device.c.obj (.data:_stream)
                  200179b8    00000015     Adafruit_GFX.obj (.data)
                  200179cd    00000003     --HOLE--
                  200179d0    00000010     rtsv7M4_T_le_eabi.lib : defs.c.obj (.data)
                  200179e0    0000000c                           : exit.c.obj (.data:$O1$$)
                  200179ec    00000008                           : _lock.c.obj (.data:$O1$$)
                  200179f4    00000008                           : memory.c.obj (.data:$O1$$)
                  200179fc    00000004                           : errno.c.obj (.data)
                  20017a00    00000004                           : rand.c.obj (.data)

.bss       0    20017a04    000001cc     UNINITIALIZED
                  20017a04    00000120     rtsv7M4_T_le_eabi.lib : trgmsg.c.obj (.bss:_CIOBUF_)
                  20017b24    000000a0     (.common:__TI_tmpnams)
                  20017bc4    00000008     (.common:parmbuf)
                  20017bcc    00000004     uart_if.obj (.bss)

.stack     0    2002f800    00000800     UNINITIALIZED
                  2002f800    00000004     rtsv7M4_T_le_eabi.lib : boot_cortex_m.c.obj (.stack)
                  2002f804    000007fc     --HOLE--

__llvm_prf_cnts 
*          0    20017000    00000000     UNINITIALIZED

MODULE SUMMARY

       Module                       code    ro data   rw data
       ------                       ----    -------   -------
    .\
       game.obj                     1496    0         0      
       startup_ccs.obj              14      1024      0      
       scroll_pad.obj               816     0         0      
       dot_tracker.obj              728     0         0      
       i2c_if.obj                   672     0         0      
       uart_if.obj                  636     0         4      
       pin_mux_config.obj           280     0         0      
       main.obj                     152     0         0      
    +--+----------------------------+-------+---------+---------+
       Total:                       4794    1024      4      
                                                             
    .\oled\
       Adafruit_GFX.obj             2688    1275      21     
       Adafruit_OLED.obj            1158    0         0      
    +--+----------------------------+-------+---------+---------+
       Total:                       3846    1275      21     
                                                             
    C:/ti/CC3200SDK_1.5.0/cc3200-sdk/driverlib/ccs/Release/driverlib.a
       prcm.obj                     800     168       0      
       pin.obj                      348     256       0      
       i2c.obj                      380     0         0      
       spi.obj                      328     0         0      
       uart.obj                     284     0         0      
       adc.obj                      240     0         0      
       interrupt.obj                198     24        0      
       gpio.obj                     86      0         0      
       cpu.obj                      20      0         0      
       utils.obj                    6       0         0      
    +--+----------------------------+-------+---------+---------+
       Total:                       2690    448       0      
                                                             
    C:\ti\ccs1250\ccs\tools\compiler\ti-cgt-arm_20.2.7.LTS\lib\rtsv7M4_T_le_eabi.lib
       _printfi.c.obj               4835    0         0      
       k_rem_pio2.c.obj             1840    344       0      
       s_cos.c.obj                  1472    0         0      
       s_sin.c.obj                  1472    0         0      
       memory.c.obj                 900     0         8      
       s_atan.c.obj                 748     152       0      
       fd_add_t2.asm.obj            438     0         0      
       defs.c.obj                   0       0         416    
       ti_fmax.c.obj                412     0         0      
       trgmsg.c.obj                 108     0         288    
       k_sin.c.obj                  360     0         0      
       k_cos.c.obj                  352     0         0      
       fd_div_t2.asm.obj            310     0         0      
       fputs.c.obj                  276     0         0      
       fd_cmp_t2.asm.obj            268     0         0      
       ctype.c.obj                  0       257       0      
       fd_mul_t2.asm.obj            252     0         0      
       fs_add_t2.asm.obj            250     0         0      
       s_floor.c.obj                244     0         0      
       setvbuf.c.obj                220     0         0      
       s_scalbn.c.obj               208     0         0      
       host_device.c.obj            0       0         200    
       fs_cmp_t2.asm.obj            192     0         0      
       s_round.c.obj                176     0         0      
       memcpy_t2.asm.obj            156     0         0      
       ull_div_t2.asm.obj           150     0         0      
       fs_div_t2.asm.obj            146     0         0      
       fputc.c.obj                  140     0         0      
       vsnprintf.c.obj              136     0         0      
       fs_mul_t2.asm.obj            122     0         0      
       memset_t2.asm.obj            122     0         0      
       fclose.c.obj                 116     0         0      
       getdevice.c.obj              116     0         0      
       printf.c.obj                 112     0         0      
       fd_tos_t2.asm.obj            110     0         0      
       hostrename.c.obj             108     0         0      
       copy_decompress_lzss.c.obj   104     0         0      
       hostlseek.c.obj              104     0         0      
       hostopen.c.obj               96      0         8      
       fseek.c.obj                  100     0         0      
       _io_perm.c.obj               98      0         0      
       sprintf.c.obj                98      0         0      
       close.c.obj                  92      0         0      
       s_frexp.c.obj                92      0         0      
       exit.c.obj                   76      0         12     
       hostread.c.obj               88      0         0      
       hostwrite.c.obj              88      0         0      
       _ltoa.c.obj                  84      0         0      
       atoi.c.obj                   76      0         0      
       fflush.c.obj                 76      0         0      
       fd_toi_t2.asm.obj            72      0         0      
       autoinit.c.obj               68      0         0      
       hostclose.c.obj              68      0         0      
       hostunlink.c.obj             68      0         0      
       fs_tod_t2.asm.obj            56      0         0      
       fs_toi_t2.asm.obj            56      0         0      
       i_tofs_t2.asm.obj            56      0         0      
       rand.c.obj                   52      0         4      
       strncpy.c.obj                54      0         0      
       fopen.c.obj                  52      0         0      
       i_tofd_t2.asm.obj            46      0         0      
       unlink.c.obj                 44      0         0      
       lseek.c.obj                  40      0         0      
       memmov.c.obj                 40      0         0      
       write.c.obj                  40      0         0      
       boot_cortex_m.c.obj          36      0         0      
       u_tofs_t2.asm.obj            36      0         0      
       memchr.c.obj                 32      0         0      
       copy_zero_init.c.obj         28      0         0      
       memccpy.c.obj                28      0         0      
       strcmp.c.obj                 24      0         0      
       strchr.c.obj                 22      0         0      
       strcpy.c.obj                 20      0         0      
       strlen.c.obj                 20      0         0      
       wcslen.c.obj                 18      0         0      
       copy_decompress_none.c.obj   14      0         0      
       errno.c.obj                  8       0         4      
       s_copysign.c.obj             12      0         0      
       _lock.c.obj                  2       0         8      
       pre_init.c.obj               4       0         0      
       div0.asm.obj                 2       0         0      
    +--+----------------------------+-------+---------+---------+
       Total:                       19257   753       948    
                                                             
       Heap:                        0       0         2048   
       Stack:                       0       0         2048   
       Linker Generated:            0       159       0      
    +--+----------------------------+-------+---------+---------+
       Grand Total:                 30587   3659      5069   


LINKER GENERATED COPY TABLES

__TI_cinit_table @ 2000c5e0 records: 2, size/record: 8, table size: 16
	.data: load addr=2000c550, load size=0000007b bytes, run addr=20017800, run size=00000204 bytes, compression=lzss
	.bss: load addr=2000c5d8, load size=00000008 bytes, run addr=20017a04, run size=000001cc bytes, compression=zero_init


LINKER GENERATED HANDLER TABLE

__TI_handler_table @ 2000c5cc records: 3, size/record: 4, table size: 12
	index: 0, handler: __TI_decompress_lzss
	index: 1, handler: __TI_decompress_none
	index: 2, handler: __TI_zero_init


GLOBAL SYMBOLS: SORTED ALPHABETICALLY BY Name 

address   name                           
-------   ----                           
2000b205  ADCChannelDisable              
2000b23d  ADCChannelEnable               
2000ba73  ADCEnable                      
2000b825  ADCFIFOLvlGet                  
2000b901  ADCFIFORead                    
2000b705  ADCTimerConfig                 
2000b9d9  ADCTimerEnable                 
200071c7  Adafruit_Init                  
20006195  BattlePongGameBoxUpdate        
200060e3  BattlePongGameDrawGoalBox      
20006001  BattlePongGamePlay             
2000bb8f  C$$EXIT                        
2000b2a3  C$$IO$$                        
2000ba87  CPUcpsie                       
200081b5  ClearTerm                      
2000733d  Color565                       
20006209  CreateBattlePongGame           
20007e6f  CreateDotObject                
20006579  CreatePongBallObject           
200078a3  CreateScrollPadObject          
200081bf  Error                          
2000b355  GPIODirModeSet                 
2000b76b  GPIOPinWrite                   
200081f7  GetCmd                         
2000afb9  HOSTclose                      
2000a8b5  HOSTlseek                      
2000aab5  HOSTopen                       
2000ac8d  HOSTread                       
2000a849  HOSTrename                     
2000affd  HOSTunlink                     
2000ace5  HOSTwrite                      
2000baed  I2CMasterControl               
2000bb23  I2CMasterDataGet               
2000b9ef  I2CMasterDataPut               
2000ba05  I2CMasterEnable                
2000b54b  I2CMasterErr                   
2000a499  I2CMasterInitExpClk            
2000ba1b  I2CMasterIntClear              
2000b919  I2CMasterIntEnableEx           
2000b7cb  I2CMasterIntStatusEx           
2000b727  I2CMasterSlaveAddrSet          
2000baff  I2CMasterTimeoutSet            
2000815f  I2C_IF_Close                   
20008103  I2C_IF_Open                    
20008001  I2C_IF_Read                    
200080bd  I2C_IF_ReadFrom                
20007f51  I2C_IF_Write                   
20008175  InitTerm                       
20009e3d  IntEnable                      
2000bb59  IntMasterEnable                
2000ba9d  IntVTableBaseSet               
20008193  Message                        
20004dab  Outstr                         
200089dd  PRCMCC3200MCUInit              
2000ba31  PRCMHIBRegRead                 
2000ba47  PRCMHIBRegWrite                
2000b5d1  PRCMPeripheralClkDisable       
2000b1c9  PRCMPeripheralClkEnable        
2000a151  PRCMPeripheralClockGet         
2000ad3d  PRCMPeripheralReset            
2000b579  PRCMSysResetCauseGet           
2000a305  PinConfigSet                   
2000b0c9  PinModeSet                     
200091b1  PinMuxConfig                   
2000bab1  PinTypeADC                     
2000b45d  PinTypeGPIO                    
2000b841  PinTypeI2C                     
2000b8cd  PinTypeSPI                     
2000b8e7  PinTypeUART                    
20006461  PongBallPadBounceMechanic      
200062b1  PongBallUpdate                 
20008335  Report                         
2000bb3f  ResetISR                       
2000b931  SPICSDisable                   
2000b949  SPICSEnable                    
20009ee5  SPIConfigSetExpClk             
2000b78b  SPIDataGet                     
2000b7e9  SPIDataPut                     
2000b961  SPIEnable                      
2000b749  SPIReset                       
20007845  ScrollPadDraw                  
20007721  ScrollPadUpdate                
2000829d  TrimSpace                      
2000b85d  UARTCharGetNonBlocking         
2000b807  UARTCharPut                    
2000b979  UARTCharsAvail                 
2000a611  UARTConfigSetExpClk            
2000b48d  UARTDisable                    
2000b699  UARTEnable                     
2000bb7d  UtilsDelay                     
20017a04  __CIOBUF_                      
20030000  __STACK_END                    
00000800  __STACK_SIZE                   
00000800  __SYSMEM_SIZE                  
2000c5e0  __TI_CINIT_Base                
2000c5f0  __TI_CINIT_Limit               
2000c5cc  __TI_Handler_Table_Base        
2000c5d8  __TI_Handler_Table_Limit       
2000b041  __TI_auto_init_nobinit_nopinit 
2000b3c1  __TI_cleanup                   
200179e0  __TI_cleanup_ptr               
2000a689  __TI_closefile                 
2000a91d  __TI_decompress_lzss           
2000bb31  __TI_decompress_none           
2000ae91  __TI_doflush                   
200179e4  __TI_dtors_ptr                 
200179e8  __TI_enable_exit_profile_output
200179d0  __TI_ft_end                    
2000adeb  __TI_ltoa                      
ffffffff  __TI_pprof_out_hndl            
20004e81  __TI_printfi                   
ffffffff  __TI_prof_data_size            
ffffffff  __TI_prof_data_start           
2000b3f5  __TI_readmsg                   
2000c550  __TI_static_base__             
20017b24  __TI_tmpnams                   
2000b275  __TI_writemsg                  
2000aa51  __TI_wrt_ok                    
2000b879  __TI_zero_init_nomemset        
2000a38d  __aeabi_cdcmpeq                
2000a38d  __aeabi_cdcmple                
2000a413  __aeabi_cdrcmple               
2000ab15  __aeabi_cfcmpeq                
2000ab15  __aeabi_cfcmple                
2000ab75  __aeabi_cfrcmple               
2000a7db  __aeabi_d2f                    
2000af71  __aeabi_d2iz                   
2000882f  __aeabi_dadd                   
20008f59  __aeabi_ddiv                   
200094dd  __aeabi_dmul                   
20008825  __aeabi_dsub                   
2000bb6d  __aeabi_errno_addr             
2000b2ad  __aeabi_f2d                    
2000b2e5  __aeabi_f2iz                   
200095dd  __aeabi_fadd                   
2000a1e5  __aeabi_fdiv                   
2000a51d  __aeabi_fmul                   
200095d9  __aeabi_fsub                   
2000b51d  __aeabi_i2d                    
2000b31d  __aeabi_i2f                    
200075df  __aeabi_idiv0                  
200075df  __aeabi_ldiv0                  
2000a597  __aeabi_memclr                 
2000a597  __aeabi_memclr4                
2000a597  __aeabi_memclr8                
20009f85  __aeabi_memcpy                 
20009f85  __aeabi_memcpy4                
20009f85  __aeabi_memcpy8                
2000a599  __aeabi_memset                 
2000a599  __aeabi_memset4                
2000a599  __aeabi_memset8                
200179dc  __aeabi_stderr                 
200179d4  __aeabi_stdin                  
200179d8  __aeabi_stdout                 
2000b6e1  __aeabi_ui2f                   
2000a0b9  __aeabi_uldivmod               
ffffffff  __binit__                      
ffffffff  __c_args__                     
20008cbd  __kernel_cos                   
200058d1  __kernel_rem_pio2              
20008b55  __kernel_sin                   
UNDEFED   __mpu_init                     
2002f800  __stack                        
20017000  __start___llvm_prf_cnts        
20017000  __stop___llvm_prf_cnts         
2000b6bd  _c_int00_noargs                
2000c1f0  _ctypes_                       
200178f0  _device                        
20017800  _ftable                        
200179ec  _lock                          
200058cf  _nop                           
20017968  _stream                        
20017000  _sys_memory                    
UNDEFED   _system_post_cinit             
2000bb8b  _system_pre_init               
200179f0  _unlock                        
2000bb8f  abort                          
200093dd  aligned_alloc                  
20007911  atan                           
20007911  atanl                          
2000aedd  atoi                           
20007c5b  ballUpdate                     
ffffffff  binit                          
2000abd5  close                          
2000bb4d  copysign                       
2000bb4d  copysignl                      
200065d9  cos                            
200065d9  cosl                           
200179b8  cursor_x                       
200179bc  cursor_y                       
20004c5f  drawChar                       
20004401  drawCircle                     
20004535  drawCircleHelper               
200074e9  drawFastHLine                  
2000744d  drawFastVLine                  
2000477b  drawLine                       
20007585  drawPixel                      
20004867  drawRect                       
200048b5  drawRoundRect                  
20004a1d  drawTriangle                   
200179fc  errno                          
2000af29  exit                           
20004653  fillCircle                     
2000468d  fillCircleHelper               
20007395  fillRect                       
200049a3  fillRoundRect                  
2000737f  fillScreen                     
20004a5f  fillTriangle                   
2000b4ed  finddevice                     
200096d5  floor                          
200096d5  floorl                         
20009c0d  fmax                           
20009c0d  fmaxl                          
20009a6d  fmin                           
20009a6d  fminl                          
2000a279  fputc                          
200092c9  fputs                          
200097c9  free                           
2000ac31  frexp                          
2000ac31  frexpl                         
2000a9ed  fseek                          
20004000  g_pfnVectors                   
2000b085  getdevice                      
200072f9  goTo                           
20007bfd  grabAccelerometerData          
20004e5f  height                         
200075c3  invert                         
20009b3d  ldexp                          
20009b3d  ldexpl                         
2000b621  lseek                          
2000a071  main                           
2000bb75  malloc                         
200093dd  memalign                       
2000b8b1  memccpy                        
2000b7ab  memchr                         
20009f85  memcpy                         
2000b649  memmove                        
2000a59f  memset                         
20017bc4  parmbuf                        
2000a985  printf                         
2000a279  putc                           
2000b429  rand                           
200075e1  readJoyStickADC                
200098ad  realloc                        
2000b5a5  remove                         
20009d8d  round                          
20009d8d  roundl                         
20009b3d  scalbn                         
20009b3d  scalbnl                        
20004df7  setCursor                      
20004e2f  setTextColor                   
20004e0f  setTextSize                    
20004e47  setTextWrap                    
20009991  setvbuf                        
20006b99  sin                            
20006b99  sinl                           
2000b109  sprintf                        
2000ba5d  strchr                         
2000b9c1  strcmp                         
2000bac5  strcpy                         
2000bad9  strlen                         
2000b38b  strncpy                        
200179c8  textbgcolor                    
200179c4  textcolor                      
200179c0  textsize                       
2000b5a5  unlink                         
2000b149  vsnprintf                      
2000bb11  wcslen                         
20004e5b  width                          
200179cc  wrap                           
2000b671  write                          
200071a3  writeCommand                   
200071b5  writeData                      
20007159  writeToOled                    


GLOBAL SYMBOLS: SORTED BY Symbol Address 

address   name                           
-------   ----                           
00000800  __STACK_SIZE                   
00000800  __SYSMEM_SIZE                  
20004000  g_pfnVectors                   
20004401  drawCircle                     
20004535  drawCircleHelper               
20004653  fillCircle                     
2000468d  fillCircleHelper               
2000477b  drawLine                       
20004867  drawRect                       
200048b5  drawRoundRect                  
200049a3  fillRoundRect                  
20004a1d  drawTriangle                   
20004a5f  fillTriangle                   
20004c5f  drawChar                       
20004dab  Outstr                         
20004df7  setCursor                      
20004e0f  setTextSize                    
20004e2f  setTextColor                   
20004e47  setTextWrap                    
20004e5b  width                          
20004e5f  height                         
20004e81  __TI_printfi                   
200058cf  _nop                           
200058d1  __kernel_rem_pio2              
20006001  BattlePongGamePlay             
200060e3  BattlePongGameDrawGoalBox      
20006195  BattlePongGameBoxUpdate        
20006209  CreateBattlePongGame           
200062b1  PongBallUpdate                 
20006461  PongBallPadBounceMechanic      
20006579  CreatePongBallObject           
200065d9  cos                            
200065d9  cosl                           
20006b99  sin                            
20006b99  sinl                           
20007159  writeToOled                    
200071a3  writeCommand                   
200071b5  writeData                      
200071c7  Adafruit_Init                  
200072f9  goTo                           
2000733d  Color565                       
2000737f  fillScreen                     
20007395  fillRect                       
2000744d  drawFastVLine                  
200074e9  drawFastHLine                  
20007585  drawPixel                      
200075c3  invert                         
200075df  __aeabi_idiv0                  
200075df  __aeabi_ldiv0                  
200075e1  readJoyStickADC                
20007721  ScrollPadUpdate                
20007845  ScrollPadDraw                  
200078a3  CreateScrollPadObject          
20007911  atan                           
20007911  atanl                          
20007bfd  grabAccelerometerData          
20007c5b  ballUpdate                     
20007e6f  CreateDotObject                
20007f51  I2C_IF_Write                   
20008001  I2C_IF_Read                    
200080bd  I2C_IF_ReadFrom                
20008103  I2C_IF_Open                    
2000815f  I2C_IF_Close                   
20008175  InitTerm                       
20008193  Message                        
200081b5  ClearTerm                      
200081bf  Error                          
200081f7  GetCmd                         
2000829d  TrimSpace                      
20008335  Report                         
20008825  __aeabi_dsub                   
2000882f  __aeabi_dadd                   
200089dd  PRCMCC3200MCUInit              
20008b55  __kernel_sin                   
20008cbd  __kernel_cos                   
20008f59  __aeabi_ddiv                   
200091b1  PinMuxConfig                   
200092c9  fputs                          
200093dd  aligned_alloc                  
200093dd  memalign                       
200094dd  __aeabi_dmul                   
200095d9  __aeabi_fsub                   
200095dd  __aeabi_fadd                   
200096d5  floor                          
200096d5  floorl                         
200097c9  free                           
200098ad  realloc                        
20009991  setvbuf                        
20009a6d  fmin                           
20009a6d  fminl                          
20009b3d  ldexp                          
20009b3d  ldexpl                         
20009b3d  scalbn                         
20009b3d  scalbnl                        
20009c0d  fmax                           
20009c0d  fmaxl                          
20009d8d  round                          
20009d8d  roundl                         
20009e3d  IntEnable                      
20009ee5  SPIConfigSetExpClk             
20009f85  __aeabi_memcpy                 
20009f85  __aeabi_memcpy4                
20009f85  __aeabi_memcpy8                
20009f85  memcpy                         
2000a071  main                           
2000a0b9  __aeabi_uldivmod               
2000a151  PRCMPeripheralClockGet         
2000a1e5  __aeabi_fdiv                   
2000a279  fputc                          
2000a279  putc                           
2000a305  PinConfigSet                   
2000a38d  __aeabi_cdcmpeq                
2000a38d  __aeabi_cdcmple                
2000a413  __aeabi_cdrcmple               
2000a499  I2CMasterInitExpClk            
2000a51d  __aeabi_fmul                   
2000a597  __aeabi_memclr                 
2000a597  __aeabi_memclr4                
2000a597  __aeabi_memclr8                
2000a599  __aeabi_memset                 
2000a599  __aeabi_memset4                
2000a599  __aeabi_memset8                
2000a59f  memset                         
2000a611  UARTConfigSetExpClk            
2000a689  __TI_closefile                 
2000a7db  __aeabi_d2f                    
2000a849  HOSTrename                     
2000a8b5  HOSTlseek                      
2000a91d  __TI_decompress_lzss           
2000a985  printf                         
2000a9ed  fseek                          
2000aa51  __TI_wrt_ok                    
2000aab5  HOSTopen                       
2000ab15  __aeabi_cfcmpeq                
2000ab15  __aeabi_cfcmple                
2000ab75  __aeabi_cfrcmple               
2000abd5  close                          
2000ac31  frexp                          
2000ac31  frexpl                         
2000ac8d  HOSTread                       
2000ace5  HOSTwrite                      
2000ad3d  PRCMPeripheralReset            
2000adeb  __TI_ltoa                      
2000ae91  __TI_doflush                   
2000aedd  atoi                           
2000af29  exit                           
2000af71  __aeabi_d2iz                   
2000afb9  HOSTclose                      
2000affd  HOSTunlink                     
2000b041  __TI_auto_init_nobinit_nopinit 
2000b085  getdevice                      
2000b0c9  PinModeSet                     
2000b109  sprintf                        
2000b149  vsnprintf                      
2000b1c9  PRCMPeripheralClkEnable        
2000b205  ADCChannelDisable              
2000b23d  ADCChannelEnable               
2000b275  __TI_writemsg                  
2000b2a3  C$$IO$$                        
2000b2ad  __aeabi_f2d                    
2000b2e5  __aeabi_f2iz                   
2000b31d  __aeabi_i2f                    
2000b355  GPIODirModeSet                 
2000b38b  strncpy                        
2000b3c1  __TI_cleanup                   
2000b3f5  __TI_readmsg                   
2000b429  rand                           
2000b45d  PinTypeGPIO                    
2000b48d  UARTDisable                    
2000b4ed  finddevice                     
2000b51d  __aeabi_i2d                    
2000b54b  I2CMasterErr                   
2000b579  PRCMSysResetCauseGet           
2000b5a5  remove                         
2000b5a5  unlink                         
2000b5d1  PRCMPeripheralClkDisable       
2000b621  lseek                          
2000b649  memmove                        
2000b671  write                          
2000b699  UARTEnable                     
2000b6bd  _c_int00_noargs                
2000b6e1  __aeabi_ui2f                   
2000b705  ADCTimerConfig                 
2000b727  I2CMasterSlaveAddrSet          
2000b749  SPIReset                       
2000b76b  GPIOPinWrite                   
2000b78b  SPIDataGet                     
2000b7ab  memchr                         
2000b7cb  I2CMasterIntStatusEx           
2000b7e9  SPIDataPut                     
2000b807  UARTCharPut                    
2000b825  ADCFIFOLvlGet                  
2000b841  PinTypeI2C                     
2000b85d  UARTCharGetNonBlocking         
2000b879  __TI_zero_init_nomemset        
2000b8b1  memccpy                        
2000b8cd  PinTypeSPI                     
2000b8e7  PinTypeUART                    
2000b901  ADCFIFORead                    
2000b919  I2CMasterIntEnableEx           
2000b931  SPICSDisable                   
2000b949  SPICSEnable                    
2000b961  SPIEnable                      
2000b979  UARTCharsAvail                 
2000b9c1  strcmp                         
2000b9d9  ADCTimerEnable                 
2000b9ef  I2CMasterDataPut               
2000ba05  I2CMasterEnable                
2000ba1b  I2CMasterIntClear              
2000ba31  PRCMHIBRegRead                 
2000ba47  PRCMHIBRegWrite                
2000ba5d  strchr                         
2000ba73  ADCEnable                      
2000ba87  CPUcpsie                       
2000ba9d  IntVTableBaseSet               
2000bab1  PinTypeADC                     
2000bac5  strcpy                         
2000bad9  strlen                         
2000baed  I2CMasterControl               
2000baff  I2CMasterTimeoutSet            
2000bb11  wcslen                         
2000bb23  I2CMasterDataGet               
2000bb31  __TI_decompress_none           
2000bb3f  ResetISR                       
2000bb4d  copysign                       
2000bb4d  copysignl                      
2000bb59  IntMasterEnable                
2000bb6d  __aeabi_errno_addr             
2000bb75  malloc                         
2000bb7d  UtilsDelay                     
2000bb8b  _system_pre_init               
2000bb8f  C$$EXIT                        
2000bb8f  abort                          
2000c1f0  _ctypes_                       
2000c550  __TI_static_base__             
2000c5cc  __TI_Handler_Table_Base        
2000c5d8  __TI_Handler_Table_Limit       
2000c5e0  __TI_CINIT_Base                
2000c5f0  __TI_CINIT_Limit               
20017000  __start___llvm_prf_cnts        
20017000  __stop___llvm_prf_cnts         
20017000  _sys_memory                    
20017800  _ftable                        
200178f0  _device                        
20017968  _stream                        
200179b8  cursor_x                       
200179bc  cursor_y                       
200179c0  textsize                       
200179c4  textcolor                      
200179c8  textbgcolor                    
200179cc  wrap                           
200179d0  __TI_ft_end                    
200179d4  __aeabi_stdin                  
200179d8  __aeabi_stdout                 
200179dc  __aeabi_stderr                 
200179e0  __TI_cleanup_ptr               
200179e4  __TI_dtors_ptr                 
200179e8  __TI_enable_exit_profile_output
200179ec  _lock                          
200179f0  _unlock                        
200179fc  errno                          
20017a04  __CIOBUF_                      
20017b24  __TI_tmpnams                   
20017bc4  parmbuf                        
2002f800  __stack                        
20030000  __STACK_END                    
ffffffff  __TI_pprof_out_hndl            
ffffffff  __TI_prof_data_size            
ffffffff  __TI_prof_data_start           
ffffffff  __binit__                      
ffffffff  __c_args__                     
ffffffff  binit                          
UNDEFED   __mpu_init                     
UNDEFED   _system_post_cinit             

[274 symbols]
