<?xml version="1.0" encoding="ISO-8859-1" ?>
<link_info>
   <banner>TI ARM Linker PC v20.2.7.LTS</banner>
   <copyright>Copyright (c) 1996-2018 Texas Instruments Incorporated</copyright>
   <link_time>0x67c8e138</link_time>
   <link_errors>0x0</link_errors>
   <output_file>Battle-Pong.out</output_file>
   <entry_point>
      <name>_c_int00_noargs</name>
      <address>0x2000b6bd</address>
   </entry_point>
   <input_file_list>
      <input_file id="fl-2">
         <path>.\</path>
         <kind>object</kind>
         <file>dot_tracker.obj</file>
         <name>dot_tracker.obj</name>
      </input_file>
      <input_file id="fl-3">
         <path>.\</path>
         <kind>object</kind>
         <file>game.obj</file>
         <name>game.obj</name>
      </input_file>
      <input_file id="fl-4">
         <path>.\</path>
         <kind>object</kind>
         <file>i2c_if.obj</file>
         <name>i2c_if.obj</name>
      </input_file>
      <input_file id="fl-5">
         <path>.\</path>
         <kind>object</kind>
         <file>main.obj</file>
         <name>main.obj</name>
      </input_file>
      <input_file id="fl-6">
         <path>.\</path>
         <kind>object</kind>
         <file>pin_mux_config.obj</file>
         <name>pin_mux_config.obj</name>
      </input_file>
      <input_file id="fl-7">
         <path>.\</path>
         <kind>object</kind>
         <file>scroll_pad.obj</file>
         <name>scroll_pad.obj</name>
      </input_file>
      <input_file id="fl-8">
         <path>.\</path>
         <kind>object</kind>
         <file>startup_ccs.obj</file>
         <name>startup_ccs.obj</name>
      </input_file>
      <input_file id="fl-9">
         <path>.\</path>
         <kind>object</kind>
         <file>uart_if.obj</file>
         <name>uart_if.obj</name>
      </input_file>
      <input_file id="fl-a">
         <path>.\oled\</path>
         <kind>object</kind>
         <file>Adafruit_GFX.obj</file>
         <name>Adafruit_GFX.obj</name>
      </input_file>
      <input_file id="fl-b">
         <path>.\oled\</path>
         <kind>object</kind>
         <file>Adafruit_OLED.obj</file>
         <name>Adafruit_OLED.obj</name>
      </input_file>
      <input_file id="fl-c">
         <path>.\oled\</path>
         <kind>object</kind>
         <file>oled_test.obj</file>
         <name>oled_test.obj</name>
      </input_file>
      <input_file id="fl-11">
         <kind>object</kind>
         <file>&lt;internal&gt;</file>
         <name>&lt;internal&gt;</name>
      </input_file>
      <input_file id="fl-12">
         <path>C:\ti\CC3200SDK_1.5.0\cc3200-sdk\driverlib\ccs\Release\</path>
         <kind>archive</kind>
         <file>driverlib.a</file>
         <name>adc.obj</name>
      </input_file>
      <input_file id="fl-13">
         <path>C:\ti\CC3200SDK_1.5.0\cc3200-sdk\driverlib\ccs\Release\</path>
         <kind>archive</kind>
         <file>driverlib.a</file>
         <name>gpio.obj</name>
      </input_file>
      <input_file id="fl-14">
         <path>C:\ti\CC3200SDK_1.5.0\cc3200-sdk\driverlib\ccs\Release\</path>
         <kind>archive</kind>
         <file>driverlib.a</file>
         <name>i2c.obj</name>
      </input_file>
      <input_file id="fl-15">
         <path>C:\ti\CC3200SDK_1.5.0\cc3200-sdk\driverlib\ccs\Release\</path>
         <kind>archive</kind>
         <file>driverlib.a</file>
         <name>interrupt.obj</name>
      </input_file>
      <input_file id="fl-16">
         <path>C:\ti\CC3200SDK_1.5.0\cc3200-sdk\driverlib\ccs\Release\</path>
         <kind>archive</kind>
         <file>driverlib.a</file>
         <name>pin.obj</name>
      </input_file>
      <input_file id="fl-17">
         <path>C:\ti\CC3200SDK_1.5.0\cc3200-sdk\driverlib\ccs\Release\</path>
         <kind>archive</kind>
         <file>driverlib.a</file>
         <name>prcm.obj</name>
      </input_file>
      <input_file id="fl-18">
         <path>C:\ti\CC3200SDK_1.5.0\cc3200-sdk\driverlib\ccs\Release\</path>
         <kind>archive</kind>
         <file>driverlib.a</file>
         <name>spi.obj</name>
      </input_file>
      <input_file id="fl-19">
         <path>C:\ti\CC3200SDK_1.5.0\cc3200-sdk\driverlib\ccs\Release\</path>
         <kind>archive</kind>
         <file>driverlib.a</file>
         <name>uart.obj</name>
      </input_file>
      <input_file id="fl-1a">
         <path>C:\ti\CC3200SDK_1.5.0\cc3200-sdk\driverlib\ccs\Release\</path>
         <kind>archive</kind>
         <file>driverlib.a</file>
         <name>utils.obj</name>
      </input_file>
      <input_file id="fl-1b">
         <path>C:\ti\CC3200SDK_1.5.0\cc3200-sdk\driverlib\ccs\Release\</path>
         <kind>archive</kind>
         <file>driverlib.a</file>
         <name>cpu.obj</name>
      </input_file>
      <input_file id="fl-1c">
         <path>C:\ti\CC3200SDK_1.5.0\cc3200-sdk\driverlib\ccs\Release\</path>
         <kind>archive</kind>
         <file>driverlib.a</file>
         <name>flash.obj</name>
      </input_file>
      <input_file id="fl-d2">
         <path>C:\ti\ccs1250\ccs\tools\compiler\ti-cgt-arm_20.2.7.LTS\lib\</path>
         <kind>archive</kind>
         <file>rtsv7M4_T_le_eabi.lib</file>
         <name>s_atan.c.obj</name>
      </input_file>
      <input_file id="fl-d3">
         <path>C:\ti\ccs1250\ccs\tools\compiler\ti-cgt-arm_20.2.7.LTS\lib\</path>
         <kind>archive</kind>
         <file>rtsv7M4_T_le_eabi.lib</file>
         <name>s_cos.c.obj</name>
      </input_file>
      <input_file id="fl-d4">
         <path>C:\ti\ccs1250\ccs\tools\compiler\ti-cgt-arm_20.2.7.LTS\lib\</path>
         <kind>archive</kind>
         <file>rtsv7M4_T_le_eabi.lib</file>
         <name>s_round.c.obj</name>
      </input_file>
      <input_file id="fl-d5">
         <path>C:\ti\ccs1250\ccs\tools\compiler\ti-cgt-arm_20.2.7.LTS\lib\</path>
         <kind>archive</kind>
         <file>rtsv7M4_T_le_eabi.lib</file>
         <name>s_sin.c.obj</name>
      </input_file>
      <input_file id="fl-d6">
         <path>C:\ti\ccs1250\ccs\tools\compiler\ti-cgt-arm_20.2.7.LTS\lib\</path>
         <kind>archive</kind>
         <file>rtsv7M4_T_le_eabi.lib</file>
         <name>ti_fmax.c.obj</name>
      </input_file>
      <input_file id="fl-d7">
         <path>C:\ti\ccs1250\ccs\tools\compiler\ti-cgt-arm_20.2.7.LTS\lib\</path>
         <kind>archive</kind>
         <file>rtsv7M4_T_le_eabi.lib</file>
         <name>printf.c.obj</name>
      </input_file>
      <input_file id="fl-d8">
         <path>C:\ti\ccs1250\ccs\tools\compiler\ti-cgt-arm_20.2.7.LTS\lib\</path>
         <kind>archive</kind>
         <file>rtsv7M4_T_le_eabi.lib</file>
         <name>_printfi.c.obj</name>
      </input_file>
      <input_file id="fl-d9">
         <path>C:\ti\ccs1250\ccs\tools\compiler\ti-cgt-arm_20.2.7.LTS\lib\</path>
         <kind>archive</kind>
         <file>rtsv7M4_T_le_eabi.lib</file>
         <name>sprintf.c.obj</name>
      </input_file>
      <input_file id="fl-da">
         <path>C:\ti\ccs1250\ccs\tools\compiler\ti-cgt-arm_20.2.7.LTS\lib\</path>
         <kind>archive</kind>
         <file>rtsv7M4_T_le_eabi.lib</file>
         <name>vsnprintf.c.obj</name>
      </input_file>
      <input_file id="fl-db">
         <path>C:\ti\ccs1250\ccs\tools\compiler\ti-cgt-arm_20.2.7.LTS\lib\</path>
         <kind>archive</kind>
         <file>rtsv7M4_T_le_eabi.lib</file>
         <name>fputc.c.obj</name>
      </input_file>
      <input_file id="fl-dc">
         <path>C:\ti\ccs1250\ccs\tools\compiler\ti-cgt-arm_20.2.7.LTS\lib\</path>
         <kind>archive</kind>
         <file>rtsv7M4_T_le_eabi.lib</file>
         <name>fputs.c.obj</name>
      </input_file>
      <input_file id="fl-dd">
         <path>C:\ti\ccs1250\ccs\tools\compiler\ti-cgt-arm_20.2.7.LTS\lib\</path>
         <kind>archive</kind>
         <file>rtsv7M4_T_le_eabi.lib</file>
         <name>_io_perm.c.obj</name>
      </input_file>
      <input_file id="fl-de">
         <path>C:\ti\ccs1250\ccs\tools\compiler\ti-cgt-arm_20.2.7.LTS\lib\</path>
         <kind>archive</kind>
         <file>rtsv7M4_T_le_eabi.lib</file>
         <name>setvbuf.c.obj</name>
      </input_file>
      <input_file id="fl-df">
         <path>C:\ti\ccs1250\ccs\tools\compiler\ti-cgt-arm_20.2.7.LTS\lib\</path>
         <kind>archive</kind>
         <file>rtsv7M4_T_le_eabi.lib</file>
         <name>fd_add_t2.asm.obj</name>
      </input_file>
      <input_file id="fl-e0">
         <path>C:\ti\ccs1250\ccs\tools\compiler\ti-cgt-arm_20.2.7.LTS\lib\</path>
         <kind>archive</kind>
         <file>rtsv7M4_T_le_eabi.lib</file>
         <name>fd_cmp_t2.asm.obj</name>
      </input_file>
      <input_file id="fl-e1">
         <path>C:\ti\ccs1250\ccs\tools\compiler\ti-cgt-arm_20.2.7.LTS\lib\</path>
         <kind>archive</kind>
         <file>rtsv7M4_T_le_eabi.lib</file>
         <name>fd_div_t2.asm.obj</name>
      </input_file>
      <input_file id="fl-e2">
         <path>C:\ti\ccs1250\ccs\tools\compiler\ti-cgt-arm_20.2.7.LTS\lib\</path>
         <kind>archive</kind>
         <file>rtsv7M4_T_le_eabi.lib</file>
         <name>fd_mul_t2.asm.obj</name>
      </input_file>
      <input_file id="fl-e3">
         <path>C:\ti\ccs1250\ccs\tools\compiler\ti-cgt-arm_20.2.7.LTS\lib\</path>
         <kind>archive</kind>
         <file>rtsv7M4_T_le_eabi.lib</file>
         <name>fd_toi_t2.asm.obj</name>
      </input_file>
      <input_file id="fl-e4">
         <path>C:\ti\ccs1250\ccs\tools\compiler\ti-cgt-arm_20.2.7.LTS\lib\</path>
         <kind>archive</kind>
         <file>rtsv7M4_T_le_eabi.lib</file>
         <name>fd_tos_t2.asm.obj</name>
      </input_file>
      <input_file id="fl-e5">
         <path>C:\ti\ccs1250\ccs\tools\compiler\ti-cgt-arm_20.2.7.LTS\lib\</path>
         <kind>archive</kind>
         <file>rtsv7M4_T_le_eabi.lib</file>
         <name>fs_add_t2.asm.obj</name>
      </input_file>
      <input_file id="fl-e6">
         <path>C:\ti\ccs1250\ccs\tools\compiler\ti-cgt-arm_20.2.7.LTS\lib\</path>
         <kind>archive</kind>
         <file>rtsv7M4_T_le_eabi.lib</file>
         <name>fs_cmp_t2.asm.obj</name>
      </input_file>
      <input_file id="fl-e7">
         <path>C:\ti\ccs1250\ccs\tools\compiler\ti-cgt-arm_20.2.7.LTS\lib\</path>
         <kind>archive</kind>
         <file>rtsv7M4_T_le_eabi.lib</file>
         <name>fs_div_t2.asm.obj</name>
      </input_file>
      <input_file id="fl-e8">
         <path>C:\ti\ccs1250\ccs\tools\compiler\ti-cgt-arm_20.2.7.LTS\lib\</path>
         <kind>archive</kind>
         <file>rtsv7M4_T_le_eabi.lib</file>
         <name>fs_mul_t2.asm.obj</name>
      </input_file>
      <input_file id="fl-e9">
         <path>C:\ti\ccs1250\ccs\tools\compiler\ti-cgt-arm_20.2.7.LTS\lib\</path>
         <kind>archive</kind>
         <file>rtsv7M4_T_le_eabi.lib</file>
         <name>fs_tod_t2.asm.obj</name>
      </input_file>
      <input_file id="fl-ea">
         <path>C:\ti\ccs1250\ccs\tools\compiler\ti-cgt-arm_20.2.7.LTS\lib\</path>
         <kind>archive</kind>
         <file>rtsv7M4_T_le_eabi.lib</file>
         <name>fs_toi_t2.asm.obj</name>
      </input_file>
      <input_file id="fl-eb">
         <path>C:\ti\ccs1250\ccs\tools\compiler\ti-cgt-arm_20.2.7.LTS\lib\</path>
         <kind>archive</kind>
         <file>rtsv7M4_T_le_eabi.lib</file>
         <name>i_tofd_t2.asm.obj</name>
      </input_file>
      <input_file id="fl-ec">
         <path>C:\ti\ccs1250\ccs\tools\compiler\ti-cgt-arm_20.2.7.LTS\lib\</path>
         <kind>archive</kind>
         <file>rtsv7M4_T_le_eabi.lib</file>
         <name>i_tofs_t2.asm.obj</name>
      </input_file>
      <input_file id="fl-ed">
         <path>C:\ti\ccs1250\ccs\tools\compiler\ti-cgt-arm_20.2.7.LTS\lib\</path>
         <kind>archive</kind>
         <file>rtsv7M4_T_le_eabi.lib</file>
         <name>memcpy_t2.asm.obj</name>
      </input_file>
      <input_file id="fl-ee">
         <path>C:\ti\ccs1250\ccs\tools\compiler\ti-cgt-arm_20.2.7.LTS\lib\</path>
         <kind>archive</kind>
         <file>rtsv7M4_T_le_eabi.lib</file>
         <name>u_tofs_t2.asm.obj</name>
      </input_file>
      <input_file id="fl-ef">
         <path>C:\ti\ccs1250\ccs\tools\compiler\ti-cgt-arm_20.2.7.LTS\lib\</path>
         <kind>archive</kind>
         <file>rtsv7M4_T_le_eabi.lib</file>
         <name>memset_t2.asm.obj</name>
      </input_file>
      <input_file id="fl-f0">
         <path>C:\ti\ccs1250\ccs\tools\compiler\ti-cgt-arm_20.2.7.LTS\lib\</path>
         <kind>archive</kind>
         <file>rtsv7M4_T_le_eabi.lib</file>
         <name>ull_div_t2.asm.obj</name>
      </input_file>
      <input_file id="fl-f1">
         <path>C:\ti\ccs1250\ccs\tools\compiler\ti-cgt-arm_20.2.7.LTS\lib\</path>
         <kind>archive</kind>
         <file>rtsv7M4_T_le_eabi.lib</file>
         <name>copy_zero_init.c.obj</name>
      </input_file>
      <input_file id="fl-f2">
         <path>C:\ti\ccs1250\ccs\tools\compiler\ti-cgt-arm_20.2.7.LTS\lib\</path>
         <kind>archive</kind>
         <file>rtsv7M4_T_le_eabi.lib</file>
         <name>copy_decompress_none.c.obj</name>
      </input_file>
      <input_file id="fl-f3">
         <path>C:\ti\ccs1250\ccs\tools\compiler\ti-cgt-arm_20.2.7.LTS\lib\</path>
         <kind>archive</kind>
         <file>rtsv7M4_T_le_eabi.lib</file>
         <name>copy_decompress_lzss.c.obj</name>
      </input_file>
      <input_file id="fl-f4">
         <path>C:\ti\ccs1250\ccs\tools\compiler\ti-cgt-arm_20.2.7.LTS\lib\</path>
         <kind>archive</kind>
         <file>rtsv7M4_T_le_eabi.lib</file>
         <name>exit.c.obj</name>
      </input_file>
      <input_file id="fl-f5">
         <path>C:\ti\ccs1250\ccs\tools\compiler\ti-cgt-arm_20.2.7.LTS\lib\</path>
         <kind>archive</kind>
         <file>rtsv7M4_T_le_eabi.lib</file>
         <name>_lock.c.obj</name>
      </input_file>
      <input_file id="fl-f6">
         <path>C:\ti\ccs1250\ccs\tools\compiler\ti-cgt-arm_20.2.7.LTS\lib\</path>
         <kind>archive</kind>
         <file>rtsv7M4_T_le_eabi.lib</file>
         <name>_ltoa.c.obj</name>
      </input_file>
      <input_file id="fl-f7">
         <path>C:\ti\ccs1250\ccs\tools\compiler\ti-cgt-arm_20.2.7.LTS\lib\</path>
         <kind>archive</kind>
         <file>rtsv7M4_T_le_eabi.lib</file>
         <name>atoi.c.obj</name>
      </input_file>
      <input_file id="fl-f8">
         <path>C:\ti\ccs1250\ccs\tools\compiler\ti-cgt-arm_20.2.7.LTS\lib\</path>
         <kind>archive</kind>
         <file>rtsv7M4_T_le_eabi.lib</file>
         <name>ctype.c.obj</name>
      </input_file>
      <input_file id="fl-f9">
         <path>C:\ti\ccs1250\ccs\tools\compiler\ti-cgt-arm_20.2.7.LTS\lib\</path>
         <kind>archive</kind>
         <file>rtsv7M4_T_le_eabi.lib</file>
         <name>defs.c.obj</name>
      </input_file>
      <input_file id="fl-fa">
         <path>C:\ti\ccs1250\ccs\tools\compiler\ti-cgt-arm_20.2.7.LTS\lib\</path>
         <kind>archive</kind>
         <file>rtsv7M4_T_le_eabi.lib</file>
         <name>memccpy.c.obj</name>
      </input_file>
      <input_file id="fl-fb">
         <path>C:\ti\ccs1250\ccs\tools\compiler\ti-cgt-arm_20.2.7.LTS\lib\</path>
         <kind>archive</kind>
         <file>rtsv7M4_T_le_eabi.lib</file>
         <name>memchr.c.obj</name>
      </input_file>
      <input_file id="fl-fc">
         <path>C:\ti\ccs1250\ccs\tools\compiler\ti-cgt-arm_20.2.7.LTS\lib\</path>
         <kind>archive</kind>
         <file>rtsv7M4_T_le_eabi.lib</file>
         <name>memmov.c.obj</name>
      </input_file>
      <input_file id="fl-fd">
         <path>C:\ti\ccs1250\ccs\tools\compiler\ti-cgt-arm_20.2.7.LTS\lib\</path>
         <kind>archive</kind>
         <file>rtsv7M4_T_le_eabi.lib</file>
         <name>memory.c.obj</name>
      </input_file>
      <input_file id="fl-fe">
         <path>C:\ti\ccs1250\ccs\tools\compiler\ti-cgt-arm_20.2.7.LTS\lib\</path>
         <kind>archive</kind>
         <file>rtsv7M4_T_le_eabi.lib</file>
         <name>rand.c.obj</name>
      </input_file>
      <input_file id="fl-ff">
         <path>C:\ti\ccs1250\ccs\tools\compiler\ti-cgt-arm_20.2.7.LTS\lib\</path>
         <kind>archive</kind>
         <file>rtsv7M4_T_le_eabi.lib</file>
         <name>strchr.c.obj</name>
      </input_file>
      <input_file id="fl-100">
         <path>C:\ti\ccs1250\ccs\tools\compiler\ti-cgt-arm_20.2.7.LTS\lib\</path>
         <kind>archive</kind>
         <file>rtsv7M4_T_le_eabi.lib</file>
         <name>strlen.c.obj</name>
      </input_file>
      <input_file id="fl-101">
         <path>C:\ti\ccs1250\ccs\tools\compiler\ti-cgt-arm_20.2.7.LTS\lib\</path>
         <kind>archive</kind>
         <file>rtsv7M4_T_le_eabi.lib</file>
         <name>k_rem_pio2.c.obj</name>
      </input_file>
      <input_file id="fl-102">
         <path>C:\ti\ccs1250\ccs\tools\compiler\ti-cgt-arm_20.2.7.LTS\lib\</path>
         <kind>archive</kind>
         <file>rtsv7M4_T_le_eabi.lib</file>
         <name>boot_cortex_m.c.obj</name>
      </input_file>
      <input_file id="fl-103">
         <path>C:\ti\ccs1250\ccs\tools\compiler\ti-cgt-arm_20.2.7.LTS\lib\</path>
         <kind>archive</kind>
         <file>rtsv7M4_T_le_eabi.lib</file>
         <name>write.c.obj</name>
      </input_file>
      <input_file id="fl-104">
         <path>C:\ti\ccs1250\ccs\tools\compiler\ti-cgt-arm_20.2.7.LTS\lib\</path>
         <kind>archive</kind>
         <file>rtsv7M4_T_le_eabi.lib</file>
         <name>host_device.c.obj</name>
      </input_file>
      <input_file id="fl-105">
         <path>C:\ti\ccs1250\ccs\tools\compiler\ti-cgt-arm_20.2.7.LTS\lib\</path>
         <kind>archive</kind>
         <file>rtsv7M4_T_le_eabi.lib</file>
         <name>errno.c.obj</name>
      </input_file>
      <input_file id="fl-106">
         <path>C:\ti\ccs1250\ccs\tools\compiler\ti-cgt-arm_20.2.7.LTS\lib\</path>
         <kind>archive</kind>
         <file>rtsv7M4_T_le_eabi.lib</file>
         <name>wcslen.c.obj</name>
      </input_file>
      <input_file id="fl-107">
         <path>C:\ti\ccs1250\ccs\tools\compiler\ti-cgt-arm_20.2.7.LTS\lib\</path>
         <kind>archive</kind>
         <file>rtsv7M4_T_le_eabi.lib</file>
         <name>k_cos.c.obj</name>
      </input_file>
      <input_file id="fl-108">
         <path>C:\ti\ccs1250\ccs\tools\compiler\ti-cgt-arm_20.2.7.LTS\lib\</path>
         <kind>archive</kind>
         <file>rtsv7M4_T_le_eabi.lib</file>
         <name>k_sin.c.obj</name>
      </input_file>
      <input_file id="fl-109">
         <path>C:\ti\ccs1250\ccs\tools\compiler\ti-cgt-arm_20.2.7.LTS\lib\</path>
         <kind>archive</kind>
         <file>rtsv7M4_T_le_eabi.lib</file>
         <name>s_floor.c.obj</name>
      </input_file>
      <input_file id="fl-10a">
         <path>C:\ti\ccs1250\ccs\tools\compiler\ti-cgt-arm_20.2.7.LTS\lib\</path>
         <kind>archive</kind>
         <file>rtsv7M4_T_le_eabi.lib</file>
         <name>s_frexp.c.obj</name>
      </input_file>
      <input_file id="fl-10b">
         <path>C:\ti\ccs1250\ccs\tools\compiler\ti-cgt-arm_20.2.7.LTS\lib\</path>
         <kind>archive</kind>
         <file>rtsv7M4_T_le_eabi.lib</file>
         <name>s_scalbn.c.obj</name>
      </input_file>
      <input_file id="fl-10c">
         <path>C:\ti\ccs1250\ccs\tools\compiler\ti-cgt-arm_20.2.7.LTS\lib\</path>
         <kind>archive</kind>
         <file>rtsv7M4_T_le_eabi.lib</file>
         <name>fflush.c.obj</name>
      </input_file>
      <input_file id="fl-10d">
         <path>C:\ti\ccs1250\ccs\tools\compiler\ti-cgt-arm_20.2.7.LTS\lib\</path>
         <kind>archive</kind>
         <file>rtsv7M4_T_le_eabi.lib</file>
         <name>fopen.c.obj</name>
      </input_file>
      <input_file id="fl-10e">
         <path>C:\ti\ccs1250\ccs\tools\compiler\ti-cgt-arm_20.2.7.LTS\lib\</path>
         <kind>archive</kind>
         <file>rtsv7M4_T_le_eabi.lib</file>
         <name>fseek.c.obj</name>
      </input_file>
      <input_file id="fl-10f">
         <path>C:\ti\ccs1250\ccs\tools\compiler\ti-cgt-arm_20.2.7.LTS\lib\</path>
         <kind>archive</kind>
         <file>rtsv7M4_T_le_eabi.lib</file>
         <name>div0.asm.obj</name>
      </input_file>
      <input_file id="fl-110">
         <path>C:\ti\ccs1250\ccs\tools\compiler\ti-cgt-arm_20.2.7.LTS\lib\</path>
         <kind>archive</kind>
         <file>rtsv7M4_T_le_eabi.lib</file>
         <name>autoinit.c.obj</name>
      </input_file>
      <input_file id="fl-111">
         <path>C:\ti\ccs1250\ccs\tools\compiler\ti-cgt-arm_20.2.7.LTS\lib\</path>
         <kind>archive</kind>
         <file>rtsv7M4_T_le_eabi.lib</file>
         <name>pre_init.c.obj</name>
      </input_file>
      <input_file id="fl-112">
         <path>C:\ti\ccs1250\ccs\tools\compiler\ti-cgt-arm_20.2.7.LTS\lib\</path>
         <kind>archive</kind>
         <file>rtsv7M4_T_le_eabi.lib</file>
         <name>cpy_tbl.c.obj</name>
      </input_file>
      <input_file id="fl-113">
         <path>C:\ti\ccs1250\ccs\tools\compiler\ti-cgt-arm_20.2.7.LTS\lib\</path>
         <kind>archive</kind>
         <file>rtsv7M4_T_le_eabi.lib</file>
         <name>args_main.c.obj</name>
      </input_file>
      <input_file id="fl-114">
         <path>C:\ti\ccs1250\ccs\tools\compiler\ti-cgt-arm_20.2.7.LTS\lib\</path>
         <kind>archive</kind>
         <file>rtsv7M4_T_le_eabi.lib</file>
         <name>hostclose.c.obj</name>
      </input_file>
      <input_file id="fl-115">
         <path>C:\ti\ccs1250\ccs\tools\compiler\ti-cgt-arm_20.2.7.LTS\lib\</path>
         <kind>archive</kind>
         <file>rtsv7M4_T_le_eabi.lib</file>
         <name>hostlseek.c.obj</name>
      </input_file>
      <input_file id="fl-116">
         <path>C:\ti\ccs1250\ccs\tools\compiler\ti-cgt-arm_20.2.7.LTS\lib\</path>
         <kind>archive</kind>
         <file>rtsv7M4_T_le_eabi.lib</file>
         <name>hostopen.c.obj</name>
      </input_file>
      <input_file id="fl-117">
         <path>C:\ti\ccs1250\ccs\tools\compiler\ti-cgt-arm_20.2.7.LTS\lib\</path>
         <kind>archive</kind>
         <file>rtsv7M4_T_le_eabi.lib</file>
         <name>hostread.c.obj</name>
      </input_file>
      <input_file id="fl-118">
         <path>C:\ti\ccs1250\ccs\tools\compiler\ti-cgt-arm_20.2.7.LTS\lib\</path>
         <kind>archive</kind>
         <file>rtsv7M4_T_le_eabi.lib</file>
         <name>hostrename.c.obj</name>
      </input_file>
      <input_file id="fl-119">
         <path>C:\ti\ccs1250\ccs\tools\compiler\ti-cgt-arm_20.2.7.LTS\lib\</path>
         <kind>archive</kind>
         <file>rtsv7M4_T_le_eabi.lib</file>
         <name>hostunlink.c.obj</name>
      </input_file>
      <input_file id="fl-11a">
         <path>C:\ti\ccs1250\ccs\tools\compiler\ti-cgt-arm_20.2.7.LTS\lib\</path>
         <kind>archive</kind>
         <file>rtsv7M4_T_le_eabi.lib</file>
         <name>hostwrite.c.obj</name>
      </input_file>
      <input_file id="fl-11b">
         <path>C:\ti\ccs1250\ccs\tools\compiler\ti-cgt-arm_20.2.7.LTS\lib\</path>
         <kind>archive</kind>
         <file>rtsv7M4_T_le_eabi.lib</file>
         <name>trgmsg.c.obj</name>
      </input_file>
      <input_file id="fl-11c">
         <path>C:\ti\ccs1250\ccs\tools\compiler\ti-cgt-arm_20.2.7.LTS\lib\</path>
         <kind>archive</kind>
         <file>rtsv7M4_T_le_eabi.lib</file>
         <name>open.c.obj</name>
      </input_file>
      <input_file id="fl-11d">
         <path>C:\ti\ccs1250\ccs\tools\compiler\ti-cgt-arm_20.2.7.LTS\lib\</path>
         <kind>archive</kind>
         <file>rtsv7M4_T_le_eabi.lib</file>
         <name>lseek.c.obj</name>
      </input_file>
      <input_file id="fl-11e">
         <path>C:\ti\ccs1250\ccs\tools\compiler\ti-cgt-arm_20.2.7.LTS\lib\</path>
         <kind>archive</kind>
         <file>rtsv7M4_T_le_eabi.lib</file>
         <name>s_copysign.c.obj</name>
      </input_file>
      <input_file id="fl-11f">
         <path>C:\ti\ccs1250\ccs\tools\compiler\ti-cgt-arm_20.2.7.LTS\lib\</path>
         <kind>archive</kind>
         <file>rtsv7M4_T_le_eabi.lib</file>
         <name>fclose.c.obj</name>
      </input_file>
      <input_file id="fl-120">
         <path>C:\ti\ccs1250\ccs\tools\compiler\ti-cgt-arm_20.2.7.LTS\lib\</path>
         <kind>archive</kind>
         <file>rtsv7M4_T_le_eabi.lib</file>
         <name>getdevice.c.obj</name>
      </input_file>
      <input_file id="fl-121">
         <path>C:\ti\ccs1250\ccs\tools\compiler\ti-cgt-arm_20.2.7.LTS\lib\</path>
         <kind>archive</kind>
         <file>rtsv7M4_T_le_eabi.lib</file>
         <name>strcmp.c.obj</name>
      </input_file>
      <input_file id="fl-122">
         <path>C:\ti\ccs1250\ccs\tools\compiler\ti-cgt-arm_20.2.7.LTS\lib\</path>
         <kind>archive</kind>
         <file>rtsv7M4_T_le_eabi.lib</file>
         <name>strcpy.c.obj</name>
      </input_file>
      <input_file id="fl-123">
         <path>C:\ti\ccs1250\ccs\tools\compiler\ti-cgt-arm_20.2.7.LTS\lib\</path>
         <kind>archive</kind>
         <file>rtsv7M4_T_le_eabi.lib</file>
         <name>strncpy.c.obj</name>
      </input_file>
      <input_file id="fl-124">
         <path>C:\ti\ccs1250\ccs\tools\compiler\ti-cgt-arm_20.2.7.LTS\lib\</path>
         <kind>archive</kind>
         <file>rtsv7M4_T_le_eabi.lib</file>
         <name>remove.c.obj</name>
      </input_file>
      <input_file id="fl-125">
         <path>C:\ti\ccs1250\ccs\tools\compiler\ti-cgt-arm_20.2.7.LTS\lib\</path>
         <kind>archive</kind>
         <file>rtsv7M4_T_le_eabi.lib</file>
         <name>close.c.obj</name>
      </input_file>
      <input_file id="fl-126">
         <path>C:\ti\ccs1250\ccs\tools\compiler\ti-cgt-arm_20.2.7.LTS\lib\</path>
         <kind>archive</kind>
         <file>rtsv7M4_T_le_eabi.lib</file>
         <name>unlink.c.obj</name>
      </input_file>
   </input_file_list>
   <object_component_list>
      <object_component id="oc-12">
         <name>.intvecs</name>
         <load_address>0x20004000</load_address>
         <run_address>0x20004000</run_address>
         <size>0x400</size>
         <input_file_ref idref="fl-8"/>
      </object_component>
      <object_component id="oc-24c">
         <name>.text</name>
         <load_address>0x20004400</load_address>
         <run_address>0x20004400</run_address>
         <size>0xa80</size>
         <input_file_ref idref="fl-a"/>
      </object_component>
      <object_component id="oc-35a">
         <name>.text:__TI_printfi</name>
         <load_address>0x20004e80</load_address>
         <run_address>0x20004e80</run_address>
         <size>0xa4e</size>
         <input_file_ref idref="fl-d8"/>
      </object_component>
      <object_component id="oc-479">
         <name>.text:_nop</name>
         <load_address>0x200058ce</load_address>
         <run_address>0x200058ce</run_address>
         <size>0x2</size>
         <input_file_ref idref="fl-f5"/>
      </object_component>
      <object_component id="oc-454">
         <name>.text:__kernel_rem_pio2</name>
         <load_address>0x200058d0</load_address>
         <run_address>0x200058d0</run_address>
         <size>0x730</size>
         <input_file_ref idref="fl-101"/>
      </object_component>
      <object_component id="oc-113">
         <name>.text</name>
         <load_address>0x20006000</load_address>
         <run_address>0x20006000</run_address>
         <size>0x5d8</size>
         <input_file_ref idref="fl-3"/>
      </object_component>
      <object_component id="oc-2bf">
         <name>.text:cos</name>
         <load_address>0x200065d8</load_address>
         <run_address>0x200065d8</run_address>
         <size>0x5c0</size>
         <input_file_ref idref="fl-d3"/>
      </object_component>
      <object_component id="oc-2af">
         <name>.text:sin</name>
         <load_address>0x20006b98</load_address>
         <run_address>0x20006b98</run_address>
         <size>0x5c0</size>
         <input_file_ref idref="fl-d5"/>
      </object_component>
      <object_component id="oc-119">
         <name>.text</name>
         <load_address>0x20007158</load_address>
         <run_address>0x20007158</run_address>
         <size>0x486</size>
         <input_file_ref idref="fl-b"/>
      </object_component>
      <object_component id="oc-5fa">
         <name>.text</name>
         <load_address>0x200075de</load_address>
         <run_address>0x200075de</run_address>
         <size>0x2</size>
         <input_file_ref idref="fl-10f"/>
      </object_component>
      <object_component id="oc-252">
         <name>.text</name>
         <load_address>0x200075e0</load_address>
         <run_address>0x200075e0</run_address>
         <size>0x330</size>
         <input_file_ref idref="fl-7"/>
      </object_component>
      <object_component id="oc-2a9">
         <name>.text:atan</name>
         <load_address>0x20007910</load_address>
         <run_address>0x20007910</run_address>
         <size>0x2ec</size>
         <input_file_ref idref="fl-d2"/>
      </object_component>
      <object_component id="oc-27a">
         <name>.text</name>
         <load_address>0x20007bfc</load_address>
         <run_address>0x20007bfc</run_address>
         <size>0x2d8</size>
         <input_file_ref idref="fl-2"/>
      </object_component>
      <object_component id="oc-10d">
         <name>.text</name>
         <load_address>0x20007ed4</load_address>
         <run_address>0x20007ed4</run_address>
         <size>0x2a0</size>
         <input_file_ref idref="fl-4"/>
      </object_component>
      <object_component id="oc-107">
         <name>.text</name>
         <load_address>0x20008174</load_address>
         <run_address>0x20008174</run_address>
         <size>0x27c</size>
         <input_file_ref idref="fl-9"/>
      </object_component>
      <object_component id="oc-4be">
         <name>.text:_pconv_a</name>
         <load_address>0x200083f0</load_address>
         <run_address>0x200083f0</run_address>
         <size>0x268</size>
         <input_file_ref idref="fl-d8"/>
      </object_component>
      <object_component id="oc-4ac">
         <name>.text:_pconv_g</name>
         <load_address>0x20008658</load_address>
         <run_address>0x20008658</run_address>
         <size>0x1cc</size>
         <input_file_ref idref="fl-d8"/>
      </object_component>
      <object_component id="oc-42a">
         <name>.text</name>
         <load_address>0x20008824</load_address>
         <run_address>0x20008824</run_address>
         <size>0x1b6</size>
         <input_file_ref idref="fl-df"/>
      </object_component>
      <object_component id="oc-d7">
         <name>.text:PRCMCC3200MCUInit</name>
         <load_address>0x200089dc</load_address>
         <run_address>0x200089dc</run_address>
         <size>0x178</size>
         <input_file_ref idref="fl-17"/>
      </object_component>
      <object_component id="oc-44e">
         <name>.text:__kernel_sin</name>
         <load_address>0x20008b54</load_address>
         <run_address>0x20008b54</run_address>
         <size>0x168</size>
         <input_file_ref idref="fl-108"/>
      </object_component>
      <object_component id="oc-45a">
         <name>.text:__kernel_cos</name>
         <load_address>0x20008cbc</load_address>
         <run_address>0x20008cbc</run_address>
         <size>0x160</size>
         <input_file_ref idref="fl-107"/>
      </object_component>
      <object_component id="oc-4b8">
         <name>.text:_pconv_e</name>
         <load_address>0x20008e1c</load_address>
         <run_address>0x20008e1c</run_address>
         <size>0x13c</size>
         <input_file_ref idref="fl-d8"/>
      </object_component>
      <object_component id="oc-2a4">
         <name>.text</name>
         <load_address>0x20008f58</load_address>
         <run_address>0x20008f58</run_address>
         <size>0x136</size>
         <input_file_ref idref="fl-e1"/>
      </object_component>
      <object_component id="oc-584">
         <name>.text:fcvt</name>
         <load_address>0x20009090</load_address>
         <run_address>0x20009090</run_address>
         <size>0x120</size>
         <input_file_ref idref="fl-d8"/>
      </object_component>
      <object_component id="oc-101">
         <name>.text</name>
         <load_address>0x200091b0</load_address>
         <run_address>0x200091b0</run_address>
         <size>0x118</size>
         <input_file_ref idref="fl-6"/>
      </object_component>
      <object_component id="oc-50e">
         <name>.text:fputs</name>
         <load_address>0x200092c8</load_address>
         <run_address>0x200092c8</run_address>
         <size>0x114</size>
         <input_file_ref idref="fl-dc"/>
      </object_component>
      <object_component id="oc-37e">
         <name>.text:aligned_alloc</name>
         <load_address>0x200093dc</load_address>
         <run_address>0x200093dc</run_address>
         <size>0x100</size>
         <input_file_ref idref="fl-fd"/>
      </object_component>
      <object_component id="oc-2b5">
         <name>.text</name>
         <load_address>0x200094dc</load_address>
         <run_address>0x200094dc</run_address>
         <size>0xfc</size>
         <input_file_ref idref="fl-e2"/>
      </object_component>
      <object_component id="oc-290">
         <name>.text</name>
         <load_address>0x200095d8</load_address>
         <run_address>0x200095d8</run_address>
         <size>0xfa</size>
         <input_file_ref idref="fl-e5"/>
      </object_component>
      <object_component id="oc-432">
         <name>.text:floor</name>
         <load_address>0x200096d4</load_address>
         <run_address>0x200096d4</run_address>
         <size>0xf4</size>
         <input_file_ref idref="fl-109"/>
      </object_component>
      <object_component id="oc-1ee">
         <name>.text:free</name>
         <load_address>0x200097c8</load_address>
         <run_address>0x200097c8</run_address>
         <size>0xe4</size>
         <input_file_ref idref="fl-fd"/>
      </object_component>
      <object_component id="oc-1e8">
         <name>.text:realloc</name>
         <load_address>0x200098ac</load_address>
         <run_address>0x200098ac</run_address>
         <size>0xe4</size>
         <input_file_ref idref="fl-fd"/>
      </object_component>
      <object_component id="oc-629">
         <name>.text:setvbuf</name>
         <load_address>0x20009990</load_address>
         <run_address>0x20009990</run_address>
         <size>0xdc</size>
         <input_file_ref idref="fl-de"/>
      </object_component>
      <object_component id="oc-3f6">
         <name>.text:fmin</name>
         <load_address>0x20009a6c</load_address>
         <run_address>0x20009a6c</run_address>
         <size>0xd0</size>
         <input_file_ref idref="fl-d6"/>
      </object_component>
      <object_component id="oc-53c">
         <name>.text:scalbn</name>
         <load_address>0x20009b3c</load_address>
         <run_address>0x20009b3c</run_address>
         <size>0xd0</size>
         <input_file_ref idref="fl-10b"/>
      </object_component>
      <object_component id="oc-3fc">
         <name>.text:fmax</name>
         <load_address>0x20009c0c</load_address>
         <run_address>0x20009c0c</run_address>
         <size>0xcc</size>
         <input_file_ref idref="fl-d6"/>
      </object_component>
      <object_component id="oc-4a6">
         <name>.text:_ltostr</name>
         <load_address>0x20009cd8</load_address>
         <run_address>0x20009cd8</run_address>
         <size>0xb1</size>
         <input_file_ref idref="fl-d8"/>
      </object_component>
      <object_component id="oc-285">
         <name>.text:round</name>
         <load_address>0x20009d8c</load_address>
         <run_address>0x20009d8c</run_address>
         <size>0xb0</size>
         <input_file_ref idref="fl-d4"/>
      </object_component>
      <object_component id="oc-d1">
         <name>.text:IntEnable</name>
         <load_address>0x20009e3c</load_address>
         <run_address>0x20009e3c</run_address>
         <size>0xa8</size>
         <input_file_ref idref="fl-15"/>
      </object_component>
      <object_component id="oc-f5">
         <name>.text:SPIConfigSetExpClk</name>
         <load_address>0x20009ee4</load_address>
         <run_address>0x20009ee4</run_address>
         <size>0xa0</size>
         <input_file_ref idref="fl-18"/>
      </object_component>
      <object_component id="oc-3d">
         <name>.text</name>
         <load_address>0x20009f84</load_address>
         <run_address>0x20009f84</run_address>
         <size>0x9c</size>
         <input_file_ref idref="fl-ed"/>
      </object_component>
      <object_component id="oc-97">
         <name>.text</name>
         <load_address>0x2000a020</load_address>
         <run_address>0x2000a020</run_address>
         <size>0x98</size>
         <input_file_ref idref="fl-5"/>
      </object_component>
      <object_component id="oc-56b">
         <name>.text</name>
         <load_address>0x2000a0b8</load_address>
         <run_address>0x2000a0b8</run_address>
         <size>0x96</size>
         <input_file_ref idref="fl-f0"/>
      </object_component>
      <object_component id="oc-ef">
         <name>.text:PRCMPeripheralClockGet</name>
         <load_address>0x2000a150</load_address>
         <run_address>0x2000a150</run_address>
         <size>0x94</size>
         <input_file_ref idref="fl-17"/>
      </object_component>
      <object_component id="oc-3f1">
         <name>.text</name>
         <load_address>0x2000a1e4</load_address>
         <run_address>0x2000a1e4</run_address>
         <size>0x92</size>
         <input_file_ref idref="fl-e7"/>
      </object_component>
      <object_component id="oc-515">
         <name>.text:fputc</name>
         <load_address>0x2000a278</load_address>
         <run_address>0x2000a278</run_address>
         <size>0x8c</size>
         <input_file_ref idref="fl-db"/>
      </object_component>
      <object_component id="oc-341">
         <name>.text:PinConfigSet</name>
         <load_address>0x2000a304</load_address>
         <run_address>0x2000a304</run_address>
         <size>0x88</size>
         <input_file_ref idref="fl-16"/>
      </object_component>
      <object_component id="oc-2c5">
         <name>.text:__aeabi_cdcmple</name>
         <load_address>0x2000a38c</load_address>
         <run_address>0x2000a38c</run_address>
         <size>0x86</size>
         <input_file_ref idref="fl-e0"/>
      </object_component>
      <object_component id="oc-440">
         <name>.text:__aeabi_cdrcmple</name>
         <load_address>0x2000a412</load_address>
         <run_address>0x2000a412</run_address>
         <size>0x86</size>
         <input_file_ref idref="fl-e0"/>
      </object_component>
      <object_component id="oc-23f">
         <name>.text:I2CMasterInitExpClk</name>
         <load_address>0x2000a498</load_address>
         <run_address>0x2000a498</run_address>
         <size>0x84</size>
         <input_file_ref idref="fl-14"/>
      </object_component>
      <object_component id="oc-29a">
         <name>.text</name>
         <load_address>0x2000a51c</load_address>
         <run_address>0x2000a51c</run_address>
         <size>0x7a</size>
         <input_file_ref idref="fl-e8"/>
      </object_component>
      <object_component id="oc-8b">
         <name>.text</name>
         <load_address>0x2000a596</load_address>
         <run_address>0x2000a596</run_address>
         <size>0x7a</size>
         <input_file_ref idref="fl-ef"/>
      </object_component>
      <object_component id="oc-1b8">
         <name>.text:UARTConfigSetExpClk</name>
         <load_address>0x2000a610</load_address>
         <run_address>0x2000a610</run_address>
         <size>0x76</size>
         <input_file_ref idref="fl-19"/>
      </object_component>
      <object_component id="oc-67b">
         <name>.text:__TI_closefile</name>
         <load_address>0x2000a688</load_address>
         <run_address>0x2000a688</run_address>
         <size>0x74</size>
         <input_file_ref idref="fl-11f"/>
      </object_component>
      <object_component id="oc-38b">
         <name>.text:split</name>
         <load_address>0x2000a6fc</load_address>
         <run_address>0x2000a6fc</run_address>
         <size>0x70</size>
         <input_file_ref idref="fl-fd"/>
      </object_component>
      <object_component id="oc-57d">
         <name>.text:_mcpy</name>
         <load_address>0x2000a76c</load_address>
         <run_address>0x2000a76c</run_address>
         <size>0x6e</size>
         <input_file_ref idref="fl-d8"/>
      </object_component>
      <object_component id="oc-2ba">
         <name>.text</name>
         <load_address>0x2000a7da</load_address>
         <run_address>0x2000a7da</run_address>
         <size>0x6e</size>
         <input_file_ref idref="fl-e4"/>
      </object_component>
      <object_component id="oc-6ab">
         <name>.text:HOSTrename</name>
         <load_address>0x2000a848</load_address>
         <run_address>0x2000a848</run_address>
         <size>0x6c</size>
         <input_file_ref idref="fl-118"/>
      </object_component>
      <object_component id="oc-69f">
         <name>.text:HOSTlseek</name>
         <load_address>0x2000a8b4</load_address>
         <run_address>0x2000a8b4</run_address>
         <size>0x68</size>
         <input_file_ref idref="fl-115"/>
      </object_component>
      <object_component id="oc-15">
         <name>.text:decompress:lzss:__TI_decompress_lzss</name>
         <load_address>0x2000a91c</load_address>
         <run_address>0x2000a91c</run_address>
         <size>0x68</size>
         <input_file_ref idref="fl-f3"/>
      </object_component>
      <object_component id="oc-259">
         <name>.text:printf</name>
         <load_address>0x2000a984</load_address>
         <run_address>0x2000a984</run_address>
         <size>0x68</size>
         <input_file_ref idref="fl-d7"/>
      </object_component>
      <object_component id="oc-623">
         <name>.text:fseek</name>
         <load_address>0x2000a9ec</load_address>
         <run_address>0x2000a9ec</run_address>
         <size>0x64</size>
         <input_file_ref idref="fl-10e"/>
      </object_component>
      <object_component id="oc-5c0">
         <name>.text:__TI_wrt_ok</name>
         <load_address>0x2000aa50</load_address>
         <run_address>0x2000aa50</run_address>
         <size>0x62</size>
         <input_file_ref idref="fl-dd"/>
      </object_component>
      <object_component id="oc-687">
         <name>.text:HOSTopen</name>
         <load_address>0x2000aab4</load_address>
         <run_address>0x2000aab4</run_address>
         <size>0x60</size>
         <input_file_ref idref="fl-116"/>
      </object_component>
      <object_component id="oc-275">
         <name>.text:__aeabi_cfcmple</name>
         <load_address>0x2000ab14</load_address>
         <run_address>0x2000ab14</run_address>
         <size>0x60</size>
         <input_file_ref idref="fl-e6"/>
      </object_component>
      <object_component id="oc-270">
         <name>.text:__aeabi_cfrcmple</name>
         <load_address>0x2000ab74</load_address>
         <run_address>0x2000ab74</run_address>
         <size>0x60</size>
         <input_file_ref idref="fl-e6"/>
      </object_component>
      <object_component id="oc-6b7">
         <name>.text:close</name>
         <load_address>0x2000abd4</load_address>
         <run_address>0x2000abd4</run_address>
         <size>0x5c</size>
         <input_file_ref idref="fl-125"/>
      </object_component>
      <object_component id="oc-592">
         <name>.text:frexp</name>
         <load_address>0x2000ac30</load_address>
         <run_address>0x2000ac30</run_address>
         <size>0x5c</size>
         <input_file_ref idref="fl-10a"/>
      </object_component>
      <object_component id="oc-693">
         <name>.text:HOSTread</name>
         <load_address>0x2000ac8c</load_address>
         <run_address>0x2000ac8c</run_address>
         <size>0x58</size>
         <input_file_ref idref="fl-117"/>
      </object_component>
      <object_component id="oc-699">
         <name>.text:HOSTwrite</name>
         <load_address>0x2000ace4</load_address>
         <run_address>0x2000ace4</run_address>
         <size>0x58</size>
         <input_file_ref idref="fl-11a"/>
      </object_component>
      <object_component id="oc-e9">
         <name>.text:PRCMPeripheralReset</name>
         <load_address>0x2000ad3c</load_address>
         <run_address>0x2000ad3c</run_address>
         <size>0x58</size>
         <input_file_ref idref="fl-17"/>
      </object_component>
      <object_component id="oc-4b2">
         <name>.text:_pconv_f</name>
         <load_address>0x2000ad94</load_address>
         <run_address>0x2000ad94</run_address>
         <size>0x56</size>
         <input_file_ref idref="fl-d8"/>
      </object_component>
      <object_component id="oc-571">
         <name>.text:__TI_ltoa</name>
         <load_address>0x2000adea</load_address>
         <run_address>0x2000adea</run_address>
         <size>0x54</size>
         <input_file_ref idref="fl-f6"/>
      </object_component>
      <object_component id="oc-577">
         <name>.text:_ecpy</name>
         <load_address>0x2000ae3e</load_address>
         <run_address>0x2000ae3e</run_address>
         <size>0x52</size>
         <input_file_ref idref="fl-d8"/>
      </object_component>
      <object_component id="oc-5cc">
         <name>.text:__TI_doflush</name>
         <load_address>0x2000ae90</load_address>
         <run_address>0x2000ae90</run_address>
         <size>0x4c</size>
         <input_file_ref idref="fl-10c"/>
      </object_component>
      <object_component id="oc-4a0">
         <name>.text:atoi</name>
         <load_address>0x2000aedc</load_address>
         <run_address>0x2000aedc</run_address>
         <size>0x4c</size>
         <input_file_ref idref="fl-f7"/>
      </object_component>
      <object_component id="oc-127">
         <name>.text:exit</name>
         <load_address>0x2000af28</load_address>
         <run_address>0x2000af28</run_address>
         <size>0x48</size>
         <input_file_ref idref="fl-f4"/>
      </object_component>
      <object_component id="oc-28b">
         <name>.text</name>
         <load_address>0x2000af70</load_address>
         <run_address>0x2000af70</run_address>
         <size>0x48</size>
         <input_file_ref idref="fl-e3"/>
      </object_component>
      <object_component id="oc-68d">
         <name>.text:HOSTclose</name>
         <load_address>0x2000afb8</load_address>
         <run_address>0x2000afb8</run_address>
         <size>0x44</size>
         <input_file_ref idref="fl-114"/>
      </object_component>
      <object_component id="oc-6a5">
         <name>.text:HOSTunlink</name>
         <load_address>0x2000affc</load_address>
         <run_address>0x2000affc</run_address>
         <size>0x44</size>
         <input_file_ref idref="fl-119"/>
      </object_component>
      <object_component id="oc-12d">
         <name>.text:__TI_auto_init_nobinit_nopinit:__TI_auto_init_nobinit_nopinit</name>
         <load_address>0x2000b040</load_address>
         <run_address>0x2000b040</run_address>
         <size>0x44</size>
         <input_file_ref idref="fl-110"/>
      </object_component>
      <object_component id="oc-6ec">
         <name>.text:getdevice</name>
         <load_address>0x2000b084</load_address>
         <run_address>0x2000b084</run_address>
         <size>0x44</size>
         <input_file_ref idref="fl-120"/>
      </object_component>
      <object_component id="oc-193">
         <name>.text:PinModeSet</name>
         <load_address>0x2000b0c8</load_address>
         <run_address>0x2000b0c8</run_address>
         <size>0x40</size>
         <input_file_ref idref="fl-16"/>
      </object_component>
      <object_component id="oc-25f">
         <name>.text:sprintf</name>
         <load_address>0x2000b108</load_address>
         <run_address>0x2000b108</run_address>
         <size>0x40</size>
         <input_file_ref idref="fl-d9"/>
      </object_component>
      <object_component id="oc-1c4">
         <name>.text:vsnprintf</name>
         <load_address>0x2000b148</load_address>
         <run_address>0x2000b148</run_address>
         <size>0x40</size>
         <input_file_ref idref="fl-da"/>
      </object_component>
      <object_component id="oc-58a">
         <name>.text:_fcpy</name>
         <load_address>0x2000b188</load_address>
         <run_address>0x2000b188</run_address>
         <size>0x3e</size>
         <input_file_ref idref="fl-d8"/>
      </object_component>
      <object_component id="oc-dd">
         <name>.text:PRCMPeripheralClkEnable</name>
         <load_address>0x2000b1c8</load_address>
         <run_address>0x2000b1c8</run_address>
         <size>0x3c</size>
         <input_file_ref idref="fl-17"/>
      </object_component>
      <object_component id="oc-3eb">
         <name>.text:ADCChannelDisable</name>
         <load_address>0x2000b204</load_address>
         <run_address>0x2000b204</run_address>
         <size>0x38</size>
         <input_file_ref idref="fl-12"/>
      </object_component>
      <object_component id="oc-3d9">
         <name>.text:ADCChannelEnable</name>
         <load_address>0x2000b23c</load_address>
         <run_address>0x2000b23c</run_address>
         <size>0x38</size>
         <input_file_ref idref="fl-12"/>
      </object_component>
      <object_component id="oc-6c8">
         <name>.text:__TI_writemsg</name>
         <load_address>0x2000b274</load_address>
         <run_address>0x2000b274</run_address>
         <size>0x38</size>
         <input_file_ref idref="fl-11b"/>
      </object_component>
      <object_component id="oc-280">
         <name>.text</name>
         <load_address>0x2000b2ac</load_address>
         <run_address>0x2000b2ac</run_address>
         <size>0x38</size>
         <input_file_ref idref="fl-e9"/>
      </object_component>
      <object_component id="oc-2ca">
         <name>.text</name>
         <load_address>0x2000b2e4</load_address>
         <run_address>0x2000b2e4</run_address>
         <size>0x38</size>
         <input_file_ref idref="fl-ea"/>
      </object_component>
      <object_component id="oc-26b">
         <name>.text</name>
         <load_address>0x2000b31c</load_address>
         <run_address>0x2000b31c</run_address>
         <size>0x38</size>
         <input_file_ref idref="fl-ec"/>
      </object_component>
      <object_component id="oc-19f">
         <name>.text:GPIODirModeSet</name>
         <load_address>0x2000b354</load_address>
         <run_address>0x2000b354</run_address>
         <size>0x36</size>
         <input_file_ref idref="fl-13"/>
      </object_component>
      <object_component id="oc-70e">
         <name>.text:strncpy</name>
         <load_address>0x2000b38a</load_address>
         <run_address>0x2000b38a</run_address>
         <size>0x36</size>
         <input_file_ref idref="fl-123"/>
      </object_component>
      <object_component id="oc-652">
         <name>.text:__TI_cleanup</name>
         <load_address>0x2000b3c0</load_address>
         <run_address>0x2000b3c0</run_address>
         <size>0x34</size>
         <input_file_ref idref="fl-10d"/>
      </object_component>
      <object_component id="oc-6ce">
         <name>.text:__TI_readmsg</name>
         <load_address>0x2000b3f4</load_address>
         <run_address>0x2000b3f4</run_address>
         <size>0x34</size>
         <input_file_ref idref="fl-11b"/>
      </object_component>
      <object_component id="oc-265">
         <name>.text:rand</name>
         <load_address>0x2000b428</load_address>
         <run_address>0x2000b428</run_address>
         <size>0x34</size>
         <input_file_ref idref="fl-fe"/>
      </object_component>
      <object_component id="oc-199">
         <name>.text:PinTypeGPIO</name>
         <load_address>0x2000b45c</load_address>
         <run_address>0x2000b45c</run_address>
         <size>0x30</size>
         <input_file_ref idref="fl-16"/>
      </object_component>
      <object_component id="oc-34c">
         <name>.text:UARTDisable</name>
         <load_address>0x2000b48c</load_address>
         <run_address>0x2000b48c</run_address>
         <size>0x30</size>
         <input_file_ref idref="fl-19"/>
      </object_component>
      <object_component id="oc-360">
         <name>.text:_outs</name>
         <load_address>0x2000b4bc</load_address>
         <run_address>0x2000b4bc</run_address>
         <size>0x30</size>
         <input_file_ref idref="fl-da"/>
      </object_component>
      <object_component id="oc-714">
         <name>.text:finddevice</name>
         <load_address>0x2000b4ec</load_address>
         <run_address>0x2000b4ec</run_address>
         <size>0x30</size>
         <input_file_ref idref="fl-120"/>
      </object_component>
      <object_component id="oc-29f">
         <name>.text</name>
         <load_address>0x2000b51c</load_address>
         <run_address>0x2000b51c</run_address>
         <size>0x2e</size>
         <input_file_ref idref="fl-eb"/>
      </object_component>
      <object_component id="oc-21b">
         <name>.text:I2CMasterErr</name>
         <load_address>0x2000b54a</load_address>
         <run_address>0x2000b54a</run_address>
         <size>0x2c</size>
         <input_file_ref idref="fl-14"/>
      </object_component>
      <object_component id="oc-170">
         <name>.text:PRCMSysResetCauseGet</name>
         <load_address>0x2000b578</load_address>
         <run_address>0x2000b578</run_address>
         <size>0x2c</size>
         <input_file_ref idref="fl-17"/>
      </object_component>
      <object_component id="oc-6bd">
         <name>.text:unlink</name>
         <load_address>0x2000b5a4</load_address>
         <run_address>0x2000b5a4</run_address>
         <size>0x2c</size>
         <input_file_ref idref="fl-126"/>
      </object_component>
      <object_component id="oc-182">
         <name>.text:PRCMPeripheralClkDisable</name>
         <load_address>0x2000b5d0</load_address>
         <run_address>0x2000b5d0</run_address>
         <size>0x28</size>
         <input_file_ref idref="fl-17"/>
      </object_component>
      <object_component id="oc-392">
         <name>.text:free_list_insert</name>
         <load_address>0x2000b5f8</load_address>
         <run_address>0x2000b5f8</run_address>
         <size>0x28</size>
         <input_file_ref idref="fl-fd"/>
      </object_component>
      <object_component id="oc-64a">
         <name>.text:lseek</name>
         <load_address>0x2000b620</load_address>
         <run_address>0x2000b620</run_address>
         <size>0x28</size>
         <input_file_ref idref="fl-11d"/>
      </object_component>
      <object_component id="oc-1dc">
         <name>.text:memmove</name>
         <load_address>0x2000b648</load_address>
         <run_address>0x2000b648</run_address>
         <size>0x28</size>
         <input_file_ref idref="fl-fc"/>
      </object_component>
      <object_component id="oc-5d2">
         <name>.text:write</name>
         <load_address>0x2000b670</load_address>
         <run_address>0x2000b670</run_address>
         <size>0x28</size>
         <input_file_ref idref="fl-103"/>
      </object_component>
      <object_component id="oc-352">
         <name>.text:UARTEnable</name>
         <load_address>0x2000b698</load_address>
         <run_address>0x2000b698</run_address>
         <size>0x24</size>
         <input_file_ref idref="fl-19"/>
      </object_component>
      <object_component id="oc-5b">
         <name>.text:_c_int00_noargs:_c_int00_noargs</name>
         <load_address>0x2000b6bc</load_address>
         <run_address>0x2000b6bc</run_address>
         <size>0x24</size>
         <input_file_ref idref="fl-102"/>
      </object_component>
      <object_component id="oc-295">
         <name>.text</name>
         <load_address>0x2000b6e0</load_address>
         <run_address>0x2000b6e0</run_address>
         <size>0x24</size>
         <input_file_ref idref="fl-ee"/>
      </object_component>
      <object_component id="oc-3c7">
         <name>.text:ADCTimerConfig</name>
         <load_address>0x2000b704</load_address>
         <run_address>0x2000b704</run_address>
         <size>0x22</size>
         <input_file_ref idref="fl-12"/>
      </object_component>
      <object_component id="oc-221">
         <name>.text:I2CMasterSlaveAddrSet</name>
         <load_address>0x2000b726</load_address>
         <run_address>0x2000b726</run_address>
         <size>0x22</size>
         <input_file_ref idref="fl-14"/>
      </object_component>
      <object_component id="oc-e3">
         <name>.text:SPIReset</name>
         <load_address>0x2000b748</load_address>
         <run_address>0x2000b748</run_address>
         <size>0x22</size>
         <input_file_ref idref="fl-18"/>
      </object_component>
      <object_component id="oc-2d7">
         <name>.text:GPIOPinWrite</name>
         <load_address>0x2000b76a</load_address>
         <run_address>0x2000b76a</run_address>
         <size>0x20</size>
         <input_file_ref idref="fl-13"/>
      </object_component>
      <object_component id="oc-2e3">
         <name>.text:SPIDataGet</name>
         <load_address>0x2000b78a</load_address>
         <run_address>0x2000b78a</run_address>
         <size>0x20</size>
         <input_file_ref idref="fl-18"/>
      </object_component>
      <object_component id="oc-5c6">
         <name>.text:memchr</name>
         <load_address>0x2000b7aa</load_address>
         <run_address>0x2000b7aa</run_address>
         <size>0x20</size>
         <input_file_ref idref="fl-fb"/>
      </object_component>
      <object_component id="oc-215">
         <name>.text:I2CMasterIntStatusEx</name>
         <load_address>0x2000b7ca</load_address>
         <run_address>0x2000b7ca</run_address>
         <size>0x1e</size>
         <input_file_ref idref="fl-14"/>
      </object_component>
      <object_component id="oc-2dd">
         <name>.text:SPIDataPut</name>
         <load_address>0x2000b7e8</load_address>
         <run_address>0x2000b7e8</run_address>
         <size>0x1e</size>
         <input_file_ref idref="fl-18"/>
      </object_component>
      <object_component id="oc-1be">
         <name>.text:UARTCharPut</name>
         <load_address>0x2000b806</load_address>
         <run_address>0x2000b806</run_address>
         <size>0x1e</size>
         <input_file_ref idref="fl-19"/>
      </object_component>
      <object_component id="oc-3df">
         <name>.text:ADCFIFOLvlGet</name>
         <load_address>0x2000b824</load_address>
         <run_address>0x2000b824</run_address>
         <size>0x1c</size>
         <input_file_ref idref="fl-12"/>
      </object_component>
      <object_component id="oc-1a5">
         <name>.text:PinTypeI2C</name>
         <load_address>0x2000b840</load_address>
         <run_address>0x2000b840</run_address>
         <size>0x1c</size>
         <input_file_ref idref="fl-16"/>
      </object_component>
      <object_component id="oc-1d0">
         <name>.text:UARTCharGetNonBlocking</name>
         <load_address>0x2000b85c</load_address>
         <run_address>0x2000b85c</run_address>
         <size>0x1c</size>
         <input_file_ref idref="fl-19"/>
      </object_component>
      <object_component id="oc-49">
         <name>.text:decompress:ZI:__TI_zero_init_nomemset:__TI_zero_init_nomemset</name>
         <load_address>0x2000b878</load_address>
         <run_address>0x2000b878</run_address>
         <size>0x1c</size>
         <input_file_ref idref="fl-f1"/>
      </object_component>
      <object_component id="oc-385">
         <name>.text:free_list_remove</name>
         <load_address>0x2000b894</load_address>
         <run_address>0x2000b894</run_address>
         <size>0x1c</size>
         <input_file_ref idref="fl-fd"/>
      </object_component>
      <object_component id="oc-4c4">
         <name>.text:memccpy</name>
         <load_address>0x2000b8b0</load_address>
         <run_address>0x2000b8b0</run_address>
         <size>0x1c</size>
         <input_file_ref idref="fl-fa"/>
      </object_component>
      <object_component id="oc-1ab">
         <name>.text:PinTypeSPI</name>
         <load_address>0x2000b8cc</load_address>
         <run_address>0x2000b8cc</run_address>
         <size>0x1a</size>
         <input_file_ref idref="fl-16"/>
      </object_component>
      <object_component id="oc-1b1">
         <name>.text:PinTypeUART</name>
         <load_address>0x2000b8e6</load_address>
         <run_address>0x2000b8e6</run_address>
         <size>0x1a</size>
         <input_file_ref idref="fl-16"/>
      </object_component>
      <object_component id="oc-3e5">
         <name>.text:ADCFIFORead</name>
         <load_address>0x2000b900</load_address>
         <run_address>0x2000b900</run_address>
         <size>0x18</size>
         <input_file_ref idref="fl-12"/>
      </object_component>
      <object_component id="oc-239">
         <name>.text:I2CMasterIntEnableEx</name>
         <load_address>0x2000b918</load_address>
         <run_address>0x2000b918</run_address>
         <size>0x18</size>
         <input_file_ref idref="fl-14"/>
      </object_component>
      <object_component id="oc-2e9">
         <name>.text:SPICSDisable</name>
         <load_address>0x2000b930</load_address>
         <run_address>0x2000b930</run_address>
         <size>0x18</size>
         <input_file_ref idref="fl-18"/>
      </object_component>
      <object_component id="oc-2d1">
         <name>.text:SPICSEnable</name>
         <load_address>0x2000b948</load_address>
         <run_address>0x2000b948</run_address>
         <size>0x18</size>
         <input_file_ref idref="fl-18"/>
      </object_component>
      <object_component id="oc-fb">
         <name>.text:SPIEnable</name>
         <load_address>0x2000b960</load_address>
         <run_address>0x2000b960</run_address>
         <size>0x18</size>
         <input_file_ref idref="fl-18"/>
      </object_component>
      <object_component id="oc-1ca">
         <name>.text:UARTCharsAvail</name>
         <load_address>0x2000b978</load_address>
         <run_address>0x2000b978</run_address>
         <size>0x18</size>
         <input_file_ref idref="fl-19"/>
      </object_component>
      <object_component id="oc-366">
         <name>.text:_outc</name>
         <load_address>0x2000b990</load_address>
         <run_address>0x2000b990</run_address>
         <size>0x18</size>
         <input_file_ref idref="fl-da"/>
      </object_component>
      <object_component id="oc-415">
         <name>.text:_outs</name>
         <load_address>0x2000b9a8</load_address>
         <run_address>0x2000b9a8</run_address>
         <size>0x18</size>
         <input_file_ref idref="fl-d9"/>
      </object_component>
      <object_component id="oc-72b">
         <name>.text:strcmp</name>
         <load_address>0x2000b9c0</load_address>
         <run_address>0x2000b9c0</run_address>
         <size>0x18</size>
         <input_file_ref idref="fl-121"/>
      </object_component>
      <object_component id="oc-3cd">
         <name>.text:ADCTimerEnable</name>
         <load_address>0x2000b9d8</load_address>
         <run_address>0x2000b9d8</run_address>
         <size>0x16</size>
         <input_file_ref idref="fl-12"/>
      </object_component>
      <object_component id="oc-227">
         <name>.text:I2CMasterDataPut</name>
         <load_address>0x2000b9ee</load_address>
         <run_address>0x2000b9ee</run_address>
         <size>0x16</size>
         <input_file_ref idref="fl-14"/>
      </object_component>
      <object_component id="oc-233">
         <name>.text:I2CMasterEnable</name>
         <load_address>0x2000ba04</load_address>
         <run_address>0x2000ba04</run_address>
         <size>0x16</size>
         <input_file_ref idref="fl-14"/>
      </object_component>
      <object_component id="oc-203">
         <name>.text:I2CMasterIntClear</name>
         <load_address>0x2000ba1a</load_address>
         <run_address>0x2000ba1a</run_address>
         <size>0x16</size>
         <input_file_ref idref="fl-14"/>
      </object_component>
      <object_component id="oc-176">
         <name>.text:PRCMHIBRegRead</name>
         <load_address>0x2000ba30</load_address>
         <run_address>0x2000ba30</run_address>
         <size>0x16</size>
         <input_file_ref idref="fl-17"/>
      </object_component>
      <object_component id="oc-17c">
         <name>.text:PRCMHIBRegWrite</name>
         <load_address>0x2000ba46</load_address>
         <run_address>0x2000ba46</run_address>
         <size>0x16</size>
         <input_file_ref idref="fl-17"/>
      </object_component>
      <object_component id="oc-598">
         <name>.text:strchr</name>
         <load_address>0x2000ba5c</load_address>
         <run_address>0x2000ba5c</run_address>
         <size>0x16</size>
         <input_file_ref idref="fl-ff"/>
      </object_component>
      <object_component id="oc-3d3">
         <name>.text:ADCEnable</name>
         <load_address>0x2000ba72</load_address>
         <run_address>0x2000ba72</run_address>
         <size>0x14</size>
         <input_file_ref idref="fl-12"/>
      </object_component>
      <object_component id="oc-160">
         <name>.text:CPUcpsie</name>
         <load_address>0x2000ba86</load_address>
         <run_address>0x2000ba86</run_address>
         <size>0x14</size>
         <input_file_ref idref="fl-1b"/>
      </object_component>
      <object_component id="oc-c5">
         <name>.text:IntVTableBaseSet</name>
         <load_address>0x2000ba9c</load_address>
         <run_address>0x2000ba9c</run_address>
         <size>0x14</size>
         <input_file_ref idref="fl-15"/>
      </object_component>
      <object_component id="oc-3c1">
         <name>.text:PinTypeADC</name>
         <load_address>0x2000bab0</load_address>
         <run_address>0x2000bab0</run_address>
         <size>0x14</size>
         <input_file_ref idref="fl-16"/>
      </object_component>
      <object_component id="oc-6e2">
         <name>.text:strcpy</name>
         <load_address>0x2000bac4</load_address>
         <run_address>0x2000bac4</run_address>
         <size>0x14</size>
         <input_file_ref idref="fl-122"/>
      </object_component>
      <object_component id="oc-1d6">
         <name>.text:strlen</name>
         <load_address>0x2000bad8</load_address>
         <run_address>0x2000bad8</run_address>
         <size>0x14</size>
         <input_file_ref idref="fl-100"/>
      </object_component>
      <object_component id="oc-20f">
         <name>.text:I2CMasterControl</name>
         <load_address>0x2000baec</load_address>
         <run_address>0x2000baec</run_address>
         <size>0x12</size>
         <input_file_ref idref="fl-14"/>
      </object_component>
      <object_component id="oc-209">
         <name>.text:I2CMasterTimeoutSet</name>
         <load_address>0x2000bafe</load_address>
         <run_address>0x2000bafe</run_address>
         <size>0x12</size>
         <input_file_ref idref="fl-14"/>
      </object_component>
      <object_component id="oc-4ca">
         <name>.text:wcslen</name>
         <load_address>0x2000bb10</load_address>
         <run_address>0x2000bb10</run_address>
         <size>0x12</size>
         <input_file_ref idref="fl-106"/>
      </object_component>
      <object_component id="oc-22d">
         <name>.text:I2CMasterDataGet</name>
         <load_address>0x2000bb22</load_address>
         <run_address>0x2000bb22</run_address>
         <size>0xe</size>
         <input_file_ref idref="fl-14"/>
      </object_component>
      <object_component id="oc-1b">
         <name>.text:decompress:none:__TI_decompress_none</name>
         <load_address>0x2000bb30</load_address>
         <run_address>0x2000bb30</run_address>
         <size>0xe</size>
         <input_file_ref idref="fl-f2"/>
      </object_component>
      <object_component id="oc-29">
         <name>.text</name>
         <load_address>0x2000bb3e</load_address>
         <run_address>0x2000bb3e</run_address>
         <size>0xe</size>
         <input_file_ref idref="fl-8"/>
      </object_component>
      <object_component id="oc-5e2">
         <name>.text:copysign</name>
         <load_address>0x2000bb4c</load_address>
         <run_address>0x2000bb4c</run_address>
         <size>0xc</size>
         <input_file_ref idref="fl-11e"/>
      </object_component>
      <object_component id="oc-cb">
         <name>.text:IntMasterEnable</name>
         <load_address>0x2000bb58</load_address>
         <run_address>0x2000bb58</run_address>
         <size>0xa</size>
         <input_file_ref idref="fl-15"/>
      </object_component>
      <object_component id="oc-41b">
         <name>.text:_outc</name>
         <load_address>0x2000bb62</load_address>
         <run_address>0x2000bb62</run_address>
         <size>0xa</size>
         <input_file_ref idref="fl-d9"/>
      </object_component>
      <object_component id="oc-4d0">
         <name>.text:__aeabi_errno_addr</name>
         <load_address>0x2000bb6c</load_address>
         <run_address>0x2000bb6c</run_address>
         <size>0x8</size>
         <input_file_ref idref="fl-105"/>
      </object_component>
      <object_component id="oc-1e2">
         <name>.text:malloc</name>
         <load_address>0x2000bb74</load_address>
         <run_address>0x2000bb74</run_address>
         <size>0x8</size>
         <input_file_ref idref="fl-fd"/>
      </object_component>
      <object_component id="oc-258">
         <name>.text:UtilsDelay</name>
         <load_address>0x2000bb7c</load_address>
         <run_address>0x2000bb7c</run_address>
         <size>0x6</size>
         <input_file_ref idref="fl-1a"/>
      </object_component>
      <object_component id="oc-40d">
         <name>.text:_outc</name>
         <load_address>0x2000bb82</load_address>
         <run_address>0x2000bb82</run_address>
         <size>0x4</size>
         <input_file_ref idref="fl-d7"/>
      </object_component>
      <object_component id="oc-407">
         <name>.text:_outs</name>
         <load_address>0x2000bb86</load_address>
         <run_address>0x2000bb86</run_address>
         <size>0x4</size>
         <input_file_ref idref="fl-d7"/>
      </object_component>
      <object_component id="oc-91">
         <name>.text:_system_pre_init</name>
         <load_address>0x2000bb8a</load_address>
         <run_address>0x2000bb8a</run_address>
         <size>0x4</size>
         <input_file_ref idref="fl-111"/>
      </object_component>
      <object_component id="oc-121">
         <name>.text:abort:abort</name>
         <load_address>0x2000bb8e</load_address>
         <run_address>0x2000bb8e</run_address>
         <size>0x4</size>
         <input_file_ref idref="fl-f4"/>
      </object_component>
      <object_component id="oc-3b9">
         <name>.const:.string:font</name>
         <load_address>0x2000bb98</load_address>
         <run_address>0x2000bb98</run_address>
         <size>0x4fb</size>
         <input_file_ref idref="fl-a"/>
      </object_component>
      <object_component id="oc-542">
         <name>.const:$O1$$</name>
         <load_address>0x2000c098</load_address>
         <run_address>0x2000c098</run_address>
         <size>0x158</size>
         <input_file_ref idref="fl-101"/>
      </object_component>
      <object_component id="oc-566">
         <name>.const:.string:_ctypes_</name>
         <load_address>0x2000c1f0</load_address>
         <run_address>0x2000c1f0</run_address>
         <size>0x101</size>
         <input_file_ref idref="fl-f8"/>
      </object_component>
      <object_component id="oc-33d">
         <name>.const:g_ulPinToPadMap</name>
         <load_address>0x2000c2f4</load_address>
         <run_address>0x2000c2f4</run_address>
         <size>0x100</size>
         <input_file_ref idref="fl-16"/>
      </object_component>
      <object_component id="oc-189">
         <name>.const:PRCM_PeriphRegsList</name>
         <load_address>0x2000c3f4</load_address>
         <run_address>0x2000c3f4</run_address>
         <size>0xa8</size>
         <input_file_ref idref="fl-17"/>
      </object_component>
      <object_component id="oc-445">
         <name>.const:$O1$$</name>
         <load_address>0x2000c4a0</load_address>
         <run_address>0x2000c4a0</run_address>
         <size>0x98</size>
         <input_file_ref idref="fl-d2"/>
      </object_component>
      <object_component id="oc-16c">
         <name>.const:g_pulEnRegs</name>
         <load_address>0x2000c538</load_address>
         <run_address>0x2000c538</run_address>
         <size>0x18</size>
         <input_file_ref idref="fl-15"/>
      </object_component>
      <object_component id="oc-765">
         <name>.cinit..data.load</name>
         <load_address>0x2000c550</load_address>
         <run_address>0x2000c550</run_address>
         <size>0x7b</size>
      </object_component>
      <object_component id="oc-763">
         <name>__TI_handler_table</name>
         <load_address>0x2000c5cc</load_address>
         <run_address>0x2000c5cc</run_address>
         <size>0xc</size>
      </object_component>
      <object_component id="oc-766">
         <name>.cinit..bss.load</name>
         <load_address>0x2000c5d8</load_address>
         <run_address>0x2000c5d8</run_address>
         <size>0x8</size>
      </object_component>
      <object_component id="oc-764">
         <name>__TI_cinit_table</name>
         <load_address>0x2000c5e0</load_address>
         <run_address>0x2000c5e0</run_address>
         <size>0x10</size>
      </object_component>
      <object_component id="oc-3bc">
         <name>.data</name>
         <load_address>0x200179b8</load_address>
         <run_address>0x200179b8</run_address>
         <size>0x15</size>
         <input_file_ref idref="fl-a"/>
      </object_component>
      <object_component id="oc-30d">
         <name>.data:$O1$$</name>
         <load_address>0x200179e0</load_address>
         <run_address>0x200179e0</run_address>
         <size>0xc</size>
         <input_file_ref idref="fl-f4"/>
      </object_component>
      <object_component id="oc-310">
         <name>.data:$O1$$</name>
         <load_address>0x200179ec</load_address>
         <run_address>0x200179ec</run_address>
         <size>0x8</size>
         <input_file_ref idref="fl-f5"/>
      </object_component>
      <object_component id="oc-404">
         <name>.data:_ftable</name>
         <load_address>0x20017800</load_address>
         <run_address>0x20017800</run_address>
         <size>0xf0</size>
         <input_file_ref idref="fl-f9"/>
      </object_component>
      <object_component id="oc-681">
         <name>.data</name>
         <load_address>0x200179d0</load_address>
         <run_address>0x200179d0</run_address>
         <size>0x10</size>
         <input_file_ref idref="fl-f9"/>
      </object_component>
      <object_component id="oc-4ea">
         <name>.data:$O1$$</name>
         <load_address>0x200179f4</load_address>
         <run_address>0x200179f4</run_address>
         <size>0x8</size>
         <input_file_ref idref="fl-fd"/>
      </object_component>
      <object_component id="oc-423">
         <name>.data</name>
         <load_address>0x20017a00</load_address>
         <run_address>0x20017a00</run_address>
         <size>0x4</size>
         <input_file_ref idref="fl-fe"/>
      </object_component>
      <object_component id="oc-665">
         <name>.data:_device</name>
         <load_address>0x200178f0</load_address>
         <run_address>0x200178f0</run_address>
         <size>0x78</size>
         <input_file_ref idref="fl-104"/>
      </object_component>
      <object_component id="oc-635">
         <name>.data:_stream</name>
         <load_address>0x20017968</load_address>
         <run_address>0x20017968</run_address>
         <size>0x50</size>
         <input_file_ref idref="fl-104"/>
      </object_component>
      <object_component id="oc-5a8">
         <name>.data</name>
         <load_address>0x200179fc</load_address>
         <run_address>0x200179fc</run_address>
         <size>0x4</size>
         <input_file_ref idref="fl-105"/>
      </object_component>
      <object_component id="oc-1f4">
         <name>.bss</name>
         <uninitialized>true</uninitialized>
         <run_address>0x20017bcc</run_address>
         <size>0x4</size>
         <input_file_ref idref="fl-9"/>
      </object_component>
      <object_component id="oc-6f6">
         <name>.bss:_CIOBUF_</name>
         <uninitialized>true</uninitialized>
         <run_address>0x20017a04</run_address>
         <size>0x120</size>
         <input_file_ref idref="fl-11b"/>
      </object_component>
      <object_component id="oc-6c3">
         <name>.common:__TI_tmpnams</name>
         <uninitialized>true</uninitialized>
         <run_address>0x20017b24</run_address>
         <size>0xa0</size>
      </object_component>
      <object_component id="oc-6d4">
         <name>.common:parmbuf</name>
         <uninitialized>true</uninitialized>
         <run_address>0x20017bc4</run_address>
         <size>0x8</size>
      </object_component>
      <object_component id="oc-23">
         <name>.sysmem</name>
         <uninitialized>true</uninitialized>
         <run_address>0x20017000</run_address>
         <size>0x10</size>
         <input_file_ref idref="fl-fd"/>
      </object_component>
      <object_component id="oc-769">
         <name>.sysmem</name>
         <uninitialized>true</uninitialized>
         <run_address>0x20017000</run_address>
         <size>0x0</size>
      </object_component>
      <object_component id="oc-26">
         <name>.stack</name>
         <uninitialized>true</uninitialized>
         <run_address>0x2002f800</run_address>
         <size>0x4</size>
         <input_file_ref idref="fl-102"/>
      </object_component>
      <object_component id="oc-768">
         <name>.stack</name>
         <uninitialized>true</uninitialized>
         <run_address>0x2002f800</run_address>
         <size>0x0</size>
      </object_component>
      <object_component id="oc-430">
         <name>.debug_info</name>
         <load_address>0x0</load_address>
         <run_address>0x0</run_address>
         <size>0x296</size>
         <input_file_ref idref="fl-2"/>
      </object_component>
      <object_component id="oc-27b">
         <name>.debug_info</name>
         <load_address>0x296</load_address>
         <run_address>0x296</run_address>
         <size>0x730</size>
         <input_file_ref idref="fl-2"/>
      </object_component>
      <object_component id="oc-302">
         <name>.debug_info</name>
         <load_address>0x9c6</load_address>
         <run_address>0x9c6</run_address>
         <size>0x26b</size>
         <input_file_ref idref="fl-2"/>
      </object_component>
      <object_component id="oc-2f8">
         <name>.debug_info</name>
         <load_address>0xc31</load_address>
         <run_address>0xc31</run_address>
         <size>0x183</size>
         <input_file_ref idref="fl-2"/>
      </object_component>
      <object_component id="oc-38">
         <name>.debug_info</name>
         <load_address>0xdb4</load_address>
         <run_address>0xdb4</run_address>
         <size>0x84</size>
         <input_file_ref idref="fl-2"/>
      </object_component>
      <object_component id="oc-39d">
         <name>.debug_info</name>
         <load_address>0xe38</load_address>
         <run_address>0xe38</run_address>
         <size>0x2a4</size>
         <input_file_ref idref="fl-2"/>
      </object_component>
      <object_component id="oc-46a">
         <name>.debug_info</name>
         <load_address>0x10dc</load_address>
         <run_address>0x10dc</run_address>
         <size>0xcc</size>
         <input_file_ref idref="fl-2"/>
      </object_component>
      <object_component id="oc-1f9">
         <name>.debug_info</name>
         <load_address>0x11a8</load_address>
         <run_address>0x11a8</run_address>
         <size>0x2c</size>
         <input_file_ref idref="fl-2"/>
      </object_component>
      <object_component id="oc-2d0">
         <name>.debug_info</name>
[...]
      <symbol id="sm-7cf">
         <name>__TI_printfi</name>
         <value>0x20004e81</value>
         <object_component_ref idref="oc-35a"/>
      </symbol>
      <symbol id="sm-7f1">
         <name>sprintf</name>
         <value>0x2000b109</value>
         <object_component_ref idref="oc-25f"/>
      </symbol>
      <symbol id="sm-81b">
         <name>vsnprintf</name>
         <value>0x2000b149</value>
         <object_component_ref idref="oc-1c4"/>
      </symbol>
      <symbol id="sm-830">
         <name>putc</name>
         <value>0x2000a279</value>
         <object_component_ref idref="oc-515"/>
      </symbol>
      <symbol id="sm-831">
         <name>fputc</name>
         <value>0x2000a279</value>
         <object_component_ref idref="oc-515"/>
      </symbol>
      <symbol id="sm-84f">
         <name>fputs</name>
         <value>0x200092c9</value>
         <object_component_ref idref="oc-50e"/>
      </symbol>
      <symbol id="sm-867">
         <name>__TI_wrt_ok</name>
         <value>0x2000aa51</value>
         <object_component_ref idref="oc-5c0"/>
      </symbol>
      <symbol id="sm-883">
         <name>setvbuf</name>
         <value>0x20009991</value>
         <object_component_ref idref="oc-629"/>
      </symbol>
      <symbol id="sm-89a">
         <name>__aeabi_dsub</name>
         <value>0x20008825</value>
         <object_component_ref idref="oc-42a"/>
      </symbol>
      <symbol id="sm-89b">
         <name>__aeabi_dadd</name>
         <value>0x2000882f</value>
         <object_component_ref idref="oc-42a"/>
      </symbol>
      <symbol id="sm-8bd">
         <name>__aeabi_cdcmpeq</name>
         <value>0x2000a38d</value>
         <object_component_ref idref="oc-2c5"/>
      </symbol>
      <symbol id="sm-8be">
         <name>__aeabi_cdcmple</name>
         <value>0x2000a38d</value>
         <object_component_ref idref="oc-2c5"/>
      </symbol>
      <symbol id="sm-8bf">
         <name>__aeabi_cdrcmple</name>
         <value>0x2000a413</value>
         <object_component_ref idref="oc-440"/>
      </symbol>
      <symbol id="sm-8d3">
         <name>__aeabi_ddiv</name>
         <value>0x20008f59</value>
         <object_component_ref idref="oc-2a4"/>
      </symbol>
      <symbol id="sm-8de">
         <name>__aeabi_dmul</name>
         <value>0x200094dd</value>
         <object_component_ref idref="oc-2b5"/>
      </symbol>
      <symbol id="sm-8e8">
         <name>__aeabi_d2iz</name>
         <value>0x2000af71</value>
         <object_component_ref idref="oc-28b"/>
      </symbol>
      <symbol id="sm-8f4">
         <name>__aeabi_d2f</name>
         <value>0x2000a7db</value>
         <object_component_ref idref="oc-2ba"/>
      </symbol>
      <symbol id="sm-905">
         <name>__aeabi_fadd</name>
         <value>0x200095dd</value>
         <object_component_ref idref="oc-290"/>
      </symbol>
      <symbol id="sm-906">
         <name>__aeabi_fsub</name>
         <value>0x200095d9</value>
         <object_component_ref idref="oc-290"/>
      </symbol>
      <symbol id="sm-920">
         <name>__aeabi_cfrcmple</name>
         <value>0x2000ab75</value>
         <object_component_ref idref="oc-270"/>
      </symbol>
      <symbol id="sm-921">
         <name>__aeabi_cfcmpeq</name>
         <value>0x2000ab15</value>
         <object_component_ref idref="oc-275"/>
      </symbol>
      <symbol id="sm-922">
         <name>__aeabi_cfcmple</name>
         <value>0x2000ab15</value>
         <object_component_ref idref="oc-275"/>
      </symbol>
      <symbol id="sm-92f">
         <name>__aeabi_fdiv</name>
         <value>0x2000a1e5</value>
         <object_component_ref idref="oc-3f1"/>
      </symbol>
      <symbol id="sm-939">
         <name>__aeabi_fmul</name>
         <value>0x2000a51d</value>
         <object_component_ref idref="oc-29a"/>
      </symbol>
      <symbol id="sm-944">
         <name>__aeabi_f2d</name>
         <value>0x2000b2ad</value>
         <object_component_ref idref="oc-280"/>
      </symbol>
      <symbol id="sm-94e">
         <name>__aeabi_f2iz</name>
         <value>0x2000b2e5</value>
         <object_component_ref idref="oc-2ca"/>
      </symbol>
      <symbol id="sm-958">
         <name>__aeabi_i2d</name>
         <value>0x2000b51d</value>
         <object_component_ref idref="oc-29f"/>
      </symbol>
      <symbol id="sm-963">
         <name>__aeabi_i2f</name>
         <value>0x2000b31d</value>
         <object_component_ref idref="oc-26b"/>
      </symbol>
      <symbol id="sm-97e">
         <name>memcpy</name>
         <value>0x20009f85</value>
         <object_component_ref idref="oc-3d"/>
      </symbol>
      <symbol id="sm-97f">
         <name>__aeabi_memcpy</name>
         <value>0x20009f85</value>
         <object_component_ref idref="oc-3d"/>
      </symbol>
      <symbol id="sm-980">
         <name>__aeabi_memcpy8</name>
         <value>0x20009f85</value>
         <object_component_ref idref="oc-3d"/>
      </symbol>
      <symbol id="sm-981">
         <name>__aeabi_memcpy4</name>
         <value>0x20009f85</value>
         <object_component_ref idref="oc-3d"/>
      </symbol>
      <symbol id="sm-98c">
         <name>__aeabi_ui2f</name>
         <value>0x2000b6e1</value>
         <object_component_ref idref="oc-295"/>
      </symbol>
      <symbol id="sm-99b">
         <name>__aeabi_memset</name>
         <value>0x2000a599</value>
         <object_component_ref idref="oc-8b"/>
      </symbol>
      <symbol id="sm-99c">
         <name>memset</name>
         <value>0x2000a59f</value>
         <object_component_ref idref="oc-8b"/>
      </symbol>
      <symbol id="sm-99d">
         <name>__aeabi_memset8</name>
         <value>0x2000a599</value>
         <object_component_ref idref="oc-8b"/>
      </symbol>
      <symbol id="sm-99e">
         <name>__aeabi_memset4</name>
         <value>0x2000a599</value>
         <object_component_ref idref="oc-8b"/>
      </symbol>
      <symbol id="sm-99f">
         <name>__aeabi_memclr8</name>
         <value>0x2000a597</value>
         <object_component_ref idref="oc-8b"/>
      </symbol>
      <symbol id="sm-9a0">
         <name>__aeabi_memclr4</name>
         <value>0x2000a597</value>
         <object_component_ref idref="oc-8b"/>
      </symbol>
      <symbol id="sm-9a1">
         <name>__aeabi_memclr</name>
         <value>0x2000a597</value>
         <object_component_ref idref="oc-8b"/>
      </symbol>
      <symbol id="sm-9ae">
         <name>__aeabi_uldivmod</name>
         <value>0x2000a0b9</value>
         <object_component_ref idref="oc-56b"/>
      </symbol>
      <symbol id="sm-9c2">
         <name>__TI_zero_init_nomemset</name>
         <value>0x2000b879</value>
         <object_component_ref idref="oc-49"/>
      </symbol>
      <symbol id="sm-9d9">
         <name>__TI_decompress_none</name>
         <value>0x2000bb31</value>
         <object_component_ref idref="oc-1b"/>
      </symbol>
      <symbol id="sm-9fc">
         <name>__TI_decompress_lzss</name>
         <value>0x2000a91d</value>
         <object_component_ref idref="oc-15"/>
      </symbol>
      <symbol id="sm-a22">
         <name>C$$EXIT</name>
         <value>0x2000bb8f</value>
         <object_component_ref idref="oc-121"/>
      </symbol>
      <symbol id="sm-a23">
         <name>abort</name>
         <value>0x2000bb8f</value>
         <object_component_ref idref="oc-121"/>
      </symbol>
      <symbol id="sm-a24">
         <name>__TI_dtors_ptr</name>
         <value>0x200179e4</value>
         <object_component_ref idref="oc-30d"/>
      </symbol>
      <symbol id="sm-a25">
         <name>__TI_cleanup_ptr</name>
         <value>0x200179e0</value>
         <object_component_ref idref="oc-30d"/>
      </symbol>
      <symbol id="sm-a26">
         <name>__TI_enable_exit_profile_output</name>
         <value>0x200179e8</value>
         <object_component_ref idref="oc-30d"/>
      </symbol>
      <symbol id="sm-a27">
         <name>exit</name>
         <value>0x2000af29</value>
         <object_component_ref idref="oc-127"/>
      </symbol>
      <symbol id="sm-a3c">
         <name>_nop</name>
         <value>0x200058cf</value>
         <object_component_ref idref="oc-479"/>
      </symbol>
      <symbol id="sm-a3d">
         <name>_lock</name>
         <value>0x200179ec</value>
         <object_component_ref idref="oc-310"/>
      </symbol>
      <symbol id="sm-a3e">
         <name>_unlock</name>
         <value>0x200179f0</value>
         <object_component_ref idref="oc-310"/>
      </symbol>
      <symbol id="sm-a4d">
         <name>__TI_ltoa</name>
         <value>0x2000adeb</value>
         <object_component_ref idref="oc-571"/>
      </symbol>
      <symbol id="sm-a63">
         <name>atoi</name>
         <value>0x2000aedd</value>
         <object_component_ref idref="oc-4a0"/>
      </symbol>
      <symbol id="sm-a6e">
         <name>_ctypes_</name>
         <value>0x2000c1f0</value>
         <object_component_ref idref="oc-566"/>
      </symbol>
      <symbol id="sm-a83">
         <name>__TI_tmpnams</name>
         <value>0x20017b24</value>
      </symbol>
      <symbol id="sm-a84">
         <name>__aeabi_stdout</name>
         <value>0x200179d8</value>
         <object_component_ref idref="oc-681"/>
      </symbol>
      <symbol id="sm-a85">
         <name>__aeabi_stderr</name>
         <value>0x200179dc</value>
         <object_component_ref idref="oc-681"/>
      </symbol>
      <symbol id="sm-a86">
         <name>__aeabi_stdin</name>
         <value>0x200179d4</value>
         <object_component_ref idref="oc-681"/>
      </symbol>
      <symbol id="sm-a87">
         <name>_ftable</name>
         <value>0x20017800</value>
         <object_component_ref idref="oc-404"/>
      </symbol>
      <symbol id="sm-a88">
         <name>__TI_ft_end</name>
         <value>0x200179d0</value>
         <object_component_ref idref="oc-681"/>
      </symbol>
      <symbol id="sm-a98">
         <name>memccpy</name>
         <value>0x2000b8b1</value>
         <object_component_ref idref="oc-4c4"/>
      </symbol>
      <symbol id="sm-aa8">
         <name>memchr</name>
         <value>0x2000b7ab</value>
         <object_component_ref idref="oc-5c6"/>
      </symbol>
      <symbol id="sm-ab9">
         <name>memmove</name>
         <value>0x2000b649</value>
         <object_component_ref idref="oc-1dc"/>
      </symbol>
      <symbol id="sm-b57">
         <name>_sys_memory</name>
         <value>0x20017000</value>
         <object_component_ref idref="oc-23"/>
      </symbol>
      <symbol id="sm-b58">
         <name>free</name>
         <value>0x200097c9</value>
         <object_component_ref idref="oc-1ee"/>
      </symbol>
      <symbol id="sm-b59">
         <name>realloc</name>
         <value>0x200098ad</value>
         <object_component_ref idref="oc-1e8"/>
      </symbol>
      <symbol id="sm-b5a">
         <name>memalign</name>
         <value>0x200093dd</value>
         <object_component_ref idref="oc-37e"/>
      </symbol>
      <symbol id="sm-b5b">
         <name>malloc</name>
         <value>0x2000bb75</value>
         <object_component_ref idref="oc-1e2"/>
      </symbol>
      <symbol id="sm-b5c">
         <name>aligned_alloc</name>
         <value>0x200093dd</value>
         <object_component_ref idref="oc-37e"/>
      </symbol>
      <symbol id="sm-b72">
         <name>rand</name>
         <value>0x2000b429</value>
         <object_component_ref idref="oc-265"/>
      </symbol>
      <symbol id="sm-b82">
         <name>strchr</name>
         <value>0x2000ba5d</value>
         <object_component_ref idref="oc-598"/>
      </symbol>
      <symbol id="sm-b90">
         <name>strlen</name>
         <value>0x2000bad9</value>
         <object_component_ref idref="oc-1d6"/>
      </symbol>
      <symbol id="sm-c00">
         <name>__kernel_rem_pio2</name>
         <value>0x200058d1</value>
         <object_component_ref idref="oc-454"/>
      </symbol>
      <symbol id="sm-c12">
         <name>__stack</name>
         <value>0x2002f800</value>
         <object_component_ref idref="oc-26"/>
      </symbol>
      <symbol id="sm-c13">
         <name>_c_int00_noargs</name>
         <value>0x2000b6bd</value>
         <object_component_ref idref="oc-5b"/>
      </symbol>
      <symbol id="sm-c2d">
         <name>write</name>
         <value>0x2000b671</value>
         <object_component_ref idref="oc-5d2"/>
      </symbol>
      <symbol id="sm-c3e">
         <name>_stream</name>
         <value>0x20017968</value>
         <object_component_ref idref="oc-635"/>
      </symbol>
      <symbol id="sm-c3f">
         <name>_device</name>
         <value>0x200178f0</value>
         <object_component_ref idref="oc-665"/>
      </symbol>
      <symbol id="sm-c55">
         <name>__aeabi_errno_addr</name>
         <value>0x2000bb6d</value>
         <object_component_ref idref="oc-4d0"/>
      </symbol>
      <symbol id="sm-c56">
         <name>errno</name>
         <value>0x200179fc</value>
         <object_component_ref idref="oc-5a8"/>
      </symbol>
      <symbol id="sm-c6f">
         <name>wcslen</name>
         <value>0x2000bb11</value>
         <object_component_ref idref="oc-4ca"/>
      </symbol>
      <symbol id="sm-c85">
         <name>__kernel_cos</name>
         <value>0x20008cbd</value>
         <object_component_ref idref="oc-45a"/>
      </symbol>
      <symbol id="sm-c9c">
         <name>__kernel_sin</name>
         <value>0x20008b55</value>
         <object_component_ref idref="oc-44e"/>
      </symbol>
      <symbol id="sm-cb9">
         <name>floorl</name>
         <value>0x200096d5</value>
         <object_component_ref idref="oc-432"/>
      </symbol>
      <symbol id="sm-cba">
         <name>floor</name>
         <value>0x200096d5</value>
         <object_component_ref idref="oc-432"/>
      </symbol>
      <symbol id="sm-cd0">
         <name>frexpl</name>
         <value>0x2000ac31</value>
         <object_component_ref idref="oc-592"/>
      </symbol>
      <symbol id="sm-cd1">
         <name>frexp</name>
         <value>0x2000ac31</value>
         <object_component_ref idref="oc-592"/>
      </symbol>
      <symbol id="sm-cef">
         <name>scalbn</name>
         <value>0x20009b3d</value>
         <object_component_ref idref="oc-53c"/>
      </symbol>
      <symbol id="sm-cf0">
         <name>scalbnl</name>
         <value>0x20009b3d</value>
         <object_component_ref idref="oc-53c"/>
      </symbol>
      <symbol id="sm-cf1">
         <name>ldexpl</name>
         <value>0x20009b3d</value>
         <object_component_ref idref="oc-53c"/>
      </symbol>
      <symbol id="sm-cf2">
         <name>ldexp</name>
         <value>0x20009b3d</value>
         <object_component_ref idref="oc-53c"/>
      </symbol>
      <symbol id="sm-d02">
         <name>__TI_doflush</name>
         <value>0x2000ae91</value>
         <object_component_ref idref="oc-5cc"/>
      </symbol>
      <symbol id="sm-d12">
         <name>__TI_cleanup</name>
         <value>0x2000b3c1</value>
         <object_component_ref idref="oc-652"/>
      </symbol>
      <symbol id="sm-d24">
         <name>fseek</name>
         <value>0x2000a9ed</value>
         <object_component_ref idref="oc-623"/>
      </symbol>
      <symbol id="sm-d2e">
         <name>__aeabi_idiv0</name>
         <value>0x200075df</value>
         <object_component_ref idref="oc-5fa"/>
      </symbol>
      <symbol id="sm-d2f">
         <name>__aeabi_ldiv0</name>
         <value>0x200075df</value>
         <object_component_ref idref="oc-5fa"/>
      </symbol>
      <symbol id="sm-d57">
         <name>__TI_auto_init_nobinit_nopinit</name>
         <value>0x2000b041</value>
         <object_component_ref idref="oc-12d"/>
      </symbol>
      <symbol id="sm-d61">
         <name>_system_pre_init</name>
         <value>0x2000bb8b</value>
         <object_component_ref idref="oc-91"/>
      </symbol>
      <symbol id="sm-d74">
         <name>HOSTclose</name>
         <value>0x2000afb9</value>
         <object_component_ref idref="oc-68d"/>
      </symbol>
      <symbol id="sm-d85">
         <name>HOSTlseek</name>
         <value>0x2000a8b5</value>
         <object_component_ref idref="oc-69f"/>
      </symbol>
      <symbol id="sm-d97">
         <name>parmbuf</name>
         <value>0x20017bc4</value>
      </symbol>
      <symbol id="sm-d98">
         <name>HOSTopen</name>
         <value>0x2000aab5</value>
         <object_component_ref idref="oc-687"/>
      </symbol>
      <symbol id="sm-da9">
         <name>HOSTread</name>
         <value>0x2000ac8d</value>
         <object_component_ref idref="oc-693"/>
      </symbol>
      <symbol id="sm-dba">
         <name>HOSTrename</name>
         <value>0x2000a849</value>
         <object_component_ref idref="oc-6ab"/>
      </symbol>
      <symbol id="sm-dcb">
         <name>HOSTunlink</name>
         <value>0x2000affd</value>
         <object_component_ref idref="oc-6a5"/>
      </symbol>
      <symbol id="sm-ddc">
         <name>HOSTwrite</name>
         <value>0x2000ace5</value>
         <object_component_ref idref="oc-699"/>
      </symbol>
      <symbol id="sm-e00">
         <name>__TI_readmsg</name>
         <value>0x2000b3f5</value>
         <object_component_ref idref="oc-6ce"/>
      </symbol>
      <symbol id="sm-e01">
         <name>C$$IO$$</name>
         <value>0x2000b2a3</value>
         <object_component_ref idref="oc-6c8"/>
      </symbol>
      <symbol id="sm-e02">
         <name>__CIOBUF_</name>
         <value>0x20017a04</value>
         <object_component_ref idref="oc-6f6"/>
      </symbol>
      <symbol id="sm-e03">
         <name>__TI_writemsg</name>
         <value>0x2000b275</value>
         <object_component_ref idref="oc-6c8"/>
      </symbol>
      <symbol id="sm-e14">
         <name>lseek</name>
         <value>0x2000b621</value>
         <object_component_ref idref="oc-64a"/>
      </symbol>
      <symbol id="sm-e1e">
         <name>copysign</name>
         <value>0x2000bb4d</value>
         <object_component_ref idref="oc-5e2"/>
      </symbol>
      <symbol id="sm-e1f">
         <name>copysignl</name>
         <value>0x2000bb4d</value>
         <object_component_ref idref="oc-5e2"/>
      </symbol>
      <symbol id="sm-e34">
         <name>__TI_closefile</name>
         <value>0x2000a689</value>
         <object_component_ref idref="oc-67b"/>
      </symbol>
      <symbol id="sm-e57">
         <name>finddevice</name>
         <value>0x2000b4ed</value>
         <object_component_ref idref="oc-714"/>
      </symbol>
      <symbol id="sm-e58">
         <name>getdevice</name>
         <value>0x2000b085</value>
         <object_component_ref idref="oc-6ec"/>
      </symbol>
      <symbol id="sm-e67">
         <name>strcmp</name>
         <value>0x2000b9c1</value>
         <object_component_ref idref="oc-72b"/>
      </symbol>
      <symbol id="sm-e75">
         <name>strcpy</name>
         <value>0x2000bac5</value>
         <object_component_ref idref="oc-6e2"/>
      </symbol>
      <symbol id="sm-e85">
         <name>strncpy</name>
         <value>0x2000b38b</value>
         <object_component_ref idref="oc-70e"/>
      </symbol>
      <symbol id="sm-e9a">
         <name>close</name>
         <value>0x2000abd5</value>
         <object_component_ref idref="oc-6b7"/>
      </symbol>
      <symbol id="sm-eaa">
         <name>unlink</name>
         <value>0x2000b5a5</value>
         <object_component_ref idref="oc-6bd"/>
      </symbol>
      <symbol id="sm-eab">
         <name>__TI_static_base__</name>
         <value>0x2000c550</value>
      </symbol>
      <symbol id="sm-eae">
         <name>__mpu_init</name>
         <value>0x0</value>
      </symbol>
      <symbol id="sm-eaf">
         <name>_system_post_cinit</name>
         <value>0x0</value>
      </symbol>
      <symbol id="sm-eb0">
         <name>remove</name>
         <value>0x2000b5a5</value>
      </symbol>
   </symbol_table>
   <title>Link successful</title>
</link_info>
