******************************************************************************
                  TI ARM Linker PC v20.2.7                     
******************************************************************************
>> Linked Mon Mar 10 12:48:34 2025

OUTPUT FILE NAME:   <Battle-Pong.out>
ENTRY POINT SYMBOL: "_c_int00_noargs"  address: 2000b9d9


MEMORY CONFIGURATION

         name            origin    length      used     unused   attr    fill
----------------------  --------  ---------  --------  --------  ----  --------
  SRAM_CODE             20004000   00013000  0000890e  0000a6f2  RW X
  SRAM_DATA             20017000   00019000  000013d0  00017c30  RW X


SEGMENT ALLOCATION MAP

run origin  load origin   length   init length attrs members
----------  ----------- ---------- ----------- ----- -------
20004000    20004000    00008910   00008910    r-x
  20004000    20004000    00000400   00000400    r-- .intvecs
  20004400    20004400    00007aae   00007aae    r-x .text
  2000beb0    2000beb0    000009b8   000009b8    r-- .const
  2000c868    2000c868    000000a8   000000a8    r-- .cinit
20017000    20017000    00000bd0   00000000    rw-
  20017000    20017000    00000800   00000000    rw- .sysmem
  20017800    20017800    00000204   00000000    rw- .data
  20017a04    20017a04    000001cc   00000000    rw- .bss
2002f800    2002f800    00000800   00000000    rw-
  2002f800    2002f800    00000800   00000000    rw- .stack


SECTION ALLOCATION MAP

 output                                  attributes/
section   page    origin      length       input sections
--------  ----  ----------  ----------   ----------------
.intvecs   0    20004000    00000400     
                  20004000    00000400     startup_ccs.obj (.intvecs)

.init_array 
*          0    20004000    00000000     UNINITIALIZED

.text      0    20004400    00007aae     
                  20004400    00000a80     Adafruit_GFX.obj (.text)
                  20004e80    00000a4e     rtsv7M4_T_le_eabi.lib : _printfi.c.obj (.text:__TI_printfi)
                  200058ce    00000002                           : _lock.c.obj (.text:_nop)
                  200058d0    000008f4     game.obj (.text)
                  200061c4    00000730     rtsv7M4_T_le_eabi.lib : k_rem_pio2.c.obj (.text:__kernel_rem_pio2)
                  200068f4    000005c0                           : s_cos.c.obj (.text:cos)
                  20006eb4    000005c0                           : s_sin.c.obj (.text:sin)
                  20007474    00000486     Adafruit_OLED.obj (.text)
                  200078fa    00000002     rtsv7M4_T_le_eabi.lib : div0.asm.obj (.text)
                  200078fc    00000330     scroll_pad.obj (.text)
                  20007c2c    000002ec     rtsv7M4_T_le_eabi.lib : s_atan.c.obj (.text:atan)
                  20007f18    000002d8     dot_tracker.obj (.text)
                  200081f0    000002a0     i2c_if.obj (.text)
                  20008490    0000027c     uart_if.obj (.text)
                  2000870c    00000268     rtsv7M4_T_le_eabi.lib : _printfi.c.obj (.text:_pconv_a)
                  20008974    000001cc                           : _printfi.c.obj (.text:_pconv_g)
                  20008b40    000001b6                           : fd_add_t2.asm.obj (.text)
                  20008cf6    00000002     --HOLE-- [fill = 0]
                  20008cf8    00000178     driverlib.a : prcm.obj (.text:PRCMCC3200MCUInit)
                  20008e70    00000168     rtsv7M4_T_le_eabi.lib : k_sin.c.obj (.text:__kernel_sin)
                  20008fd8    00000160                           : k_cos.c.obj (.text:__kernel_cos)
                  20009138    0000013c                           : _printfi.c.obj (.text:_pconv_e)
                  20009274    00000136                           : fd_div_t2.asm.obj (.text)
                  200093aa    00000002     --HOLE-- [fill = 0]
                  200093ac    00000120                           : _printfi.c.obj (.text:fcvt)
                  200094cc    00000118     pin_mux_config.obj (.text)
                  200095e4    00000114     rtsv7M4_T_le_eabi.lib : fputs.c.obj (.text:fputs)
                  200096f8    00000100                           : memory.c.obj (.text:aligned_alloc)
                  200097f8    000000fc                           : fd_mul_t2.asm.obj (.text)
                  200098f4    000000fa                           : fs_add_t2.asm.obj (.text)
                  200099ee    00000002     --HOLE-- [fill = 0]
                  200099f0    000000f4                           : s_floor.c.obj (.text:floor)
                  20009ae4    000000e4                           : memory.c.obj (.text:free)
                  20009bc8    000000e4                           : memory.c.obj (.text:realloc)
                  20009cac    000000dc                           : setvbuf.c.obj (.text:setvbuf)
                  20009d88    000000d0                           : ti_fmax.c.obj (.text:fmin)
                  20009e58    000000d0                           : s_scalbn.c.obj (.text:scalbn)
                  20009f28    000000cc                           : ti_fmax.c.obj (.text:fmax)
                  20009ff4    000000b1                           : _printfi.c.obj (.text:_ltostr)
                  2000a0a5    00000003     --HOLE-- [fill = 0]
                  2000a0a8    000000b0                           : s_round.c.obj (.text:round)
                  2000a158    000000a8     driverlib.a : interrupt.obj (.text:IntEnable)
                  2000a200    000000a0                 : spi.obj (.text:SPIConfigSetExpClk)
                  2000a2a0    0000009c     rtsv7M4_T_le_eabi.lib : memcpy_t2.asm.obj (.text)
                  2000a33c    00000098     main.obj (.text)
                  2000a3d4    00000096     rtsv7M4_T_le_eabi.lib : ull_div_t2.asm.obj (.text)
                  2000a46a    00000002     --HOLE-- [fill = 0]
                  2000a46c    00000094     driverlib.a : prcm.obj (.text:PRCMPeripheralClockGet)
                  2000a500    00000092     rtsv7M4_T_le_eabi.lib : fs_div_t2.asm.obj (.text)
                  2000a592    00000002     --HOLE-- [fill = 0]
                  2000a594    0000008c                           : fputc.c.obj (.text:fputc)
                  2000a620    00000088     driverlib.a : pin.obj (.text:PinConfigSet)
                  2000a6a8    00000086     rtsv7M4_T_le_eabi.lib : fd_cmp_t2.asm.obj (.text:__aeabi_cdcmple)
                  2000a72e    00000086                           : fd_cmp_t2.asm.obj (.text:__aeabi_cdrcmple)
                  2000a7b4    00000084     driverlib.a : i2c.obj (.text:I2CMasterInitExpClk)
                  2000a838    0000007a     rtsv7M4_T_le_eabi.lib : fs_mul_t2.asm.obj (.text)
                  2000a8b2    0000007a                           : memset_t2.asm.obj (.text)
                  2000a92c    00000076     driverlib.a : uart.obj (.text:UARTConfigSetExpClk)
                  2000a9a2    00000002     --HOLE-- [fill = 0]
                  2000a9a4    00000074     rtsv7M4_T_le_eabi.lib : fclose.c.obj (.text:__TI_closefile)
                  2000aa18    00000070                           : memory.c.obj (.text:split)
                  2000aa88    0000006e                           : _printfi.c.obj (.text:_mcpy)
                  2000aaf6    0000006e                           : fd_tos_t2.asm.obj (.text)
                  2000ab64    0000006c                           : hostrename.c.obj (.text:HOSTrename)
                  2000abd0    00000068                           : hostlseek.c.obj (.text:HOSTlseek)
                  2000ac38    00000068                           : copy_decompress_lzss.c.obj (.text:decompress:lzss:__TI_decompress_lzss)
                  2000aca0    00000068                           : printf.c.obj (.text:printf)
                  2000ad08    00000064                           : fseek.c.obj (.text:fseek)
                  2000ad6c    00000062                           : _io_perm.c.obj (.text:__TI_wrt_ok)
                  2000adce    00000002     --HOLE-- [fill = 0]
                  2000add0    00000060                           : hostopen.c.obj (.text:HOSTopen)
                  2000ae30    00000060                           : fs_cmp_t2.asm.obj (.text:__aeabi_cfcmple)
                  2000ae90    00000060                           : fs_cmp_t2.asm.obj (.text:__aeabi_cfrcmple)
                  2000aef0    0000005c                           : close.c.obj (.text:close)
                  2000af4c    0000005c                           : s_frexp.c.obj (.text:frexp)
                  2000afa8    00000058                           : hostread.c.obj (.text:HOSTread)
                  2000b000    00000058                           : hostwrite.c.obj (.text:HOSTwrite)
                  2000b058    00000058     driverlib.a : prcm.obj (.text:PRCMPeripheralReset)
                  2000b0b0    00000056     rtsv7M4_T_le_eabi.lib : _printfi.c.obj (.text:_pconv_f)
                  2000b106    00000054                           : _ltoa.c.obj (.text:__TI_ltoa)
                  2000b15a    00000052                           : _printfi.c.obj (.text:_ecpy)
                  2000b1ac    0000004c                           : fflush.c.obj (.text:__TI_doflush)
                  2000b1f8    0000004c                           : atoi.c.obj (.text:atoi)
                  2000b244    00000048                           : exit.c.obj (.text:exit)
                  2000b28c    00000048                           : fd_toi_t2.asm.obj (.text)
                  2000b2d4    00000044                           : hostclose.c.obj (.text:HOSTclose)
                  2000b318    00000044                           : hostunlink.c.obj (.text:HOSTunlink)
                  2000b35c    00000044                           : autoinit.c.obj (.text:__TI_auto_init_nobinit_nopinit:__TI_auto_init_nobinit_nopinit)
                  2000b3a0    00000044                           : getdevice.c.obj (.text:getdevice)
                  2000b3e4    00000040     driverlib.a : pin.obj (.text:PinModeSet)
                  2000b424    00000040     rtsv7M4_T_le_eabi.lib : sprintf.c.obj (.text:sprintf)
                  2000b464    00000040                           : vsnprintf.c.obj (.text:vsnprintf)
                  2000b4a4    0000003e                           : _printfi.c.obj (.text:_fcpy)
                  2000b4e2    00000002     --HOLE-- [fill = 0]
                  2000b4e4    0000003c     driverlib.a : prcm.obj (.text:PRCMPeripheralClkEnable)
                  2000b520    00000038                 : adc.obj (.text:ADCChannelDisable)
                  2000b558    00000038                 : adc.obj (.text:ADCChannelEnable)
                  2000b590    00000038     rtsv7M4_T_le_eabi.lib : trgmsg.c.obj (.text:__TI_writemsg)
                  2000b5c8    00000038                           : fs_tod_t2.asm.obj (.text)
                  2000b600    00000038                           : fs_toi_t2.asm.obj (.text)
                  2000b638    00000038                           : i_tofs_t2.asm.obj (.text)
                  2000b670    00000036     driverlib.a : gpio.obj (.text:GPIODirModeSet)
                  2000b6a6    00000036     rtsv7M4_T_le_eabi.lib : strncpy.c.obj (.text:strncpy)
                  2000b6dc    00000034                           : fopen.c.obj (.text:__TI_cleanup)
                  2000b710    00000034                           : trgmsg.c.obj (.text:__TI_readmsg)
                  2000b744    00000034                           : rand.c.obj (.text:rand)
                  2000b778    00000030     driverlib.a : pin.obj (.text:PinTypeGPIO)
                  2000b7a8    00000030                 : uart.obj (.text:UARTDisable)
                  2000b7d8    00000030     rtsv7M4_T_le_eabi.lib : vsnprintf.c.obj (.text:_outs)
                  2000b808    00000030                           : getdevice.c.obj (.text:finddevice)
                  2000b838    0000002e                           : i_tofd_t2.asm.obj (.text)
                  2000b866    0000002c     driverlib.a : i2c.obj (.text:I2CMasterErr)
                  2000b892    00000002     --HOLE-- [fill = 0]
                  2000b894    0000002c                 : prcm.obj (.text:PRCMSysResetCauseGet)
                  2000b8c0    0000002c     rtsv7M4_T_le_eabi.lib : unlink.c.obj (.text:unlink)
                  2000b8ec    00000028     driverlib.a : prcm.obj (.text:PRCMPeripheralClkDisable)
                  2000b914    00000028     rtsv7M4_T_le_eabi.lib : memory.c.obj (.text:free_list_insert)
                  2000b93c    00000028                           : lseek.c.obj (.text:lseek)
                  2000b964    00000028                           : memmov.c.obj (.text:memmove)
                  2000b98c    00000028                           : write.c.obj (.text:write)
                  2000b9b4    00000024     driverlib.a : uart.obj (.text:UARTEnable)
                  2000b9d8    00000024     rtsv7M4_T_le_eabi.lib : boot_cortex_m.c.obj (.text:_c_int00_noargs:_c_int00_noargs)
                  2000b9fc    00000024                           : u_tofs_t2.asm.obj (.text)
                  2000ba20    00000022     driverlib.a : adc.obj (.text:ADCTimerConfig)
                  2000ba42    00000022                 : i2c.obj (.text:I2CMasterSlaveAddrSet)
                  2000ba64    00000022                 : spi.obj (.text:SPIReset)
                  2000ba86    00000020                 : gpio.obj (.text:GPIOPinWrite)
                  2000baa6    00000020                 : spi.obj (.text:SPIDataGet)
                  2000bac6    00000020     rtsv7M4_T_le_eabi.lib : memchr.c.obj (.text:memchr)
                  2000bae6    0000001e     driverlib.a : i2c.obj (.text:I2CMasterIntStatusEx)
                  2000bb04    0000001e                 : spi.obj (.text:SPIDataPut)
                  2000bb22    0000001e                 : uart.obj (.text:UARTCharPut)
                  2000bb40    0000001c                 : adc.obj (.text:ADCFIFOLvlGet)
                  2000bb5c    0000001c                 : pin.obj (.text:PinTypeI2C)
                  2000bb78    0000001c                 : uart.obj (.text:UARTCharGetNonBlocking)
                  2000bb94    0000001c     rtsv7M4_T_le_eabi.lib : copy_zero_init.c.obj (.text:decompress:ZI:__TI_zero_init_nomemset:__TI_zero_init_nomemset)
                  2000bbb0    0000001c                           : memory.c.obj (.text:free_list_remove)
                  2000bbcc    0000001c                           : memccpy.c.obj (.text:memccpy)
                  2000bbe8    0000001a     driverlib.a : pin.obj (.text:PinTypeSPI)
                  2000bc02    0000001a                 : pin.obj (.text:PinTypeUART)
                  2000bc1c    00000018                 : adc.obj (.text:ADCFIFORead)
                  2000bc34    00000018                 : i2c.obj (.text:I2CMasterIntEnableEx)
                  2000bc4c    00000018                 : spi.obj (.text:SPICSDisable)
                  2000bc64    00000018                 : spi.obj (.text:SPICSEnable)
                  2000bc7c    00000018                 : spi.obj (.text:SPIEnable)
                  2000bc94    00000018                 : uart.obj (.text:UARTCharsAvail)
                  2000bcac    00000018     rtsv7M4_T_le_eabi.lib : vsnprintf.c.obj (.text:_outc)
                  2000bcc4    00000018                           : sprintf.c.obj (.text:_outs)
                  2000bcdc    00000018                           : strcmp.c.obj (.text:strcmp)
                  2000bcf4    00000016     driverlib.a : adc.obj (.text:ADCTimerEnable)
                  2000bd0a    00000016                 : i2c.obj (.text:I2CMasterDataPut)
                  2000bd20    00000016                 : i2c.obj (.text:I2CMasterEnable)
                  2000bd36    00000016                 : i2c.obj (.text:I2CMasterIntClear)
                  2000bd4c    00000016                 : prcm.obj (.text:PRCMHIBRegRead)
                  2000bd62    00000016                 : prcm.obj (.text:PRCMHIBRegWrite)
                  2000bd78    00000016     rtsv7M4_T_le_eabi.lib : strchr.c.obj (.text:strchr)
                  2000bd8e    00000014     driverlib.a : adc.obj (.text:ADCEnable)
                  2000bda2    00000014                 : cpu.obj (.text:CPUcpsie)
                  2000bdb6    00000002     --HOLE-- [fill = 0]
                  2000bdb8    00000014                 : interrupt.obj (.text:IntVTableBaseSet)
                  2000bdcc    00000014                 : pin.obj (.text:PinTypeADC)
                  2000bde0    00000014     rtsv7M4_T_le_eabi.lib : strcpy.c.obj (.text:strcpy)
                  2000bdf4    00000014                           : strlen.c.obj (.text:strlen)
                  2000be08    00000012     driverlib.a : i2c.obj (.text:I2CMasterControl)
                  2000be1a    00000012                 : i2c.obj (.text:I2CMasterTimeoutSet)
                  2000be2c    00000012     rtsv7M4_T_le_eabi.lib : wcslen.c.obj (.text:wcslen)
                  2000be3e    0000000e     driverlib.a : i2c.obj (.text:I2CMasterDataGet)
                  2000be4c    0000000e     rtsv7M4_T_le_eabi.lib : copy_decompress_none.c.obj (.text:decompress:none:__TI_decompress_none)
                  2000be5a    0000000e     startup_ccs.obj (.text)
                  2000be68    0000000c     rtsv7M4_T_le_eabi.lib : s_copysign.c.obj (.text:copysign)
                  2000be74    0000000a     driverlib.a : interrupt.obj (.text:IntMasterEnable)
                  2000be7e    0000000a     rtsv7M4_T_le_eabi.lib : sprintf.c.obj (.text:_outc)
                  2000be88    00000008                           : errno.c.obj (.text:__aeabi_errno_addr)
                  2000be90    00000008                           : memory.c.obj (.text:malloc)
                  2000be98    00000006     driverlib.a : utils.obj (.text:UtilsDelay)
                  2000be9e    00000004     rtsv7M4_T_le_eabi.lib : printf.c.obj (.text:_outc)
                  2000bea2    00000004                           : printf.c.obj (.text:_outs)
                  2000bea6    00000004                           : pre_init.c.obj (.text:_system_pre_init)
                  2000beaa    00000004                           : exit.c.obj (.text:abort:abort)

.const     0    2000beb0    000009b8     
                  2000beb0    000004fb     Adafruit_GFX.obj (.const:.string:font)
                  2000c3ab    00000005     --HOLE-- [fill = 0]
                  2000c3b0    00000158     rtsv7M4_T_le_eabi.lib : k_rem_pio2.c.obj (.const:$O1$$)
                  2000c508    00000101                           : ctype.c.obj (.const:.string:_ctypes_)
                  2000c609    00000003     --HOLE-- [fill = 0]
                  2000c60c    00000100     driverlib.a : pin.obj (.const:g_ulPinToPadMap)
                  2000c70c    000000a8                 : prcm.obj (.const:PRCM_PeriphRegsList)
                  2000c7b4    00000004     --HOLE-- [fill = 0]
                  2000c7b8    00000098     rtsv7M4_T_le_eabi.lib : s_atan.c.obj (.const:$O1$$)
                  2000c850    00000018     driverlib.a : interrupt.obj (.const:g_pulEnRegs)

.cinit     0    2000c868    000000a8     
                  2000c868    0000007d     (.cinit..data.load) [load image, compression = lzss]
                  2000c8e5    00000003     --HOLE-- [fill = 0]
                  2000c8e8    0000000c     (__TI_handler_table)
                  2000c8f4    00000004     --HOLE-- [fill = 0]
                  2000c8f8    00000008     (.cinit..bss.load) [load image, compression = zero_init]
                  2000c900    00000010     (__TI_cinit_table)

.sysmem    0    20017000    00000800     UNINITIALIZED
                  20017000    00000010     rtsv7M4_T_le_eabi.lib : memory.c.obj (.sysmem)
                  20017010    000007f0     --HOLE--

.data      0    20017800    00000204     UNINITIALIZED
                  20017800    000000f0     rtsv7M4_T_le_eabi.lib : defs.c.obj (.data:_ftable)
                  200178f0    00000078                           : host_device.c.obj (.data:_device)
                  20017968    00000050                           : host_device.c.obj (.data:_stream)
                  200179b8    00000015     Adafruit_GFX.obj (.data)
                  200179cd    00000003     --HOLE--
                  200179d0    00000010     rtsv7M4_T_le_eabi.lib : defs.c.obj (.data)
                  200179e0    0000000c                           : exit.c.obj (.data:$O1$$)
                  200179ec    00000008                           : _lock.c.obj (.data:$O1$$)
                  200179f4    00000008                           : memory.c.obj (.data:$O1$$)
                  200179fc    00000004                           : errno.c.obj (.data)
                  20017a00    00000004                           : rand.c.obj (.data)

.bss       0    20017a04    000001cc     UNINITIALIZED
                  20017a04    00000120     rtsv7M4_T_le_eabi.lib : trgmsg.c.obj (.bss:_CIOBUF_)
                  20017b24    000000a0     (.common:__TI_tmpnams)
                  20017bc4    00000008     (.common:parmbuf)
                  20017bcc    00000004     uart_if.obj (.bss)

.stack     0    2002f800    00000800     UNINITIALIZED
                  2002f800    00000004     rtsv7M4_T_le_eabi.lib : boot_cortex_m.c.obj (.stack)
                  2002f804    000007fc     --HOLE--

__llvm_prf_cnts 
*          0    20017000    00000000     UNINITIALIZED

MODULE SUMMARY

       Module                       code    ro data   rw data
       ------                       ----    -------   -------
    .\
       game.obj                     2292    0         0      
       startup_ccs.obj              14      1024      0      
       scroll_pad.obj               816     0         0      
       dot_tracker.obj              728     0         0      
       i2c_if.obj                   672     0         0      
       uart_if.obj                  636     0         4      
       pin_mux_config.obj           280     0         0      
       main.obj                     152     0         0      
    +--+----------------------------+-------+---------+---------+
       Total:                       5590    1024      4      
                                                             
    .\oled\
       Adafruit_GFX.obj             2688    1275      21     
       Adafruit_OLED.obj            1158    0         0      
    +--+----------------------------+-------+---------+---------+
       Total:                       3846    1275      21     
                                                             
    C:/ti/CC3200SDK_1.5.0/cc3200-sdk/driverlib/ccs/Release/driverlib.a
       prcm.obj                     800     168       0      
       pin.obj                      348     256       0      
       i2c.obj                      380     0         0      
       spi.obj                      328     0         0      
       uart.obj                     284     0         0      
       adc.obj                      240     0         0      
       interrupt.obj                198     24        0      
       gpio.obj                     86      0         0      
       cpu.obj                      20      0         0      
       utils.obj                    6       0         0      
    +--+----------------------------+-------+---------+---------+
       Total:                       2690    448       0      
                                                             
    C:\ti\ccs1250\ccs\tools\compiler\ti-cgt-arm_20.2.7.LTS\lib\rtsv7M4_T_le_eabi.lib
       _printfi.c.obj               4835    0         0      
       k_rem_pio2.c.obj             1840    344       0      
       s_cos.c.obj                  1472    0         0      
       s_sin.c.obj                  1472    0         0      
       memory.c.obj                 900     0         8      
       s_atan.c.obj                 748     152       0      
       fd_add_t2.asm.obj            438     0         0      
       defs.c.obj                   0       0         416    
       ti_fmax.c.obj                412     0         0      
       trgmsg.c.obj                 108     0         288    
       k_sin.c.obj                  360     0         0      
       k_cos.c.obj                  352     0         0      
       fd_div_t2.asm.obj            310     0         0      
       fputs.c.obj                  276     0         0      
       fd_cmp_t2.asm.obj            268     0         0      
       ctype.c.obj                  0       257       0      
       fd_mul_t2.asm.obj            252     0         0      
       fs_add_t2.asm.obj            250     0         0      
       s_floor.c.obj                244     0         0      
       setvbuf.c.obj                220     0         0      
       s_scalbn.c.obj               208     0         0      
       host_device.c.obj            0       0         200    
       fs_cmp_t2.asm.obj            192     0         0      
       s_round.c.obj                176     0         0      
       memcpy_t2.asm.obj            156     0         0      
       ull_div_t2.asm.obj           150     0         0      
       fs_div_t2.asm.obj            146     0         0      
       fputc.c.obj                  140     0         0      
       vsnprintf.c.obj              136     0         0      
       fs_mul_t2.asm.obj            122     0         0      
       memset_t2.asm.obj            122     0         0      
       fclose.c.obj                 116     0         0      
       getdevice.c.obj              116     0         0      
       printf.c.obj                 112     0         0      
       fd_tos_t2.asm.obj            110     0         0      
       hostrename.c.obj             108     0         0      
       copy_decompress_lzss.c.obj   104     0         0      
       hostlseek.c.obj              104     0         0      
       hostopen.c.obj               96      0         8      
       fseek.c.obj                  100     0         0      
       _io_perm.c.obj               98      0         0      
       sprintf.c.obj                98      0         0      
       close.c.obj                  92      0         0      
       s_frexp.c.obj                92      0         0      
       exit.c.obj                   76      0         12     
       hostread.c.obj               88      0         0      
       hostwrite.c.obj              88      0         0      
       _ltoa.c.obj                  84      0         0      
       atoi.c.obj                   76      0         0      
       fflush.c.obj                 76      0         0      
       fd_toi_t2.asm.obj            72      0         0      
       autoinit.c.obj               68      0         0      
       hostclose.c.obj              68      0         0      
       hostunlink.c.obj             68      0         0      
       fs_tod_t2.asm.obj            56      0         0      
       fs_toi_t2.asm.obj            56      0         0      
       i_tofs_t2.asm.obj            56      0         0      
       rand.c.obj                   52      0         4      
       strncpy.c.obj                54      0         0      
       fopen.c.obj                  52      0         0      
       i_tofd_t2.asm.obj            46      0         0      
       unlink.c.obj                 44      0         0      
       lseek.c.obj                  40      0         0      
       memmov.c.obj                 40      0         0      
       write.c.obj                  40      0         0      
       boot_cortex_m.c.obj          36      0         0      
       u_tofs_t2.asm.obj            36      0         0      
       memchr.c.obj                 32      0         0      
       copy_zero_init.c.obj         28      0         0      
       memccpy.c.obj                28      0         0      
       strcmp.c.obj                 24      0         0      
       strchr.c.obj                 22      0         0      
       strcpy.c.obj                 20      0         0      
       strlen.c.obj                 20      0         0      
       wcslen.c.obj                 18      0         0      
       copy_decompress_none.c.obj   14      0         0      
       errno.c.obj                  8       0         4      
       s_copysign.c.obj             12      0         0      
       _lock.c.obj                  2       0         8      
       pre_init.c.obj               4       0         0      
       div0.asm.obj                 2       0         0      
    +--+----------------------------+-------+---------+---------+
       Total:                       19257   753       948    
                                                             
       Heap:                        0       0         2048   
       Stack:                       0       0         2048   
       Linker Generated:            0       161       0      
    +--+----------------------------+-------+---------+---------+
       Grand Total:                 31383   3661      5069   


LINKER GENERATED COPY TABLES

__TI_cinit_table @ 2000c900 records: 2, size/record: 8, table size: 16
	.data: load addr=2000c868, load size=0000007d bytes, run addr=20017800, run size=00000204 bytes, compression=lzss
	.bss: load addr=2000c8f8, load size=00000008 bytes, run addr=20017a04, run size=000001cc bytes, compression=zero_init


LINKER GENERATED HANDLER TABLE

__TI_handler_table @ 2000c8e8 records: 3, size/record: 4, table size: 12
	index: 0, handler: __TI_decompress_lzss
	index: 1, handler: __TI_decompress_none
	index: 2, handler: __TI_zero_init


GLOBAL SYMBOLS: SORTED ALPHABETICALLY BY Name 

address   name                           
-------   ----                           
2000b521  ADCChannelDisable              
2000b559  ADCChannelEnable               
2000bd8f  ADCEnable                      
2000bb41  ADCFIFOLvlGet                  
2000bc1d  ADCFIFORead                    
2000ba21  ADCTimerConfig                 
2000bcf5  ADCTimerEnable                 
200074e3  Adafruit_Init                  
20005ab1  BattlePongGameBoxUpdate        
200059ff  BattlePongGameDrawGoalBox      
20005b45  BattlePongGameFireHandler      
20005913  BattlePongGamePlay             
2000beab  C$$EXIT                        
2000b5bf  C$$IO$$                        
2000bda3  CPUcpsie                       
20006079  CannonShotUpdate               
200084d1  ClearTerm                      
20007659  Color565                       
20005c55  CreateBattlePongGame           
200060e1  CreateCannonShot               
2000818b  CreateDotObject                
20006027  CreatePongBallObject           
20007bbf  CreateScrollPadObject          
200084db  Error                          
2000b671  GPIODirModeSet                 
2000ba87  GPIOPinWrite                   
20008513  GetCmd                         
2000b2d5  HOSTclose                      
2000abd1  HOSTlseek                      
2000add1  HOSTopen                       
2000afa9  HOSTread                       
2000ab65  HOSTrename                     
2000b319  HOSTunlink                     
2000b001  HOSTwrite                      
2000be09  I2CMasterControl               
2000be3f  I2CMasterDataGet               
2000bd0b  I2CMasterDataPut               
2000bd21  I2CMasterEnable                
2000b867  I2CMasterErr                   
2000a7b5  I2CMasterInitExpClk            
2000bd37  I2CMasterIntClear              
2000bc35  I2CMasterIntEnableEx           
2000bae7  I2CMasterIntStatusEx           
2000ba43  I2CMasterSlaveAddrSet          
2000be1b  I2CMasterTimeoutSet            
2000847b  I2C_IF_Close                   
2000841f  I2C_IF_Open                    
2000831d  I2C_IF_Read                    
200083d9  I2C_IF_ReadFrom                
2000826d  I2C_IF_Write                   
20008491  InitTerm                       
2000a159  IntEnable                      
2000be75  IntMasterEnable                
2000bdb9  IntVTableBaseSet               
200084af  Message                        
20004dab  Outstr                         
20008cf9  PRCMCC3200MCUInit              
2000bd4d  PRCMHIBRegRead                 
2000bd63  PRCMHIBRegWrite                
2000b8ed  PRCMPeripheralClkDisable       
2000b4e5  PRCMPeripheralClkEnable        
2000a46d  PRCMPeripheralClockGet         
2000b059  PRCMPeripheralReset            
2000b895  PRCMSysResetCauseGet           
2000a621  PinConfigSet                   
2000b3e5  PinModeSet                     
200094cd  PinMuxConfig                   
2000bdcd  PinTypeADC                     
2000b779  PinTypeGPIO                    
2000bb5d  PinTypeI2C                     
2000bbe9  PinTypeSPI                     
2000bc03  PinTypeUART                    
20005f19  PongBallPadBounceMechanic      
20005d21  PongBallUpdate                 
20008651  Report                         
2000be5b  ResetISR                       
2000bc4d  SPICSDisable                   
2000bc65  SPICSEnable                    
2000a201  SPIConfigSetExpClk             
2000baa7  SPIDataGet                     
2000bb05  SPIDataPut                     
2000bc7d  SPIEnable                      
2000ba65  SPIReset                       
20007b61  ScrollPadDraw                  
20007a3d  ScrollPadUpdate                
200085b9  TrimSpace                      
2000bb79  UARTCharGetNonBlocking         
2000bb23  UARTCharPut                    
2000bc95  UARTCharsAvail                 
2000a92d  UARTConfigSetExpClk            
2000b7a9  UARTDisable                    
2000b9b5  UARTEnable                     
2000be99  UtilsDelay                     
20017a04  __CIOBUF_                      
20030000  __STACK_END                    
00000800  __STACK_SIZE                   
00000800  __SYSMEM_SIZE                  
2000c900  __TI_CINIT_Base                
2000c910  __TI_CINIT_Limit               
2000c8e8  __TI_Handler_Table_Base        
2000c8f4  __TI_Handler_Table_Limit       
2000b35d  __TI_auto_init_nobinit_nopinit 
2000b6dd  __TI_cleanup                   
200179e0  __TI_cleanup_ptr               
2000a9a5  __TI_closefile                 
2000ac39  __TI_decompress_lzss           
2000be4d  __TI_decompress_none           
2000b1ad  __TI_doflush                   
200179e4  __TI_dtors_ptr                 
200179e8  __TI_enable_exit_profile_output
200179d0  __TI_ft_end                    
2000b107  __TI_ltoa                      
ffffffff  __TI_pprof_out_hndl            
20004e81  __TI_printfi                   
ffffffff  __TI_prof_data_size            
ffffffff  __TI_prof_data_start           
2000b711  __TI_readmsg                   
2000c868  __TI_static_base__             
20017b24  __TI_tmpnams                   
2000b591  __TI_writemsg                  
2000ad6d  __TI_wrt_ok                    
2000bb95  __TI_zero_init_nomemset        
2000a6a9  __aeabi_cdcmpeq                
2000a6a9  __aeabi_cdcmple                
2000a72f  __aeabi_cdrcmple               
2000ae31  __aeabi_cfcmpeq                
2000ae31  __aeabi_cfcmple                
2000ae91  __aeabi_cfrcmple               
2000aaf7  __aeabi_d2f                    
2000b28d  __aeabi_d2iz                   
20008b4b  __aeabi_dadd                   
20009275  __aeabi_ddiv                   
200097f9  __aeabi_dmul                   
20008b41  __aeabi_dsub                   
2000be89  __aeabi_errno_addr             
2000b5c9  __aeabi_f2d                    
2000b601  __aeabi_f2iz                   
200098f9  __aeabi_fadd                   
2000a501  __aeabi_fdiv                   
2000a839  __aeabi_fmul                   
200098f5  __aeabi_fsub                   
2000b839  __aeabi_i2d                    
2000b639  __aeabi_i2f                    
200078fb  __aeabi_idiv0                  
200078fb  __aeabi_ldiv0                  
2000a8b3  __aeabi_memclr                 
2000a8b3  __aeabi_memclr4                
2000a8b3  __aeabi_memclr8                
2000a2a1  __aeabi_memcpy                 
2000a2a1  __aeabi_memcpy4                
2000a2a1  __aeabi_memcpy8                
2000a8b5  __aeabi_memset                 
2000a8b5  __aeabi_memset4                
2000a8b5  __aeabi_memset8                
200179dc  __aeabi_stderr                 
200179d4  __aeabi_stdin                  
200179d8  __aeabi_stdout                 
2000b9fd  __aeabi_ui2f                   
2000a3d5  __aeabi_uldivmod               
ffffffff  __binit__                      
ffffffff  __c_args__                     
20008fd9  __kernel_cos                   
200061c5  __kernel_rem_pio2              
20008e71  __kernel_sin                   
UNDEFED   __mpu_init                     
2002f800  __stack                        
20017000  __start___llvm_prf_cnts        
20017000  __stop___llvm_prf_cnts         
2000b9d9  _c_int00_noargs                
2000c508  _ctypes_                       
200178f0  _device                        
20017800  _ftable                        
200179ec  _lock                          
200058cf  _nop                           
20017968  _stream                        
20017000  _sys_memory                    
UNDEFED   _system_post_cinit             
2000bea7  _system_pre_init               
200179f0  _unlock                        
2000beab  abort                          
200096f9  aligned_alloc                  
20007c2d  atan                           
20007c2d  atanl                          
2000b1f9  atoi                           
20007f77  ballUpdate                     
ffffffff  binit                          
2000aef1  close                          
2000be69  copysign                       
2000be69  copysignl                      
200068f5  cos                            
200068f5  cosl                           
200179b8  cursor_x                       
200179bc  cursor_y                       
20004c5f  drawChar                       
20004401  drawCircle                     
20004535  drawCircleHelper               
20007805  drawFastHLine                  
20007769  drawFastVLine                  
2000477b  drawLine                       
200078a1  drawPixel                      
20004867  drawRect                       
200048b5  drawRoundRect                  
20004a1d  drawTriangle                   
200179fc  errno                          
2000b245  exit                           
20004653  fillCircle                     
2000468d  fillCircleHelper               
200076b1  fillRect                       
200049a3  fillRoundRect                  
2000769b  fillScreen                     
20004a5f  fillTriangle                   
2000b809  finddevice                     
200099f1  floor                          
200099f1  floorl                         
20009f29  fmax                           
20009f29  fmaxl                          
20009d89  fmin                           
20009d89  fminl                          
2000a595  fputc                          
200095e5  fputs                          
20009ae5  free                           
2000af4d  frexp                          
2000af4d  frexpl                         
2000ad09  fseek                          
20004000  g_pfnVectors                   
2000b3a1  getdevice                      
20007615  goTo                           
20007f19  grabAccelerometerData          
200058d1  grabAccelerometerZ             
20004e5f  height                         
200078df  invert                         
20009e59  ldexp                          
20009e59  ldexpl                         
2000b93d  lseek                          
2000a38d  main                           
2000be91  malloc                         
200096f9  memalign                       
2000bbcd  memccpy                        
2000bac7  memchr                         
2000a2a1  memcpy                         
2000b965  memmove                        
2000a8bb  memset                         
20017bc4  parmbuf                        
2000aca1  printf                         
2000a595  putc                           
2000b745  rand                           
200078fd  readJoyStickADC                
20009bc9  realloc                        
2000b8c1  remove                         
2000a0a9  round                          
2000a0a9  roundl                         
20009e59  scalbn                         
20009e59  scalbnl                        
20004df7  setCursor                      
20004e2f  setTextColor                   
20004e0f  setTextSize                    
20004e47  setTextWrap                    
20009cad  setvbuf                        
20006eb5  sin                            
20006eb5  sinl                           
2000b425  sprintf                        
2000bd79  strchr                         
2000bcdd  strcmp                         
2000bde1  strcpy                         
2000bdf5  strlen                         
2000b6a7  strncpy                        
20005b25  swapOledBalls                  
200179c8  textbgcolor                    
200179c4  textcolor                      
200179c0  textsize                       
2000b8c1  unlink                         
2000b465  vsnprintf                      
2000be2d  wcslen                         
20004e5b  width                          
200179cc  wrap                           
2000b98d  write                          
200074bf  writeCommand                   
200074d1  writeData                      
20007475  writeToOled                    


GLOBAL SYMBOLS: SORTED BY Symbol Address 

address   name                           
-------   ----                           
00000800  __STACK_SIZE                   
00000800  __SYSMEM_SIZE                  
20004000  g_pfnVectors                   
20004401  drawCircle                     
20004535  drawCircleHelper               
20004653  fillCircle                     
2000468d  fillCircleHelper               
2000477b  drawLine                       
20004867  drawRect                       
200048b5  drawRoundRect                  
200049a3  fillRoundRect                  
20004a1d  drawTriangle                   
20004a5f  fillTriangle                   
20004c5f  drawChar                       
20004dab  Outstr                         
20004df7  setCursor                      
20004e0f  setTextSize                    
20004e2f  setTextColor                   
20004e47  setTextWrap                    
20004e5b  width                          
20004e5f  height                         
20004e81  __TI_printfi                   
200058cf  _nop                           
200058d1  grabAccelerometerZ             
20005913  BattlePongGamePlay             
200059ff  BattlePongGameDrawGoalBox      
20005ab1  BattlePongGameBoxUpdate        
20005b25  swapOledBalls                  
20005b45  BattlePongGameFireHandler      
20005c55  CreateBattlePongGame           
20005d21  PongBallUpdate                 
20005f19  PongBallPadBounceMechanic      
20006027  CreatePongBallObject           
20006079  CannonShotUpdate               
200060e1  CreateCannonShot               
200061c5  __kernel_rem_pio2              
200068f5  cos                            
200068f5  cosl                           
20006eb5  sin                            
20006eb5  sinl                           
20007475  writeToOled                    
200074bf  writeCommand                   
200074d1  writeData                      
200074e3  Adafruit_Init                  
20007615  goTo                           
20007659  Color565                       
2000769b  fillScreen                     
200076b1  fillRect                       
20007769  drawFastVLine                  
20007805  drawFastHLine                  
200078a1  drawPixel                      
200078df  invert                         
200078fb  __aeabi_idiv0                  
200078fb  __aeabi_ldiv0                  
200078fd  readJoyStickADC                
20007a3d  ScrollPadUpdate                
20007b61  ScrollPadDraw                  
20007bbf  CreateScrollPadObject          
20007c2d  atan                           
20007c2d  atanl                          
20007f19  grabAccelerometerData          
20007f77  ballUpdate                     
2000818b  CreateDotObject                
2000826d  I2C_IF_Write                   
2000831d  I2C_IF_Read                    
200083d9  I2C_IF_ReadFrom                
2000841f  I2C_IF_Open                    
2000847b  I2C_IF_Close                   
20008491  InitTerm                       
200084af  Message                        
200084d1  ClearTerm                      
200084db  Error                          
20008513  GetCmd                         
200085b9  TrimSpace                      
20008651  Report                         
20008b41  __aeabi_dsub                   
20008b4b  __aeabi_dadd                   
20008cf9  PRCMCC3200MCUInit              
20008e71  __kernel_sin                   
20008fd9  __kernel_cos                   
20009275  __aeabi_ddiv                   
200094cd  PinMuxConfig                   
200095e5  fputs                          
200096f9  aligned_alloc                  
200096f9  memalign                       
200097f9  __aeabi_dmul                   
200098f5  __aeabi_fsub                   
200098f9  __aeabi_fadd                   
200099f1  floor                          
200099f1  floorl                         
20009ae5  free                           
20009bc9  realloc                        
20009cad  setvbuf                        
20009d89  fmin                           
20009d89  fminl                          
20009e59  ldexp                          
20009e59  ldexpl                         
20009e59  scalbn                         
20009e59  scalbnl                        
20009f29  fmax                           
20009f29  fmaxl                          
2000a0a9  round                          
2000a0a9  roundl                         
2000a159  IntEnable                      
2000a201  SPIConfigSetExpClk             
2000a2a1  __aeabi_memcpy                 
2000a2a1  __aeabi_memcpy4                
2000a2a1  __aeabi_memcpy8                
2000a2a1  memcpy                         
2000a38d  main                           
2000a3d5  __aeabi_uldivmod               
2000a46d  PRCMPeripheralClockGet         
2000a501  __aeabi_fdiv                   
2000a595  fputc                          
2000a595  putc                           
2000a621  PinConfigSet                   
2000a6a9  __aeabi_cdcmpeq                
2000a6a9  __aeabi_cdcmple                
2000a72f  __aeabi_cdrcmple               
2000a7b5  I2CMasterInitExpClk            
2000a839  __aeabi_fmul                   
2000a8b3  __aeabi_memclr                 
2000a8b3  __aeabi_memclr4                
2000a8b3  __aeabi_memclr8                
2000a8b5  __aeabi_memset                 
2000a8b5  __aeabi_memset4                
2000a8b5  __aeabi_memset8                
2000a8bb  memset                         
2000a92d  UARTConfigSetExpClk            
2000a9a5  __TI_closefile                 
2000aaf7  __aeabi_d2f                    
2000ab65  HOSTrename                     
2000abd1  HOSTlseek                      
2000ac39  __TI_decompress_lzss           
2000aca1  printf                         
2000ad09  fseek                          
2000ad6d  __TI_wrt_ok                    
2000add1  HOSTopen                       
2000ae31  __aeabi_cfcmpeq                
2000ae31  __aeabi_cfcmple                
2000ae91  __aeabi_cfrcmple               
2000aef1  close                          
2000af4d  frexp                          
2000af4d  frexpl                         
2000afa9  HOSTread                       
2000b001  HOSTwrite                      
2000b059  PRCMPeripheralReset            
2000b107  __TI_ltoa                      
2000b1ad  __TI_doflush                   
2000b1f9  atoi                           
2000b245  exit                           
2000b28d  __aeabi_d2iz                   
2000b2d5  HOSTclose                      
2000b319  HOSTunlink                     
2000b35d  __TI_auto_init_nobinit_nopinit 
2000b3a1  getdevice                      
2000b3e5  PinModeSet                     
2000b425  sprintf                        
2000b465  vsnprintf                      
2000b4e5  PRCMPeripheralClkEnable        
2000b521  ADCChannelDisable              
2000b559  ADCChannelEnable               
2000b591  __TI_writemsg                  
2000b5bf  C$$IO$$                        
2000b5c9  __aeabi_f2d                    
2000b601  __aeabi_f2iz                   
2000b639  __aeabi_i2f                    
2000b671  GPIODirModeSet                 
2000b6a7  strncpy                        
2000b6dd  __TI_cleanup                   
2000b711  __TI_readmsg                   
2000b745  rand                           
2000b779  PinTypeGPIO                    
2000b7a9  UARTDisable                    
2000b809  finddevice                     
2000b839  __aeabi_i2d                    
2000b867  I2CMasterErr                   
2000b895  PRCMSysResetCauseGet           
2000b8c1  remove                         
2000b8c1  unlink                         
2000b8ed  PRCMPeripheralClkDisable       
2000b93d  lseek                          
2000b965  memmove                        
2000b98d  write                          
2000b9b5  UARTEnable                     
2000b9d9  _c_int00_noargs                
2000b9fd  __aeabi_ui2f                   
2000ba21  ADCTimerConfig                 
2000ba43  I2CMasterSlaveAddrSet          
2000ba65  SPIReset                       
2000ba87  GPIOPinWrite                   
2000baa7  SPIDataGet                     
2000bac7  memchr                         
2000bae7  I2CMasterIntStatusEx           
2000bb05  SPIDataPut                     
2000bb23  UARTCharPut                    
2000bb41  ADCFIFOLvlGet                  
2000bb5d  PinTypeI2C                     
2000bb79  UARTCharGetNonBlocking         
2000bb95  __TI_zero_init_nomemset        
2000bbcd  memccpy                        
2000bbe9  PinTypeSPI                     
2000bc03  PinTypeUART                    
2000bc1d  ADCFIFORead                    
2000bc35  I2CMasterIntEnableEx           
2000bc4d  SPICSDisable                   
2000bc65  SPICSEnable                    
2000bc7d  SPIEnable                      
2000bc95  UARTCharsAvail                 
2000bcdd  strcmp                         
2000bcf5  ADCTimerEnable                 
2000bd0b  I2CMasterDataPut               
2000bd21  I2CMasterEnable                
2000bd37  I2CMasterIntClear              
2000bd4d  PRCMHIBRegRead                 
2000bd63  PRCMHIBRegWrite                
2000bd79  strchr                         
2000bd8f  ADCEnable                      
2000bda3  CPUcpsie                       
2000bdb9  IntVTableBaseSet               
2000bdcd  PinTypeADC                     
2000bde1  strcpy                         
2000bdf5  strlen                         
2000be09  I2CMasterControl               
2000be1b  I2CMasterTimeoutSet            
2000be2d  wcslen                         
2000be3f  I2CMasterDataGet               
2000be4d  __TI_decompress_none           
2000be5b  ResetISR                       
2000be69  copysign                       
2000be69  copysignl                      
2000be75  IntMasterEnable                
2000be89  __aeabi_errno_addr             
2000be91  malloc                         
2000be99  UtilsDelay                     
2000bea7  _system_pre_init               
2000beab  C$$EXIT                        
2000beab  abort                          
2000c508  _ctypes_                       
2000c868  __TI_static_base__             
2000c8e8  __TI_Handler_Table_Base        
2000c8f4  __TI_Handler_Table_Limit       
2000c900  __TI_CINIT_Base                
2000c910  __TI_CINIT_Limit               
20017000  __start___llvm_prf_cnts        
20017000  __stop___llvm_prf_cnts         
20017000  _sys_memory                    
20017800  _ftable                        
200178f0  _device                        
20017968  _stream                        
200179b8  cursor_x                       
200179bc  cursor_y                       
200179c0  textsize                       
200179c4  textcolor                      
200179c8  textbgcolor                    
200179cc  wrap                           
200179d0  __TI_ft_end                    
200179d4  __aeabi_stdin                  
200179d8  __aeabi_stdout                 
200179dc  __aeabi_stderr                 
200179e0  __TI_cleanup_ptr               
200179e4  __TI_dtors_ptr                 
200179e8  __TI_enable_exit_profile_output
200179ec  _lock                          
200179f0  _unlock                        
200179fc  errno                          
20017a04  __CIOBUF_                      
20017b24  __TI_tmpnams                   
20017bc4  parmbuf                        
2002f800  __stack                        
20030000  __STACK_END                    
ffffffff  __TI_pprof_out_hndl            
ffffffff  __TI_prof_data_size            
ffffffff  __TI_prof_data_start           
ffffffff  __binit__                      
ffffffff  __c_args__                     
ffffffff  binit                          
UNDEFED   __mpu_init                     
UNDEFED   _system_post_cinit             

[279 symbols]
