******************************************************************************
                  TI ARM Linker PC v20.2.7                     
******************************************************************************
>> Linked Mon Mar  3 13:07:38 2025

OUTPUT FILE NAME:   <Battle-Pong.out>
ENTRY POINT SYMBOL: "_c_int00_noargs"  address: 20008b81


MEMORY CONFIGURATION

         name            origin    length      used     unused   attr    fill
----------------------  --------  ---------  --------  --------  ----  --------
  SRAM_CODE             20004000   00013000  00005cc6  0000d33a  RW X
  SRAM_DATA             20017000   00019000  00001034  00017fcc  RW X


SEGMENT ALLOCATION MAP

run origin  load origin   length   init length attrs members
----------  ----------- ---------- ----------- ----- -------
20004000    20004000    00005cc8   00005cc8    r-x
  20004000    20004000    00000400   00000400    r-- .intvecs
  20004400    20004400    00004b4a   00004b4a    r-x .text
  20008f4c    20008f4c    00000d34   00000d34    r-- .const
  20009c80    20009c80    00000048   00000048    r-- .cinit
20017000    20017000    00000834   00000000    rw-
  20017000    20017000    00000800   00000000    rw- .sysmem
  20017800    20017800    00000030   00000000    rw- .data
  20017830    20017830    00000004   00000000    rw- .bss
2002f800    2002f800    00000800   00000000    rw-
  2002f800    2002f800    00000800   00000000    rw- .stack


SECTION ALLOCATION MAP

 output                                  attributes/
section   page    origin      length       input sections
--------  ----  ----------  ----------   ----------------
.intvecs   0    20004000    00000400     
                  20004000    00000400     startup_ccs.obj (.intvecs)

.init_array 
*          0    20004000    00000000     UNINITIALIZED

.text      0    20004400    00004b4a     
                  20004400    00000a80     Adafruit_GFX.obj (.text)
                  20004e80    00000a4e     rtsv7M4_T_le_eabi.lib : _printfi.c.obj (.text:__TI_printfi)
                  200058ce    00000002                           : _lock.c.obj (.text:_nop)
                  200058d0    00000594     main.obj (.text)
                  20005e64    00000486     Adafruit_OLED.obj (.text)
                  200062ea    00000002     rtsv7M4_T_le_eabi.lib : div0.asm.obj (.text)
                  200062ec    000002a0     i2c_if.obj (.text)
                  2000658c    0000027c     uart_if.obj (.text)
                  20006808    00000268     rtsv7M4_T_le_eabi.lib : _printfi.c.obj (.text:_pconv_a)
                  20006a70    000001cc                           : _printfi.c.obj (.text:_pconv_g)
                  20006c3c    000001b6                           : fd_add_t2.asm.obj (.text)
                  20006df2    00000002     --HOLE-- [fill = 0]
                  20006df4    00000178     driverlib.a : prcm.obj (.text:PRCMCC3200MCUInit)
                  20006f6c    0000013c     rtsv7M4_T_le_eabi.lib : _printfi.c.obj (.text:_pconv_e)
                  200070a8    00000136                           : fd_div_t2.asm.obj (.text)
                  200071de    00000002     --HOLE-- [fill = 0]
                  200071e0    00000120                           : _printfi.c.obj (.text:fcvt)
                  20007300    00000118     pin_mux_config.obj (.text)
                  20007418    00000100     rtsv7M4_T_le_eabi.lib : memory.c.obj (.text:aligned_alloc)
                  20007518    000000fc                           : fd_mul_t2.asm.obj (.text)
                  20007614    000000f4                           : s_floor.c.obj (.text:floor)
                  20007708    000000e4                           : memory.c.obj (.text:free)
                  200077ec    000000e4                           : memory.c.obj (.text:realloc)
                  200078d0    000000d0                           : ti_fmax.c.obj (.text:fmin)
                  200079a0    000000d0                           : s_scalbn.c.obj (.text:scalbn)
                  20007a70    000000cc                           : ti_fmax.c.obj (.text:fmax)
                  20007b3c    000000b1                           : _printfi.c.obj (.text:_ltostr)
                  20007bed    00000003     --HOLE-- [fill = 0]
                  20007bf0    000000b0                           : s_round.c.obj (.text:round)
                  20007ca0    000000a8     driverlib.a : interrupt.obj (.text:IntEnable)
                  20007d48    000000a0                 : spi.obj (.text:SPIConfigSetExpClk)
                  20007de8    0000009c     rtsv7M4_T_le_eabi.lib : memcpy_t2.asm.obj (.text)
                  20007e84    00000096                           : ull_div_t2.asm.obj (.text)
                  20007f1a    00000002     --HOLE-- [fill = 0]
                  20007f1c    00000094     driverlib.a : prcm.obj (.text:PRCMPeripheralClockGet)
                  20007fb0    00000088                 : pin.obj (.text:PinConfigSet)
                  20008038    00000086     rtsv7M4_T_le_eabi.lib : fd_cmp_t2.asm.obj (.text:__aeabi_cdcmple)
                  200080be    00000086                           : fd_cmp_t2.asm.obj (.text:__aeabi_cdrcmple)
                  20008144    00000084     driverlib.a : i2c.obj (.text:I2CMasterInitExpClk)
                  200081c8    0000007a     rtsv7M4_T_le_eabi.lib : memset_t2.asm.obj (.text)
                  20008242    00000076     driverlib.a : uart.obj (.text:UARTConfigSetExpClk)
                  200082b8    00000070     rtsv7M4_T_le_eabi.lib : memory.c.obj (.text:split)
                  20008328    0000006e                           : _printfi.c.obj (.text:_mcpy)
                  20008396    0000006e                           : fd_tos_t2.asm.obj (.text)
                  20008404    00000068                           : copy_decompress_lzss.c.obj (.text:decompress:lzss:__TI_decompress_lzss)
                  2000846c    00000060                           : fs_cmp_t2.asm.obj (.text:__aeabi_cfcmple)
                  200084cc    00000060                           : fs_cmp_t2.asm.obj (.text:__aeabi_cfrcmple)
                  2000852c    0000005c                           : s_frexp.c.obj (.text:frexp)
                  20008588    00000058     driverlib.a : prcm.obj (.text:PRCMPeripheralReset)
                  200085e0    00000056     rtsv7M4_T_le_eabi.lib : _printfi.c.obj (.text:_pconv_f)
                  20008636    00000054                           : _ltoa.c.obj (.text:__TI_ltoa)
                  2000868a    00000052                           : _printfi.c.obj (.text:_ecpy)
                  200086dc    0000004c                           : atoi.c.obj (.text:atoi)
                  20008728    00000048                           : fd_toi_t2.asm.obj (.text)
                  20008770    00000044                           : autoinit.c.obj (.text:__TI_auto_init_nobinit_nopinit:__TI_auto_init_nobinit_nopinit)
                  200087b4    00000040     driverlib.a : pin.obj (.text:PinModeSet)
                  200087f4    00000040     rtsv7M4_T_le_eabi.lib : sprintf.c.obj (.text:sprintf)
                  20008834    00000040                           : vsnprintf.c.obj (.text:vsnprintf)
                  20008874    0000003e                           : _printfi.c.obj (.text:_fcpy)
                  200088b2    00000002     --HOLE-- [fill = 0]
                  200088b4    0000003c     driverlib.a : prcm.obj (.text:PRCMPeripheralClkEnable)
                  200088f0    00000038     rtsv7M4_T_le_eabi.lib : fs_tod_t2.asm.obj (.text)
                  20008928    00000038                           : i_tofs_t2.asm.obj (.text)
                  20008960    00000036     driverlib.a : gpio.obj (.text:GPIODirModeSet)
                  20008996    00000002     --HOLE-- [fill = 0]
                  20008998    00000034     rtsv7M4_T_le_eabi.lib : rand.c.obj (.text:rand)
                  200089cc    00000030     driverlib.a : pin.obj (.text:PinTypeGPIO)
                  200089fc    00000030                 : uart.obj (.text:UARTDisable)
                  20008a2c    00000030     rtsv7M4_T_le_eabi.lib : vsnprintf.c.obj (.text:_outs)
                  20008a5c    0000002e                           : i_tofd_t2.asm.obj (.text)
                  20008a8a    0000002c     driverlib.a : i2c.obj (.text:I2CMasterErr)
                  20008ab6    00000002     --HOLE-- [fill = 0]
                  20008ab8    0000002c                 : prcm.obj (.text:PRCMSysResetCauseGet)
                  20008ae4    00000028                 : prcm.obj (.text:PRCMPeripheralClkDisable)
                  20008b0c    00000028     rtsv7M4_T_le_eabi.lib : memory.c.obj (.text:free_list_insert)
                  20008b34    00000028                           : memmov.c.obj (.text:memmove)
                  20008b5c    00000024     driverlib.a : uart.obj (.text:UARTEnable)
                  20008b80    00000024     rtsv7M4_T_le_eabi.lib : boot_cortex_m.c.obj (.text:_c_int00_noargs:_c_int00_noargs)
                  20008ba4    00000022     driverlib.a : i2c.obj (.text:I2CMasterSlaveAddrSet)
                  20008bc6    00000022                 : spi.obj (.text:SPIReset)
                  20008be8    00000020                 : gpio.obj (.text:GPIOPinWrite)
                  20008c08    00000020                 : spi.obj (.text:SPIDataGet)
                  20008c28    0000001e                 : i2c.obj (.text:I2CMasterIntStatusEx)
                  20008c46    0000001e                 : spi.obj (.text:SPIDataPut)
                  20008c64    0000001e                 : uart.obj (.text:UARTCharPut)
                  20008c82    0000001c                 : pin.obj (.text:PinTypeI2C)
                  20008c9e    0000001c                 : uart.obj (.text:UARTCharGetNonBlocking)
                  20008cba    0000001c     rtsv7M4_T_le_eabi.lib : copy_zero_init.c.obj (.text:decompress:ZI:__TI_zero_init_nomemset:__TI_zero_init_nomemset)
                  20008cd6    00000002     --HOLE-- [fill = 0]
                  20008cd8    0000001c                           : memory.c.obj (.text:free_list_remove)
                  20008cf4    0000001c                           : memccpy.c.obj (.text:memccpy)
                  20008d10    0000001a     driverlib.a : pin.obj (.text:PinTypeSPI)
                  20008d2a    0000001a                 : pin.obj (.text:PinTypeUART)
                  20008d44    00000018                 : i2c.obj (.text:I2CMasterIntEnableEx)
                  20008d5c    00000018                 : spi.obj (.text:SPICSDisable)
                  20008d74    00000018                 : spi.obj (.text:SPICSEnable)
                  20008d8c    00000018                 : spi.obj (.text:SPIEnable)
                  20008da4    00000018                 : uart.obj (.text:UARTCharsAvail)
                  20008dbc    00000018     rtsv7M4_T_le_eabi.lib : vsnprintf.c.obj (.text:_outc)
                  20008dd4    00000018                           : sprintf.c.obj (.text:_outs)
                  20008dec    00000016     driverlib.a : i2c.obj (.text:I2CMasterDataPut)
                  20008e02    00000016                 : i2c.obj (.text:I2CMasterEnable)
                  20008e18    00000016                 : i2c.obj (.text:I2CMasterIntClear)
                  20008e2e    00000016                 : prcm.obj (.text:PRCMHIBRegRead)
                  20008e44    00000016                 : prcm.obj (.text:PRCMHIBRegWrite)
                  20008e5a    00000016     rtsv7M4_T_le_eabi.lib : strchr.c.obj (.text:strchr)
                  20008e70    00000014     driverlib.a : cpu.obj (.text:CPUcpsie)
                  20008e84    00000014                 : interrupt.obj (.text:IntVTableBaseSet)
                  20008e98    00000014     rtsv7M4_T_le_eabi.lib : strlen.c.obj (.text:strlen)
                  20008eac    00000012     driverlib.a : i2c.obj (.text:I2CMasterControl)
                  20008ebe    00000012                 : i2c.obj (.text:I2CMasterTimeoutSet)
                  20008ed0    00000012     rtsv7M4_T_le_eabi.lib : wcslen.c.obj (.text:wcslen)
                  20008ee2    0000000e     driverlib.a : i2c.obj (.text:I2CMasterDataGet)
                  20008ef0    0000000e     rtsv7M4_T_le_eabi.lib : copy_decompress_none.c.obj (.text:decompress:none:__TI_decompress_none)
                  20008efe    0000000e     startup_ccs.obj (.text)
                  20008f0c    0000000c     rtsv7M4_T_le_eabi.lib : s_copysign.c.obj (.text:copysign)
                  20008f18    0000000a     driverlib.a : interrupt.obj (.text:IntMasterEnable)
                  20008f22    0000000a     rtsv7M4_T_le_eabi.lib : sprintf.c.obj (.text:_outc)
                  20008f2c    00000008                           : errno.c.obj (.text:__aeabi_errno_addr)
                  20008f34    00000008                           : memory.c.obj (.text:malloc)
                  20008f3c    00000006     driverlib.a : utils.obj (.text:UtilsDelay)
                  20008f42    00000004     rtsv7M4_T_le_eabi.lib : pre_init.c.obj (.text:_system_pre_init)
                  20008f46    00000004                           : exit.c.obj (.text:abort:abort)

.const     0    20008f4c    00000d34     
                  20008f4c    000004fb     Adafruit_GFX.obj (.const:.string:font)
                  20009447    000004fb     main.obj (.const:.string:font)
                  20009942    00000101     rtsv7M4_T_le_eabi.lib : ctype.c.obj (.const:.string:_ctypes_)
                  20009a43    00000001     --HOLE-- [fill = 0]
                  20009a44    00000100     driverlib.a : pin.obj (.const:g_ulPinToPadMap)
                  20009b44    000000a8                 : prcm.obj (.const:PRCM_PeriphRegsList)
                  20009bec    00000020     main.obj (.const:$P$T0$1)
                  20009c0c    00000020     main.obj (.const:$P$T1$2)
                  20009c2c    00000020     main.obj (.const:$P$T3$4)
                  20009c4c    0000001c     main.obj (.const:$P$T2$3)
                  20009c68    00000018     driverlib.a : interrupt.obj (.const:g_pulEnRegs)

.cinit     0    20009c80    00000048     
                  20009c80    00000022     (.cinit..data.load) [load image, compression = lzss]
                  20009ca2    00000002     --HOLE-- [fill = 0]
                  20009ca4    0000000c     (__TI_handler_table)
                  20009cb0    00000008     (.cinit..bss.load) [load image, compression = zero_init]
                  20009cb8    00000010     (__TI_cinit_table)

.sysmem    0    20017000    00000800     UNINITIALIZED
                  20017000    00000010     rtsv7M4_T_le_eabi.lib : memory.c.obj (.sysmem)
                  20017010    000007f0     --HOLE--

.data      0    20017800    00000030     UNINITIALIZED
                  20017800    00000015     Adafruit_GFX.obj (.data)
                  20017815    00000003     --HOLE--
                  20017818    00000008     rtsv7M4_T_le_eabi.lib : _lock.c.obj (.data:$O1$$)
                  20017820    00000008                           : memory.c.obj (.data:$O1$$)
                  20017828    00000004                           : errno.c.obj (.data)
                  2001782c    00000004                           : rand.c.obj (.data)

.bss       0    20017830    00000004     UNINITIALIZED
                  20017830    00000004     uart_if.obj (.bss)

.stack     0    2002f800    00000800     UNINITIALIZED
                  2002f800    00000004     rtsv7M4_T_le_eabi.lib : boot_cortex_m.c.obj (.stack)
                  2002f804    000007fc     --HOLE--

__llvm_prf_cnts 
*          0    20017000    00000000     UNINITIALIZED

MODULE SUMMARY

       Module                       code    ro data   rw data
       ------                       ----    -------   -------
    .\
       main.obj                     1428    1399      0      
       startup_ccs.obj              14      1024      0      
       i2c_if.obj                   672     0         0      
       uart_if.obj                  636     0         4      
       pin_mux_config.obj           280     0         0      
    +--+----------------------------+-------+---------+---------+
       Total:                       3030    2423      4      
                                                             
    .\oled\
       Adafruit_GFX.obj             2688    1275      21     
       Adafruit_OLED.obj            1158    0         0      
    +--+----------------------------+-------+---------+---------+
       Total:                       3846    1275      21     
                                                             
    C:/ti/CC3200SDK_1.5.0/cc3200-sdk/driverlib/ccs/Release/driverlib.a
       prcm.obj                     800     168       0      
       pin.obj                      328     256       0      
       i2c.obj                      380     0         0      
       spi.obj                      328     0         0      
       uart.obj                     284     0         0      
       interrupt.obj                198     24        0      
       gpio.obj                     86      0         0      
       cpu.obj                      20      0         0      
       utils.obj                    6       0         0      
    +--+----------------------------+-------+---------+---------+
       Total:                       2430    448       0      
                                                             
    C:\ti\ccs1250\ccs\tools\compiler\ti-cgt-arm_20.2.7.LTS\lib\rtsv7M4_T_le_eabi.lib
       _printfi.c.obj               4835    0         0      
       memory.c.obj                 900     0         8      
       fd_add_t2.asm.obj            438     0         0      
       ti_fmax.c.obj                412     0         0      
       fd_div_t2.asm.obj            310     0         0      
       fd_cmp_t2.asm.obj            268     0         0      
       ctype.c.obj                  0       257       0      
       fd_mul_t2.asm.obj            252     0         0      
       s_floor.c.obj                244     0         0      
       s_scalbn.c.obj               208     0         0      
       fs_cmp_t2.asm.obj            192     0         0      
       s_round.c.obj                176     0         0      
       memcpy_t2.asm.obj            156     0         0      
       ull_div_t2.asm.obj           150     0         0      
       vsnprintf.c.obj              136     0         0      
       memset_t2.asm.obj            122     0         0      
       fd_tos_t2.asm.obj            110     0         0      
       copy_decompress_lzss.c.obj   104     0         0      
       sprintf.c.obj                98      0         0      
       s_frexp.c.obj                92      0         0      
       _ltoa.c.obj                  84      0         0      
       atoi.c.obj                   76      0         0      
       fd_toi_t2.asm.obj            72      0         0      
       autoinit.c.obj               68      0         0      
       fs_tod_t2.asm.obj            56      0         0      
       i_tofs_t2.asm.obj            56      0         0      
       rand.c.obj                   52      0         4      
       i_tofd_t2.asm.obj            46      0         0      
       memmov.c.obj                 40      0         0      
       boot_cortex_m.c.obj          36      0         0      
       copy_zero_init.c.obj         28      0         0      
       memccpy.c.obj                28      0         0      
       strchr.c.obj                 22      0         0      
       strlen.c.obj                 20      0         0      
       wcslen.c.obj                 18      0         0      
       copy_decompress_none.c.obj   14      0         0      
       errno.c.obj                  8       0         4      
       s_copysign.c.obj             12      0         0      
       _lock.c.obj                  2       0         8      
       exit.c.obj                   4       0         0      
       pre_init.c.obj               4       0         0      
       div0.asm.obj                 2       0         0      
    +--+----------------------------+-------+---------+---------+
       Total:                       9951    257       24     
                                                             
       Heap:                        0       0         2048   
       Stack:                       0       0         2048   
       Linker Generated:            0       70        0      
    +--+----------------------------+-------+---------+---------+
       Grand Total:                 19257   4473      4145   


LINKER GENERATED COPY TABLES

__TI_cinit_table @ 20009cb8 records: 2, size/record: 8, table size: 16
	.data: load addr=20009c80, load size=00000022 bytes, run addr=20017800, run size=00000030 bytes, compression=lzss
	.bss: load addr=20009cb0, load size=00000008 bytes, run addr=20017830, run size=00000004 bytes, compression=zero_init


LINKER GENERATED HANDLER TABLE

__TI_handler_table @ 20009ca4 records: 3, size/record: 4, table size: 12
	index: 0, handler: __TI_decompress_lzss
	index: 1, handler: __TI_decompress_none
	index: 2, handler: __TI_zero_init


GLOBAL SYMBOLS: SORTED ALPHABETICALLY BY Name 

address   name                          
-------   ----                          
20005ed3  Adafruit_Init                 
20008f47  C$$EXIT                       
20008e71  CPUcpsie                      
200065cd  ClearTerm                     
20006049  Color565                      
200065d7  Error                         
20008961  GPIODirModeSet                
20008be9  GPIOPinWrite                  
2000660f  GetCmd                        
20005b7d  HitBoxGameBoxUpdate           
20005ac7  HitBoxGameDrawGoalBox         
20005a7d  HitBoxGamePlay                
20008ead  I2CMasterControl              
20008ee3  I2CMasterDataGet              
20008ded  I2CMasterDataPut              
20008e03  I2CMasterEnable               
20008a8b  I2CMasterErr                  
20008145  I2CMasterInitExpClk           
20008e19  I2CMasterIntClear             
20008d45  I2CMasterIntEnableEx          
20008c29  I2CMasterIntStatusEx          
20008ba5  I2CMasterSlaveAddrSet         
20008ebf  I2CMasterTimeoutSet           
20006577  I2C_IF_Close                  
2000651b  I2C_IF_Open                   
20006419  I2C_IF_Read                   
200064d5  I2C_IF_ReadFrom               
20006369  I2C_IF_Write                  
2000658d  InitTerm                      
20007ca1  IntEnable                     
20008f19  IntMasterEnable               
20008e85  IntVTableBaseSet              
200065ab  Message                       
20004dab  Outstr                        
20006df5  PRCMCC3200MCUInit             
20008e2f  PRCMHIBRegRead                
20008e45  PRCMHIBRegWrite               
20008ae5  PRCMPeripheralClkDisable      
200088b5  PRCMPeripheralClkEnable       
20007f1d  PRCMPeripheralClockGet        
20008589  PRCMPeripheralReset           
20008ab9  PRCMSysResetCauseGet          
20007fb1  PinConfigSet                  
200087b5  PinModeSet                    
20007301  PinMuxConfig                  
200089cd  PinTypeGPIO                   
20008c83  PinTypeI2C                    
20008d11  PinTypeSPI                    
20008d2b  PinTypeUART                   
2000674d  Report                        
20008eff  ResetISR                      
20008d5d  SPICSDisable                  
20008d75  SPICSEnable                   
20007d49  SPIConfigSetExpClk            
20008c09  SPIDataGet                    
20008c47  SPIDataPut                    
20008d8d  SPIEnable                     
20008bc7  SPIReset                      
200066b5  TrimSpace                     
20008c9f  UARTCharGetNonBlocking        
20008c65  UARTCharPut                   
20008da5  UARTCharsAvail                
20008243  UARTConfigSetExpClk           
200089fd  UARTDisable                   
20008b5d  UARTEnable                    
20008f3d  UtilsDelay                    
20030000  __STACK_END                   
00000800  __STACK_SIZE                  
00000800  __SYSMEM_SIZE                 
20009cb8  __TI_CINIT_Base               
20009cc8  __TI_CINIT_Limit              
20009ca4  __TI_Handler_Table_Base       
20009cb0  __TI_Handler_Table_Limit      
20008771  __TI_auto_init_nobinit_nopinit
20008405  __TI_decompress_lzss          
20008ef1  __TI_decompress_none          
20008637  __TI_ltoa                     
ffffffff  __TI_pprof_out_hndl           
20004e81  __TI_printfi                  
ffffffff  __TI_prof_data_size           
ffffffff  __TI_prof_data_start          
20009c80  __TI_static_base__            
20008cbb  __TI_zero_init_nomemset       
20008039  __aeabi_cdcmpeq               
20008039  __aeabi_cdcmple               
200080bf  __aeabi_cdrcmple              
2000846d  __aeabi_cfcmpeq               
2000846d  __aeabi_cfcmple               
200084cd  __aeabi_cfrcmple              
20008397  __aeabi_d2f                   
20008729  __aeabi_d2iz                  
20006c47  __aeabi_dadd                  
200070a9  __aeabi_ddiv                  
20007519  __aeabi_dmul                  
20006c3d  __aeabi_dsub                  
20008f2d  __aeabi_errno_addr            
200088f1  __aeabi_f2d                   
20008a5d  __aeabi_i2d                   
20008929  __aeabi_i2f                   
200062eb  __aeabi_idiv0                 
200062eb  __aeabi_ldiv0                 
200081c9  __aeabi_memclr                
200081c9  __aeabi_memclr4               
200081c9  __aeabi_memclr8               
20007de9  __aeabi_memcpy                
20007de9  __aeabi_memcpy4               
20007de9  __aeabi_memcpy8               
200081cb  __aeabi_memset                
200081cb  __aeabi_memset4               
200081cb  __aeabi_memset8               
20007e85  __aeabi_uldivmod              
ffffffff  __binit__                     
ffffffff  __c_args__                    
UNDEFED   __mpu_init                    
2002f800  __stack                       
20017000  __start___llvm_prf_cnts       
20017000  __stop___llvm_prf_cnts        
20008b81  _c_int00_noargs               
20009942  _ctypes_                      
20017818  _lock                         
200058cf  _nop                          
20017000  _sys_memory                   
UNDEFED   _system_post_cinit            
20008f43  _system_pre_init              
2001781c  _unlock                       
20008f47  abort                         
20007419  aligned_alloc                 
200086dd  atoi                          
20005975  ballUpdate                    
ffffffff  binit                         
20008f0d  copysign                      
20008f0d  copysignl                     
20017800  cursor_x                      
20017804  cursor_y                      
20004c5f  drawChar                      
20004401  drawCircle                    
20004535  drawCircleHelper              
200061f5  drawFastHLine                 
20006159  drawFastVLine                 
2000477b  drawLine                      
20006291  drawPixel                     
20004867  drawRect                      
200048b5  drawRoundRect                 
20004a1d  drawTriangle                  
20017828  errno                         
20004653  fillCircle                    
2000468d  fillCircleHelper              
200060a1  fillRect                      
200049a3  fillRoundRect                 
2000608b  fillScreen                    
20004a5f  fillTriangle                  
20007615  floor                         
20007615  floorl                        
20007a71  fmax                          
20007a71  fmaxl                         
200078d1  fmin                          
200078d1  fminl                         
20007709  free                          
2000852d  frexp                         
2000852d  frexpl                        
20004000  g_pfnVectors                  
20006005  goTo                          
20005917  grabAccelerometerData         
20004e5f  height                        
20005c75  horizontal8Bands              
200062cf  invert                        
200079a1  ldexp                         
200079a1  ldexpl                        
20005d15  main                          
20008f35  malloc                        
20007419  memalign                      
20008cf5  memccpy                       
20007de9  memcpy                        
20008b35  memmove                       
200081d1  memset                        
20005bf1  printFullCharacterSet         
20008999  rand                          
200077ed  realloc                       
20007bf1  round                         
20007bf1  roundl                        
200079a1  scalbn                        
200079a1  scalbnl                       
20004df7  setCursor                     
20004e2f  setTextColor                  
20004e0f  setTextSize                   
20004e47  setTextWrap                   
200058e9  sleep                         
200087f5  sprintf                       
20008e5b  strchr                        
20008e99  strlen                        
20017810  textbgcolor                   
2001780c  textcolor                     
20017808  textsize                      
20005cc5  vertical8Bands                
20008835  vsnprintf                     
20008ed1  wcslen                        
20004e5b  width                         
20017814  wrap                          
20005eaf  writeCommand                  
20005ec1  writeData                     
20005e65  writeToOled                   


GLOBAL SYMBOLS: SORTED BY Symbol Address 

address   name                          
-------   ----                          
00000800  __STACK_SIZE                  
00000800  __SYSMEM_SIZE                 
20004000  g_pfnVectors                  
20004401  drawCircle                    
20004535  drawCircleHelper              
20004653  fillCircle                    
2000468d  fillCircleHelper              
2000477b  drawLine                      
20004867  drawRect                      
200048b5  drawRoundRect                 
200049a3  fillRoundRect                 
20004a1d  drawTriangle                  
20004a5f  fillTriangle                  
20004c5f  drawChar                      
20004dab  Outstr                        
20004df7  setCursor                     
20004e0f  setTextSize                   
20004e2f  setTextColor                  
20004e47  setTextWrap                   
20004e5b  width                         
20004e5f  height                        
20004e81  __TI_printfi                  
200058cf  _nop                          
200058e9  sleep                         
20005917  grabAccelerometerData         
20005975  ballUpdate                    
20005a7d  HitBoxGamePlay                
20005ac7  HitBoxGameDrawGoalBox         
20005b7d  HitBoxGameBoxUpdate           
20005bf1  printFullCharacterSet         
20005c75  horizontal8Bands              
20005cc5  vertical8Bands                
20005d15  main                          
20005e65  writeToOled                   
20005eaf  writeCommand                  
20005ec1  writeData                     
20005ed3  Adafruit_Init                 
20006005  goTo                          
20006049  Color565                      
2000608b  fillScreen                    
200060a1  fillRect                      
20006159  drawFastVLine                 
200061f5  drawFastHLine                 
20006291  drawPixel                     
200062cf  invert                        
200062eb  __aeabi_idiv0                 
200062eb  __aeabi_ldiv0                 
20006369  I2C_IF_Write                  
20006419  I2C_IF_Read                   
200064d5  I2C_IF_ReadFrom               
2000651b  I2C_IF_Open                   
20006577  I2C_IF_Close                  
2000658d  InitTerm                      
200065ab  Message                       
200065cd  ClearTerm                     
200065d7  Error                         
2000660f  GetCmd                        
200066b5  TrimSpace                     
2000674d  Report                        
20006c3d  __aeabi_dsub                  
20006c47  __aeabi_dadd                  
20006df5  PRCMCC3200MCUInit             
200070a9  __aeabi_ddiv                  
20007301  PinMuxConfig                  
20007419  aligned_alloc                 
20007419  memalign                      
20007519  __aeabi_dmul                  
20007615  floor                         
20007615  floorl                        
20007709  free                          
200077ed  realloc                       
200078d1  fmin                          
200078d1  fminl                         
200079a1  ldexp                         
200079a1  ldexpl                        
200079a1  scalbn                        
200079a1  scalbnl                       
20007a71  fmax                          
20007a71  fmaxl                         
20007bf1  round                         
20007bf1  roundl                        
20007ca1  IntEnable                     
20007d49  SPIConfigSetExpClk            
20007de9  __aeabi_memcpy                
20007de9  __aeabi_memcpy4               
20007de9  __aeabi_memcpy8               
20007de9  memcpy                        
20007e85  __aeabi_uldivmod              
20007f1d  PRCMPeripheralClockGet        
20007fb1  PinConfigSet                  
20008039  __aeabi_cdcmpeq               
20008039  __aeabi_cdcmple               
200080bf  __aeabi_cdrcmple              
20008145  I2CMasterInitExpClk           
200081c9  __aeabi_memclr                
200081c9  __aeabi_memclr4               
200081c9  __aeabi_memclr8               
200081cb  __aeabi_memset                
200081cb  __aeabi_memset4               
200081cb  __aeabi_memset8               
200081d1  memset                        
20008243  UARTConfigSetExpClk           
20008397  __aeabi_d2f                   
20008405  __TI_decompress_lzss          
2000846d  __aeabi_cfcmpeq               
2000846d  __aeabi_cfcmple               
200084cd  __aeabi_cfrcmple              
2000852d  frexp                         
2000852d  frexpl                        
20008589  PRCMPeripheralReset           
20008637  __TI_ltoa                     
200086dd  atoi                          
20008729  __aeabi_d2iz                  
20008771  __TI_auto_init_nobinit_nopinit
200087b5  PinModeSet                    
200087f5  sprintf                       
20008835  vsnprintf                     
200088b5  PRCMPeripheralClkEnable       
200088f1  __aeabi_f2d                   
20008929  __aeabi_i2f                   
20008961  GPIODirModeSet                
20008999  rand                          
200089cd  PinTypeGPIO                   
200089fd  UARTDisable                   
20008a5d  __aeabi_i2d                   
20008a8b  I2CMasterErr                  
20008ab9  PRCMSysResetCauseGet          
20008ae5  PRCMPeripheralClkDisable      
20008b35  memmove                       
20008b5d  UARTEnable                    
20008b81  _c_int00_noargs               
20008ba5  I2CMasterSlaveAddrSet         
20008bc7  SPIReset                      
20008be9  GPIOPinWrite                  
20008c09  SPIDataGet                    
20008c29  I2CMasterIntStatusEx          
20008c47  SPIDataPut                    
20008c65  UARTCharPut                   
20008c83  PinTypeI2C                    
20008c9f  UARTCharGetNonBlocking        
20008cbb  __TI_zero_init_nomemset       
20008cf5  memccpy                       
20008d11  PinTypeSPI                    
20008d2b  PinTypeUART                   
20008d45  I2CMasterIntEnableEx          
20008d5d  SPICSDisable                  
20008d75  SPICSEnable                   
20008d8d  SPIEnable                     
20008da5  UARTCharsAvail                
20008ded  I2CMasterDataPut              
20008e03  I2CMasterEnable               
20008e19  I2CMasterIntClear             
20008e2f  PRCMHIBRegRead                
20008e45  PRCMHIBRegWrite               
20008e5b  strchr                        
20008e71  CPUcpsie                      
20008e85  IntVTableBaseSet              
20008e99  strlen                        
20008ead  I2CMasterControl              
20008ebf  I2CMasterTimeoutSet           
20008ed1  wcslen                        
20008ee3  I2CMasterDataGet              
20008ef1  __TI_decompress_none          
20008eff  ResetISR                      
20008f0d  copysign                      
20008f0d  copysignl                     
20008f19  IntMasterEnable               
20008f2d  __aeabi_errno_addr            
20008f35  malloc                        
20008f3d  UtilsDelay                    
20008f43  _system_pre_init              
20008f47  C$$EXIT                       
20008f47  abort                         
20009942  _ctypes_                      
20009c80  __TI_static_base__            
20009ca4  __TI_Handler_Table_Base       
20009cb0  __TI_Handler_Table_Limit      
20009cb8  __TI_CINIT_Base               
20009cc8  __TI_CINIT_Limit              
20017000  __start___llvm_prf_cnts       
20017000  __stop___llvm_prf_cnts        
20017000  _sys_memory                   
20017800  cursor_x                      
20017804  cursor_y                      
20017808  textsize                      
2001780c  textcolor                     
20017810  textbgcolor                   
20017814  wrap                          
20017818  _lock                         
2001781c  _unlock                       
20017828  errno                         
2002f800  __stack                       
20030000  __STACK_END                   
ffffffff  __TI_pprof_out_hndl           
ffffffff  __TI_prof_data_size           
ffffffff  __TI_prof_data_start          
ffffffff  __binit__                     
ffffffff  __c_args__                    
ffffffff  binit                         
UNDEFED   __mpu_init                    
UNDEFED   _system_post_cinit            

[201 symbols]
