******************************************************************************
                  TI ARM Linker PC v20.2.7                     
******************************************************************************
>> Linked Mon Mar 10 19:15:12 2025

OUTPUT FILE NAME:   <Battle-Pong.out>
ENTRY POINT SYMBOL: "_c_int00_noargs"  address: 2000be41


MEMORY CONFIGURATION

         name            origin    length      used     unused   attr    fill
----------------------  --------  ---------  --------  --------  ----  --------
  SRAM_CODE             20004000   00013000  00008dfa  0000a206  RW X
  SRAM_DATA             20017000   00019000  000013d4  00017c2c  RW X


SEGMENT ALLOCATION MAP

run origin  load origin   length   init length attrs members
----------  ----------- ---------- ----------- ----- -------
20004000    20004000    00008e00   00008e00    r-x
  20004000    20004000    00000400   00000400    r-- .intvecs
  20004400    20004400    00007fa2   00007fa2    r-x .text
  2000c3a8    2000c3a8    000009b8   000009b8    r-- .const
  2000cd60    2000cd60    000000a0   000000a0    r-- .cinit
20017000    20017000    00000bd4   00000000    rw-
  20017000    20017000    00000800   00000000    rw- .sysmem
  20017800    20017800    00000204   00000000    rw- .data
  20017a04    20017a04    000001d0   00000000    rw- .bss
2002f800    2002f800    00000800   00000000    rw-
  2002f800    2002f800    00000800   00000000    rw- .stack


SECTION ALLOCATION MAP

 output                                  attributes/
section   page    origin      length       input sections
--------  ----  ----------  ----------   ----------------
.intvecs   0    20004000    00000400     
                  20004000    00000400     startup_ccs.obj (.intvecs)

.init_array 
*          0    20004000    00000000     UNINITIALIZED

.text      0    20004400    00007fa2     
                  20004400    00000b94     game.obj (.text)
                  20004f94    00000a80     Adafruit_GFX.obj (.text)
                  20005a14    00000a4e     rtsv7M4_T_le_eabi.lib : _printfi.c.obj (.text:__TI_printfi)
                  20006462    00000002                           : _lock.c.obj (.text:_nop)
                  20006464    00000730                           : k_rem_pio2.c.obj (.text:__kernel_rem_pio2)
                  20006b94    000005c0                           : s_cos.c.obj (.text:cos)
                  20007154    000005c0                           : s_sin.c.obj (.text:sin)
                  20007714    00000486     Adafruit_OLED.obj (.text)
                  20007b9a    00000002     rtsv7M4_T_le_eabi.lib : div0.asm.obj (.text)
                  20007b9c    00000330     scroll_pad.obj (.text)
                  20007ecc    000002ec     rtsv7M4_T_le_eabi.lib : s_atan.c.obj (.text:atan)
                  200081b8    000002d8     dot_tracker.obj (.text)
                  20008490    000002a0     i2c_if.obj (.text)
                  20008730    0000027c     uart_if.obj (.text)
                  200089ac    00000268     rtsv7M4_T_le_eabi.lib : _printfi.c.obj (.text:_pconv_a)
                  20008c14    000001cc                           : _printfi.c.obj (.text:_pconv_g)
                  20008de0    000001b6                           : fd_add_t2.asm.obj (.text)
                  20008f96    00000002     --HOLE-- [fill = 0]
                  20008f98    00000178     driverlib.a : prcm.obj (.text:PRCMCC3200MCUInit)
                  20009110    00000168     rtsv7M4_T_le_eabi.lib : k_sin.c.obj (.text:__kernel_sin)
                  20009278    00000160                           : k_cos.c.obj (.text:__kernel_cos)
                  200093d8    00000144     pin_mux_config.obj (.text)
                  2000951c    0000013c     rtsv7M4_T_le_eabi.lib : _printfi.c.obj (.text:_pconv_e)
                  20009658    00000136                           : fd_div_t2.asm.obj (.text)
                  2000978e    00000002     --HOLE-- [fill = 0]
                  20009790    00000120                           : _printfi.c.obj (.text:fcvt)
                  200098b0    00000114                           : fputs.c.obj (.text:fputs)
                  200099c4    0000010c     main.obj (.text)
                  20009ad0    00000100     rtsv7M4_T_le_eabi.lib : memory.c.obj (.text:aligned_alloc)
                  20009bd0    000000fc                           : fd_mul_t2.asm.obj (.text)
                  20009ccc    000000fa                           : fs_add_t2.asm.obj (.text)
                  20009dc6    00000002     --HOLE-- [fill = 0]
                  20009dc8    000000f4                           : s_floor.c.obj (.text:floor)
                  20009ebc    000000e4                           : memory.c.obj (.text:free)
                  20009fa0    000000e4                           : memory.c.obj (.text:realloc)
                  2000a084    000000dc                           : setvbuf.c.obj (.text:setvbuf)
                  2000a160    000000d0                           : ti_fmax.c.obj (.text:fmin)
                  2000a230    000000d0                           : s_scalbn.c.obj (.text:scalbn)
                  2000a300    000000cc                           : ti_fmax.c.obj (.text:fmax)
                  2000a3cc    000000b1                           : _printfi.c.obj (.text:_ltostr)
                  2000a47d    00000003     --HOLE-- [fill = 0]
                  2000a480    000000b0                           : s_round.c.obj (.text:round)
                  2000a530    000000a8     driverlib.a : interrupt.obj (.text:IntEnable)
                  2000a5d8    000000a0                 : spi.obj (.text:SPIConfigSetExpClk)
                  2000a678    0000009c     rtsv7M4_T_le_eabi.lib : memcpy_t2.asm.obj (.text)
                  2000a714    00000096                           : ull_div_t2.asm.obj (.text)
                  2000a7aa    00000002     --HOLE-- [fill = 0]
                  2000a7ac    00000094     driverlib.a : prcm.obj (.text:PRCMPeripheralClockGet)
                  2000a840    00000092     rtsv7M4_T_le_eabi.lib : fs_div_t2.asm.obj (.text)
                  2000a8d2    00000002     --HOLE-- [fill = 0]
                  2000a8d4    0000008c                           : fputc.c.obj (.text:fputc)
                  2000a960    00000088     driverlib.a : pin.obj (.text:PinConfigSet)
                  2000a9e8    00000086     rtsv7M4_T_le_eabi.lib : fd_cmp_t2.asm.obj (.text:__aeabi_cdcmple)
                  2000aa6e    00000086                           : fd_cmp_t2.asm.obj (.text:__aeabi_cdrcmple)
                  2000aaf4    00000084     driverlib.a : i2c.obj (.text:I2CMasterInitExpClk)
                  2000ab78    00000082                 : gpio.obj (.text:GPIOIntTypeSet)
                  2000abfa    0000007a     rtsv7M4_T_le_eabi.lib : fs_mul_t2.asm.obj (.text)
                  2000ac74    0000007a                           : memset_t2.asm.obj (.text)
                  2000acee    00000076     driverlib.a : uart.obj (.text:UARTConfigSetExpClk)
                  2000ad64    00000074     rtsv7M4_T_le_eabi.lib : fclose.c.obj (.text:__TI_closefile)
                  2000add8    00000070                           : memory.c.obj (.text:split)
                  2000ae48    0000006e                           : _printfi.c.obj (.text:_mcpy)
                  2000aeb6    0000006e                           : fd_tos_t2.asm.obj (.text)
                  2000af24    0000006c                           : hostrename.c.obj (.text:HOSTrename)
                  2000af90    00000068                           : hostlseek.c.obj (.text:HOSTlseek)
                  2000aff8    00000068                           : copy_decompress_lzss.c.obj (.text:decompress:lzss:__TI_decompress_lzss)
                  2000b060    00000068                           : printf.c.obj (.text:printf)
                  2000b0c8    00000064                           : fseek.c.obj (.text:fseek)
                  2000b12c    00000062                           : _io_perm.c.obj (.text:__TI_wrt_ok)
                  2000b18e    00000002     --HOLE-- [fill = 0]
                  2000b190    00000060                           : hostopen.c.obj (.text:HOSTopen)
                  2000b1f0    00000060                           : fs_cmp_t2.asm.obj (.text:__aeabi_cfcmple)
                  2000b250    00000060                           : fs_cmp_t2.asm.obj (.text:__aeabi_cfrcmple)
                  2000b2b0    0000005e                           : i_divt2.asm.obj (.text)
                  2000b30e    00000002     --HOLE-- [fill = 0]
                  2000b310    0000005c                           : close.c.obj (.text:close)
                  2000b36c    0000005c                           : s_frexp.c.obj (.text:frexp)
                  2000b3c8    00000058                           : hostread.c.obj (.text:HOSTread)
                  2000b420    00000058                           : hostwrite.c.obj (.text:HOSTwrite)
                  2000b478    00000058     driverlib.a : prcm.obj (.text:PRCMPeripheralReset)
                  2000b4d0    00000056     rtsv7M4_T_le_eabi.lib : _printfi.c.obj (.text:_pconv_f)
                  2000b526    00000054                           : _ltoa.c.obj (.text:__TI_ltoa)
                  2000b57a    00000052                           : _printfi.c.obj (.text:_ecpy)
                  2000b5cc    0000004c                           : fflush.c.obj (.text:__TI_doflush)
                  2000b618    0000004c                           : atoi.c.obj (.text:atoi)
                  2000b664    00000048     driverlib.a : gpio.obj (.text:GPIOGetIntNumber)
                  2000b6ac    00000048     rtsv7M4_T_le_eabi.lib : exit.c.obj (.text:exit)
                  2000b6f4    00000048                           : fd_toi_t2.asm.obj (.text)
                  2000b73c    00000044                           : hostclose.c.obj (.text:HOSTclose)
                  2000b780    00000044                           : hostunlink.c.obj (.text:HOSTunlink)
                  2000b7c4    00000044                           : autoinit.c.obj (.text:__TI_auto_init_nobinit_nopinit:__TI_auto_init_nobinit_nopinit)
                  2000b808    00000044                           : getdevice.c.obj (.text:getdevice)
                  2000b84c    00000040     driverlib.a : pin.obj (.text:PinModeSet)
                  2000b88c    00000040     rtsv7M4_T_le_eabi.lib : sprintf.c.obj (.text:sprintf)
                  2000b8cc    00000040                           : vsnprintf.c.obj (.text:vsnprintf)
                  2000b90c    0000003e                           : _printfi.c.obj (.text:_fcpy)
                  2000b94a    00000002     --HOLE-- [fill = 0]
                  2000b94c    0000003c     driverlib.a : prcm.obj (.text:PRCMPeripheralClkEnable)
                  2000b988    00000038                 : adc.obj (.text:ADCChannelDisable)
                  2000b9c0    00000038                 : adc.obj (.text:ADCChannelEnable)
                  2000b9f8    00000038     rtsv7M4_T_le_eabi.lib : trgmsg.c.obj (.text:__TI_writemsg)
                  2000ba30    00000038                           : fs_tod_t2.asm.obj (.text)
                  2000ba68    00000038                           : fs_toi_t2.asm.obj (.text)
                  2000baa0    00000038                           : i_tofs_t2.asm.obj (.text)
                  2000bad8    00000036     driverlib.a : gpio.obj (.text:GPIODirModeSet)
                  2000bb0e    00000036     rtsv7M4_T_le_eabi.lib : strncpy.c.obj (.text:strncpy)
                  2000bb44    00000034                           : fopen.c.obj (.text:__TI_cleanup)
                  2000bb78    00000034                           : trgmsg.c.obj (.text:__TI_readmsg)
                  2000bbac    00000034                           : rand.c.obj (.text:rand)
                  2000bbe0    00000030     driverlib.a : pin.obj (.text:PinTypeGPIO)
                  2000bc10    00000030                 : uart.obj (.text:UARTDisable)
                  2000bc40    00000030     rtsv7M4_T_le_eabi.lib : vsnprintf.c.obj (.text:_outs)
                  2000bc70    00000030                           : getdevice.c.obj (.text:finddevice)
                  2000bca0    0000002e                           : i_tofd_t2.asm.obj (.text)
                  2000bcce    0000002c     driverlib.a : i2c.obj (.text:I2CMasterErr)
                  2000bcfa    00000002     --HOLE-- [fill = 0]
                  2000bcfc    0000002c                 : prcm.obj (.text:PRCMSysResetCauseGet)
                  2000bd28    0000002c     rtsv7M4_T_le_eabi.lib : unlink.c.obj (.text:unlink)
                  2000bd54    00000028     driverlib.a : prcm.obj (.text:PRCMPeripheralClkDisable)
                  2000bd7c    00000028     rtsv7M4_T_le_eabi.lib : memory.c.obj (.text:free_list_insert)
                  2000bda4    00000028                           : lseek.c.obj (.text:lseek)
                  2000bdcc    00000028                           : memmov.c.obj (.text:memmove)
                  2000bdf4    00000028                           : write.c.obj (.text:write)
                  2000be1c    00000024     driverlib.a : uart.obj (.text:UARTEnable)
                  2000be40    00000024     rtsv7M4_T_le_eabi.lib : boot_cortex_m.c.obj (.text:_c_int00_noargs:_c_int00_noargs)
                  2000be64    00000024                           : u_tofs_t2.asm.obj (.text)
                  2000be88    00000022     driverlib.a : adc.obj (.text:ADCTimerConfig)
                  2000beaa    00000022                 : gpio.obj (.text:GPIOIntStatus)
                  2000becc    00000022                 : i2c.obj (.text:I2CMasterSlaveAddrSet)
                  2000beee    00000022                 : spi.obj (.text:SPIReset)
                  2000bf10    00000020                 : gpio.obj (.text:GPIOPinWrite)
                  2000bf30    00000020                 : interrupt.obj (.text:IntRegister)
                  2000bf50    00000020                 : spi.obj (.text:SPIDataGet)
                  2000bf70    00000020     rtsv7M4_T_le_eabi.lib : memchr.c.obj (.text:memchr)
                  2000bf90    0000001e     driverlib.a : gpio.obj (.text:GPIOIntRegister)
                  2000bfae    0000001e                 : i2c.obj (.text:I2CMasterIntStatusEx)
                  2000bfcc    0000001e                 : spi.obj (.text:SPIDataPut)
                  2000bfea    0000001e                 : uart.obj (.text:UARTCharPut)
                  2000c008    0000001c                 : adc.obj (.text:ADCFIFOLvlGet)
                  2000c024    0000001c                 : pin.obj (.text:PinTypeI2C)
                  2000c040    0000001c                 : uart.obj (.text:UARTCharGetNonBlocking)
                  2000c05c    0000001c     rtsv7M4_T_le_eabi.lib : copy_zero_init.c.obj (.text:decompress:ZI:__TI_zero_init_nomemset:__TI_zero_init_nomemset)
                  2000c078    0000001c                           : memory.c.obj (.text:free_list_remove)
                  2000c094    0000001c                           : memccpy.c.obj (.text:memccpy)
                  2000c0b0    0000001a     driverlib.a : gpio.obj (.text:GPIOIntEnable)
                  2000c0ca    0000001a                 : pin.obj (.text:PinTypeSPI)
                  2000c0e4    0000001a                 : pin.obj (.text:PinTypeUART)
                  2000c0fe    00000018                 : adc.obj (.text:ADCFIFORead)
                  2000c116    00000018                 : i2c.obj (.text:I2CMasterIntEnableEx)
                  2000c12e    00000018                 : spi.obj (.text:SPICSDisable)
                  2000c146    00000018                 : spi.obj (.text:SPICSEnable)
                  2000c15e    00000018                 : spi.obj (.text:SPIEnable)
                  2000c176    00000018                 : uart.obj (.text:UARTCharsAvail)
                  2000c18e    00000018     rtsv7M4_T_le_eabi.lib : vsnprintf.c.obj (.text:_outc)
                  2000c1a6    00000018                           : sprintf.c.obj (.text:_outs)
                  2000c1be    00000018                           : strcmp.c.obj (.text:strcmp)
                  2000c1d6    00000016     driverlib.a : adc.obj (.text:ADCTimerEnable)
                  2000c1ec    00000016                 : i2c.obj (.text:I2CMasterDataPut)
                  2000c202    00000016                 : i2c.obj (.text:I2CMasterEnable)
                  2000c218    00000016                 : i2c.obj (.text:I2CMasterIntClear)
                  2000c22e    00000016                 : prcm.obj (.text:PRCMHIBRegRead)
                  2000c244    00000016                 : prcm.obj (.text:PRCMHIBRegWrite)
                  2000c25a    00000016     rtsv7M4_T_le_eabi.lib : strchr.c.obj (.text:strchr)
                  2000c270    00000014     driverlib.a : adc.obj (.text:ADCEnable)
                  2000c284    00000014                 : cpu.obj (.text:CPUcpsie)
                  2000c298    00000014                 : gpio.obj (.text:GPIOIntClear)
                  2000c2ac    00000014                 : interrupt.obj (.text:IntVTableBaseSet)
                  2000c2c0    00000014                 : pin.obj (.text:PinTypeADC)
                  2000c2d4    00000014     rtsv7M4_T_le_eabi.lib : strcpy.c.obj (.text:strcpy)
                  2000c2e8    00000014                           : strlen.c.obj (.text:strlen)
                  2000c2fc    00000012     driverlib.a : i2c.obj (.text:I2CMasterControl)
                  2000c30e    00000012                 : i2c.obj (.text:I2CMasterTimeoutSet)
                  2000c320    00000012     rtsv7M4_T_le_eabi.lib : wcslen.c.obj (.text:wcslen)
                  2000c332    0000000e     driverlib.a : i2c.obj (.text:I2CMasterDataGet)
                  2000c340    0000000e     rtsv7M4_T_le_eabi.lib : copy_decompress_none.c.obj (.text:decompress:none:__TI_decompress_none)
                  2000c34e    0000000e     startup_ccs.obj (.text)
                  2000c35c    0000000c     rtsv7M4_T_le_eabi.lib : s_copysign.c.obj (.text:copysign)
                  2000c368    0000000a     driverlib.a : interrupt.obj (.text:IntMasterEnable)
                  2000c372    0000000a     rtsv7M4_T_le_eabi.lib : sprintf.c.obj (.text:_outc)
                  2000c37c    00000008                           : errno.c.obj (.text:__aeabi_errno_addr)
                  2000c384    00000008                           : memory.c.obj (.text:malloc)
                  2000c38c    00000006     driverlib.a : utils.obj (.text:UtilsDelay)
                  2000c392    00000004     rtsv7M4_T_le_eabi.lib : printf.c.obj (.text:_outc)
                  2000c396    00000004                           : printf.c.obj (.text:_outs)
                  2000c39a    00000004                           : pre_init.c.obj (.text:_system_pre_init)
                  2000c39e    00000004                           : exit.c.obj (.text:abort:abort)

.const     0    2000c3a8    000009b8     
                  2000c3a8    000004fb     Adafruit_GFX.obj (.const:.string:font)
                  2000c8a3    00000005     --HOLE-- [fill = 0]
                  2000c8a8    00000158     rtsv7M4_T_le_eabi.lib : k_rem_pio2.c.obj (.const:$O1$$)
                  2000ca00    00000101                           : ctype.c.obj (.const:.string:_ctypes_)
                  2000cb01    00000003     --HOLE-- [fill = 0]
                  2000cb04    00000100     driverlib.a : pin.obj (.const:g_ulPinToPadMap)
                  2000cc04    000000a8                 : prcm.obj (.const:PRCM_PeriphRegsList)
                  2000ccac    00000004     --HOLE-- [fill = 0]
                  2000ccb0    00000098     rtsv7M4_T_le_eabi.lib : s_atan.c.obj (.const:$O1$$)
                  2000cd48    00000018     driverlib.a : interrupt.obj (.const:g_pulEnRegs)

.cinit     0    2000cd60    000000a0     
                  2000cd60    0000007c     (.cinit..data.load) [load image, compression = lzss]
                  2000cddc    0000000c     (__TI_handler_table)
                  2000cde8    00000008     (.cinit..bss.load) [load image, compression = zero_init]
                  2000cdf0    00000010     (__TI_cinit_table)

.sysmem    0    20017000    00000800     UNINITIALIZED
                  20017000    00000010     rtsv7M4_T_le_eabi.lib : memory.c.obj (.sysmem)
                  20017010    000007f0     --HOLE--

.data      0    20017800    00000204     UNINITIALIZED
                  20017800    000000f0     rtsv7M4_T_le_eabi.lib : defs.c.obj (.data:_ftable)
                  200178f0    00000078                           : host_device.c.obj (.data:_device)
                  20017968    00000050                           : host_device.c.obj (.data:_stream)
                  200179b8    00000015     Adafruit_GFX.obj (.data)
                  200179cd    00000003     --HOLE--
                  200179d0    00000010     rtsv7M4_T_le_eabi.lib : defs.c.obj (.data)
                  200179e0    0000000c                           : exit.c.obj (.data:$O1$$)
                  200179ec    00000008                           : _lock.c.obj (.data:$O1$$)
                  200179f4    00000008                           : memory.c.obj (.data:$O1$$)
                  200179fc    00000004                           : errno.c.obj (.data)
                  20017a00    00000004                           : rand.c.obj (.data)

.bss       0    20017a04    000001d0     UNINITIALIZED
                  20017a04    00000120     rtsv7M4_T_le_eabi.lib : trgmsg.c.obj (.bss:_CIOBUF_)
                  20017b24    000000a0     (.common:__TI_tmpnams)
                  20017bc4    00000008     (.common:parmbuf)
                  20017bcc    00000004     uart_if.obj (.bss)
                  20017bd0    00000004     (.common:upgradeTrigger)

.stack     0    2002f800    00000800     UNINITIALIZED
                  2002f800    00000004     rtsv7M4_T_le_eabi.lib : boot_cortex_m.c.obj (.stack)
                  2002f804    000007fc     --HOLE--

__llvm_prf_cnts 
*          0    20017000    00000000     UNINITIALIZED

MODULE SUMMARY

       Module                       code    ro data   rw data
       ------                       ----    -------   -------
    .\
       game.obj                     2964    0         0      
       startup_ccs.obj              14      1024      0      
       scroll_pad.obj               816     0         0      
       dot_tracker.obj              728     0         0      
       i2c_if.obj                   672     0         0      
       uart_if.obj                  636     0         4      
       pin_mux_config.obj           324     0         0      
       main.obj                     268     0         4      
    +--+----------------------------+-------+---------+---------+
       Total:                       6422    1024      8      
                                                             
    .\oled\
       Adafruit_GFX.obj             2688    1275      21     
       Adafruit_OLED.obj            1158    0         0      
    +--+----------------------------+-------+---------+---------+
       Total:                       3846    1275      21     
                                                             
    C:/TI/CC3200SDK_1.5.0/cc3200-sdk/driverlib/ccs/Release/driverlib.a
       prcm.obj                     800     168       0      
       pin.obj                      348     256       0      
       gpio.obj                     398     0         0      
       i2c.obj                      380     0         0      
       spi.obj                      328     0         0      
       uart.obj                     284     0         0      
       interrupt.obj                230     24        0      
       adc.obj                      240     0         0      
       cpu.obj                      20      0         0      
       utils.obj                    6       0         0      
    +--+----------------------------+-------+---------+---------+
       Total:                       3034    448       0      
                                                             
    C:\TI\ccs1250\ccs\tools\compiler\ti-cgt-arm_20.2.7.LTS\lib\rtsv7M4_T_le_eabi.lib
       _printfi.c.obj               4835    0         0      
       k_rem_pio2.c.obj             1840    344       0      
       s_cos.c.obj                  1472    0         0      
       s_sin.c.obj                  1472    0         0      
       memory.c.obj                 900     0         8      
       s_atan.c.obj                 748     152       0      
       fd_add_t2.asm.obj            438     0         0      
       defs.c.obj                   0       0         416    
       ti_fmax.c.obj                412     0         0      
       trgmsg.c.obj                 108     0         288    
       k_sin.c.obj                  360     0         0      
       k_cos.c.obj                  352     0         0      
       fd_div_t2.asm.obj            310     0         0      
       fputs.c.obj                  276     0         0      
       fd_cmp_t2.asm.obj            268     0         0      
       ctype.c.obj                  0       257       0      
       fd_mul_t2.asm.obj            252     0         0      
       fs_add_t2.asm.obj            250     0         0      
       s_floor.c.obj                244     0         0      
       setvbuf.c.obj                220     0         0      
       s_scalbn.c.obj               208     0         0      
       host_device.c.obj            0       0         200    
       fs_cmp_t2.asm.obj            192     0         0      
       s_round.c.obj                176     0         0      
       memcpy_t2.asm.obj            156     0         0      
       ull_div_t2.asm.obj           150     0         0      
       fs_div_t2.asm.obj            146     0         0      
       fputc.c.obj                  140     0         0      
       vsnprintf.c.obj              136     0         0      
       fs_mul_t2.asm.obj            122     0         0      
       memset_t2.asm.obj            122     0         0      
       fclose.c.obj                 116     0         0      
       getdevice.c.obj              116     0         0      
       printf.c.obj                 112     0         0      
       fd_tos_t2.asm.obj            110     0         0      
       hostrename.c.obj             108     0         0      
       copy_decompress_lzss.c.obj   104     0         0      
       hostlseek.c.obj              104     0         0      
       hostopen.c.obj               96      0         8      
       fseek.c.obj                  100     0         0      
       _io_perm.c.obj               98      0         0      
       sprintf.c.obj                98      0         0      
       i_divt2.asm.obj              94      0         0      
       close.c.obj                  92      0         0      
       s_frexp.c.obj                92      0         0      
       exit.c.obj                   76      0         12     
       hostread.c.obj               88      0         0      
       hostwrite.c.obj              88      0         0      
       _ltoa.c.obj                  84      0         0      
       atoi.c.obj                   76      0         0      
       fflush.c.obj                 76      0         0      
       fd_toi_t2.asm.obj            72      0         0      
       autoinit.c.obj               68      0         0      
       hostclose.c.obj              68      0         0      
       hostunlink.c.obj             68      0         0      
       fs_tod_t2.asm.obj            56      0         0      
       fs_toi_t2.asm.obj            56      0         0      
       i_tofs_t2.asm.obj            56      0         0      
       rand.c.obj                   52      0         4      
       strncpy.c.obj                54      0         0      
       fopen.c.obj                  52      0         0      
       i_tofd_t2.asm.obj            46      0         0      
       unlink.c.obj                 44      0         0      
       lseek.c.obj                  40      0         0      
       memmov.c.obj                 40      0         0      
       write.c.obj                  40      0         0      
       boot_cortex_m.c.obj          36      0         0      
       u_tofs_t2.asm.obj            36      0         0      
       memchr.c.obj                 32      0         0      
       copy_zero_init.c.obj         28      0         0      
       memccpy.c.obj                28      0         0      
       strcmp.c.obj                 24      0         0      
       strchr.c.obj                 22      0         0      
       strcpy.c.obj                 20      0         0      
       strlen.c.obj                 20      0         0      
       wcslen.c.obj                 18      0         0      
       copy_decompress_none.c.obj   14      0         0      
       errno.c.obj                  8       0         4      
       s_copysign.c.obj             12      0         0      
       _lock.c.obj                  2       0         8      
       pre_init.c.obj               4       0         0      
       div0.asm.obj                 2       0         0      
    +--+----------------------------+-------+---------+---------+
       Total:                       19351   753       948    
                                                             
       Heap:                        0       0         2048   
       Stack:                       0       0         2048   
       Linker Generated:            0       160       0      
    +--+----------------------------+-------+---------+---------+
       Grand Total:                 32653   3660      5073   


LINKER GENERATED COPY TABLES

__TI_cinit_table @ 2000cdf0 records: 2, size/record: 8, table size: 16
	.data: load addr=2000cd60, load size=0000007c bytes, run addr=20017800, run size=00000204 bytes, compression=lzss
	.bss: load addr=2000cde8, load size=00000008 bytes, run addr=20017a04, run size=000001d0 bytes, compression=zero_init


LINKER GENERATED HANDLER TABLE

__TI_handler_table @ 2000cddc records: 3, size/record: 4, table size: 12
	index: 0, handler: __TI_decompress_lzss
	index: 1, handler: __TI_decompress_none
	index: 2, handler: __TI_zero_init


GLOBAL SYMBOLS: SORTED ALPHABETICALLY BY Name 

address   name                           
-------   ----                           
2000b989  ADCChannelDisable              
2000b9c1  ADCChannelEnable               
2000c271  ADCEnable                      
2000c009  ADCFIFOLvlGet                  
2000c0ff  ADCFIFORead                    
2000be89  ADCTimerConfig                 
2000c1d7  ADCTimerEnable                 
20007783  Adafruit_Init                  
200045f9  BattlePongGameBoxUpdate        
20004587  BattlePongGameDrawGoalBox      
200046d7  BattlePongGameFireHandler      
20004443  BattlePongGamePlay             
20004805  BattlePongGameUpgradeHandler   
2000c39f  C$$EXIT                        
2000ba27  C$$IO$$                        
2000c285  CPUcpsie                       
20004df5  CannonShotUpdate               
20008771  ClearTerm                      
200078f9  Color565                       
200048bd  CreateBattlePongGame           
20004eb5  CreateCannonShot               
2000842b  CreateDotObject                
20004d97  CreatePongBallObject           
20007e5f  CreateScrollPadObject          
20004541  DrawScore                      
2000877b  Error                          
2000bad9  GPIODirModeSet                 
2000c299  GPIOIntClear                   
2000c0b1  GPIOIntEnable                  
2000bf91  GPIOIntRegister                
2000beab  GPIOIntStatus                  
2000ab79  GPIOIntTypeSet                 
2000bf11  GPIOPinWrite                   
200087b3  GetCmd                         
2000b73d  HOSTclose                      
2000af91  HOSTlseek                      
2000b191  HOSTopen                       
2000b3c9  HOSTread                       
2000af25  HOSTrename                     
2000b781  HOSTunlink                     
2000b421  HOSTwrite                      
2000c2fd  I2CMasterControl               
2000c333  I2CMasterDataGet               
2000c1ed  I2CMasterDataPut               
2000c203  I2CMasterEnable                
2000bccf  I2CMasterErr                   
2000aaf5  I2CMasterInitExpClk            
2000c219  I2CMasterIntClear              
2000c117  I2CMasterIntEnableEx           
2000bfaf  I2CMasterIntStatusEx           
2000becd  I2CMasterSlaveAddrSet          
2000c30f  I2CMasterTimeoutSet            
2000871b  I2C_IF_Close                   
200086bf  I2C_IF_Open                    
200085bd  I2C_IF_Read                    
20008679  I2C_IF_ReadFrom                
2000850d  I2C_IF_Write                   
20008731  InitTerm                       
2000a531  IntEnable                      
2000c369  IntMasterEnable                
2000bf31  IntRegister                    
2000c2ad  IntVTableBaseSet               
2000874f  Message                        
2000593f  Outstr                         
20008f99  PRCMCC3200MCUInit              
2000c22f  PRCMHIBRegRead                 
2000c245  PRCMHIBRegWrite                
2000bd55  PRCMPeripheralClkDisable       
2000b94d  PRCMPeripheralClkEnable        
2000a7ad  PRCMPeripheralClockGet         
2000b479  PRCMPeripheralReset            
2000bcfd  PRCMSysResetCauseGet           
2000a961  PinConfigSet                   
2000b84d  PinModeSet                     
200093d9  PinMuxConfig                   
2000c2c1  PinTypeADC                     
2000bbe1  PinTypeGPIO                    
2000c025  PinTypeI2C                     
2000c0cb  PinTypeSPI                     
2000c0e5  PinTypeUART                    
20004c25  PongBallNeutral                
20004c89  PongBallPadBounceMechanic      
20004c41  PongBallRecv                   
20004989  PongBallUpdate                 
200088f1  Report                         
2000c34f  ResetISR                       
2000c12f  SPICSDisable                   
2000c147  SPICSEnable                    
2000a5d9  SPIConfigSetExpClk             
2000bf51  SPIDataGet                     
2000bfcd  SPIDataPut                     
2000c15f  SPIEnable                      
2000beef  SPIReset                       
20007e01  ScrollPadDraw                  
20007cdd  ScrollPadUpdate                
20008859  TrimSpace                      
2000c041  UARTCharGetNonBlocking         
2000bfeb  UARTCharPut                    
2000c177  UARTCharsAvail                 
2000acef  UARTConfigSetExpClk            
2000bc11  UARTDisable                    
2000be1d  UARTEnable                     
2000c38d  UtilsDelay                     
20017a04  __CIOBUF_                      
20030000  __STACK_END                    
00000800  __STACK_SIZE                   
00000800  __SYSMEM_SIZE                  
2000cdf0  __TI_CINIT_Base                
2000ce00  __TI_CINIT_Limit               
2000cddc  __TI_Handler_Table_Base        
2000cde8  __TI_Handler_Table_Limit       
2000b7c5  __TI_auto_init_nobinit_nopinit 
2000bb45  __TI_cleanup                   
200179e0  __TI_cleanup_ptr               
2000ad65  __TI_closefile                 
2000aff9  __TI_decompress_lzss           
2000c341  __TI_decompress_none           
2000b5cd  __TI_doflush                   
200179e4  __TI_dtors_ptr                 
200179e8  __TI_enable_exit_profile_output
200179d0  __TI_ft_end                    
2000b527  __TI_ltoa                      
ffffffff  __TI_pprof_out_hndl            
20005a15  __TI_printfi                   
ffffffff  __TI_prof_data_size            
ffffffff  __TI_prof_data_start           
2000bb79  __TI_readmsg                   
2000cd60  __TI_static_base__             
20017b24  __TI_tmpnams                   
2000b9f9  __TI_writemsg                  
2000b12d  __TI_wrt_ok                    
2000c05d  __TI_zero_init_nomemset        
2000a9e9  __aeabi_cdcmpeq                
2000a9e9  __aeabi_cdcmple                
2000aa6f  __aeabi_cdrcmple               
2000b1f1  __aeabi_cfcmpeq                
2000b1f1  __aeabi_cfcmple                
2000b251  __aeabi_cfrcmple               
2000aeb7  __aeabi_d2f                    
2000b6f5  __aeabi_d2iz                   
20008deb  __aeabi_dadd                   
20009659  __aeabi_ddiv                   
20009bd1  __aeabi_dmul                   
20008de1  __aeabi_dsub                   
2000c37d  __aeabi_errno_addr             
2000ba31  __aeabi_f2d                    
2000ba69  __aeabi_f2iz                   
20009cd1  __aeabi_fadd                   
2000a841  __aeabi_fdiv                   
2000abfb  __aeabi_fmul                   
20009ccd  __aeabi_fsub                   
2000bca1  __aeabi_i2d                    
2000baa1  __aeabi_i2f                    
2000b2b1  __aeabi_idiv                   
20007b9b  __aeabi_idiv0                  
2000b2b1  __aeabi_idivmod                
20007b9b  __aeabi_ldiv0                  
2000ac75  __aeabi_memclr                 
2000ac75  __aeabi_memclr4                
2000ac75  __aeabi_memclr8                
2000a679  __aeabi_memcpy                 
2000a679  __aeabi_memcpy4                
2000a679  __aeabi_memcpy8                
2000ac77  __aeabi_memset                 
2000ac77  __aeabi_memset4                
2000ac77  __aeabi_memset8                
200179dc  __aeabi_stderr                 
200179d4  __aeabi_stdin                  
200179d8  __aeabi_stdout                 
2000be65  __aeabi_ui2f                   
2000a715  __aeabi_uldivmod               
ffffffff  __binit__                      
ffffffff  __c_args__                     
20009279  __kernel_cos                   
20006465  __kernel_rem_pio2              
20009111  __kernel_sin                   
UNDEFED   __mpu_init                     
2002f800  __stack                        
20017000  __start___llvm_prf_cnts        
20017000  __stop___llvm_prf_cnts         
2000be41  _c_int00_noargs                
2000ca00  _ctypes_                       
200178f0  _device                        
20017800  _ftable                        
200179ec  _lock                          
20006463  _nop                           
20017968  _stream                        
20017000  _sys_memory                    
UNDEFED   _system_post_cinit             
2000c39b  _system_pre_init               
200179f0  _unlock                        
2000c39f  abort                          
20009ad1  aligned_alloc                  
20007ecd  atan                           
20007ecd  atanl                          
2000b619  atoi                           
20008217  ballUpdate                     
ffffffff  binit                          
2000b311  close                          
2000c35d  copysign                       
2000c35d  copysignl                      
20006b95  cos                            
20006b95  cosl                           
200179b8  cursor_x                       
200179bc  cursor_y                       
200057f3  drawChar                       
20004f95  drawCircle                     
200050c9  drawCircleHelper               
20007aa5  drawFastHLine                  
20007a09  drawFastVLine                  
2000530f  drawLine                       
20007b41  drawPixel                      
200053fb  drawRect                       
20005449  drawRoundRect                  
200055b1  drawTriangle                   
200179fc  errno                          
2000b6ad  exit                           
200051e7  fillCircle                     
20005221  fillCircleHelper               
20007951  fillRect                       
20005537  fillRoundRect                  
2000793b  fillScreen                     
200055f3  fillTriangle                   
2000bc71  finddevice                     
20009dc9  floor                          
20009dc9  floorl                         
2000a301  fmax                           
2000a301  fmaxl                          
2000a161  fmin                           
2000a161  fminl                          
2000a8d5  fputc                          
200098b1  fputs                          
20009ebd  free                           
2000b36d  frexp                          
2000b36d  frexpl                         
2000b0c9  fseek                          
20004000  g_pfnVectors                   
2000b809  getdevice                      
200078b5  goTo                           
200081b9  grabAccelerometerData          
20004401  grabAccelerometerZ             
200059f3  height                         
20007b7f  invert                         
2000a231  ldexp                          
2000a231  ldexpl                         
2000bda5  lseek                          
20009a6f  main                           
2000c385  malloc                         
20009ad1  memalign                       
2000c095  memccpy                        
2000bf71  memchr                         
2000a679  memcpy                         
2000bdcd  memmove                        
2000ac7d  memset                         
20017bc4  parmbuf                        
2000b061  printf                         
2000a8d5  putc                           
2000bbad  rand                           
20007b9d  readJoyStickADC                
20009fa1  realloc                        
2000bd29  remove                         
2000a481  round                          
2000a481  roundl                         
2000a231  scalbn                         
2000a231  scalbnl                        
2000598b  setCursor                      
200059c3  setTextColor                   
200059a3  setTextSize                    
200059db  setTextWrap                    
2000a085  setvbuf                        
20007155  sin                            
20007155  sinl                           
2000b88d  sprintf                        
2000c25b  strchr                         
2000c1bf  strcmp                         
2000c2d5  strcpy                         
2000c2e9  strlen                         
2000bb0f  strncpy                        
20004675  swapOledBalls                  
200179c8  textbgcolor                    
200179c4  textcolor                      
200179c0  textsize                       
2000bd29  unlink                         
20017bd0  upgradeTrigger                 
2000b8cd  vsnprintf                      
2000c321  wcslen                         
200059ef  width                          
200179cc  wrap                           
2000bdf5  write                          
2000775f  writeCommand                   
20007771  writeData                      
20007715  writeToOled                    


GLOBAL SYMBOLS: SORTED BY Symbol Address 

address   name                           
-------   ----                           
00000800  __STACK_SIZE                   
00000800  __SYSMEM_SIZE                  
20004000  g_pfnVectors                   
20004401  grabAccelerometerZ             
20004443  BattlePongGamePlay             
20004541  DrawScore                      
20004587  BattlePongGameDrawGoalBox      
200045f9  BattlePongGameBoxUpdate        
20004675  swapOledBalls                  
200046d7  BattlePongGameFireHandler      
20004805  BattlePongGameUpgradeHandler   
200048bd  CreateBattlePongGame           
20004989  PongBallUpdate                 
20004c25  PongBallNeutral                
20004c41  PongBallRecv                   
20004c89  PongBallPadBounceMechanic      
20004d97  CreatePongBallObject           
20004df5  CannonShotUpdate               
20004eb5  CreateCannonShot               
20004f95  drawCircle                     
200050c9  drawCircleHelper               
200051e7  fillCircle                     
20005221  fillCircleHelper               
2000530f  drawLine                       
200053fb  drawRect                       
20005449  drawRoundRect                  
20005537  fillRoundRect                  
200055b1  drawTriangle                   
200055f3  fillTriangle                   
200057f3  drawChar                       
2000593f  Outstr                         
2000598b  setCursor                      
200059a3  setTextSize                    
200059c3  setTextColor                   
200059db  setTextWrap                    
200059ef  width                          
200059f3  height                         
20005a15  __TI_printfi                   
20006463  _nop                           
20006465  __kernel_rem_pio2              
20006b95  cos                            
20006b95  cosl                           
20007155  sin                            
20007155  sinl                           
20007715  writeToOled                    
2000775f  writeCommand                   
20007771  writeData                      
20007783  Adafruit_Init                  
200078b5  goTo                           
200078f9  Color565                       
2000793b  fillScreen                     
20007951  fillRect                       
20007a09  drawFastVLine                  
20007aa5  drawFastHLine                  
20007b41  drawPixel                      
20007b7f  invert                         
20007b9b  __aeabi_idiv0                  
20007b9b  __aeabi_ldiv0                  
20007b9d  readJoyStickADC                
20007cdd  ScrollPadUpdate                
20007e01  ScrollPadDraw                  
20007e5f  CreateScrollPadObject          
20007ecd  atan                           
20007ecd  atanl                          
200081b9  grabAccelerometerData          
20008217  ballUpdate                     
2000842b  CreateDotObject                
2000850d  I2C_IF_Write                   
200085bd  I2C_IF_Read                    
20008679  I2C_IF_ReadFrom                
200086bf  I2C_IF_Open                    
2000871b  I2C_IF_Close                   
20008731  InitTerm                       
2000874f  Message                        
20008771  ClearTerm                      
2000877b  Error                          
200087b3  GetCmd                         
20008859  TrimSpace                      
200088f1  Report                         
20008de1  __aeabi_dsub                   
20008deb  __aeabi_dadd                   
20008f99  PRCMCC3200MCUInit              
20009111  __kernel_sin                   
20009279  __kernel_cos                   
200093d9  PinMuxConfig                   
20009659  __aeabi_ddiv                   
200098b1  fputs                          
20009a6f  main                           
20009ad1  aligned_alloc                  
20009ad1  memalign                       
20009bd1  __aeabi_dmul                   
20009ccd  __aeabi_fsub                   
20009cd1  __aeabi_fadd                   
20009dc9  floor                          
20009dc9  floorl                         
20009ebd  free                           
20009fa1  realloc                        
2000a085  setvbuf                        
2000a161  fmin                           
2000a161  fminl                          
2000a231  ldexp                          
2000a231  ldexpl                         
2000a231  scalbn                         
2000a231  scalbnl                        
2000a301  fmax                           
2000a301  fmaxl                          
2000a481  round                          
2000a481  roundl                         
2000a531  IntEnable                      
2000a5d9  SPIConfigSetExpClk             
2000a679  __aeabi_memcpy                 
2000a679  __aeabi_memcpy4                
2000a679  __aeabi_memcpy8                
2000a679  memcpy                         
2000a715  __aeabi_uldivmod               
2000a7ad  PRCMPeripheralClockGet         
2000a841  __aeabi_fdiv                   
2000a8d5  fputc                          
2000a8d5  putc                           
2000a961  PinConfigSet                   
2000a9e9  __aeabi_cdcmpeq                
2000a9e9  __aeabi_cdcmple                
2000aa6f  __aeabi_cdrcmple               
2000aaf5  I2CMasterInitExpClk            
2000ab79  GPIOIntTypeSet                 
2000abfb  __aeabi_fmul                   
2000ac75  __aeabi_memclr                 
2000ac75  __aeabi_memclr4                
2000ac75  __aeabi_memclr8                
2000ac77  __aeabi_memset                 
2000ac77  __aeabi_memset4                
2000ac77  __aeabi_memset8                
2000ac7d  memset                         
2000acef  UARTConfigSetExpClk            
2000ad65  __TI_closefile                 
2000aeb7  __aeabi_d2f                    
2000af25  HOSTrename                     
2000af91  HOSTlseek                      
2000aff9  __TI_decompress_lzss           
2000b061  printf                         
2000b0c9  fseek                          
2000b12d  __TI_wrt_ok                    
2000b191  HOSTopen                       
2000b1f1  __aeabi_cfcmpeq                
2000b1f1  __aeabi_cfcmple                
2000b251  __aeabi_cfrcmple               
2000b2b1  __aeabi_idiv                   
2000b2b1  __aeabi_idivmod                
2000b311  close                          
2000b36d  frexp                          
2000b36d  frexpl                         
2000b3c9  HOSTread                       
2000b421  HOSTwrite                      
2000b479  PRCMPeripheralReset            
2000b527  __TI_ltoa                      
2000b5cd  __TI_doflush                   
2000b619  atoi                           
2000b6ad  exit                           
2000b6f5  __aeabi_d2iz                   
2000b73d  HOSTclose                      
2000b781  HOSTunlink                     
2000b7c5  __TI_auto_init_nobinit_nopinit 
2000b809  getdevice                      
2000b84d  PinModeSet                     
2000b88d  sprintf                        
2000b8cd  vsnprintf                      
2000b94d  PRCMPeripheralClkEnable        
2000b989  ADCChannelDisable              
2000b9c1  ADCChannelEnable               
2000b9f9  __TI_writemsg                  
2000ba27  C$$IO$$                        
2000ba31  __aeabi_f2d                    
2000ba69  __aeabi_f2iz                   
2000baa1  __aeabi_i2f                    
2000bad9  GPIODirModeSet                 
2000bb0f  strncpy                        
2000bb45  __TI_cleanup                   
2000bb79  __TI_readmsg                   
2000bbad  rand                           
2000bbe1  PinTypeGPIO                    
2000bc11  UARTDisable                    
2000bc71  finddevice                     
2000bca1  __aeabi_i2d                    
2000bccf  I2CMasterErr                   
2000bcfd  PRCMSysResetCauseGet           
2000bd29  remove                         
2000bd29  unlink                         
2000bd55  PRCMPeripheralClkDisable       
2000bda5  lseek                          
2000bdcd  memmove                        
2000bdf5  write                          
2000be1d  UARTEnable                     
2000be41  _c_int00_noargs                
2000be65  __aeabi_ui2f                   
2000be89  ADCTimerConfig                 
2000beab  GPIOIntStatus                  
2000becd  I2CMasterSlaveAddrSet          
2000beef  SPIReset                       
2000bf11  GPIOPinWrite                   
2000bf31  IntRegister                    
2000bf51  SPIDataGet                     
2000bf71  memchr                         
2000bf91  GPIOIntRegister                
2000bfaf  I2CMasterIntStatusEx           
2000bfcd  SPIDataPut                     
2000bfeb  UARTCharPut                    
2000c009  ADCFIFOLvlGet                  
2000c025  PinTypeI2C                     
2000c041  UARTCharGetNonBlocking         
2000c05d  __TI_zero_init_nomemset        
2000c095  memccpy                        
2000c0b1  GPIOIntEnable                  
2000c0cb  PinTypeSPI                     
2000c0e5  PinTypeUART                    
2000c0ff  ADCFIFORead                    
2000c117  I2CMasterIntEnableEx           
2000c12f  SPICSDisable                   
2000c147  SPICSEnable                    
2000c15f  SPIEnable                      
2000c177  UARTCharsAvail                 
2000c1bf  strcmp                         
2000c1d7  ADCTimerEnable                 
2000c1ed  I2CMasterDataPut               
2000c203  I2CMasterEnable                
2000c219  I2CMasterIntClear              
2000c22f  PRCMHIBRegRead                 
2000c245  PRCMHIBRegWrite                
2000c25b  strchr                         
2000c271  ADCEnable                      
2000c285  CPUcpsie                       
2000c299  GPIOIntClear                   
2000c2ad  IntVTableBaseSet               
2000c2c1  PinTypeADC                     
2000c2d5  strcpy                         
2000c2e9  strlen                         
2000c2fd  I2CMasterControl               
2000c30f  I2CMasterTimeoutSet            
2000c321  wcslen                         
2000c333  I2CMasterDataGet               
2000c341  __TI_decompress_none           
2000c34f  ResetISR                       
2000c35d  copysign                       
2000c35d  copysignl                      
2000c369  IntMasterEnable                
2000c37d  __aeabi_errno_addr             
2000c385  malloc                         
2000c38d  UtilsDelay                     
2000c39b  _system_pre_init               
2000c39f  C$$EXIT                        
2000c39f  abort                          
2000ca00  _ctypes_                       
2000cd60  __TI_static_base__             
2000cddc  __TI_Handler_Table_Base        
2000cde8  __TI_Handler_Table_Limit       
2000cdf0  __TI_CINIT_Base                
2000ce00  __TI_CINIT_Limit               
20017000  __start___llvm_prf_cnts        
20017000  __stop___llvm_prf_cnts         
20017000  _sys_memory                    
20017800  _ftable                        
200178f0  _device                        
20017968  _stream                        
200179b8  cursor_x                       
200179bc  cursor_y                       
200179c0  textsize                       
200179c4  textcolor                      
200179c8  textbgcolor                    
200179cc  wrap                           
200179d0  __TI_ft_end                    
200179d4  __aeabi_stdin                  
200179d8  __aeabi_stdout                 
200179dc  __aeabi_stderr                 
200179e0  __TI_cleanup_ptr               
200179e4  __TI_dtors_ptr                 
200179e8  __TI_enable_exit_profile_output
200179ec  _lock                          
200179f0  _unlock                        
200179fc  errno                          
20017a04  __CIOBUF_                      
20017b24  __TI_tmpnams                   
20017bc4  parmbuf                        
20017bd0  upgradeTrigger                 
2002f800  __stack                        
20030000  __STACK_END                    
ffffffff  __TI_pprof_out_hndl            
ffffffff  __TI_prof_data_size            
ffffffff  __TI_prof_data_start           
ffffffff  __binit__                      
ffffffff  __c_args__                     
ffffffff  binit                          
UNDEFED   __mpu_init                     
UNDEFED   _system_post_cinit             

[292 symbols]
