******************************************************************************
                  TI ARM Linker PC v20.2.7                     
******************************************************************************
>> Linked Wed Mar 12 07:27:19 2025

OUTPUT FILE NAME:   <Battle-Pong.out>
ENTRY POINT SYMBOL: "_c_int00_noargs"  address: 2000d9f1


MEMORY CONFIGURATION

         name            origin    length      used     unused   attr    fill
----------------------  --------  ---------  --------  --------  ----  --------
  SRAM_CODE             20004000   00013000  0000ab94  0000846c  RW X
  SRAM_DATA             20017000   00019000  00001458  00017ba8  RW X


SEGMENT ALLOCATION MAP

run origin  load origin   length   init length attrs members
----------  ----------- ---------- ----------- ----- -------
20004000    20004000    0000ab98   0000ab98    r-x
  20004000    20004000    00000400   00000400    r-- .intvecs
  20004400    20004400    00009c4c   00009c4c    r-x .text
  2000e050    2000e050    00000aa0   00000aa0    r-- .const
  2000eaf0    2000eaf0    000000a8   000000a8    r-- .cinit
20017000    20017000    00000c58   00000000    rw-
  20017000    20017000    00000800   00000000    rw- .sysmem
  20017800    20017800    00000284   00000000    rw- .data
  20017a84    20017a84    000001d4   00000000    rw- .bss
2002f800    2002f800    00000800   00000000    rw-
  2002f800    2002f800    00000800   00000000    rw- .stack


SECTION ALLOCATION MAP

 output                                  attributes/
section   page    origin      length       input sections
--------  ----  ----------  ----------   ----------------
.intvecs   0    20004000    00000400     
                  20004000    00000400     startup_ccs.obj (.intvecs)

.init_array 
*          0    20004000    00000000     UNINITIALIZED

.text      0    20004400    00009c4c     
                  20004400    00001084     game.obj (.text)
                  20005484    00000af8     rtsv7M4_T_le_eabi.lib : _scanfi.c.obj (.text:__TI_scanfi)
                  20005f7c    00000a80     Adafruit_GFX.obj (.text)
                  200069fc    00000a4e     rtsv7M4_T_le_eabi.lib : _printfi.c.obj (.text:__TI_printfi)
                  2000744a    00000002                           : _lock.c.obj (.text:_nop)
                  2000744c    00000730                           : k_rem_pio2.c.obj (.text:__kernel_rem_pio2)
                  20007b7c    000005c0                           : s_cos.c.obj (.text:cos)
                  2000813c    000005c0                           : s_sin.c.obj (.text:sin)
                  200086fc    00000486     Adafruit_OLED.obj (.text)
                  20008b82    00000002     rtsv7M4_T_le_eabi.lib : div0.asm.obj (.text)
                  20008b84    00000454                           : strtod.c.obj (.text:strtod)
                  20008fd8    00000330     scroll_pad.obj (.text)
                  20009308    000002ec     rtsv7M4_T_le_eabi.lib : s_atan.c.obj (.text:atan)
                  200095f4    000002d8     dot_tracker.obj (.text)
                  200098cc    000002a0     i2c_if.obj (.text)
                  20009b6c    0000027c     uart_if.obj (.text)
                  20009de8    00000268     rtsv7M4_T_le_eabi.lib : _printfi.c.obj (.text:_pconv_a)
                  2000a050    000001dc     main.obj (.text)
                  2000a22c    000001dc     rtsv7M4_T_le_eabi.lib : strtoll.c.obj (.text:strtoll)
                  2000a408    000001cc                           : _printfi.c.obj (.text:_pconv_g)
                  2000a5d4    000001b6                           : fd_add_t2.asm.obj (.text)
                  2000a78a    00000002     --HOLE-- [fill = 0]
                  2000a78c    00000178     driverlib.a : prcm.obj (.text:PRCMCC3200MCUInit)
                  2000a904    00000168     rtsv7M4_T_le_eabi.lib : k_sin.c.obj (.text:__kernel_sin)
                  2000aa6c    00000160                           : k_cos.c.obj (.text:__kernel_cos)
                  2000abcc    0000015c                           : strtoull.c.obj (.text:strtoull)
                  2000ad28    00000144     pin_mux_config.obj (.text)
                  2000ae6c    0000013c     rtsv7M4_T_le_eabi.lib : _printfi.c.obj (.text:_pconv_e)
                  2000afa8    00000136                           : fd_div_t2.asm.obj (.text)
                  2000b0de    00000002     --HOLE-- [fill = 0]
                  2000b0e0    00000130                           : strtol.c.obj (.text:strtol)
                  2000b210    00000120                           : _printfi.c.obj (.text:fcvt)
                  2000b330    00000114                           : fputs.c.obj (.text:fputs)
                  2000b444    00000110                           : strtoul.c.obj (.text:strtoul)
                  2000b554    00000100                           : memory.c.obj (.text:aligned_alloc)
                  2000b654    000000fc                           : fd_mul_t2.asm.obj (.text)
                  2000b750    000000fa                           : fs_add_t2.asm.obj (.text)
                  2000b84a    00000002     --HOLE-- [fill = 0]
                  2000b84c    000000f4                           : s_floor.c.obj (.text:floor)
                  2000b940    000000e4                           : memory.c.obj (.text:free)
                  2000ba24    000000e4                           : memory.c.obj (.text:realloc)
                  2000bb08    000000dc                           : setvbuf.c.obj (.text:setvbuf)
                  2000bbe4    000000d0                           : ti_fmax.c.obj (.text:fmin)
                  2000bcb4    000000d0                           : s_scalbn.c.obj (.text:scalbn)
                  2000bd84    000000cc                           : ti_fmax.c.obj (.text:fmax)
                  2000be50    000000b1                           : _printfi.c.obj (.text:_ltostr)
                  2000bf01    00000003     --HOLE-- [fill = 0]
                  2000bf04    000000b0                           : s_round.c.obj (.text:round)
                  2000bfb4    000000a8     driverlib.a : interrupt.obj (.text:IntEnable)
                  2000c05c    000000a0                 : spi.obj (.text:SPIConfigSetExpClk)
                  2000c0fc    0000009c     rtsv7M4_T_le_eabi.lib : memcpy_t2.asm.obj (.text)
                  2000c198    00000096                           : ull_div_t2.asm.obj (.text)
                  2000c22e    00000002     --HOLE-- [fill = 0]
                  2000c230    00000094     driverlib.a : prcm.obj (.text:PRCMPeripheralClockGet)
                  2000c2c4    00000092     rtsv7M4_T_le_eabi.lib : fs_div_t2.asm.obj (.text)
                  2000c356    00000002     --HOLE-- [fill = 0]
                  2000c358    0000008c                           : fputc.c.obj (.text:fputc)
                  2000c3e4    00000088     driverlib.a : pin.obj (.text:PinConfigSet)
                  2000c46c    00000086     rtsv7M4_T_le_eabi.lib : fd_cmp_t2.asm.obj (.text:__aeabi_cdcmple)
                  2000c4f2    00000086                           : fd_cmp_t2.asm.obj (.text:__aeabi_cdrcmple)
                  2000c578    00000084     driverlib.a : i2c.obj (.text:I2CMasterInitExpClk)
                  2000c5fc    00000082                 : gpio.obj (.text:GPIOIntTypeSet)
                  2000c67e    0000007a     rtsv7M4_T_le_eabi.lib : fs_mul_t2.asm.obj (.text)
                  2000c6f8    0000007a                           : memset_t2.asm.obj (.text)
                  2000c772    00000076     driverlib.a : uart.obj (.text:UARTConfigSetExpClk)
                  2000c7e8    00000074     rtsv7M4_T_le_eabi.lib : fclose.c.obj (.text:__TI_closefile)
                  2000c85c    00000070                           : memory.c.obj (.text:split)
                  2000c8cc    0000006e                           : _printfi.c.obj (.text:_mcpy)
                  2000c93a    0000006e                           : fd_tos_t2.asm.obj (.text)
                  2000c9a8    0000006c                           : hostrename.c.obj (.text:HOSTrename)
                  2000ca14    00000068                           : hostlseek.c.obj (.text:HOSTlseek)
                  2000ca7c    00000068                           : sscanf.c.obj (.text:_chkmbc)
                  2000cae4    00000068                           : copy_decompress_lzss.c.obj (.text:decompress:lzss:__TI_decompress_lzss)
                  2000cb4c    00000068                           : printf.c.obj (.text:printf)
                  2000cbb4    00000064                           : fseek.c.obj (.text:fseek)
                  2000cc18    00000062                           : _io_perm.c.obj (.text:__TI_wrt_ok)
                  2000cc7a    00000002     --HOLE-- [fill = 0]
                  2000cc7c    00000060                           : hostopen.c.obj (.text:HOSTopen)
                  2000ccdc    00000060                           : fs_cmp_t2.asm.obj (.text:__aeabi_cfcmple)
                  2000cd3c    00000060                           : fs_cmp_t2.asm.obj (.text:__aeabi_cfrcmple)
                  2000cd9c    0000005c                           : close.c.obj (.text:close)
                  2000cdf8    0000005c                           : s_frexp.c.obj (.text:frexp)
                  2000ce54    00000058                           : hostread.c.obj (.text:HOSTread)
                  2000ceac    00000058                           : hostwrite.c.obj (.text:HOSTwrite)
                  2000cf04    00000058     driverlib.a : prcm.obj (.text:PRCMPeripheralReset)
                  2000cf5c    00000056     rtsv7M4_T_le_eabi.lib : _printfi.c.obj (.text:_pconv_f)
                  2000cfb2    00000054                           : _ltoa.c.obj (.text:__TI_ltoa)
                  2000d006    00000052                           : _printfi.c.obj (.text:_ecpy)
                  2000d058    0000004c                           : fflush.c.obj (.text:__TI_doflush)
                  2000d0a4    0000004c                           : atoi.c.obj (.text:atoi)
                  2000d0f0    00000048     driverlib.a : gpio.obj (.text:GPIOGetIntNumber)
                  2000d138    00000048     rtsv7M4_T_le_eabi.lib : exit.c.obj (.text:exit)
                  2000d180    00000048                           : fd_toi_t2.asm.obj (.text)
                  2000d1c8    00000044                           : hostclose.c.obj (.text:HOSTclose)
                  2000d20c    00000044                           : hostunlink.c.obj (.text:HOSTunlink)
                  2000d250    00000044     driverlib.a : uart.obj (.text:UARTIntNumberGet)
                  2000d294    00000044     rtsv7M4_T_le_eabi.lib : autoinit.c.obj (.text:__TI_auto_init_nobinit_nopinit:__TI_auto_init_nobinit_nopinit)
                  2000d2d8    00000044                           : getdevice.c.obj (.text:getdevice)
                  2000d31c    00000040     driverlib.a : pin.obj (.text:PinModeSet)
                  2000d35c    00000040     rtsv7M4_T_le_eabi.lib : s_lround.c.obj (.text:lround)
                  2000d39c    00000040                           : sprintf.c.obj (.text:sprintf)
                  2000d3dc    00000040                           : vsnprintf.c.obj (.text:vsnprintf)
                  2000d41c    0000003e                           : _printfi.c.obj (.text:_fcpy)
                  2000d45a    00000002     --HOLE-- [fill = 0]
                  2000d45c    0000003c     driverlib.a : prcm.obj (.text:PRCMPeripheralClkEnable)
                  2000d498    0000003c     rtsv7M4_T_le_eabi.lib : signal.c.obj (.text:signal)
                  2000d4d4    00000038     driverlib.a : adc.obj (.text:ADCChannelDisable)
                  2000d50c    00000038                 : adc.obj (.text:ADCChannelEnable)
                  2000d544    00000038     rtsv7M4_T_le_eabi.lib : trgmsg.c.obj (.text:__TI_writemsg)
                  2000d57c    00000038                           : fs_tod_t2.asm.obj (.text)
                  2000d5b4    00000038                           : fs_toi_t2.asm.obj (.text)
                  2000d5ec    00000038                           : i_tofs_t2.asm.obj (.text)
                  2000d624    00000038                           : sscanf.c.obj (.text:sscanf)
                  2000d65c    00000036     driverlib.a : gpio.obj (.text:GPIODirModeSet)
                  2000d692    00000036     rtsv7M4_T_le_eabi.lib : strncpy.c.obj (.text:strncpy)
                  2000d6c8    00000034                           : fopen.c.obj (.text:__TI_cleanup)
                  2000d6fc    00000034                           : trgmsg.c.obj (.text:__TI_readmsg)
                  2000d730    00000034                           : rand.c.obj (.text:rand)
                  2000d764    00000030     driverlib.a : pin.obj (.text:PinTypeGPIO)
                  2000d794    00000030                 : uart.obj (.text:UARTDisable)
                  2000d7c4    00000030     rtsv7M4_T_le_eabi.lib : vsnprintf.c.obj (.text:_outs)
                  2000d7f4    00000030                           : getdevice.c.obj (.text:finddevice)
                  2000d824    0000002e                           : signal.c.obj (.text:raise)
                  2000d852    0000002e                           : i_tofd_t2.asm.obj (.text)
                  2000d880    0000002c     driverlib.a : i2c.obj (.text:I2CMasterErr)
                  2000d8ac    0000002c                 : prcm.obj (.text:PRCMSysResetCauseGet)
                  2000d8d8    0000002c     rtsv7M4_T_le_eabi.lib : unlink.c.obj (.text:unlink)
                  2000d904    00000028     driverlib.a : prcm.obj (.text:PRCMPeripheralClkDisable)
                  2000d92c    00000028     rtsv7M4_T_le_eabi.lib : memory.c.obj (.text:free_list_insert)
                  2000d954    00000028                           : lseek.c.obj (.text:lseek)
                  2000d97c    00000028                           : memmov.c.obj (.text:memmove)
                  2000d9a4    00000028                           : write.c.obj (.text:write)
                  2000d9cc    00000024     driverlib.a : uart.obj (.text:UARTEnable)
                  2000d9f0    00000024     rtsv7M4_T_le_eabi.lib : boot_cortex_m.c.obj (.text:_c_int00_noargs:_c_int00_noargs)
                  2000da14    00000024                           : u_tofs_t2.asm.obj (.text)
                  2000da38    00000022     driverlib.a : adc.obj (.text:ADCTimerConfig)
                  2000da5a    00000022                 : gpio.obj (.text:GPIOIntStatus)
                  2000da7c    00000022                 : i2c.obj (.text:I2CMasterSlaveAddrSet)
                  2000da9e    00000022                 : spi.obj (.text:SPIReset)
                  2000dac0    00000020                 : gpio.obj (.text:GPIOPinWrite)
                  2000dae0    00000020                 : interrupt.obj (.text:IntRegister)
                  2000db00    00000020                 : spi.obj (.text:SPIDataGet)
                  2000db20    00000020     rtsv7M4_T_le_eabi.lib : memchr.c.obj (.text:memchr)
                  2000db40    0000001e     driverlib.a : gpio.obj (.text:GPIOIntRegister)
                  2000db5e    0000001e                 : i2c.obj (.text:I2CMasterIntStatusEx)
                  2000db7c    0000001e                 : spi.obj (.text:SPIDataPut)
                  2000db9a    0000001e                 : uart.obj (.text:UARTCharPut)
                  2000dbb8    0000001e                 : uart.obj (.text:UARTIntRegister)
                  2000dbd6    0000001c                 : adc.obj (.text:ADCFIFOLvlGet)
                  2000dbf2    0000001c                 : pin.obj (.text:PinTypeI2C)
                  2000dc0e    0000001c                 : uart.obj (.text:UARTCharGetNonBlocking)
                  2000dc2a    0000001c     rtsv7M4_T_le_eabi.lib : copy_zero_init.c.obj (.text:decompress:ZI:__TI_zero_init_nomemset:__TI_zero_init_nomemset)
                  2000dc46    00000002     --HOLE-- [fill = 0]
                  2000dc48    0000001c                           : memory.c.obj (.text:free_list_remove)
                  2000dc64    0000001c                           : memccpy.c.obj (.text:memccpy)
                  2000dc80    0000001a     driverlib.a : gpio.obj (.text:GPIOIntEnable)
                  2000dc9a    0000001a                 : pin.obj (.text:PinTypeSPI)
                  2000dcb4    0000001a                 : pin.obj (.text:PinTypeUART)
                  2000dcce    00000018                 : adc.obj (.text:ADCFIFORead)
                  2000dce6    00000018                 : i2c.obj (.text:I2CMasterIntEnableEx)
                  2000dcfe    00000018                 : spi.obj (.text:SPICSDisable)
                  2000dd16    00000018                 : spi.obj (.text:SPICSEnable)
                  2000dd2e    00000018                 : spi.obj (.text:SPIEnable)
                  2000dd46    00000018                 : uart.obj (.text:UARTCharsAvail)
                  2000dd5e    00000018                 : uart.obj (.text:UARTFIFOLevelSet)
                  2000dd76    00000018                 : uart.obj (.text:UARTIntDisable)
                  2000dd8e    00000018                 : uart.obj (.text:UARTIntEnable)
                  2000dda6    00000018                 : uart.obj (.text:UARTSpaceAvail)
                  2000ddbe    00000018     rtsv7M4_T_le_eabi.lib : vsnprintf.c.obj (.text:_outc)
                  2000ddd6    00000018                           : sprintf.c.obj (.text:_outs)
                  2000ddee    00000018                           : ll_mul_t2.asm.obj (.text)
                  2000de06    00000018                           : strcmp.c.obj (.text:strcmp)
                  2000de1e    00000018                           : strrchr.c.obj (.text:strrchr)
                  2000de36    00000016     driverlib.a : adc.obj (.text:ADCTimerEnable)
                  2000de4c    00000016                 : i2c.obj (.text:I2CMasterDataPut)
                  2000de62    00000016                 : i2c.obj (.text:I2CMasterEnable)
                  2000de78    00000016                 : i2c.obj (.text:I2CMasterIntClear)
                  2000de8e    00000016                 : prcm.obj (.text:PRCMHIBRegRead)
                  2000dea4    00000016                 : prcm.obj (.text:PRCMHIBRegWrite)
                  2000deba    00000016                 : uart.obj (.text:UARTCharGet)
                  2000ded0    00000016     rtsv7M4_T_le_eabi.lib : strchr.c.obj (.text:strchr)
                  2000dee6    00000014     driverlib.a : adc.obj (.text:ADCEnable)
                  2000defa    00000014                 : cpu.obj (.text:CPUcpsie)
                  2000df0e    00000014                 : gpio.obj (.text:GPIOIntClear)
                  2000df22    00000002     --HOLE-- [fill = 0]
                  2000df24    00000014                 : interrupt.obj (.text:IntVTableBaseSet)
                  2000df38    00000014                 : pin.obj (.text:PinTypeADC)
                  2000df4c    00000014     rtsv7M4_T_le_eabi.lib : strcpy.c.obj (.text:strcpy)
                  2000df60    00000014                           : strlen.c.obj (.text:strlen)
                  2000df74    00000012     driverlib.a : i2c.obj (.text:I2CMasterControl)
                  2000df86    00000012                 : i2c.obj (.text:I2CMasterTimeoutSet)
                  2000df98    00000012                 : uart.obj (.text:UARTIntClear)
                  2000dfaa    00000012     rtsv7M4_T_le_eabi.lib : sscanf.c.obj (.text:_inpchar)
                  2000dfbc    00000012                           : wcslen.c.obj (.text:wcslen)
                  2000dfce    0000000e     driverlib.a : i2c.obj (.text:I2CMasterDataGet)
                  2000dfdc    0000000e     rtsv7M4_T_le_eabi.lib : copy_decompress_none.c.obj (.text:decompress:none:__TI_decompress_none)
                  2000dfea    0000000e     startup_ccs.obj (.text)
                  2000dff8    0000000c     rtsv7M4_T_le_eabi.lib : s_copysign.c.obj (.text:copysign)
                  2000e004    0000000a     driverlib.a : interrupt.obj (.text:IntMasterEnable)
                  2000e00e    0000000a     rtsv7M4_T_le_eabi.lib : sprintf.c.obj (.text:_outc)
                  2000e018    00000008                           : errno.c.obj (.text:__aeabi_errno_addr)
                  2000e020    00000008                           : sscanf.c.obj (.text:_uninpchar)
                  2000e028    00000008                           : memory.c.obj (.text:malloc)
                  2000e030    00000006     driverlib.a : utils.obj (.text:UtilsDelay)
                  2000e036    00000006     rtsv7M4_T_le_eabi.lib : ti_fenv.c.obj (.text:__softfloat_float_raise)
                  2000e03c    00000004                           : printf.c.obj (.text:_outc)
                  2000e040    00000004                           : printf.c.obj (.text:_outs)
                  2000e044    00000004                           : pre_init.c.obj (.text:_system_pre_init)
                  2000e048    00000004                           : exit.c.obj (.text:abort:abort)

.const     0    2000e050    00000aa0     
                  2000e050    000004fb     Adafruit_GFX.obj (.const:.string:font)
                  2000e54b    00000005     --HOLE-- [fill = 0]
                  2000e550    00000158     rtsv7M4_T_le_eabi.lib : k_rem_pio2.c.obj (.const:$O1$$)
                  2000e6a8    00000101                           : ctype.c.obj (.const:.string:_ctypes_)
                  2000e7a9    00000003     --HOLE-- [fill = 0]
                  2000e7ac    00000100     driverlib.a : pin.obj (.const:g_ulPinToPadMap)
                  2000e8ac    00000004     --HOLE-- [fill = 0]
                  2000e8b0    000000c8     rtsv7M4_T_le_eabi.lib : strtod.c.obj (.const:$O1$$)
                  2000e978    000000a8     driverlib.a : prcm.obj (.const:PRCM_PeriphRegsList)
                  2000ea20    00000098     rtsv7M4_T_le_eabi.lib : s_atan.c.obj (.const:$O1$$)
                  2000eab8    00000018     driverlib.a : interrupt.obj (.const:g_pulEnRegs)
                  2000ead0    00000010     rtsv7M4_T_le_eabi.lib : _scanfi.c.obj (.const:$O1$$)
                  2000eae0    00000010     driverlib.a : uart.obj (.const:g_ppulUARTIntMap)

.cinit     0    2000eaf0    000000a8     
                  2000eaf0    0000007e     (.cinit..data.load) [load image, compression = lzss]
                  2000eb6e    00000002     --HOLE-- [fill = 0]
                  2000eb70    0000000c     (__TI_handler_table)
                  2000eb7c    00000004     --HOLE-- [fill = 0]
                  2000eb80    00000008     (.cinit..bss.load) [load image, compression = zero_init]
                  2000eb88    00000010     (__TI_cinit_table)

.sysmem    0    20017000    00000800     UNINITIALIZED
                  20017000    00000010     rtsv7M4_T_le_eabi.lib : memory.c.obj (.sysmem)
                  20017010    000007f0     --HOLE--

.data      0    20017800    00000284     UNINITIALIZED
                  20017800    000000f0     rtsv7M4_T_le_eabi.lib : defs.c.obj (.data:_ftable)
                  200178f0    00000080                           : signal.c.obj (.data:sigTable)
                  20017970    00000078                           : host_device.c.obj (.data:_device)
                  200179e8    00000050                           : host_device.c.obj (.data:_stream)
                  20017a38    00000015     Adafruit_GFX.obj (.data)
                  20017a4d    00000003     --HOLE--
                  20017a50    00000010     rtsv7M4_T_le_eabi.lib : defs.c.obj (.data)
                  20017a60    0000000c                           : exit.c.obj (.data:$O1$$)
                  20017a6c    00000008                           : _lock.c.obj (.data:$O1$$)
                  20017a74    00000008                           : memory.c.obj (.data:$O1$$)
                  20017a7c    00000004                           : errno.c.obj (.data)
                  20017a80    00000004                           : rand.c.obj (.data)

.bss       0    20017a84    000001d4     UNINITIALIZED
                  20017a84    00000120     rtsv7M4_T_le_eabi.lib : trgmsg.c.obj (.bss:_CIOBUF_)
                  20017ba4    000000a0     (.common:__TI_tmpnams)
                  20017c44    00000008     (.common:parmbuf)
                  20017c4c    00000004     uart_if.obj (.bss)
                  20017c50    00000004     (.common:battlePongGame)
                  20017c54    00000004     (.common:upgradeTrigger)

.stack     0    2002f800    00000800     UNINITIALIZED
                  2002f800    00000004     rtsv7M4_T_le_eabi.lib : boot_cortex_m.c.obj (.stack)
                  2002f804    000007fc     --HOLE--

__llvm_prf_cnts 
*          0    20017000    00000000     UNINITIALIZED

MODULE SUMMARY

       Module                       code    ro data   rw data
       ------                       ----    -------   -------
    .\
       game.obj                     4228    0         0      
       startup_ccs.obj              14      1024      0      
       scroll_pad.obj               816     0         0      
       dot_tracker.obj              728     0         0      
       i2c_if.obj                   672     0         0      
       uart_if.obj                  636     0         4      
       main.obj                     476     0         8      
       pin_mux_config.obj           324     0         0      
    +--+----------------------------+-------+---------+---------+
       Total:                       7894    1024      12     
                                                             
    .\oled\
       Adafruit_GFX.obj             2688    1275      21     
       Adafruit_OLED.obj            1158    0         0      
    +--+----------------------------+-------+---------+---------+
       Total:                       3846    1275      21     
                                                             
    C:/TI/CC3200SDK_1.5.0/cc3200-sdk/driverlib/ccs/Release/driverlib.a
       prcm.obj                     800     168       0      
       pin.obj                      348     256       0      
       uart.obj                     518     16        0      
       gpio.obj                     398     0         0      
       i2c.obj                      380     0         0      
       spi.obj                      328     0         0      
       interrupt.obj                230     24        0      
       adc.obj                      240     0         0      
       cpu.obj                      20      0         0      
       utils.obj                    6       0         0      
    +--+----------------------------+-------+---------+---------+
       Total:                       3268    464       0      
                                                             
    C:\TI\ccs1250\ccs\tools\compiler\ti-cgt-arm_20.2.7.LTS\lib\rtsv7M4_T_le_eabi.lib
       _printfi.c.obj               4835    0         0      
       _scanfi.c.obj                2808    16        0      
       k_rem_pio2.c.obj             1840    344       0      
       s_cos.c.obj                  1472    0         0      
       s_sin.c.obj                  1472    0         0      
       strtod.c.obj                 1108    200       0      
       memory.c.obj                 900     0         8      
       s_atan.c.obj                 748     152       0      
       strtoll.c.obj                476     0         0      
       fd_add_t2.asm.obj            438     0         0      
       defs.c.obj                   0       0         416    
       ti_fmax.c.obj                412     0         0      
       trgmsg.c.obj                 108     0         288    
       k_sin.c.obj                  360     0         0      
       k_cos.c.obj                  352     0         0      
       strtoull.c.obj               348     0         0      
       fd_div_t2.asm.obj            310     0         0      
       strtol.c.obj                 304     0         0      
       fputs.c.obj                  276     0         0      
       strtoul.c.obj                272     0         0      
       fd_cmp_t2.asm.obj            268     0         0      
       ctype.c.obj                  0       257       0      
       fd_mul_t2.asm.obj            252     0         0      
       fs_add_t2.asm.obj            250     0         0      
       s_floor.c.obj                244     0         0      
       signal.c.obj                 106     0         128    
       setvbuf.c.obj                220     0         0      
       s_scalbn.c.obj               208     0         0      
       host_device.c.obj            0       0         200    
       fs_cmp_t2.asm.obj            192     0         0      
       sscanf.c.obj                 186     0         0      
       s_round.c.obj                176     0         0      
       memcpy_t2.asm.obj            156     0         0      
       ull_div_t2.asm.obj           150     0         0      
       fs_div_t2.asm.obj            146     0         0      
       fputc.c.obj                  140     0         0      
       vsnprintf.c.obj              136     0         0      
       fs_mul_t2.asm.obj            122     0         0      
       memset_t2.asm.obj            122     0         0      
       fclose.c.obj                 116     0         0      
       getdevice.c.obj              116     0         0      
       printf.c.obj                 112     0         0      
       fd_tos_t2.asm.obj            110     0         0      
       hostrename.c.obj             108     0         0      
       copy_decompress_lzss.c.obj   104     0         0      
       hostlseek.c.obj              104     0         0      
       hostopen.c.obj               96      0         8      
       fseek.c.obj                  100     0         0      
       _io_perm.c.obj               98      0         0      
       sprintf.c.obj                98      0         0      
       close.c.obj                  92      0         0      
       s_frexp.c.obj                92      0         0      
       exit.c.obj                   76      0         12     
       hostread.c.obj               88      0         0      
       hostwrite.c.obj              88      0         0      
       _ltoa.c.obj                  84      0         0      
       atoi.c.obj                   76      0         0      
       fflush.c.obj                 76      0         0      
       fd_toi_t2.asm.obj            72      0         0      
       autoinit.c.obj               68      0         0      
       hostclose.c.obj              68      0         0      
       hostunlink.c.obj             68      0         0      
       s_lround.c.obj               64      0         0      
       fs_tod_t2.asm.obj            56      0         0      
       fs_toi_t2.asm.obj            56      0         0      
       i_tofs_t2.asm.obj            56      0         0      
       rand.c.obj                   52      0         4      
       strncpy.c.obj                54      0         0      
       fopen.c.obj                  52      0         0      
       i_tofd_t2.asm.obj            46      0         0      
       unlink.c.obj                 44      0         0      
       lseek.c.obj                  40      0         0      
       memmov.c.obj                 40      0         0      
       write.c.obj                  40      0         0      
       boot_cortex_m.c.obj          36      0         0      
       u_tofs_t2.asm.obj            36      0         0      
       memchr.c.obj                 32      0         0      
       copy_zero_init.c.obj         28      0         0      
       memccpy.c.obj                28      0         0      
       ll_mul_t2.asm.obj            24      0         0      
       strcmp.c.obj                 24      0         0      
       strrchr.c.obj                24      0         0      
       strchr.c.obj                 22      0         0      
       strcpy.c.obj                 20      0         0      
       strlen.c.obj                 20      0         0      
       wcslen.c.obj                 18      0         0      
       copy_decompress_none.c.obj   14      0         0      
       errno.c.obj                  8       0         4      
       s_copysign.c.obj             12      0         0      
       _lock.c.obj                  2       0         8      
       ti_fenv.c.obj                6       0         0      
       pre_init.c.obj               4       0         0      
       div0.asm.obj                 2       0         0      
    +--+----------------------------+-------+---------+---------+
       Total:                       24983   969       1076   
                                                             
       Heap:                        0       0         2048   
       Stack:                       0       0         2048   
       Linker Generated:            0       162       0      
    +--+----------------------------+-------+---------+---------+
       Grand Total:                 39991   3894      5205   


LINKER GENERATED COPY TABLES

__TI_cinit_table @ 2000eb88 records: 2, size/record: 8, table size: 16
	.data: load addr=2000eaf0, load size=0000007e bytes, run addr=20017800, run size=00000284 bytes, compression=lzss
	.bss: load addr=2000eb80, load size=00000008 bytes, run addr=20017a84, run size=000001d4 bytes, compression=zero_init


LINKER GENERATED HANDLER TABLE

__TI_handler_table @ 2000eb70 records: 3, size/record: 4, table size: 12
	index: 0, handler: __TI_decompress_lzss
	index: 1, handler: __TI_decompress_none
	index: 2, handler: __TI_zero_init


GLOBAL SYMBOLS: SORTED ALPHABETICALLY BY Name 

address   name                           
-------   ----                           
2000d4d5  ADCChannelDisable              
2000d50d  ADCChannelEnable               
2000dee7  ADCEnable                      
2000dbd7  ADCFIFOLvlGet                  
2000dccf  ADCFIFORead                    
2000da39  ADCTimerConfig                 
2000de37  ADCTimerEnable                 
2000876b  Adafruit_Init                  
20004853  BattlePongGameBoxUpdate        
200047d1  BattlePongGameDrawGoalBox      
20004985  BattlePongGameFireHandler      
20004661  BattlePongGamePlay             
20004bb3  BattlePongGameUpgradeHandler   
2000e049  C$$EXIT                        
2000d573  C$$IO$$                        
2000defb  CPUcpsie                       
200052e7  CannonShotRecv                 
200051b5  CannonShotUpdate               
20009bad  ClearTerm                      
200088e1  Color565                       
20004c11  CreateBattlePongGame           
200053a9  CreateCannonShot               
20009867  CreateDotObject                
20005161  CreatePongBallObject           
2000929b  CreateScrollPadObject          
20004771  DrawScore                      
20009bb7  Error                          
2000d65d  GPIODirModeSet                 
2000df0f  GPIOIntClear                   
2000dc81  GPIOIntEnable                  
2000db41  GPIOIntRegister                
2000da5b  GPIOIntStatus                  
2000c5fd  GPIOIntTypeSet                 
2000dac1  GPIOPinWrite                   
20009bef  GetCmd                         
2000d1c9  HOSTclose                      
2000ca15  HOSTlseek                      
2000cc7d  HOSTopen                       
2000ce55  HOSTread                       
2000c9a9  HOSTrename                     
2000d20d  HOSTunlink                     
2000cead  HOSTwrite                      
2000df75  I2CMasterControl               
2000dfcf  I2CMasterDataGet               
2000de4d  I2CMasterDataPut               
2000de63  I2CMasterEnable                
2000d881  I2CMasterErr                   
2000c579  I2CMasterInitExpClk            
2000de79  I2CMasterIntClear              
2000dce7  I2CMasterIntEnableEx           
2000db5f  I2CMasterIntStatusEx           
2000da7d  I2CMasterSlaveAddrSet          
2000df87  I2CMasterTimeoutSet            
20009b57  I2C_IF_Close                   
20009afb  I2C_IF_Open                    
200099f9  I2C_IF_Read                    
20009ab5  I2C_IF_ReadFrom                
20009949  I2C_IF_Write                   
20009b6d  InitTerm                       
2000bfb5  IntEnable                      
2000e005  IntMasterEnable                
2000dae1  IntRegister                    
2000df25  IntVTableBaseSet               
20009b8b  Message                        
20006927  Outstr                         
2000a78d  PRCMCC3200MCUInit              
2000de8f  PRCMHIBRegRead                 
2000dea5  PRCMHIBRegWrite                
2000d905  PRCMPeripheralClkDisable       
2000d45d  PRCMPeripheralClkEnable        
2000c231  PRCMPeripheralClockGet         
2000cf05  PRCMPeripheralReset            
2000d8ad  PRCMSysResetCauseGet           
2000c3e5  PinConfigSet                   
2000d31d  PinModeSet                     
2000ad29  PinMuxConfig                   
2000df39  PinTypeADC                     
2000d765  PinTypeGPIO                    
2000dbf3  PinTypeI2C                     
2000dc9b  PinTypeSPI                     
2000dcb5  PinTypeUART                    
2000504f  PongBallPadBounceMechanic      
20004d07  PongBallRecv                   
20004d8d  PongBallUpdate                 
20009d2d  Report                         
2000dfeb  ResetISR                       
2000dcff  SPICSDisable                   
2000dd17  SPICSEnable                    
2000c05d  SPIConfigSetExpClk             
2000db01  SPIDataGet                     
2000db7d  SPIDataPut                     
2000dd2f  SPIEnable                      
2000da9f  SPIReset                       
2000923d  ScrollPadDraw                  
20009119  ScrollPadUpdate                
20009c95  TrimSpace                      
2000debb  UARTCharGet                    
2000dc0f  UARTCharGetNonBlocking         
2000db9b  UARTCharPut                    
2000dd47  UARTCharsAvail                 
2000c773  UARTConfigSetExpClk            
2000d795  UARTDisable                    
2000d9cd  UARTEnable                     
2000dd5f  UARTFIFOLevelSet               
2000df99  UARTIntClear                   
2000dd77  UARTIntDisable                 
2000dd8f  UARTIntEnable                  
2000a085  UARTIntHandler                 
2000dbb9  UARTIntRegister                
2000dda7  UARTSpaceAvail                 
2000e031  UtilsDelay                     
20017a84  __CIOBUF_                      
20030000  __STACK_END                    
00000800  __STACK_SIZE                   
00000800  __SYSMEM_SIZE                  
2000eb88  __TI_CINIT_Base                
2000eb98  __TI_CINIT_Limit               
2000eb70  __TI_Handler_Table_Base        
2000eb7c  __TI_Handler_Table_Limit       
2000d295  __TI_auto_init_nobinit_nopinit 
2000d6c9  __TI_cleanup                   
20017a60  __TI_cleanup_ptr               
2000c7e9  __TI_closefile                 
2000cae5  __TI_decompress_lzss           
2000dfdd  __TI_decompress_none           
2000d059  __TI_doflush                   
20017a64  __TI_dtors_ptr                 
20017a68  __TI_enable_exit_profile_output
20017a50  __TI_ft_end                    
2000cfb3  __TI_ltoa                      
ffffffff  __TI_pprof_out_hndl            
200069fd  __TI_printfi                   
ffffffff  __TI_prof_data_size            
ffffffff  __TI_prof_data_start           
2000d6fd  __TI_readmsg                   
20005485  __TI_scanfi                    
2000eaf0  __TI_static_base__             
20017ba4  __TI_tmpnams                   
2000d545  __TI_writemsg                  
2000cc19  __TI_wrt_ok                    
2000dc2b  __TI_zero_init_nomemset        
2000c46d  __aeabi_cdcmpeq                
2000c46d  __aeabi_cdcmple                
2000c4f3  __aeabi_cdrcmple               
2000ccdd  __aeabi_cfcmpeq                
2000ccdd  __aeabi_cfcmple                
2000cd3d  __aeabi_cfrcmple               
2000c93b  __aeabi_d2f                    
2000d181  __aeabi_d2iz                   
2000a5df  __aeabi_dadd                   
2000afa9  __aeabi_ddiv                   
2000b655  __aeabi_dmul                   
2000a5d5  __aeabi_dsub                   
2000e019  __aeabi_errno_addr             
2000d57d  __aeabi_f2d                    
2000d5b5  __aeabi_f2iz                   
2000b755  __aeabi_fadd                   
2000c2c5  __aeabi_fdiv                   
2000c67f  __aeabi_fmul                   
2000b751  __aeabi_fsub                   
2000d853  __aeabi_i2d                    
2000d5ed  __aeabi_i2f                    
20008b83  __aeabi_idiv0                  
20008b83  __aeabi_ldiv0                  
2000ddef  __aeabi_lmul                   
2000c6f9  __aeabi_memclr                 
2000c6f9  __aeabi_memclr4                
2000c6f9  __aeabi_memclr8                
2000c0fd  __aeabi_memcpy                 
2000c0fd  __aeabi_memcpy4                
2000c0fd  __aeabi_memcpy8                
2000c6fb  __aeabi_memset                 
2000c6fb  __aeabi_memset4                
2000c6fb  __aeabi_memset8                
20017a5c  __aeabi_stderr                 
20017a54  __aeabi_stdin                  
20017a58  __aeabi_stdout                 
2000da15  __aeabi_ui2f                   
2000c199  __aeabi_uldivmod               
ffffffff  __binit__                      
ffffffff  __c_args__                     
2000aa6d  __kernel_cos                   
2000744d  __kernel_rem_pio2              
2000a905  __kernel_sin                   
UNDEFED   __mpu_init                     
2000e037  __softfloat_float_raise        
2002f800  __stack                        
20017000  __start___llvm_prf_cnts        
20017000  __stop___llvm_prf_cnts         
2000d9f1  _c_int00_noargs                
2000e6a8  _ctypes_                       
20017970  _device                        
20017800  _ftable                        
20017a6c  _lock                          
2000744b  _nop                           
200179e8  _stream                        
20017000  _sys_memory                    
UNDEFED   _system_post_cinit             
2000e045  _system_pre_init               
20017a70  _unlock                        
2000e049  abort                          
2000b555  aligned_alloc                  
20009309  atan                           
20009309  atanl                          
2000d0a5  atoi                           
20009653  ballUpdate                     
20017c50  battlePongGame                 
ffffffff  binit                          
2000cd9d  close                          
20004443  cmdParser                      
2000dff9  copysign                       
2000dff9  copysignl                      
20007b7d  cos                            
20007b7d  cosl                           
20017a38  cursor_x                       
20017a3c  cursor_y                       
200067db  drawChar                       
20005f7d  drawCircle                     
200060b1  drawCircleHelper               
20008a8d  drawFastHLine                  
200089f1  drawFastVLine                  
200062f7  drawLine                       
20008b29  drawPixel                      
200063e3  drawRect                       
20006431  drawRoundRect                  
20006599  drawTriangle                   
20017a7c  errno                          
2000d139  exit                           
200061cf  fillCircle                     
20006209  fillCircleHelper               
20008939  fillRect                       
2000651f  fillRoundRect                  
20008923  fillScreen                     
200065db  fillTriangle                   
2000d7f5  finddevice                     
2000b84d  floor                          
2000b84d  floorl                         
2000bd85  fmax                           
2000bd85  fmaxl                          
2000bbe5  fmin                           
2000bbe5  fminl                          
2000c359  fputc                          
2000b331  fputs                          
2000b941  free                           
2000cdf9  frexp                          
2000cdf9  frexpl                         
2000cbb5  fseek                          
20004000  g_pfnVectors                   
2000d2d9  getdevice                      
2000889d  goTo                           
200095f5  grabAccelerometerData          
20004401  grabAccelerometerZ             
200069db  height                         
20008b67  invert                         
2000bcb5  ldexp                          
2000bcb5  ldexpl                         
2000d35d  lround                         
2000d955  lseek                          
2000a1b1  main                           
2000e029  malloc                         
2000b555  memalign                       
2000dc65  memccpy                        
2000db21  memchr                         
2000c0fd  memcpy                         
2000d97d  memmove                        
2000c701  memset                         
20017c44  parmbuf                        
2000cb4d  printf                         
2000c359  putc                           
2000d825  raise                          
2000d731  rand                           
20008fd9  readJoyStickADC                
2000ba25  realloc                        
2000d8d9  remove                         
2000bf05  round                          
2000bf05  roundl                         
2000bcb5  scalbn                         
2000bcb5  scalbnl                        
20004575  sendUARTCannonCommand          
200044e7  sendUARTPongCommand            
20004603  sendUARTWinCommand             
20006973  setCursor                      
200069ab  setTextColor                   
2000698b  setTextSize                    
200069c3  setTextWrap                    
2000bb09  setvbuf                        
2000d499  signal                         
2000813d  sin                            
2000813d  sinl                           
2000d39d  sprintf                        
2000d625  sscanf                         
2000ded1  strchr                         
2000de07  strcmp                         
2000df4d  strcpy                         
2000df61  strlen                         
2000d693  strncpy                        
2000de1f  strrchr                        
20008b85  strtod                         
2000b0e1  strtol                         
20008b85  strtold                        
2000a22d  strtoll                        
2000b445  strtoul                        
2000abcd  strtoull                       
200048dd  swapOledBalls                  
20017a48  textbgcolor                    
20017a44  textcolor                      
20017a40  textsize                       
2000d8d9  unlink                         
20017c54  upgradeTrigger                 
2000d3dd  vsnprintf                      
2000dfbd  wcslen                         
200069d7  width                          
20017a4c  wrap                           
2000d9a5  write                          
20008747  writeCommand                   
20008759  writeData                      
200086fd  writeToOled                    


GLOBAL SYMBOLS: SORTED BY Symbol Address 

address   name                           
-------   ----                           
00000800  __STACK_SIZE                   
00000800  __SYSMEM_SIZE                  
20004000  g_pfnVectors                   
20004401  grabAccelerometerZ             
20004443  cmdParser                      
200044e7  sendUARTPongCommand            
20004575  sendUARTCannonCommand          
20004603  sendUARTWinCommand             
20004661  BattlePongGamePlay             
20004771  DrawScore                      
200047d1  BattlePongGameDrawGoalBox      
20004853  BattlePongGameBoxUpdate        
200048dd  swapOledBalls                  
20004985  BattlePongGameFireHandler      
20004bb3  BattlePongGameUpgradeHandler   
20004c11  CreateBattlePongGame           
20004d07  PongBallRecv                   
20004d8d  PongBallUpdate                 
2000504f  PongBallPadBounceMechanic      
20005161  CreatePongBallObject           
200051b5  CannonShotUpdate               
200052e7  CannonShotRecv                 
200053a9  CreateCannonShot               
20005485  __TI_scanfi                    
20005f7d  drawCircle                     
200060b1  drawCircleHelper               
200061cf  fillCircle                     
20006209  fillCircleHelper               
200062f7  drawLine                       
200063e3  drawRect                       
20006431  drawRoundRect                  
2000651f  fillRoundRect                  
20006599  drawTriangle                   
200065db  fillTriangle                   
200067db  drawChar                       
20006927  Outstr                         
20006973  setCursor                      
2000698b  setTextSize                    
200069ab  setTextColor                   
200069c3  setTextWrap                    
200069d7  width                          
200069db  height                         
200069fd  __TI_printfi                   
2000744b  _nop                           
2000744d  __kernel_rem_pio2              
20007b7d  cos                            
20007b7d  cosl                           
2000813d  sin                            
2000813d  sinl                           
200086fd  writeToOled                    
20008747  writeCommand                   
20008759  writeData                      
2000876b  Adafruit_Init                  
2000889d  goTo                           
200088e1  Color565                       
20008923  fillScreen                     
20008939  fillRect                       
200089f1  drawFastVLine                  
20008a8d  drawFastHLine                  
20008b29  drawPixel                      
20008b67  invert                         
20008b83  __aeabi_idiv0                  
20008b83  __aeabi_ldiv0                  
20008b85  strtod                         
20008b85  strtold                        
20008fd9  readJoyStickADC                
20009119  ScrollPadUpdate                
2000923d  ScrollPadDraw                  
2000929b  CreateScrollPadObject          
20009309  atan                           
20009309  atanl                          
200095f5  grabAccelerometerData          
20009653  ballUpdate                     
20009867  CreateDotObject                
20009949  I2C_IF_Write                   
200099f9  I2C_IF_Read                    
20009ab5  I2C_IF_ReadFrom                
20009afb  I2C_IF_Open                    
20009b57  I2C_IF_Close                   
20009b6d  InitTerm                       
20009b8b  Message                        
20009bad  ClearTerm                      
20009bb7  Error                          
20009bef  GetCmd                         
20009c95  TrimSpace                      
20009d2d  Report                         
2000a085  UARTIntHandler                 
2000a1b1  main                           
2000a22d  strtoll                        
2000a5d5  __aeabi_dsub                   
2000a5df  __aeabi_dadd                   
2000a78d  PRCMCC3200MCUInit              
2000a905  __kernel_sin                   
2000aa6d  __kernel_cos                   
2000abcd  strtoull                       
2000ad29  PinMuxConfig                   
2000afa9  __aeabi_ddiv                   
2000b0e1  strtol                         
2000b331  fputs                          
2000b445  strtoul                        
2000b555  aligned_alloc                  
2000b555  memalign                       
2000b655  __aeabi_dmul                   
2000b751  __aeabi_fsub                   
2000b755  __aeabi_fadd                   
2000b84d  floor                          
2000b84d  floorl                         
2000b941  free                           
2000ba25  realloc                        
2000bb09  setvbuf                        
2000bbe5  fmin                           
2000bbe5  fminl                          
2000bcb5  ldexp                          
2000bcb5  ldexpl                         
2000bcb5  scalbn                         
2000bcb5  scalbnl                        
2000bd85  fmax                           
2000bd85  fmaxl                          
2000bf05  round                          
2000bf05  roundl                         
2000bfb5  IntEnable                      
2000c05d  SPIConfigSetExpClk             
2000c0fd  __aeabi_memcpy                 
2000c0fd  __aeabi_memcpy4                
2000c0fd  __aeabi_memcpy8                
2000c0fd  memcpy                         
2000c199  __aeabi_uldivmod               
2000c231  PRCMPeripheralClockGet         
2000c2c5  __aeabi_fdiv                   
2000c359  fputc                          
2000c359  putc                           
2000c3e5  PinConfigSet                   
2000c46d  __aeabi_cdcmpeq                
2000c46d  __aeabi_cdcmple                
2000c4f3  __aeabi_cdrcmple               
2000c579  I2CMasterInitExpClk            
2000c5fd  GPIOIntTypeSet                 
2000c67f  __aeabi_fmul                   
2000c6f9  __aeabi_memclr                 
2000c6f9  __aeabi_memclr4                
2000c6f9  __aeabi_memclr8                
2000c6fb  __aeabi_memset                 
2000c6fb  __aeabi_memset4                
2000c6fb  __aeabi_memset8                
2000c701  memset                         
2000c773  UARTConfigSetExpClk            
2000c7e9  __TI_closefile                 
2000c93b  __aeabi_d2f                    
2000c9a9  HOSTrename                     
2000ca15  HOSTlseek                      
2000cae5  __TI_decompress_lzss           
2000cb4d  printf                         
2000cbb5  fseek                          
2000cc19  __TI_wrt_ok                    
2000cc7d  HOSTopen                       
2000ccdd  __aeabi_cfcmpeq                
2000ccdd  __aeabi_cfcmple                
2000cd3d  __aeabi_cfrcmple               
2000cd9d  close                          
2000cdf9  frexp                          
2000cdf9  frexpl                         
2000ce55  HOSTread                       
2000cead  HOSTwrite                      
2000cf05  PRCMPeripheralReset            
2000cfb3  __TI_ltoa                      
2000d059  __TI_doflush                   
2000d0a5  atoi                           
2000d139  exit                           
2000d181  __aeabi_d2iz                   
2000d1c9  HOSTclose                      
2000d20d  HOSTunlink                     
2000d295  __TI_auto_init_nobinit_nopinit 
2000d2d9  getdevice                      
2000d31d  PinModeSet                     
2000d35d  lround                         
2000d39d  sprintf                        
2000d3dd  vsnprintf                      
2000d45d  PRCMPeripheralClkEnable        
2000d499  signal                         
2000d4d5  ADCChannelDisable              
2000d50d  ADCChannelEnable               
2000d545  __TI_writemsg                  
2000d573  C$$IO$$                        
2000d57d  __aeabi_f2d                    
2000d5b5  __aeabi_f2iz                   
2000d5ed  __aeabi_i2f                    
2000d625  sscanf                         
2000d65d  GPIODirModeSet                 
2000d693  strncpy                        
2000d6c9  __TI_cleanup                   
2000d6fd  __TI_readmsg                   
2000d731  rand                           
2000d765  PinTypeGPIO                    
2000d795  UARTDisable                    
2000d7f5  finddevice                     
2000d825  raise                          
2000d853  __aeabi_i2d                    
2000d881  I2CMasterErr                   
2000d8ad  PRCMSysResetCauseGet           
2000d8d9  remove                         
2000d8d9  unlink                         
2000d905  PRCMPeripheralClkDisable       
2000d955  lseek                          
2000d97d  memmove                        
2000d9a5  write                          
2000d9cd  UARTEnable                     
2000d9f1  _c_int00_noargs                
2000da15  __aeabi_ui2f                   
2000da39  ADCTimerConfig                 
2000da5b  GPIOIntStatus                  
2000da7d  I2CMasterSlaveAddrSet          
2000da9f  SPIReset                       
2000dac1  GPIOPinWrite                   
2000dae1  IntRegister                    
2000db01  SPIDataGet                     
2000db21  memchr                         
2000db41  GPIOIntRegister                
2000db5f  I2CMasterIntStatusEx           
2000db7d  SPIDataPut                     
2000db9b  UARTCharPut                    
2000dbb9  UARTIntRegister                
2000dbd7  ADCFIFOLvlGet                  
2000dbf3  PinTypeI2C                     
2000dc0f  UARTCharGetNonBlocking         
2000dc2b  __TI_zero_init_nomemset        
2000dc65  memccpy                        
2000dc81  GPIOIntEnable                  
2000dc9b  PinTypeSPI                     
2000dcb5  PinTypeUART                    
2000dccf  ADCFIFORead                    
2000dce7  I2CMasterIntEnableEx           
2000dcff  SPICSDisable                   
2000dd17  SPICSEnable                    
2000dd2f  SPIEnable                      
2000dd47  UARTCharsAvail                 
2000dd5f  UARTFIFOLevelSet               
2000dd77  UARTIntDisable                 
2000dd8f  UARTIntEnable                  
2000dda7  UARTSpaceAvail                 
2000ddef  __aeabi_lmul                   
2000de07  strcmp                         
2000de1f  strrchr                        
2000de37  ADCTimerEnable                 
2000de4d  I2CMasterDataPut               
2000de63  I2CMasterEnable                
2000de79  I2CMasterIntClear              
2000de8f  PRCMHIBRegRead                 
2000dea5  PRCMHIBRegWrite                
2000debb  UARTCharGet                    
2000ded1  strchr                         
2000dee7  ADCEnable                      
2000defb  CPUcpsie                       
2000df0f  GPIOIntClear                   
2000df25  IntVTableBaseSet               
2000df39  PinTypeADC                     
2000df4d  strcpy                         
2000df61  strlen                         
2000df75  I2CMasterControl               
2000df87  I2CMasterTimeoutSet            
2000df99  UARTIntClear                   
2000dfbd  wcslen                         
2000dfcf  I2CMasterDataGet               
2000dfdd  __TI_decompress_none           
2000dfeb  ResetISR                       
2000dff9  copysign                       
2000dff9  copysignl                      
2000e005  IntMasterEnable                
2000e019  __aeabi_errno_addr             
2000e029  malloc                         
2000e031  UtilsDelay                     
2000e037  __softfloat_float_raise        
2000e045  _system_pre_init               
2000e049  C$$EXIT                        
2000e049  abort                          
2000e6a8  _ctypes_                       
2000eaf0  __TI_static_base__             
2000eb70  __TI_Handler_Table_Base        
2000eb7c  __TI_Handler_Table_Limit       
2000eb88  __TI_CINIT_Base                
2000eb98  __TI_CINIT_Limit               
20017000  __start___llvm_prf_cnts        
20017000  __stop___llvm_prf_cnts         
20017000  _sys_memory                    
20017800  _ftable                        
20017970  _device                        
200179e8  _stream                        
20017a38  cursor_x                       
20017a3c  cursor_y                       
20017a40  textsize                       
20017a44  textcolor                      
20017a48  textbgcolor                    
20017a4c  wrap                           
20017a50  __TI_ft_end                    
20017a54  __aeabi_stdin                  
20017a58  __aeabi_stdout                 
20017a5c  __aeabi_stderr                 
20017a60  __TI_cleanup_ptr               
20017a64  __TI_dtors_ptr                 
20017a68  __TI_enable_exit_profile_output
20017a6c  _lock                          
20017a70  _unlock                        
20017a7c  errno                          
20017a84  __CIOBUF_                      
20017ba4  __TI_tmpnams                   
20017c44  parmbuf                        
20017c50  battlePongGame                 
20017c54  upgradeTrigger                 
2002f800  __stack                        
20030000  __STACK_END                    
ffffffff  __TI_pprof_out_hndl            
ffffffff  __TI_prof_data_size            
ffffffff  __TI_prof_data_start           
ffffffff  __binit__                      
ffffffff  __c_args__                     
ffffffff  binit                          
UNDEFED   __mpu_init                     
UNDEFED   _system_post_cinit             

[317 symbols]
